ARM GAS  /tmp/ccBSMb8l.s 			page 1


   1              		.cpu cortex-m4
   2              		.arch armv7e-m
   3              		.fpu fpv4-sp-d16
   4              		.eabi_attribute 27, 1
   5              		.eabi_attribute 28, 1
   6              		.eabi_attribute 20, 1
   7              		.eabi_attribute 21, 1
   8              		.eabi_attribute 23, 3
   9              		.eabi_attribute 24, 1
  10              		.eabi_attribute 25, 1
  11              		.eabi_attribute 26, 1
  12              		.eabi_attribute 30, 1
  13              		.eabi_attribute 34, 1
  14              		.eabi_attribute 18, 4
  15              		.file	"adc.c"
  16              		.text
  17              	.Ltext0:
  18              		.cfi_sections	.debug_frame
  19              		.file 1 "Core/Src/adc.c"
  20              		.section	.text.MX_ADC1_Init,"ax",%progbits
  21              		.align	1
  22              		.global	MX_ADC1_Init
  23              		.syntax unified
  24              		.thumb
  25              		.thumb_func
  27              	MX_ADC1_Init:
  28              	.LFB220:
   1:Core/Src/adc.c **** /* USER CODE BEGIN Header */
   2:Core/Src/adc.c **** /**
   3:Core/Src/adc.c ****   ******************************************************************************
   4:Core/Src/adc.c ****   * @file    adc.c
   5:Core/Src/adc.c ****   * @brief   This file provides code for the configuration
   6:Core/Src/adc.c ****   *          of the ADC instances.
   7:Core/Src/adc.c ****   ******************************************************************************
   8:Core/Src/adc.c ****   * @attention
   9:Core/Src/adc.c ****   *
  10:Core/Src/adc.c ****   * Copyright (c) 2026 STMicroelectronics.
  11:Core/Src/adc.c ****   * All rights reserved.
  12:Core/Src/adc.c ****   *
  13:Core/Src/adc.c ****   * This software is licensed under terms that can be found in the LICENSE file
  14:Core/Src/adc.c ****   * in the root directory of this software component.
  15:Core/Src/adc.c ****   * If no LICENSE file comes with this software, it is provided AS-IS.
  16:Core/Src/adc.c ****   *
  17:Core/Src/adc.c ****   ******************************************************************************
  18:Core/Src/adc.c ****   */
  19:Core/Src/adc.c **** /* USER CODE END Header */
  20:Core/Src/adc.c **** /* Includes ------------------------------------------------------------------*/
  21:Core/Src/adc.c **** #include "adc.h"
  22:Core/Src/adc.c **** 
  23:Core/Src/adc.c **** /* USER CODE BEGIN 0 */
  24:Core/Src/adc.c **** 
  25:Core/Src/adc.c **** /* USER CODE END 0 */
  26:Core/Src/adc.c **** 
  27:Core/Src/adc.c **** ADC_HandleTypeDef hadc1;
  28:Core/Src/adc.c **** 
  29:Core/Src/adc.c **** /* ADC1 init function */
  30:Core/Src/adc.c **** void MX_ADC1_Init(void)
ARM GAS  /tmp/ccBSMb8l.s 			page 2


  31:Core/Src/adc.c **** {
  29              		.loc 1 31 1 view -0
  30              		.cfi_startproc
  31              		@ args = 0, pretend = 0, frame = 16
  32              		@ frame_needed = 0, uses_anonymous_args = 0
  33 0000 00B5     		push	{lr}
  34              		.cfi_def_cfa_offset 4
  35              		.cfi_offset 14, -4
  36 0002 85B0     		sub	sp, sp, #20
  37              		.cfi_def_cfa_offset 24
  32:Core/Src/adc.c **** 
  33:Core/Src/adc.c ****   /* USER CODE BEGIN ADC1_Init 0 */
  34:Core/Src/adc.c **** 
  35:Core/Src/adc.c ****   /* USER CODE END ADC1_Init 0 */
  36:Core/Src/adc.c **** 
  37:Core/Src/adc.c ****   ADC_ChannelConfTypeDef sConfig = {0};
  38              		.loc 1 37 3 view .LVU1
  39              		.loc 1 37 26 is_stmt 0 view .LVU2
  40 0004 0023     		movs	r3, #0
  41 0006 0093     		str	r3, [sp]
  42 0008 0193     		str	r3, [sp, #4]
  43 000a 0293     		str	r3, [sp, #8]
  44 000c 0393     		str	r3, [sp, #12]
  38:Core/Src/adc.c **** 
  39:Core/Src/adc.c ****   /* USER CODE BEGIN ADC1_Init 1 */
  40:Core/Src/adc.c **** 
  41:Core/Src/adc.c ****   /* USER CODE END ADC1_Init 1 */
  42:Core/Src/adc.c **** 
  43:Core/Src/adc.c ****   /** Configure the global features of the ADC (Clock, Resolution, Data Alignment and number of con
  44:Core/Src/adc.c ****   */
  45:Core/Src/adc.c ****   hadc1.Instance = ADC1;
  45              		.loc 1 45 3 is_stmt 1 view .LVU3
  46              		.loc 1 45 18 is_stmt 0 view .LVU4
  47 000e 1548     		ldr	r0, .L7
  48 0010 154A     		ldr	r2, .L7+4
  49 0012 0260     		str	r2, [r0]
  46:Core/Src/adc.c ****   hadc1.Init.ClockPrescaler = ADC_CLOCK_SYNC_PCLK_DIV4;
  50              		.loc 1 46 3 is_stmt 1 view .LVU5
  51              		.loc 1 46 29 is_stmt 0 view .LVU6
  52 0014 4FF48032 		mov	r2, #65536
  53 0018 4260     		str	r2, [r0, #4]
  47:Core/Src/adc.c ****   hadc1.Init.Resolution = ADC_RESOLUTION_12B;
  54              		.loc 1 47 3 is_stmt 1 view .LVU7
  55              		.loc 1 47 25 is_stmt 0 view .LVU8
  56 001a 8360     		str	r3, [r0, #8]
  48:Core/Src/adc.c ****   hadc1.Init.ScanConvMode = DISABLE;
  57              		.loc 1 48 3 is_stmt 1 view .LVU9
  58              		.loc 1 48 27 is_stmt 0 view .LVU10
  59 001c 0361     		str	r3, [r0, #16]
  49:Core/Src/adc.c ****   hadc1.Init.ContinuousConvMode = DISABLE;
  60              		.loc 1 49 3 is_stmt 1 view .LVU11
  61              		.loc 1 49 33 is_stmt 0 view .LVU12
  62 001e 0376     		strb	r3, [r0, #24]
  50:Core/Src/adc.c ****   hadc1.Init.DiscontinuousConvMode = DISABLE;
  63              		.loc 1 50 3 is_stmt 1 view .LVU13
  64              		.loc 1 50 36 is_stmt 0 view .LVU14
  65 0020 80F82030 		strb	r3, [r0, #32]
ARM GAS  /tmp/ccBSMb8l.s 			page 3


  51:Core/Src/adc.c ****   hadc1.Init.ExternalTrigConvEdge = ADC_EXTERNALTRIGCONVEDGE_NONE;
  66              		.loc 1 51 3 is_stmt 1 view .LVU15
  67              		.loc 1 51 35 is_stmt 0 view .LVU16
  68 0024 C362     		str	r3, [r0, #44]
  52:Core/Src/adc.c ****   hadc1.Init.ExternalTrigConv = ADC_SOFTWARE_START;
  69              		.loc 1 52 3 is_stmt 1 view .LVU17
  70              		.loc 1 52 31 is_stmt 0 view .LVU18
  71 0026 114A     		ldr	r2, .L7+8
  72 0028 8262     		str	r2, [r0, #40]
  53:Core/Src/adc.c ****   hadc1.Init.DataAlign = ADC_DATAALIGN_RIGHT;
  73              		.loc 1 53 3 is_stmt 1 view .LVU19
  74              		.loc 1 53 24 is_stmt 0 view .LVU20
  75 002a C360     		str	r3, [r0, #12]
  54:Core/Src/adc.c ****   hadc1.Init.NbrOfConversion = 1;
  76              		.loc 1 54 3 is_stmt 1 view .LVU21
  77              		.loc 1 54 30 is_stmt 0 view .LVU22
  78 002c 0122     		movs	r2, #1
  79 002e C261     		str	r2, [r0, #28]
  55:Core/Src/adc.c ****   hadc1.Init.DMAContinuousRequests = DISABLE;
  80              		.loc 1 55 3 is_stmt 1 view .LVU23
  81              		.loc 1 55 36 is_stmt 0 view .LVU24
  82 0030 80F83030 		strb	r3, [r0, #48]
  56:Core/Src/adc.c ****   hadc1.Init.EOCSelection = ADC_EOC_SINGLE_CONV;
  83              		.loc 1 56 3 is_stmt 1 view .LVU25
  84              		.loc 1 56 27 is_stmt 0 view .LVU26
  85 0034 4261     		str	r2, [r0, #20]
  57:Core/Src/adc.c ****   if (HAL_ADC_Init(&hadc1) != HAL_OK)
  86              		.loc 1 57 3 is_stmt 1 view .LVU27
  87              		.loc 1 57 7 is_stmt 0 view .LVU28
  88 0036 FFF7FEFF 		bl	HAL_ADC_Init
  89              	.LVL0:
  90              		.loc 1 57 6 discriminator 1 view .LVU29
  91 003a 60B9     		cbnz	r0, .L5
  92              	.L2:
  58:Core/Src/adc.c ****   {
  59:Core/Src/adc.c ****     Error_Handler();
  60:Core/Src/adc.c ****   }
  61:Core/Src/adc.c **** 
  62:Core/Src/adc.c ****   /** Configure for the selected ADC regular channel its corresponding rank in the sequencer and it
  63:Core/Src/adc.c ****   */
  64:Core/Src/adc.c ****   sConfig.Channel = ADC_CHANNEL_0;
  93              		.loc 1 64 3 is_stmt 1 view .LVU30
  94              		.loc 1 64 19 is_stmt 0 view .LVU31
  95 003c 0023     		movs	r3, #0
  96 003e 0093     		str	r3, [sp]
  65:Core/Src/adc.c ****   sConfig.Rank = 1;
  97              		.loc 1 65 3 is_stmt 1 view .LVU32
  98              		.loc 1 65 16 is_stmt 0 view .LVU33
  99 0040 0122     		movs	r2, #1
 100 0042 0192     		str	r2, [sp, #4]
  66:Core/Src/adc.c ****   sConfig.SamplingTime = ADC_SAMPLETIME_3CYCLES;
 101              		.loc 1 66 3 is_stmt 1 view .LVU34
 102              		.loc 1 66 24 is_stmt 0 view .LVU35
 103 0044 0293     		str	r3, [sp, #8]
  67:Core/Src/adc.c ****   if (HAL_ADC_ConfigChannel(&hadc1, &sConfig) != HAL_OK)
 104              		.loc 1 67 3 is_stmt 1 view .LVU36
 105              		.loc 1 67 7 is_stmt 0 view .LVU37
ARM GAS  /tmp/ccBSMb8l.s 			page 4


 106 0046 6946     		mov	r1, sp
 107 0048 0648     		ldr	r0, .L7
 108 004a FFF7FEFF 		bl	HAL_ADC_ConfigChannel
 109              	.LVL1:
 110              		.loc 1 67 6 discriminator 1 view .LVU38
 111 004e 28B9     		cbnz	r0, .L6
 112              	.L1:
  68:Core/Src/adc.c ****   {
  69:Core/Src/adc.c ****     Error_Handler();
  70:Core/Src/adc.c ****   }
  71:Core/Src/adc.c ****   /* USER CODE BEGIN ADC1_Init 2 */
  72:Core/Src/adc.c **** 
  73:Core/Src/adc.c ****   /* USER CODE END ADC1_Init 2 */
  74:Core/Src/adc.c **** 
  75:Core/Src/adc.c **** }
 113              		.loc 1 75 1 view .LVU39
 114 0050 05B0     		add	sp, sp, #20
 115              		.cfi_remember_state
 116              		.cfi_def_cfa_offset 4
 117              		@ sp needed
 118 0052 5DF804FB 		ldr	pc, [sp], #4
 119              	.L5:
 120              		.cfi_restore_state
  59:Core/Src/adc.c ****   }
 121              		.loc 1 59 5 is_stmt 1 view .LVU40
 122 0056 FFF7FEFF 		bl	Error_Handler
 123              	.LVL2:
 124 005a EFE7     		b	.L2
 125              	.L6:
  69:Core/Src/adc.c ****   }
 126              		.loc 1 69 5 view .LVU41
 127 005c FFF7FEFF 		bl	Error_Handler
 128              	.LVL3:
 129              		.loc 1 75 1 is_stmt 0 view .LVU42
 130 0060 F6E7     		b	.L1
 131              	.L8:
 132 0062 00BF     		.align	2
 133              	.L7:
 134 0064 00000000 		.word	hadc1
 135 0068 00200140 		.word	1073815552
 136 006c 0100000F 		.word	251658241
 137              		.cfi_endproc
 138              	.LFE220:
 140              		.section	.text.HAL_ADC_MspInit,"ax",%progbits
 141              		.align	1
 142              		.global	HAL_ADC_MspInit
 143              		.syntax unified
 144              		.thumb
 145              		.thumb_func
 147              	HAL_ADC_MspInit:
 148              	.LVL4:
 149              	.LFB221:
  76:Core/Src/adc.c **** 
  77:Core/Src/adc.c **** void HAL_ADC_MspInit(ADC_HandleTypeDef* adcHandle)
  78:Core/Src/adc.c **** {
 150              		.loc 1 78 1 is_stmt 1 view -0
 151              		.cfi_startproc
ARM GAS  /tmp/ccBSMb8l.s 			page 5


 152              		@ args = 0, pretend = 0, frame = 32
 153              		@ frame_needed = 0, uses_anonymous_args = 0
 154              		.loc 1 78 1 is_stmt 0 view .LVU44
 155 0000 00B5     		push	{lr}
 156              		.cfi_def_cfa_offset 4
 157              		.cfi_offset 14, -4
 158 0002 89B0     		sub	sp, sp, #36
 159              		.cfi_def_cfa_offset 40
  79:Core/Src/adc.c **** 
  80:Core/Src/adc.c ****   GPIO_InitTypeDef GPIO_InitStruct = {0};
 160              		.loc 1 80 3 is_stmt 1 view .LVU45
 161              		.loc 1 80 20 is_stmt 0 view .LVU46
 162 0004 0023     		movs	r3, #0
 163 0006 0393     		str	r3, [sp, #12]
 164 0008 0493     		str	r3, [sp, #16]
 165 000a 0593     		str	r3, [sp, #20]
 166 000c 0693     		str	r3, [sp, #24]
 167 000e 0793     		str	r3, [sp, #28]
  81:Core/Src/adc.c ****   if(adcHandle->Instance==ADC1)
 168              		.loc 1 81 3 is_stmt 1 view .LVU47
 169              		.loc 1 81 15 is_stmt 0 view .LVU48
 170 0010 0268     		ldr	r2, [r0]
 171              		.loc 1 81 5 view .LVU49
 172 0012 03F18043 		add	r3, r3, #1073741824
 173 0016 03F59033 		add	r3, r3, #73728
 174 001a 9A42     		cmp	r2, r3
 175 001c 02D0     		beq	.L12
 176              	.LVL5:
 177              	.L9:
  82:Core/Src/adc.c ****   {
  83:Core/Src/adc.c ****   /* USER CODE BEGIN ADC1_MspInit 0 */
  84:Core/Src/adc.c **** 
  85:Core/Src/adc.c ****   /* USER CODE END ADC1_MspInit 0 */
  86:Core/Src/adc.c ****     /* ADC1 clock enable */
  87:Core/Src/adc.c ****     __HAL_RCC_ADC1_CLK_ENABLE();
  88:Core/Src/adc.c **** 
  89:Core/Src/adc.c ****     __HAL_RCC_GPIOA_CLK_ENABLE();
  90:Core/Src/adc.c ****     /**ADC1 GPIO Configuration
  91:Core/Src/adc.c ****     PA0-WKUP     ------> ADC1_IN0
  92:Core/Src/adc.c ****     */
  93:Core/Src/adc.c ****     GPIO_InitStruct.Pin = GPIO_PIN_0;
  94:Core/Src/adc.c ****     GPIO_InitStruct.Mode = GPIO_MODE_ANALOG;
  95:Core/Src/adc.c ****     GPIO_InitStruct.Pull = GPIO_NOPULL;
  96:Core/Src/adc.c ****     HAL_GPIO_Init(GPIOA, &GPIO_InitStruct);
  97:Core/Src/adc.c **** 
  98:Core/Src/adc.c ****   /* USER CODE BEGIN ADC1_MspInit 1 */
  99:Core/Src/adc.c **** 
 100:Core/Src/adc.c ****   /* USER CODE END ADC1_MspInit 1 */
 101:Core/Src/adc.c ****   }
 102:Core/Src/adc.c **** }
 178              		.loc 1 102 1 view .LVU50
 179 001e 09B0     		add	sp, sp, #36
 180              		.cfi_remember_state
 181              		.cfi_def_cfa_offset 4
 182              		@ sp needed
 183 0020 5DF804FB 		ldr	pc, [sp], #4
 184              	.LVL6:
ARM GAS  /tmp/ccBSMb8l.s 			page 6


 185              	.L12:
 186              		.cfi_restore_state
  87:Core/Src/adc.c **** 
 187              		.loc 1 87 5 is_stmt 1 view .LVU51
 188              	.LBB2:
  87:Core/Src/adc.c **** 
 189              		.loc 1 87 5 view .LVU52
 190 0024 0021     		movs	r1, #0
 191 0026 0191     		str	r1, [sp, #4]
  87:Core/Src/adc.c **** 
 192              		.loc 1 87 5 view .LVU53
 193 0028 03F58C33 		add	r3, r3, #71680
 194 002c 5A6C     		ldr	r2, [r3, #68]
 195 002e 42F48072 		orr	r2, r2, #256
 196 0032 5A64     		str	r2, [r3, #68]
  87:Core/Src/adc.c **** 
 197              		.loc 1 87 5 view .LVU54
 198 0034 5A6C     		ldr	r2, [r3, #68]
 199 0036 02F48072 		and	r2, r2, #256
 200 003a 0192     		str	r2, [sp, #4]
  87:Core/Src/adc.c **** 
 201              		.loc 1 87 5 view .LVU55
 202 003c 019A     		ldr	r2, [sp, #4]
 203              	.LBE2:
  87:Core/Src/adc.c **** 
 204              		.loc 1 87 5 view .LVU56
  89:Core/Src/adc.c ****     /**ADC1 GPIO Configuration
 205              		.loc 1 89 5 view .LVU57
 206              	.LBB3:
  89:Core/Src/adc.c ****     /**ADC1 GPIO Configuration
 207              		.loc 1 89 5 view .LVU58
 208 003e 0291     		str	r1, [sp, #8]
  89:Core/Src/adc.c ****     /**ADC1 GPIO Configuration
 209              		.loc 1 89 5 view .LVU59
 210 0040 1A6B     		ldr	r2, [r3, #48]
 211 0042 42F00102 		orr	r2, r2, #1
 212 0046 1A63     		str	r2, [r3, #48]
  89:Core/Src/adc.c ****     /**ADC1 GPIO Configuration
 213              		.loc 1 89 5 view .LVU60
 214 0048 1B6B     		ldr	r3, [r3, #48]
 215 004a 03F00103 		and	r3, r3, #1
 216 004e 0293     		str	r3, [sp, #8]
  89:Core/Src/adc.c ****     /**ADC1 GPIO Configuration
 217              		.loc 1 89 5 view .LVU61
 218 0050 029B     		ldr	r3, [sp, #8]
 219              	.LBE3:
  89:Core/Src/adc.c ****     /**ADC1 GPIO Configuration
 220              		.loc 1 89 5 view .LVU62
  93:Core/Src/adc.c ****     GPIO_InitStruct.Mode = GPIO_MODE_ANALOG;
 221              		.loc 1 93 5 view .LVU63
  93:Core/Src/adc.c ****     GPIO_InitStruct.Mode = GPIO_MODE_ANALOG;
 222              		.loc 1 93 25 is_stmt 0 view .LVU64
 223 0052 0123     		movs	r3, #1
 224 0054 0393     		str	r3, [sp, #12]
  94:Core/Src/adc.c ****     GPIO_InitStruct.Pull = GPIO_NOPULL;
 225              		.loc 1 94 5 is_stmt 1 view .LVU65
  94:Core/Src/adc.c ****     GPIO_InitStruct.Pull = GPIO_NOPULL;
ARM GAS  /tmp/ccBSMb8l.s 			page 7


 226              		.loc 1 94 26 is_stmt 0 view .LVU66
 227 0056 0323     		movs	r3, #3
 228 0058 0493     		str	r3, [sp, #16]
  95:Core/Src/adc.c ****     HAL_GPIO_Init(GPIOA, &GPIO_InitStruct);
 229              		.loc 1 95 5 is_stmt 1 view .LVU67
  96:Core/Src/adc.c **** 
 230              		.loc 1 96 5 view .LVU68
 231 005a 03A9     		add	r1, sp, #12
 232 005c 0148     		ldr	r0, .L13
 233              	.LVL7:
  96:Core/Src/adc.c **** 
 234              		.loc 1 96 5 is_stmt 0 view .LVU69
 235 005e FFF7FEFF 		bl	HAL_GPIO_Init
 236              	.LVL8:
 237              		.loc 1 102 1 view .LVU70
 238 0062 DCE7     		b	.L9
 239              	.L14:
 240              		.align	2
 241              	.L13:
 242 0064 00000240 		.word	1073872896
 243              		.cfi_endproc
 244              	.LFE221:
 246              		.section	.text.HAL_ADC_MspDeInit,"ax",%progbits
 247              		.align	1
 248              		.global	HAL_ADC_MspDeInit
 249              		.syntax unified
 250              		.thumb
 251              		.thumb_func
 253              	HAL_ADC_MspDeInit:
 254              	.LVL9:
 255              	.LFB222:
 103:Core/Src/adc.c **** 
 104:Core/Src/adc.c **** void HAL_ADC_MspDeInit(ADC_HandleTypeDef* adcHandle)
 105:Core/Src/adc.c **** {
 256              		.loc 1 105 1 is_stmt 1 view -0
 257              		.cfi_startproc
 258              		@ args = 0, pretend = 0, frame = 0
 259              		@ frame_needed = 0, uses_anonymous_args = 0
 260              		.loc 1 105 1 is_stmt 0 view .LVU72
 261 0000 08B5     		push	{r3, lr}
 262              		.cfi_def_cfa_offset 8
 263              		.cfi_offset 3, -8
 264              		.cfi_offset 14, -4
 106:Core/Src/adc.c **** 
 107:Core/Src/adc.c ****   if(adcHandle->Instance==ADC1)
 265              		.loc 1 107 3 is_stmt 1 view .LVU73
 266              		.loc 1 107 15 is_stmt 0 view .LVU74
 267 0002 0268     		ldr	r2, [r0]
 268              		.loc 1 107 5 view .LVU75
 269 0004 064B     		ldr	r3, .L19
 270 0006 9A42     		cmp	r2, r3
 271 0008 00D0     		beq	.L18
 272              	.LVL10:
 273              	.L15:
 108:Core/Src/adc.c ****   {
 109:Core/Src/adc.c ****   /* USER CODE BEGIN ADC1_MspDeInit 0 */
 110:Core/Src/adc.c **** 
ARM GAS  /tmp/ccBSMb8l.s 			page 8


 111:Core/Src/adc.c ****   /* USER CODE END ADC1_MspDeInit 0 */
 112:Core/Src/adc.c ****     /* Peripheral clock disable */
 113:Core/Src/adc.c ****     __HAL_RCC_ADC1_CLK_DISABLE();
 114:Core/Src/adc.c **** 
 115:Core/Src/adc.c ****     /**ADC1 GPIO Configuration
 116:Core/Src/adc.c ****     PA0-WKUP     ------> ADC1_IN0
 117:Core/Src/adc.c ****     */
 118:Core/Src/adc.c ****     HAL_GPIO_DeInit(GPIOA, GPIO_PIN_0);
 119:Core/Src/adc.c **** 
 120:Core/Src/adc.c ****   /* USER CODE BEGIN ADC1_MspDeInit 1 */
 121:Core/Src/adc.c **** 
 122:Core/Src/adc.c ****   /* USER CODE END ADC1_MspDeInit 1 */
 123:Core/Src/adc.c ****   }
 124:Core/Src/adc.c **** }
 274              		.loc 1 124 1 view .LVU76
 275 000a 08BD     		pop	{r3, pc}
 276              	.LVL11:
 277              	.L18:
 113:Core/Src/adc.c **** 
 278              		.loc 1 113 5 is_stmt 1 view .LVU77
 279 000c 054A     		ldr	r2, .L19+4
 280 000e 536C     		ldr	r3, [r2, #68]
 281 0010 23F48073 		bic	r3, r3, #256
 282 0014 5364     		str	r3, [r2, #68]
 118:Core/Src/adc.c **** 
 283              		.loc 1 118 5 view .LVU78
 284 0016 0121     		movs	r1, #1
 285 0018 0348     		ldr	r0, .L19+8
 286              	.LVL12:
 118:Core/Src/adc.c **** 
 287              		.loc 1 118 5 is_stmt 0 view .LVU79
 288 001a FFF7FEFF 		bl	HAL_GPIO_DeInit
 289              	.LVL13:
 290              		.loc 1 124 1 view .LVU80
 291 001e F4E7     		b	.L15
 292              	.L20:
 293              		.align	2
 294              	.L19:
 295 0020 00200140 		.word	1073815552
 296 0024 00380240 		.word	1073887232
 297 0028 00000240 		.word	1073872896
 298              		.cfi_endproc
 299              	.LFE222:
 301              		.global	hadc1
 302              		.section	.bss.hadc1,"aw",%nobits
 303              		.align	2
 306              	hadc1:
 307 0000 00000000 		.space	72
 307      00000000 
 307      00000000 
 307      00000000 
 307      00000000 
 308              		.text
 309              	.Letext0:
 310              		.file 2 "/home/cedric/.config/VSCodium/User/globalStorage/bmd.stm32-for-vscode/@xpack-dev-tools/ar
 311              		.file 3 "/home/cedric/.config/VSCodium/User/globalStorage/bmd.stm32-for-vscode/@xpack-dev-tools/ar
 312              		.file 4 "Drivers/CMSIS/Device/ST/STM32F4xx/Include/stm32f411xe.h"
ARM GAS  /tmp/ccBSMb8l.s 			page 9


 313              		.file 5 "Drivers/CMSIS/Device/ST/STM32F4xx/Include/stm32f4xx.h"
 314              		.file 6 "Drivers/STM32F4xx_HAL_Driver/Inc/stm32f4xx_hal_def.h"
 315              		.file 7 "Drivers/STM32F4xx_HAL_Driver/Inc/stm32f4xx_hal_gpio.h"
 316              		.file 8 "Drivers/STM32F4xx_HAL_Driver/Inc/stm32f4xx_hal_dma.h"
 317              		.file 9 "Drivers/STM32F4xx_HAL_Driver/Inc/stm32f4xx_hal_adc.h"
 318              		.file 10 "Core/Inc/adc.h"
 319              		.file 11 "Core/Inc/main.h"
ARM GAS  /tmp/ccBSMb8l.s 			page 10


DEFINED SYMBOLS
                            *ABS*:00000000 adc.c
     /tmp/ccBSMb8l.s:21     .text.MX_ADC1_Init:00000000 $t
     /tmp/ccBSMb8l.s:27     .text.MX_ADC1_Init:00000000 MX_ADC1_Init
     /tmp/ccBSMb8l.s:134    .text.MX_ADC1_Init:00000064 $d
     /tmp/ccBSMb8l.s:306    .bss.hadc1:00000000 hadc1
     /tmp/ccBSMb8l.s:141    .text.HAL_ADC_MspInit:00000000 $t
     /tmp/ccBSMb8l.s:147    .text.HAL_ADC_MspInit:00000000 HAL_ADC_MspInit
     /tmp/ccBSMb8l.s:242    .text.HAL_ADC_MspInit:00000064 $d
     /tmp/ccBSMb8l.s:247    .text.HAL_ADC_MspDeInit:00000000 $t
     /tmp/ccBSMb8l.s:253    .text.HAL_ADC_MspDeInit:00000000 HAL_ADC_MspDeInit
     /tmp/ccBSMb8l.s:295    .text.HAL_ADC_MspDeInit:00000020 $d
     /tmp/ccBSMb8l.s:303    .bss.hadc1:00000000 $d

UNDEFINED SYMBOLS
HAL_ADC_Init
HAL_ADC_ConfigChannel
Error_Handler
HAL_GPIO_Init
HAL_GPIO_DeInit
