ARM GAS  /tmp/ccqUPOfL.s 			page 1


   1              		.cpu cortex-m4
   2              		.arch armv7e-m
   3              		.fpu fpv4-sp-d16
   4              		.eabi_attribute 27, 1
   5              		.eabi_attribute 28, 1
   6              		.eabi_attribute 20, 1
   7              		.eabi_attribute 21, 1
   8              		.eabi_attribute 23, 3
   9              		.eabi_attribute 24, 1
  10              		.eabi_attribute 25, 1
  11              		.eabi_attribute 26, 1
  12              		.eabi_attribute 30, 1
  13              		.eabi_attribute 34, 1
  14              		.eabi_attribute 18, 4
  15              		.file	"crsf.c"
  16              		.text
  17              	.Ltext0:
  18              		.cfi_sections	.debug_frame
  19              		.file 1 "Core/Src/crsf.c"
  20              		.section	.text.crsf_crc8,"ax",%progbits
  21              		.align	1
  22              		.global	crsf_crc8
  23              		.syntax unified
  24              		.thumb
  25              		.thumb_func
  27              	crsf_crc8:
  28              	.LVL0:
  29              	.LFB0:
   1:Core/Src/crsf.c **** #include "crsf.h"
   2:Core/Src/crsf.c **** #include <stdint.h>
   3:Core/Src/crsf.c **** #include <stdbool.h>
   4:Core/Src/crsf.c **** 
   5:Core/Src/crsf.c **** // CRC8 Polynomial: x^8 + x^7 + x^6 + x^4 + x^2 + 1 (0xD5)
   6:Core/Src/crsf.c **** uint8_t crsf_crc8(const uint8_t *ptr, uint8_t len);
   7:Core/Src/crsf.c **** 
   8:Core/Src/crsf.c **** // Function Prototypes
   9:Core/Src/crsf.c **** bool crsf_parse_frame(const uint8_t *buffer, uint8_t buffer_size, crsf_frame_t *frame);
  10:Core/Src/crsf.c **** bool crsf_extract_rc_channels(const crsf_frame_t *frame, crsf_rc_channels_packed_t *channels);
  11:Core/Src/crsf.c **** int16_t crsf_convert_channel_to_us(uint16_t channel_value);
  12:Core/Src/crsf.c **** 
  13:Core/Src/crsf.c **** // crsf.c
  14:Core/Src/crsf.c **** #include "crsf.h"
  15:Core/Src/crsf.c **** 
  16:Core/Src/crsf.c **** // CRC8 Lookup Table (Polynomial: 0xD5)
  17:Core/Src/crsf.c **** static const uint8_t crc8tab[256] = {
  18:Core/Src/crsf.c ****     0x00, 0xD5, 0x7F, 0xAA, 0xFE, 0x2B, 0x81, 0x54, 0x29, 0xFC, 0x56, 0x83, 0xD7, 0x02, 0xA8, 0x7D,
  19:Core/Src/crsf.c ****     0x52, 0x87, 0x2D, 0xF8, 0xAC, 0x79, 0xD3, 0x06, 0x7B, 0xAE, 0x04, 0xD1, 0x85, 0x50, 0xFA, 0x2F,
  20:Core/Src/crsf.c ****     0xA4, 0x71, 0xDB, 0x0E, 0x5A, 0x8F, 0x25, 0xF0, 0x8D, 0x58, 0xF2, 0x27, 0x73, 0xA6, 0x0C, 0xD9,
  21:Core/Src/crsf.c ****     0xF6, 0x23, 0x89, 0x5C, 0x08, 0xDD, 0x77, 0xA2, 0xDF, 0x0A, 0xA0, 0x75, 0x21, 0xF4, 0x5E, 0x8B,
  22:Core/Src/crsf.c ****     0x9D, 0x48, 0xE2, 0x37, 0x63, 0xB6, 0x1C, 0xC9, 0xB4, 0x61, 0xCB, 0x1E, 0x4A, 0x9F, 0x35, 0xE0,
  23:Core/Src/crsf.c ****     0xCF, 0x1A, 0xB0, 0x65, 0x31, 0xE4, 0x4E, 0x9B, 0xE6, 0x33, 0x99, 0x4C, 0x18, 0xCD, 0x67, 0xB2,
  24:Core/Src/crsf.c ****     0x39, 0xEC, 0x46, 0x93, 0xC7, 0x12, 0xB8, 0x6D, 0x10, 0xC5, 0x6F, 0xBA, 0xEE, 0x3B, 0x91, 0x44,
  25:Core/Src/crsf.c ****     0x6B, 0xBE, 0x14, 0xC1, 0x95, 0x40, 0xEA, 0x3F, 0x42, 0x97, 0x3D, 0xE8, 0xBC, 0x69, 0xC3, 0x16,
  26:Core/Src/crsf.c ****     0xEF, 0x3A, 0x90, 0x45, 0x11, 0xC4, 0x6E, 0xBB, 0xC6, 0x13, 0xB9, 0x6C, 0x38, 0xED, 0x47, 0x92,
  27:Core/Src/crsf.c ****     0xBD, 0x68, 0xC2, 0x17, 0x43, 0x96, 0x3C, 0xE9, 0x94, 0x41, 0xEB, 0x3E, 0x6A, 0xBF, 0x15, 0xC0,
  28:Core/Src/crsf.c ****     0x4B, 0x9E, 0x34, 0xE1, 0xB5, 0x60, 0xCA, 0x1F, 0x62, 0xB7, 0x1D, 0xC8, 0x9C, 0x49, 0xE3, 0x36,
  29:Core/Src/crsf.c ****     0x19, 0xCC, 0x66, 0xB3, 0xE7, 0x32, 0x98, 0x4D, 0x30, 0xE5, 0x4F, 0x9A, 0xCE, 0x1B, 0xB1, 0x64,
ARM GAS  /tmp/ccqUPOfL.s 			page 2


  30:Core/Src/crsf.c ****     0x72, 0xA7, 0x0D, 0xD8, 0x8C, 0x59, 0xF3, 0x26, 0x5B, 0x8E, 0x24, 0xF1, 0xA5, 0x70, 0xDA, 0x0F,
  31:Core/Src/crsf.c ****     0x20, 0xF5, 0x5F, 0x8A, 0xDE, 0x0B, 0xA1, 0x74, 0x09, 0xDC, 0x76, 0xA3, 0xF7, 0x22, 0x88, 0x5D,
  32:Core/Src/crsf.c ****     0xD6, 0x03, 0xA9, 0x7C, 0x28, 0xFD, 0x57, 0x82, 0xFF, 0x2A, 0x80, 0x55, 0x01, 0xD4, 0x7E, 0xAB,
  33:Core/Src/crsf.c ****     0x84, 0x51, 0xFB, 0x2E, 0x7A, 0xAF, 0x05, 0xD0, 0xAD, 0x78, 0xD2, 0x07, 0x53, 0x86, 0x2C, 0xF9
  34:Core/Src/crsf.c **** };
  35:Core/Src/crsf.c **** 
  36:Core/Src/crsf.c **** // Calculate CRC8 for CRSF frame
  37:Core/Src/crsf.c **** uint8_t crsf_crc8(const uint8_t *ptr, uint8_t len) {
  30              		.loc 1 37 52 view -0
  31              		.cfi_startproc
  32              		@ args = 0, pretend = 0, frame = 0
  33              		@ frame_needed = 0, uses_anonymous_args = 0
  34              		@ link register save eliminated.
  35              		.loc 1 37 52 is_stmt 0 view .LVU1
  36 0000 0346     		mov	r3, r0
  38:Core/Src/crsf.c ****     uint8_t crc = 0;
  37              		.loc 1 38 5 is_stmt 1 view .LVU2
  38              	.LVL1:
  39:Core/Src/crsf.c ****     for (uint8_t i = 0; i < len; i++) {
  39              		.loc 1 39 5 view .LVU3
  40              	.LBB2:
  41              		.loc 1 39 10 view .LVU4
  42              		.loc 1 39 18 is_stmt 0 view .LVU5
  43 0002 0022     		movs	r2, #0
  44              	.LBE2:
  38:Core/Src/crsf.c ****     uint8_t crc = 0;
  45              		.loc 1 38 13 view .LVU6
  46 0004 1046     		mov	r0, r2
  47              	.LVL2:
  48              	.LBB3:
  49              		.loc 1 39 5 view .LVU7
  50 0006 08E0     		b	.L2
  51              	.LVL3:
  52              	.L3:
  40:Core/Src/crsf.c ****         crc = crc8tab[crc ^ *ptr++];
  53              		.loc 1 40 9 is_stmt 1 view .LVU8
  54              		.loc 1 40 29 is_stmt 0 view .LVU9
  55 0008 13F801CB 		ldrb	ip, [r3], #1	@ zero_extendqisi2
  56              	.LVL4:
  57              		.loc 1 40 27 view .LVU10
  58 000c 8CEA000C 		eor	ip, ip, r0
  59              		.loc 1 40 13 view .LVU11
  60 0010 0348     		ldr	r0, .L4
  61              	.LVL5:
  62              		.loc 1 40 13 view .LVU12
  63 0012 10F80C00 		ldrb	r0, [r0, ip]	@ zero_extendqisi2
  64              	.LVL6:
  39:Core/Src/crsf.c ****     for (uint8_t i = 0; i < len; i++) {
  65              		.loc 1 39 35 is_stmt 1 discriminator 3 view .LVU13
  66 0016 0132     		adds	r2, r2, #1
  67              	.LVL7:
  39:Core/Src/crsf.c ****     for (uint8_t i = 0; i < len; i++) {
  68              		.loc 1 39 35 is_stmt 0 discriminator 3 view .LVU14
  69 0018 D2B2     		uxtb	r2, r2
  70              	.LVL8:
  71              	.L2:
  39:Core/Src/crsf.c ****     for (uint8_t i = 0; i < len; i++) {
ARM GAS  /tmp/ccqUPOfL.s 			page 3


  72              		.loc 1 39 27 is_stmt 1 discriminator 1 view .LVU15
  73 001a 8A42     		cmp	r2, r1
  74 001c F4D3     		bcc	.L3
  39:Core/Src/crsf.c ****     for (uint8_t i = 0; i < len; i++) {
  75              		.loc 1 39 27 is_stmt 0 discriminator 1 view .LVU16
  76              	.LBE3:
  41:Core/Src/crsf.c ****     }
  42:Core/Src/crsf.c ****     return crc;
  77              		.loc 1 42 5 is_stmt 1 view .LVU17
  43:Core/Src/crsf.c **** }
  78              		.loc 1 43 1 is_stmt 0 view .LVU18
  79 001e 7047     		bx	lr
  80              	.L5:
  81              		.align	2
  82              	.L4:
  83 0020 00000000 		.word	crc8tab
  84              		.cfi_endproc
  85              	.LFE0:
  87              		.section	.text.crsf_parse_frame,"ax",%progbits
  88              		.align	1
  89              		.global	crsf_parse_frame
  90              		.syntax unified
  91              		.thumb
  92              		.thumb_func
  94              	crsf_parse_frame:
  95              	.LVL9:
  96              	.LFB1:
  44:Core/Src/crsf.c **** 
  45:Core/Src/crsf.c **** // Parse CRSF frame from buffer
  46:Core/Src/crsf.c **** bool crsf_parse_frame(const uint8_t *buffer, uint8_t buffer_size, crsf_frame_t *frame) {
  97              		.loc 1 46 88 is_stmt 1 view -0
  98              		.cfi_startproc
  99              		@ args = 0, pretend = 0, frame = 0
 100              		@ frame_needed = 0, uses_anonymous_args = 0
  47:Core/Src/crsf.c ****     if (buffer_size < 4) return false; // Minimum frame size
 101              		.loc 1 47 5 view .LVU20
 102              		.loc 1 47 8 is_stmt 0 view .LVU21
 103 0000 0329     		cmp	r1, #3
 104 0002 2BD9     		bls	.L10
  46:Core/Src/crsf.c ****     if (buffer_size < 4) return false; // Minimum frame size
 105              		.loc 1 46 88 view .LVU22
 106 0004 F8B5     		push	{r3, r4, r5, r6, r7, lr}
 107              		.cfi_def_cfa_offset 24
 108              		.cfi_offset 3, -24
 109              		.cfi_offset 4, -20
 110              		.cfi_offset 5, -16
 111              		.cfi_offset 6, -12
 112              		.cfi_offset 7, -8
 113              		.cfi_offset 14, -4
 114 0006 0446     		mov	r4, r0
 115 0008 1546     		mov	r5, r2
  48:Core/Src/crsf.c ****     
  49:Core/Src/crsf.c ****     // Check sync byte
  50:Core/Src/crsf.c ****     if (buffer[0] != CRSF_SYNC_BYTE) return false;
 116              		.loc 1 50 5 is_stmt 1 view .LVU23
 117              		.loc 1 50 15 is_stmt 0 view .LVU24
 118 000a 0778     		ldrb	r7, [r0]	@ zero_extendqisi2
ARM GAS  /tmp/ccqUPOfL.s 			page 4


 119              		.loc 1 50 8 view .LVU25
 120 000c C82F     		cmp	r7, #200
 121 000e 27D1     		bne	.L11
  51:Core/Src/crsf.c ****     
  52:Core/Src/crsf.c ****     uint8_t frame_length = buffer[CRSF_FRAME_LENGTH_OFFSET];
 122              		.loc 1 52 5 is_stmt 1 view .LVU26
 123              		.loc 1 52 13 is_stmt 0 view .LVU27
 124 0010 4678     		ldrb	r6, [r0, #1]	@ zero_extendqisi2
 125              	.LVL10:
  53:Core/Src/crsf.c ****     if (frame_length < 2 || frame_length > CRSF_MAX_FRAME_SIZE - 2) return false;
 126              		.loc 1 53 5 is_stmt 1 view .LVU28
 127              		.loc 1 53 26 is_stmt 0 view .LVU29
 128 0012 B31E     		subs	r3, r6, #2
 129 0014 DBB2     		uxtb	r3, r3
 130              		.loc 1 53 8 view .LVU30
 131 0016 3C2B     		cmp	r3, #60
 132 0018 24D8     		bhi	.L12
  54:Core/Src/crsf.c ****     
  55:Core/Src/crsf.c ****     // Check buffer size
  56:Core/Src/crsf.c ****     if (buffer_size < frame_length + 2) return false;
 133              		.loc 1 56 5 is_stmt 1 view .LVU31
 134              		.loc 1 56 21 is_stmt 0 view .LVU32
 135 001a 731C     		adds	r3, r6, #1
 136              		.loc 1 56 8 view .LVU33
 137 001c 8B42     		cmp	r3, r1
 138 001e 23DA     		bge	.L13
  57:Core/Src/crsf.c ****     
  58:Core/Src/crsf.c ****     // Calculate CRC (excluding the CRC byte itself, which is 1 byte)
  59:Core/Src/crsf.c ****     uint8_t crc = crsf_crc8(&buffer[CRSF_TYPE_OFFSET], frame_length - 1);
 139              		.loc 1 59 5 is_stmt 1 view .LVU34
 140              		.loc 1 59 19 is_stmt 0 view .LVU35
 141 0020 711E     		subs	r1, r6, #1
 142              	.LVL11:
 143              		.loc 1 59 19 view .LVU36
 144 0022 C9B2     		uxtb	r1, r1
 145 0024 0230     		adds	r0, r0, #2
 146              	.LVL12:
 147              		.loc 1 59 19 view .LVU37
 148 0026 FFF7FEFF 		bl	crsf_crc8
 149              	.LVL13:
  60:Core/Src/crsf.c **** 
  61:Core/Src/crsf.c ****     // Verify against the CRC byte located at the end of the frame
  62:Core/Src/crsf.c ****     if (crc != buffer[frame_length + 1]) return false;
 150              		.loc 1 62 5 is_stmt 1 view .LVU38
 151              		.loc 1 62 22 is_stmt 0 view .LVU39
 152 002a A319     		adds	r3, r4, r6
 153 002c 5B78     		ldrb	r3, [r3, #1]	@ zero_extendqisi2
 154              		.loc 1 62 8 view .LVU40
 155 002e 8342     		cmp	r3, r0
 156 0030 1CD1     		bne	.L14
  63:Core/Src/crsf.c **** 
  64:Core/Src/crsf.c ****     // Calculate CRC (excluding sync byte and frame length)
  65:Core/Src/crsf.c ****     // uint8_t crc = crsf_crc8(&buffer[CRSF_TYPE_OFFSET], frame_length);
  66:Core/Src/crsf.c ****     // if (crc != buffer[frame_length + 1]) return false;
  67:Core/Src/crsf.c ****     
  68:Core/Src/crsf.c ****     // Copy frame data
  69:Core/Src/crsf.c ****     frame->sync_byte = buffer[0];
ARM GAS  /tmp/ccqUPOfL.s 			page 5


 157              		.loc 1 69 5 is_stmt 1 view .LVU41
 158              		.loc 1 69 22 is_stmt 0 view .LVU42
 159 0032 2F70     		strb	r7, [r5]
  70:Core/Src/crsf.c ****     frame->frame_length = frame_length;
 160              		.loc 1 70 5 is_stmt 1 view .LVU43
 161              		.loc 1 70 25 is_stmt 0 view .LVU44
 162 0034 6E70     		strb	r6, [r5, #1]
  71:Core/Src/crsf.c ****     frame->frame_type = buffer[CRSF_TYPE_OFFSET];
 163              		.loc 1 71 5 is_stmt 1 view .LVU45
 164              		.loc 1 71 31 is_stmt 0 view .LVU46
 165 0036 A378     		ldrb	r3, [r4, #2]	@ zero_extendqisi2
 166              		.loc 1 71 23 view .LVU47
 167 0038 AB70     		strb	r3, [r5, #2]
  72:Core/Src/crsf.c **** 
  73:Core/Src/crsf.c ****     // Robust check: Ensure the payload length doesn't meet or exceed maximum allocation
  74:Core/Src/crsf.c ****     if ((frame_length - 1) >= (CRSF_MAX_FRAME_SIZE - 4)) {
 168              		.loc 1 74 5 is_stmt 1 view .LVU48
 169              		.loc 1 74 8 is_stmt 0 view .LVU49
 170 003a 3C2E     		cmp	r6, #60
 171 003c 18D8     		bhi	.L15
 172              	.LBB4:
  75:Core/Src/crsf.c ****         return false;
  76:Core/Src/crsf.c ****     }
  77:Core/Src/crsf.c **** 
  78:Core/Src/crsf.c ****     // Safely copy payload
  79:Core/Src/crsf.c ****     for (uint8_t i = 0; i < frame_length - 1; i++) {
 173              		.loc 1 79 18 view .LVU50
 174 003e 0023     		movs	r3, #0
 175 0040 05E0     		b	.L8
 176              	.LVL14:
 177              	.L9:
  80:Core/Src/crsf.c ****         frame->payload[i] = buffer[CRSF_PAYLOAD_OFFSET + i];
 178              		.loc 1 80 9 is_stmt 1 view .LVU51
 179              		.loc 1 80 56 is_stmt 0 view .LVU52
 180 0042 DA1C     		adds	r2, r3, #3
 181              		.loc 1 80 35 view .LVU53
 182 0044 A15C     		ldrb	r1, [r4, r2]	@ zero_extendqisi2
 183              		.loc 1 80 27 view .LVU54
 184 0046 EA18     		adds	r2, r5, r3
 185 0048 D170     		strb	r1, [r2, #3]
  79:Core/Src/crsf.c ****         frame->payload[i] = buffer[CRSF_PAYLOAD_OFFSET + i];
 186              		.loc 1 79 48 is_stmt 1 discriminator 3 view .LVU55
 187 004a 0133     		adds	r3, r3, #1
 188              	.LVL15:
  79:Core/Src/crsf.c ****         frame->payload[i] = buffer[CRSF_PAYLOAD_OFFSET + i];
 189              		.loc 1 79 48 is_stmt 0 discriminator 3 view .LVU56
 190 004c DBB2     		uxtb	r3, r3
 191              	.LVL16:
 192              	.L8:
  79:Core/Src/crsf.c ****         frame->payload[i] = buffer[CRSF_PAYLOAD_OFFSET + i];
 193              		.loc 1 79 27 is_stmt 1 discriminator 1 view .LVU57
  79:Core/Src/crsf.c ****         frame->payload[i] = buffer[CRSF_PAYLOAD_OFFSET + i];
 194              		.loc 1 79 42 is_stmt 0 discriminator 1 view .LVU58
 195 004e 721E     		subs	r2, r6, #1
  79:Core/Src/crsf.c ****         frame->payload[i] = buffer[CRSF_PAYLOAD_OFFSET + i];
 196              		.loc 1 79 27 discriminator 1 view .LVU59
 197 0050 9342     		cmp	r3, r2
ARM GAS  /tmp/ccqUPOfL.s 			page 6


 198 0052 F6DB     		blt	.L9
 199              	.LBE4:
  81:Core/Src/crsf.c ****     }
  82:Core/Src/crsf.c **** 
  83:Core/Src/crsf.c ****     frame->crc = crc;
 200              		.loc 1 83 5 is_stmt 1 view .LVU60
 201              		.loc 1 83 16 is_stmt 0 view .LVU61
 202 0054 85F83F00 		strb	r0, [r5, #63]
  84:Core/Src/crsf.c ****     
  85:Core/Src/crsf.c ****     return true;
 203              		.loc 1 85 5 is_stmt 1 view .LVU62
 204              		.loc 1 85 12 is_stmt 0 view .LVU63
 205 0058 0120     		movs	r0, #1
 206              	.LVL17:
 207              		.loc 1 85 12 view .LVU64
 208 005a 02E0     		b	.L7
 209              	.LVL18:
 210              	.L10:
 211              		.cfi_def_cfa_offset 0
 212              		.cfi_restore 3
 213              		.cfi_restore 4
 214              		.cfi_restore 5
 215              		.cfi_restore 6
 216              		.cfi_restore 7
 217              		.cfi_restore 14
  47:Core/Src/crsf.c ****     
 218              		.loc 1 47 33 discriminator 1 view .LVU65
 219 005c 0020     		movs	r0, #0
 220              	.LVL19:
  86:Core/Src/crsf.c **** }
 221              		.loc 1 86 1 view .LVU66
 222 005e 7047     		bx	lr
 223              	.LVL20:
 224              	.L11:
 225              		.cfi_def_cfa_offset 24
 226              		.cfi_offset 3, -24
 227              		.cfi_offset 4, -20
 228              		.cfi_offset 5, -16
 229              		.cfi_offset 6, -12
 230              		.cfi_offset 7, -8
 231              		.cfi_offset 14, -4
  50:Core/Src/crsf.c ****     
 232              		.loc 1 50 45 discriminator 1 view .LVU67
 233 0060 0020     		movs	r0, #0
 234              	.LVL21:
 235              	.L7:
 236              		.loc 1 86 1 view .LVU68
 237 0062 F8BD     		pop	{r3, r4, r5, r6, r7, pc}
 238              	.LVL22:
 239              	.L12:
  53:Core/Src/crsf.c ****     
 240              		.loc 1 53 76 discriminator 1 view .LVU69
 241 0064 0020     		movs	r0, #0
 242              	.LVL23:
  53:Core/Src/crsf.c ****     
 243              		.loc 1 53 76 discriminator 1 view .LVU70
 244 0066 FCE7     		b	.L7
ARM GAS  /tmp/ccqUPOfL.s 			page 7


 245              	.LVL24:
 246              	.L13:
  56:Core/Src/crsf.c ****     
 247              		.loc 1 56 48 discriminator 1 view .LVU71
 248 0068 0020     		movs	r0, #0
 249              	.LVL25:
  56:Core/Src/crsf.c ****     
 250              		.loc 1 56 48 discriminator 1 view .LVU72
 251 006a FAE7     		b	.L7
 252              	.LVL26:
 253              	.L14:
  62:Core/Src/crsf.c **** 
 254              		.loc 1 62 49 discriminator 1 view .LVU73
 255 006c 0020     		movs	r0, #0
 256              	.LVL27:
  62:Core/Src/crsf.c **** 
 257              		.loc 1 62 49 discriminator 1 view .LVU74
 258 006e F8E7     		b	.L7
 259              	.LVL28:
 260              	.L15:
  75:Core/Src/crsf.c ****     }
 261              		.loc 1 75 16 view .LVU75
 262 0070 0020     		movs	r0, #0
 263              	.LVL29:
  75:Core/Src/crsf.c ****     }
 264              		.loc 1 75 16 view .LVU76
 265 0072 F6E7     		b	.L7
 266              		.cfi_endproc
 267              	.LFE1:
 269              		.section	.text.crsf_extract_rc_channels,"ax",%progbits
 270              		.align	1
 271              		.global	crsf_extract_rc_channels
 272              		.syntax unified
 273              		.thumb
 274              		.thumb_func
 276              	crsf_extract_rc_channels:
 277              	.LVL30:
 278              	.LFB2:
  87:Core/Src/crsf.c **** 
  88:Core/Src/crsf.c **** // Extract RC channels from CRSF frame
  89:Core/Src/crsf.c **** bool crsf_extract_rc_channels(const crsf_frame_t *frame, crsf_rc_channels_packed_t *channels) {
 279              		.loc 1 89 95 is_stmt 1 view -0
 280              		.cfi_startproc
 281              		@ args = 0, pretend = 0, frame = 0
 282              		@ frame_needed = 0, uses_anonymous_args = 0
  90:Core/Src/crsf.c ****     if (frame->frame_type != CRSF_FRAME_RC_CHANNELS_PACKED) return false;
 283              		.loc 1 90 5 view .LVU78
 284              		.loc 1 90 14 is_stmt 0 view .LVU79
 285 0000 8378     		ldrb	r3, [r0, #2]	@ zero_extendqisi2
 286              		.loc 1 90 8 view .LVU80
 287 0002 162B     		cmp	r3, #22
 288 0004 40F01E81 		bne	.L22
  91:Core/Src/crsf.c ****     if (frame->frame_length != 24) return false;
 289              		.loc 1 91 5 is_stmt 1 view .LVU81
 290              		.loc 1 91 14 is_stmt 0 view .LVU82
 291 0008 4378     		ldrb	r3, [r0, #1]	@ zero_extendqisi2
 292              		.loc 1 91 8 view .LVU83
ARM GAS  /tmp/ccqUPOfL.s 			page 8


 293 000a 182B     		cmp	r3, #24
 294 000c 40F01C81 		bne	.L23
  89:Core/Src/crsf.c ****     if (frame->frame_type != CRSF_FRAME_RC_CHANNELS_PACKED) return false;
 295              		.loc 1 89 95 view .LVU84
 296 0010 00B5     		push	{lr}
 297              		.cfi_def_cfa_offset 4
 298              		.cfi_offset 14, -4
  92:Core/Src/crsf.c ****     
  93:Core/Src/crsf.c ****     const uint8_t *p = frame->payload;
 299              		.loc 1 93 5 is_stmt 1 view .LVU85
 300              	.LVL31:
  94:Core/Src/crsf.c ****     
  95:Core/Src/crsf.c ****     // Explicit bitfield decoding exactly as outlined in the TBS spec
  96:Core/Src/crsf.c ****     channels->channel_01 = (p[0]       | (p[1]  << 8)) & 0x07FF;
 301              		.loc 1 96 5 view .LVU86
 302              		.loc 1 96 30 is_stmt 0 view .LVU87
 303 0012 C378     		ldrb	r3, [r0, #3]	@ zero_extendqisi2
 304              		.loc 1 96 44 view .LVU88
 305 0014 0279     		ldrb	r2, [r0, #4]	@ zero_extendqisi2
 306              		.loc 1 96 40 view .LVU89
 307 0016 43EA0223 		orr	r3, r3, r2, lsl #8
 308              		.loc 1 96 26 view .LVU90
 309 001a 0B70     		strb	r3, [r1]
 310 001c C3F30223 		ubfx	r3, r3, #8, #3
 311 0020 4A78     		ldrb	r2, [r1, #1]	@ zero_extendqisi2
 312 0022 22F00702 		bic	r2, r2, #7
 313 0026 1343     		orrs	r3, r3, r2
 314 0028 4B70     		strb	r3, [r1, #1]
  97:Core/Src/crsf.c ****     channels->channel_02 = ((p[1] >> 3)  | (p[2]  << 5)) & 0x07FF;
 315              		.loc 1 97 5 is_stmt 1 view .LVU91
 316              		.loc 1 97 31 is_stmt 0 view .LVU92
 317 002a 90F804C0 		ldrb	ip, [r0, #4]	@ zero_extendqisi2
 318              		.loc 1 97 46 view .LVU93
 319 002e 4279     		ldrb	r2, [r0, #5]	@ zero_extendqisi2
 320              		.loc 1 97 26 view .LVU94
 321 0030 4FEADC0C 		lsr	ip, ip, #3
 322 0034 DBB2     		uxtb	r3, r3
 323 0036 03F00703 		and	r3, r3, #7
 324 003a 43EACC03 		orr	r3, r3, ip, lsl #3
 325 003e 4B70     		strb	r3, [r1, #1]
 326 0040 02F03F02 		and	r2, r2, #63
 327 0044 8B78     		ldrb	r3, [r1, #2]	@ zero_extendqisi2
 328 0046 23F03F03 		bic	r3, r3, #63
 329 004a 1343     		orrs	r3, r3, r2
 330 004c 8B70     		strb	r3, [r1, #2]
  98:Core/Src/crsf.c ****     channels->channel_03 = ((p[2] >> 6)  | (p[3]  << 2) | (p[4] << 10)) & 0x07FF;
 331              		.loc 1 98 5 is_stmt 1 view .LVU95
 332              		.loc 1 98 31 is_stmt 0 view .LVU96
 333 004e 90F805C0 		ldrb	ip, [r0, #5]	@ zero_extendqisi2
 334              		.loc 1 98 46 view .LVU97
 335 0052 90F806E0 		ldrb	lr, [r0, #6]	@ zero_extendqisi2
 336              		.loc 1 98 61 view .LVU98
 337 0056 C279     		ldrb	r2, [r0, #7]	@ zero_extendqisi2
 338              		.loc 1 98 26 view .LVU99
 339 0058 4FEA9C1C 		lsr	ip, ip, #6
 340 005c DBB2     		uxtb	r3, r3
 341 005e 03F03F03 		and	r3, r3, #63
ARM GAS  /tmp/ccqUPOfL.s 			page 9


 342 0062 43EA8C13 		orr	r3, r3, ip, lsl #6
 343 0066 8B70     		strb	r3, [r1, #2]
 344 0068 81F803E0 		strb	lr, [r1, #3]
 345 006c 02F00102 		and	r2, r2, #1
 346 0070 0B79     		ldrb	r3, [r1, #4]	@ zero_extendqisi2
 347 0072 23F00103 		bic	r3, r3, #1
 348 0076 1343     		orrs	r3, r3, r2
 349 0078 0B71     		strb	r3, [r1, #4]
  99:Core/Src/crsf.c ****     channels->channel_04 = ((p[4] >> 1)  | (p[5]  << 7)) & 0x07FF;
 350              		.loc 1 99 5 is_stmt 1 view .LVU100
 351              		.loc 1 99 31 is_stmt 0 view .LVU101
 352 007a 90F807C0 		ldrb	ip, [r0, #7]	@ zero_extendqisi2
 353              		.loc 1 99 46 view .LVU102
 354 007e 027A     		ldrb	r2, [r0, #8]	@ zero_extendqisi2
 355              		.loc 1 99 26 view .LVU103
 356 0080 4FEA5C0C 		lsr	ip, ip, #1
 357 0084 DBB2     		uxtb	r3, r3
 358 0086 03F00103 		and	r3, r3, #1
 359 008a 43EA4C03 		orr	r3, r3, ip, lsl #1
 360 008e 0B71     		strb	r3, [r1, #4]
 361 0090 02F00F02 		and	r2, r2, #15
 362 0094 4B79     		ldrb	r3, [r1, #5]	@ zero_extendqisi2
 363 0096 23F00F03 		bic	r3, r3, #15
 364 009a 1343     		orrs	r3, r3, r2
 365 009c 4B71     		strb	r3, [r1, #5]
 100:Core/Src/crsf.c ****     channels->channel_05 = ((p[5] >> 4)  | (p[6]  << 4)) & 0x07FF;
 366              		.loc 1 100 5 is_stmt 1 view .LVU104
 367              		.loc 1 100 31 is_stmt 0 view .LVU105
 368 009e 90F808C0 		ldrb	ip, [r0, #8]	@ zero_extendqisi2
 369              		.loc 1 100 46 view .LVU106
 370 00a2 427A     		ldrb	r2, [r0, #9]	@ zero_extendqisi2
 371              		.loc 1 100 26 view .LVU107
 372 00a4 4FEA1C1C 		lsr	ip, ip, #4
 373 00a8 DBB2     		uxtb	r3, r3
 374 00aa 03F00F03 		and	r3, r3, #15
 375 00ae 43EA0C13 		orr	r3, r3, ip, lsl #4
 376 00b2 4B71     		strb	r3, [r1, #5]
 377 00b4 02F07F02 		and	r2, r2, #127
 378 00b8 8B79     		ldrb	r3, [r1, #6]	@ zero_extendqisi2
 379 00ba 23F07F03 		bic	r3, r3, #127
 380 00be 1343     		orrs	r3, r3, r2
 381 00c0 8B71     		strb	r3, [r1, #6]
 101:Core/Src/crsf.c ****     channels->channel_06 = ((p[6] >> 7)  | (p[7]  << 1) | (p[8] << 9)) & 0x07FF;
 382              		.loc 1 101 5 is_stmt 1 view .LVU108
 383              		.loc 1 101 31 is_stmt 0 view .LVU109
 384 00c2 90F809C0 		ldrb	ip, [r0, #9]	@ zero_extendqisi2
 385              		.loc 1 101 46 view .LVU110
 386 00c6 90F80AE0 		ldrb	lr, [r0, #10]	@ zero_extendqisi2
 387              		.loc 1 101 61 view .LVU111
 388 00ca C27A     		ldrb	r2, [r0, #11]	@ zero_extendqisi2
 389              		.loc 1 101 26 view .LVU112
 390 00cc 4FEADC1C 		lsr	ip, ip, #7
 391 00d0 DBB2     		uxtb	r3, r3
 392 00d2 03F07F03 		and	r3, r3, #127
 393 00d6 43EACC13 		orr	r3, r3, ip, lsl #7
 394 00da 8B71     		strb	r3, [r1, #6]
 395 00dc 81F807E0 		strb	lr, [r1, #7]
ARM GAS  /tmp/ccqUPOfL.s 			page 10


 396 00e0 02F00302 		and	r2, r2, #3
 397 00e4 0B7A     		ldrb	r3, [r1, #8]	@ zero_extendqisi2
 398 00e6 23F00303 		bic	r3, r3, #3
 399 00ea 1343     		orrs	r3, r3, r2
 400 00ec 0B72     		strb	r3, [r1, #8]
 102:Core/Src/crsf.c ****     channels->channel_07 = ((p[8] >> 2)  | (p[9]  << 6)) & 0x07FF;
 401              		.loc 1 102 5 is_stmt 1 view .LVU113
 402              		.loc 1 102 31 is_stmt 0 view .LVU114
 403 00ee 90F80BC0 		ldrb	ip, [r0, #11]	@ zero_extendqisi2
 404              		.loc 1 102 46 view .LVU115
 405 00f2 027B     		ldrb	r2, [r0, #12]	@ zero_extendqisi2
 406              		.loc 1 102 26 view .LVU116
 407 00f4 4FEA9C0C 		lsr	ip, ip, #2
 408 00f8 DBB2     		uxtb	r3, r3
 409 00fa 03F00303 		and	r3, r3, #3
 410 00fe 43EA8C03 		orr	r3, r3, ip, lsl #2
 411 0102 0B72     		strb	r3, [r1, #8]
 412 0104 02F01F02 		and	r2, r2, #31
 413 0108 4B7A     		ldrb	r3, [r1, #9]	@ zero_extendqisi2
 414 010a 23F01F03 		bic	r3, r3, #31
 415 010e 1343     		orrs	r3, r3, r2
 416 0110 4B72     		strb	r3, [r1, #9]
 103:Core/Src/crsf.c ****     channels->channel_08 = ((p[9] >> 5)  | (p[10] << 3)) & 0x07FF;
 417              		.loc 1 103 5 is_stmt 1 view .LVU117
 418              		.loc 1 103 31 is_stmt 0 view .LVU118
 419 0112 027B     		ldrb	r2, [r0, #12]	@ zero_extendqisi2
 420              		.loc 1 103 46 view .LVU119
 421 0114 90F80DC0 		ldrb	ip, [r0, #13]	@ zero_extendqisi2
 422              		.loc 1 103 26 view .LVU120
 423 0118 02F0E002 		and	r2, r2, #224
 424 011c DBB2     		uxtb	r3, r3
 425 011e 03F01F03 		and	r3, r3, #31
 426 0122 1343     		orrs	r3, r3, r2
 427 0124 4B72     		strb	r3, [r1, #9]
 428 0126 81F80AC0 		strb	ip, [r1, #10]
 104:Core/Src/crsf.c ****     channels->channel_09 = (p[11]      | (p[12] << 8)) & 0x07FF;
 429              		.loc 1 104 5 is_stmt 1 view .LVU121
 430              		.loc 1 104 30 is_stmt 0 view .LVU122
 431 012a 837B     		ldrb	r3, [r0, #14]	@ zero_extendqisi2
 432              		.loc 1 104 44 view .LVU123
 433 012c C27B     		ldrb	r2, [r0, #15]	@ zero_extendqisi2
 434              		.loc 1 104 40 view .LVU124
 435 012e 43EA0223 		orr	r3, r3, r2, lsl #8
 436              		.loc 1 104 26 view .LVU125
 437 0132 CB72     		strb	r3, [r1, #11]
 438 0134 C3F30223 		ubfx	r3, r3, #8, #3
 439 0138 0A7B     		ldrb	r2, [r1, #12]	@ zero_extendqisi2
 440 013a 22F00702 		bic	r2, r2, #7
 441 013e 1343     		orrs	r3, r3, r2
 442 0140 0B73     		strb	r3, [r1, #12]
 105:Core/Src/crsf.c ****     channels->channel_10 = ((p[12] >> 3) | (p[13] << 5)) & 0x07FF;
 443              		.loc 1 105 5 is_stmt 1 view .LVU126
 444              		.loc 1 105 31 is_stmt 0 view .LVU127
 445 0142 90F80FC0 		ldrb	ip, [r0, #15]	@ zero_extendqisi2
 446              		.loc 1 105 46 view .LVU128
 447 0146 027C     		ldrb	r2, [r0, #16]	@ zero_extendqisi2
 448              		.loc 1 105 26 view .LVU129
ARM GAS  /tmp/ccqUPOfL.s 			page 11


 449 0148 4FEADC0C 		lsr	ip, ip, #3
 450 014c DBB2     		uxtb	r3, r3
 451 014e 03F00703 		and	r3, r3, #7
 452 0152 43EACC03 		orr	r3, r3, ip, lsl #3
 453 0156 0B73     		strb	r3, [r1, #12]
 454 0158 02F03F02 		and	r2, r2, #63
 455 015c 4B7B     		ldrb	r3, [r1, #13]	@ zero_extendqisi2
 456 015e 23F03F03 		bic	r3, r3, #63
 457 0162 1343     		orrs	r3, r3, r2
 458 0164 4B73     		strb	r3, [r1, #13]
 106:Core/Src/crsf.c ****     channels->channel_11 = ((p[13] >> 6) | (p[14] << 2) | (p[15] << 10)) & 0x07FF;
 459              		.loc 1 106 5 is_stmt 1 view .LVU130
 460              		.loc 1 106 31 is_stmt 0 view .LVU131
 461 0166 90F810C0 		ldrb	ip, [r0, #16]	@ zero_extendqisi2
 462              		.loc 1 106 46 view .LVU132
 463 016a 90F811E0 		ldrb	lr, [r0, #17]	@ zero_extendqisi2
 464              		.loc 1 106 61 view .LVU133
 465 016e 827C     		ldrb	r2, [r0, #18]	@ zero_extendqisi2
 466              		.loc 1 106 26 view .LVU134
 467 0170 4FEA9C1C 		lsr	ip, ip, #6
 468 0174 DBB2     		uxtb	r3, r3
 469 0176 03F03F03 		and	r3, r3, #63
 470 017a 43EA8C13 		orr	r3, r3, ip, lsl #6
 471 017e 4B73     		strb	r3, [r1, #13]
 472 0180 81F80EE0 		strb	lr, [r1, #14]
 473 0184 02F00102 		and	r2, r2, #1
 474 0188 CB7B     		ldrb	r3, [r1, #15]	@ zero_extendqisi2
 475 018a 23F00103 		bic	r3, r3, #1
 476 018e 1343     		orrs	r3, r3, r2
 477 0190 CB73     		strb	r3, [r1, #15]
 107:Core/Src/crsf.c ****     channels->channel_12 = ((p[14] >> 1) | (p[15] << 7)) & 0x07FF;
 478              		.loc 1 107 5 is_stmt 1 view .LVU135
 479              		.loc 1 107 31 is_stmt 0 view .LVU136
 480 0192 90F811C0 		ldrb	ip, [r0, #17]	@ zero_extendqisi2
 481              		.loc 1 107 46 view .LVU137
 482 0196 827C     		ldrb	r2, [r0, #18]	@ zero_extendqisi2
 483              		.loc 1 107 26 view .LVU138
 484 0198 4FEA5C0C 		lsr	ip, ip, #1
 485 019c DBB2     		uxtb	r3, r3
 486 019e 03F00103 		and	r3, r3, #1
 487 01a2 43EA4C03 		orr	r3, r3, ip, lsl #1
 488 01a6 CB73     		strb	r3, [r1, #15]
 489 01a8 02F00F02 		and	r2, r2, #15
 490 01ac 0B7C     		ldrb	r3, [r1, #16]	@ zero_extendqisi2
 491 01ae 23F00F03 		bic	r3, r3, #15
 492 01b2 1343     		orrs	r3, r3, r2
 493 01b4 0B74     		strb	r3, [r1, #16]
 108:Core/Src/crsf.c ****     channels->channel_13 = ((p[15] >> 4) | (p[16] << 4)) & 0x07FF;
 494              		.loc 1 108 5 is_stmt 1 view .LVU139
 495              		.loc 1 108 31 is_stmt 0 view .LVU140
 496 01b6 90F812C0 		ldrb	ip, [r0, #18]	@ zero_extendqisi2
 497              		.loc 1 108 46 view .LVU141
 498 01ba C27C     		ldrb	r2, [r0, #19]	@ zero_extendqisi2
 499              		.loc 1 108 26 view .LVU142
 500 01bc 4FEA1C1C 		lsr	ip, ip, #4
 501 01c0 DBB2     		uxtb	r3, r3
 502 01c2 03F00F03 		and	r3, r3, #15
ARM GAS  /tmp/ccqUPOfL.s 			page 12


 503 01c6 43EA0C13 		orr	r3, r3, ip, lsl #4
 504 01ca 0B74     		strb	r3, [r1, #16]
 505 01cc 02F07F02 		and	r2, r2, #127
 506 01d0 4B7C     		ldrb	r3, [r1, #17]	@ zero_extendqisi2
 507 01d2 23F07F03 		bic	r3, r3, #127
 508 01d6 1343     		orrs	r3, r3, r2
 509 01d8 4B74     		strb	r3, [r1, #17]
 109:Core/Src/crsf.c ****     channels->channel_14 = ((p[16] >> 7) | (p[17] << 1) | (p[18] << 9)) & 0x07FF;
 510              		.loc 1 109 5 is_stmt 1 view .LVU143
 511              		.loc 1 109 31 is_stmt 0 view .LVU144
 512 01da 90F813C0 		ldrb	ip, [r0, #19]	@ zero_extendqisi2
 513              		.loc 1 109 46 view .LVU145
 514 01de 90F814E0 		ldrb	lr, [r0, #20]	@ zero_extendqisi2
 515              		.loc 1 109 61 view .LVU146
 516 01e2 427D     		ldrb	r2, [r0, #21]	@ zero_extendqisi2
 517              		.loc 1 109 26 view .LVU147
 518 01e4 4FEADC1C 		lsr	ip, ip, #7
 519 01e8 DBB2     		uxtb	r3, r3
 520 01ea 03F07F03 		and	r3, r3, #127
 521 01ee 43EACC13 		orr	r3, r3, ip, lsl #7
 522 01f2 4B74     		strb	r3, [r1, #17]
 523 01f4 81F812E0 		strb	lr, [r1, #18]
 524 01f8 02F00302 		and	r2, r2, #3
 525 01fc CB7C     		ldrb	r3, [r1, #19]	@ zero_extendqisi2
 526 01fe 23F00303 		bic	r3, r3, #3
 527 0202 1343     		orrs	r3, r3, r2
 528 0204 CB74     		strb	r3, [r1, #19]
 110:Core/Src/crsf.c ****     channels->channel_15 = ((p[18] >> 2) | (p[19] << 6)) & 0x07FF;
 529              		.loc 1 110 5 is_stmt 1 view .LVU148
 530              		.loc 1 110 31 is_stmt 0 view .LVU149
 531 0206 90F815C0 		ldrb	ip, [r0, #21]	@ zero_extendqisi2
 532              		.loc 1 110 46 view .LVU150
 533 020a 827D     		ldrb	r2, [r0, #22]	@ zero_extendqisi2
 534              		.loc 1 110 26 view .LVU151
 535 020c 4FEA9C0C 		lsr	ip, ip, #2
 536 0210 DBB2     		uxtb	r3, r3
 537 0212 03F00303 		and	r3, r3, #3
 538 0216 43EA8C03 		orr	r3, r3, ip, lsl #2
 539 021a CB74     		strb	r3, [r1, #19]
 540 021c 02F01F02 		and	r2, r2, #31
 541 0220 0B7D     		ldrb	r3, [r1, #20]	@ zero_extendqisi2
 542 0222 23F01F03 		bic	r3, r3, #31
 543 0226 1343     		orrs	r3, r3, r2
 544 0228 0B75     		strb	r3, [r1, #20]
 111:Core/Src/crsf.c ****     channels->channel_16 = ((p[19] >> 5) | (p[20] << 3)) & 0x07FF;
 545              		.loc 1 111 5 is_stmt 1 view .LVU152
 546              		.loc 1 111 31 is_stmt 0 view .LVU153
 547 022a 827D     		ldrb	r2, [r0, #22]	@ zero_extendqisi2
 548              		.loc 1 111 46 view .LVU154
 549 022c C07D     		ldrb	r0, [r0, #23]	@ zero_extendqisi2
 550              	.LVL32:
 551              		.loc 1 111 26 view .LVU155
 552 022e 02F0E002 		and	r2, r2, #224
 553 0232 DBB2     		uxtb	r3, r3
 554 0234 03F01F03 		and	r3, r3, #31
 555 0238 1343     		orrs	r3, r3, r2
 556 023a 0B75     		strb	r3, [r1, #20]
ARM GAS  /tmp/ccqUPOfL.s 			page 13


 557 023c 4875     		strb	r0, [r1, #21]
 112:Core/Src/crsf.c ****     
 113:Core/Src/crsf.c ****     return true;
 558              		.loc 1 113 5 is_stmt 1 view .LVU156
 559              		.loc 1 113 12 is_stmt 0 view .LVU157
 560 023e 0120     		movs	r0, #1
 114:Core/Src/crsf.c **** }
 561              		.loc 1 114 1 view .LVU158
 562 0240 5DF804FB 		ldr	pc, [sp], #4
 563              	.LVL33:
 564              	.L22:
 565              		.cfi_def_cfa_offset 0
 566              		.cfi_restore 14
  90:Core/Src/crsf.c ****     if (frame->frame_length != 24) return false;
 567              		.loc 1 90 68 discriminator 1 view .LVU159
 568 0244 0020     		movs	r0, #0
 569              	.LVL34:
  90:Core/Src/crsf.c ****     if (frame->frame_length != 24) return false;
 570              		.loc 1 90 68 discriminator 1 view .LVU160
 571 0246 7047     		bx	lr
 572              	.LVL35:
 573              	.L23:
  91:Core/Src/crsf.c ****     
 574              		.loc 1 91 43 discriminator 1 view .LVU161
 575 0248 0020     		movs	r0, #0
 576              	.LVL36:
 577              		.loc 1 114 1 view .LVU162
 578 024a 7047     		bx	lr
 579              		.cfi_endproc
 580              	.LFE2:
 582              		.section	.text.crsf_convert_channel_to_us,"ax",%progbits
 583              		.align	1
 584              		.global	crsf_convert_channel_to_us
 585              		.syntax unified
 586              		.thumb
 587              		.thumb_func
 589              	crsf_convert_channel_to_us:
 590              	.LVL37:
 591              	.LFB3:
 115:Core/Src/crsf.c **** 
 116:Core/Src/crsf.c **** // Convert CRSF channel value (11-bit) to microseconds (1000-2000 range)
 117:Core/Src/crsf.c **** int16_t crsf_convert_channel_to_us(uint16_t channel_value) {
 592              		.loc 1 117 60 is_stmt 1 view -0
 593              		.cfi_startproc
 594              		@ args = 0, pretend = 0, frame = 0
 595              		@ frame_needed = 0, uses_anonymous_args = 0
 596              		@ link register save eliminated.
 118:Core/Src/crsf.c ****     // CRSF channel value is 11-bit (0-2047)
 119:Core/Src/crsf.c ****     // CRSF center = 992, 1500us = center
 120:Core/Src/crsf.c ****     // Formula: us = (channel_value - 992) * 5 / 8 + 1500
 121:Core/Src/crsf.c ****     return (int16_t)((channel_value - 992) * 5 / 8) + 1500;
 597              		.loc 1 121 5 view .LVU164
 598              		.loc 1 121 37 is_stmt 0 view .LVU165
 599 0000 A0F57870 		sub	r0, r0, #992
 600              	.LVL38:
 601              		.loc 1 121 44 view .LVU166
 602 0004 00EB8000 		add	r0, r0, r0, lsl #2
ARM GAS  /tmp/ccqUPOfL.s 			page 14


 603              	.LVL39:
 604              		.loc 1 121 48 view .LVU167
 605 0008 0346     		mov	r3, r0
 606 000a 0028     		cmp	r0, #0
 607 000c 05DB     		blt	.L30
 608              	.L29:
 609              		.loc 1 121 12 view .LVU168
 610 000e C3F3CF00 		ubfx	r0, r3, #3, #16
 611              		.loc 1 121 53 view .LVU169
 612 0012 00F2DC50 		addw	r0, r0, #1500
 122:Core/Src/crsf.c **** }...
 613              		.loc 1 122 1 view .LVU170
 614 0016 00B2     		sxth	r0, r0
 615 0018 7047     		bx	lr
 616              	.L30:
 121:Core/Src/crsf.c ****     return (int16_t)((channel_value - 992) * 5 / 8) + 1500;
 617              		.loc 1 121 48 view .LVU171
 618 001a C31D     		adds	r3, r0, #7
 619 001c F7E7     		b	.L29
 620              		.cfi_endproc
 621              	.LFE3:
 623              		.section	.rodata.crc8tab,"a"
 624              		.align	2
 627              	crc8tab:
 628 0000 00D57FAA 		.ascii	"\000\325\177\252\376+\201T)\374V\203\327\002\250}R\207"
 628      FE2B8154 
 628      29FC5683 
 628      D702A87D 
 628      5287
 629 0012 2DF8AC79 		.ascii	"-\370\254y\323\006{\256\004\321\205P\372/\244q\333\016"
 629      D3067BAE 
 629      04D18550 
 629      FA2FA471 
 629      DB0E
 630 0024 5A8F25F0 		.ascii	"Z\217%\360\215X\362's\246\014\331\366#\211\\\010\335"
 630      8D58F227 
 630      73A60CD9 
 630      F623895C 
 630      08DD
 631 0036 77A2DF0A 		.ascii	"w\242\337\012\240u!\364^\213\235H\3427c\266\034\311"
 631      A07521F4 
 631      5E8B9D48 
 631      E23763B6 
 631      1CC9
 632 0048 B461CB1E 		.ascii	"\264a\313\036J\2375\340\317\032\260e1\344N\233\3463"
 632      4A9F35E0 
 632      CF1AB065 
 632      31E44E9B 
 632      E633
 633 005a 994C18CD 		.ascii	"\231L\030\315g\2629\354F\223\307\022\270m\020\305o\272"
 633      67B239EC 
 633      4693C712 
 633      B86D10C5 
 633      6FBA
 634 006c EE3B9144 		.ascii	"\356;\221Dk\276\024\301\225@\352?B\227=\350\274i\303"
 634      6BBE14C1 
 634      9540EA3F 
ARM GAS  /tmp/ccqUPOfL.s 			page 15


 634      42973DE8 
 634      BC69C3
 635 007f 16EF3A90 		.ascii	"\026\357:\220E\021\304n\273\306\023\271l8\355G\222\275"
 635      4511C46E 
 635      BBC613B9 
 635      6C38ED47 
 635      92BD
 636 0091 68C21743 		.ascii	"h\302\027C\226<\351\224A\353>j\277\025\300K\2364\341"
 636      963CE994 
 636      41EB3E6A 
 636      BF15C04B 
 636      9E34E1
 637 00a4 B560CA1F 		.ascii	"\265`\312\037b\267\035\310\234I\3436\031\314f\263\347"
 637      62B71DC8 
 637      9C49E336 
 637      19CC66B3 
 637      E7
 638 00b5 32984D30 		.ascii	"2\230M0\345O\232\316\033\261dr\247\015\330\214Y\363"
 638      E54F9ACE 
 638      1BB16472 
 638      A70DD88C 
 638      59F3
 639 00c7 265B8E24 		.ascii	"&[\216$\361\245p\332\017 \365_\212\336\013\241t\011"
 639      F1A570DA 
 639      0F20F55F 
 639      8ADE0BA1 
 639      7409
 640 00d9 DC76A3F7 		.ascii	"\334v\243\367\"\210]\326\003\251|(\375W\202\377*\200"
 640      22885DD6 
 640      03A97C28 
 640      FD5782FF 
 640      2A80
 641 00eb 5501D47E 		.ascii	"U\001\324~\253\204Q\373.z\257\005\320\255x\322\007S"
 641      AB8451FB 
 641      2E7AAF05 
 641      D0AD78D2 
 641      0753
 642 00fd 862CF9   		.ascii	"\206,\371"
 643              		.text
 644              	.Letext0:
 645              		.file 2 "/home/cedric/.config/VSCodium/User/globalStorage/bmd.stm32-for-vscode/@xpack-dev-tools/ar
 646              		.file 3 "/home/cedric/.config/VSCodium/User/globalStorage/bmd.stm32-for-vscode/@xpack-dev-tools/ar
 647              		.file 4 "Core/Inc/crsf.h"
ARM GAS  /tmp/ccqUPOfL.s 			page 16


DEFINED SYMBOLS
                            *ABS*:00000000 crsf.c
     /tmp/ccqUPOfL.s:21     .text.crsf_crc8:00000000 $t
     /tmp/ccqUPOfL.s:27     .text.crsf_crc8:00000000 crsf_crc8
     /tmp/ccqUPOfL.s:83     .text.crsf_crc8:00000020 $d
     /tmp/ccqUPOfL.s:627    .rodata.crc8tab:00000000 crc8tab
     /tmp/ccqUPOfL.s:88     .text.crsf_parse_frame:00000000 $t
     /tmp/ccqUPOfL.s:94     .text.crsf_parse_frame:00000000 crsf_parse_frame
     /tmp/ccqUPOfL.s:270    .text.crsf_extract_rc_channels:00000000 $t
     /tmp/ccqUPOfL.s:276    .text.crsf_extract_rc_channels:00000000 crsf_extract_rc_channels
     /tmp/ccqUPOfL.s:583    .text.crsf_convert_channel_to_us:00000000 $t
     /tmp/ccqUPOfL.s:589    .text.crsf_convert_channel_to_us:00000000 crsf_convert_channel_to_us
     /tmp/ccqUPOfL.s:624    .rodata.crc8tab:00000000 $d

NO UNDEFINED SYMBOLS
