ARM GAS  /tmp/cc2w6Fu4.s 			page 1


   1              		.cpu cortex-m4
   2              		.arch armv7e-m
   3              		.fpu fpv4-sp-d16
   4              		.eabi_attribute 27, 1
   5              		.eabi_attribute 28, 1
   6              		.eabi_attribute 20, 1
   7              		.eabi_attribute 21, 1
   8              		.eabi_attribute 23, 3
   9              		.eabi_attribute 24, 1
  10              		.eabi_attribute 25, 1
  11              		.eabi_attribute 26, 1
  12              		.eabi_attribute 30, 1
  13              		.eabi_attribute 34, 1
  14              		.eabi_attribute 18, 4
  15              		.file	"freertos.c"
  16              		.text
  17              	.Ltext0:
  18              		.cfi_sections	.debug_frame
  19              		.file 1 "Core/Src/freertos.c"
  20              		.section	.text.StartDefaultTask,"ax",%progbits
  21              		.align	1
  22              		.global	StartDefaultTask
  23              		.syntax unified
  24              		.thumb
  25              		.thumb_func
  27              	StartDefaultTask:
  28              	.LVL0:
  29              	.LFB229:
   1:Core/Src/freertos.c **** /* USER CODE BEGIN Header */
   2:Core/Src/freertos.c **** /**
   3:Core/Src/freertos.c ****   ******************************************************************************
   4:Core/Src/freertos.c ****   * File Name          : freertos.c
   5:Core/Src/freertos.c ****   * Description        : Code for freertos applications
   6:Core/Src/freertos.c ****   ******************************************************************************
   7:Core/Src/freertos.c ****   * @attention
   8:Core/Src/freertos.c ****   *
   9:Core/Src/freertos.c ****   * Copyright (c) 2026 STMicroelectronics.
  10:Core/Src/freertos.c ****   * All rights reserved.
  11:Core/Src/freertos.c ****   *
  12:Core/Src/freertos.c ****   * This software is licensed under terms that can be found in the LICENSE file
  13:Core/Src/freertos.c ****   * in the root directory of this software component.
  14:Core/Src/freertos.c ****   * If no LICENSE file comes with this software, it is provided AS-IS.
  15:Core/Src/freertos.c ****   *
  16:Core/Src/freertos.c ****   ******************************************************************************
  17:Core/Src/freertos.c ****   */
  18:Core/Src/freertos.c **** /* USER CODE END Header */
  19:Core/Src/freertos.c **** 
  20:Core/Src/freertos.c **** /* Includes ------------------------------------------------------------------*/
  21:Core/Src/freertos.c **** #include "FreeRTOS.h"
  22:Core/Src/freertos.c **** #include "task.h"
  23:Core/Src/freertos.c **** #include "main.h"
  24:Core/Src/freertos.c **** #include "cmsis_os.h"
  25:Core/Src/freertos.c **** 
  26:Core/Src/freertos.c **** /* Private includes ----------------------------------------------------------*/
  27:Core/Src/freertos.c **** /* USER CODE BEGIN Includes */
  28:Core/Src/freertos.c **** #include "usbd_cdc_if.h"
  29:Core/Src/freertos.c **** #include <string.h>
ARM GAS  /tmp/cc2w6Fu4.s 			page 2


  30:Core/Src/freertos.c **** #include <stdio.h>
  31:Core/Src/freertos.c **** #include "crsf.h"
  32:Core/Src/freertos.c **** #include "servo_control.h"
  33:Core/Src/freertos.c **** /* USER CODE END Includes */
  34:Core/Src/freertos.c **** 
  35:Core/Src/freertos.c **** /* Private typedef -----------------------------------------------------------*/
  36:Core/Src/freertos.c **** /* USER CODE BEGIN PTD */
  37:Core/Src/freertos.c **** 
  38:Core/Src/freertos.c **** /* USER CODE END PTD */
  39:Core/Src/freertos.c **** 
  40:Core/Src/freertos.c **** /* Private define ------------------------------------------------------------*/
  41:Core/Src/freertos.c **** /* USER CODE BEGIN PD */
  42:Core/Src/freertos.c **** 
  43:Core/Src/freertos.c **** /* USER CODE END PD */
  44:Core/Src/freertos.c **** 
  45:Core/Src/freertos.c **** /* Private macro -------------------------------------------------------------*/
  46:Core/Src/freertos.c **** /* USER CODE BEGIN PM */
  47:Core/Src/freertos.c **** 
  48:Core/Src/freertos.c **** /* USER CODE END PM */
  49:Core/Src/freertos.c **** 
  50:Core/Src/freertos.c **** /* Private variables ---------------------------------------------------------*/
  51:Core/Src/freertos.c **** /* USER CODE BEGIN Variables */
  52:Core/Src/freertos.c **** osThreadId_t receiverTaskHandle;
  53:Core/Src/freertos.c **** const osThreadAttr_t receiverTask_attributes = {
  54:Core/Src/freertos.c ****   .name = "receiverTask",
  55:Core/Src/freertos.c ****   .stack_size = 256 * 4,
  56:Core/Src/freertos.c ****   .priority = (osPriority_t) osPriorityNormal,
  57:Core/Src/freertos.c **** };
  58:Core/Src/freertos.c **** 
  59:Core/Src/freertos.c **** extern UART_HandleTypeDef huart1;
  60:Core/Src/freertos.c **** extern DMA_HandleTypeDef hdma_usart1_rx;
  61:Core/Src/freertos.c **** 
  62:Core/Src/freertos.c **** uint8_t uart_rx_buffer[64];
  63:Core/Src/freertos.c **** volatile uint16_t uart_rx_flag = 0; // Changed to uint16_t to safely match 'Size'
  64:Core/Src/freertos.c **** 
  65:Core/Src/freertos.c **** osThreadId_t servoTaskHandle;
  66:Core/Src/freertos.c **** const osThreadAttr_t servoTask_attributes = {
  67:Core/Src/freertos.c ****   .name = "servoTask",
  68:Core/Src/freertos.c ****   .stack_size = 128 * 4,
  69:Core/Src/freertos.c ****   .priority = (osPriority_t) osPriorityNormal,
  70:Core/Src/freertos.c **** };
  71:Core/Src/freertos.c **** 
  72:Core/Src/freertos.c **** extern TIM_HandleTypeDef htim1;  // Defined in tim.c
  73:Core/Src/freertos.c **** 
  74:Core/Src/freertos.c **** Servo servo1, servo2;
  75:Core/Src/freertos.c **** /* USER CODE END Variables */
  76:Core/Src/freertos.c **** /* Definitions for defaultTask */
  77:Core/Src/freertos.c **** osThreadId_t defaultTaskHandle;
  78:Core/Src/freertos.c **** const osThreadAttr_t defaultTask_attributes = {
  79:Core/Src/freertos.c ****   .name = "defaultTask",
  80:Core/Src/freertos.c ****   .stack_size = 128 * 4,
  81:Core/Src/freertos.c ****   .priority = (osPriority_t) osPriorityNormal,
  82:Core/Src/freertos.c **** };
  83:Core/Src/freertos.c **** 
  84:Core/Src/freertos.c **** /* Private function prototypes -----------------------------------------------*/
  85:Core/Src/freertos.c **** /* USER CODE BEGIN FunctionPrototypes */
  86:Core/Src/freertos.c **** void StartReceiverTask(void *argument);
ARM GAS  /tmp/cc2w6Fu4.s 			page 3


  87:Core/Src/freertos.c **** void StartServoTask(void *argument);
  88:Core/Src/freertos.c **** /* USER CODE END FunctionPrototypes */
  89:Core/Src/freertos.c **** 
  90:Core/Src/freertos.c **** void StartDefaultTask(void *argument);
  91:Core/Src/freertos.c **** 
  92:Core/Src/freertos.c **** extern void MX_USB_DEVICE_Init(void);
  93:Core/Src/freertos.c **** void MX_FREERTOS_Init(void); /* (MISRA C 2004 rule 8.1) */
  94:Core/Src/freertos.c **** 
  95:Core/Src/freertos.c **** /**
  96:Core/Src/freertos.c ****   * @brief  FreeRTOS initialization
  97:Core/Src/freertos.c ****   * @param  None
  98:Core/Src/freertos.c ****   * @retval None
  99:Core/Src/freertos.c ****   */
 100:Core/Src/freertos.c **** void MX_FREERTOS_Init(void) {
 101:Core/Src/freertos.c ****   /* USER CODE BEGIN Init */
 102:Core/Src/freertos.c **** 
 103:Core/Src/freertos.c ****   /* USER CODE END Init */
 104:Core/Src/freertos.c **** 
 105:Core/Src/freertos.c ****   /* USER CODE BEGIN RTOS_MUTEX */
 106:Core/Src/freertos.c ****   /* add mutexes, ... */
 107:Core/Src/freertos.c ****   /* USER CODE END RTOS_MUTEX */
 108:Core/Src/freertos.c **** 
 109:Core/Src/freertos.c ****   /* USER CODE BEGIN RTOS_SEMAPHORES */
 110:Core/Src/freertos.c ****   /* add semaphores, ... */
 111:Core/Src/freertos.c ****   /* USER CODE END RTOS_SEMAPHORES */
 112:Core/Src/freertos.c **** 
 113:Core/Src/freertos.c ****   /* USER CODE BEGIN RTOS_TIMERS */
 114:Core/Src/freertos.c ****   /* start timers, add new ones, ... */
 115:Core/Src/freertos.c ****   /* USER CODE END RTOS_TIMERS */
 116:Core/Src/freertos.c **** 
 117:Core/Src/freertos.c ****   /* USER CODE BEGIN RTOS_QUEUES */
 118:Core/Src/freertos.c ****   /* add queues, ... */
 119:Core/Src/freertos.c ****   /* USER CODE END RTOS_QUEUES */
 120:Core/Src/freertos.c **** 
 121:Core/Src/freertos.c ****   /* Create the thread(s) */
 122:Core/Src/freertos.c ****   /* creation of defaultTask */
 123:Core/Src/freertos.c ****   defaultTaskHandle = osThreadNew(StartDefaultTask, NULL, &defaultTask_attributes);
 124:Core/Src/freertos.c **** 
 125:Core/Src/freertos.c ****   /* USER CODE BEGIN RTOS_THREADS */
 126:Core/Src/freertos.c ****   receiverTaskHandle = osThreadNew(StartReceiverTask, NULL, &receiverTask_attributes);
 127:Core/Src/freertos.c ****   servoTaskHandle = osThreadNew(StartServoTask, NULL, &servoTask_attributes);
 128:Core/Src/freertos.c ****   /* USER CODE END RTOS_THREADS */
 129:Core/Src/freertos.c **** 
 130:Core/Src/freertos.c ****   /* USER CODE BEGIN RTOS_EVENTS */
 131:Core/Src/freertos.c ****   /* add events, ... */
 132:Core/Src/freertos.c ****   /* USER CODE END RTOS_EVENTS */
 133:Core/Src/freertos.c **** 
 134:Core/Src/freertos.c **** }
 135:Core/Src/freertos.c **** 
 136:Core/Src/freertos.c **** /* USER CODE BEGIN Header_StartDefaultTask */
 137:Core/Src/freertos.c **** /**
 138:Core/Src/freertos.c ****   * @brief  Function implementing the defaultTask thread.
 139:Core/Src/freertos.c ****   * @param  argument: Not used
 140:Core/Src/freertos.c ****   * @retval None
 141:Core/Src/freertos.c ****   */
 142:Core/Src/freertos.c **** /* USER CODE END Header_StartDefaultTask */
 143:Core/Src/freertos.c **** void StartDefaultTask(void *argument)
ARM GAS  /tmp/cc2w6Fu4.s 			page 4


 144:Core/Src/freertos.c **** {
  30              		.loc 1 144 1 view -0
  31              		.cfi_startproc
  32              		@ Volatile: function does not return.
  33              		@ args = 0, pretend = 0, frame = 0
  34              		@ frame_needed = 0, uses_anonymous_args = 0
  35              		.loc 1 144 1 is_stmt 0 view .LVU1
  36 0000 08B5     		push	{r3, lr}
  37              		.cfi_def_cfa_offset 8
  38              		.cfi_offset 3, -8
  39              		.cfi_offset 14, -4
 145:Core/Src/freertos.c ****   /* init code for USB_DEVICE */
 146:Core/Src/freertos.c ****   MX_USB_DEVICE_Init();
  40              		.loc 1 146 3 is_stmt 1 view .LVU2
  41 0002 FFF7FEFF 		bl	MX_USB_DEVICE_Init
  42              	.LVL1:
  43              	.L2:
 147:Core/Src/freertos.c ****   /* USER CODE BEGIN StartDefaultTask */
 148:Core/Src/freertos.c ****   /* Infinite loop */
 149:Core/Src/freertos.c ****   for(;;)
  44              		.loc 1 149 3 view .LVU3
 150:Core/Src/freertos.c ****   {
 151:Core/Src/freertos.c ****     osDelay(1);
  45              		.loc 1 151 5 discriminator 1 view .LVU4
  46 0006 0120     		movs	r0, #1
  47 0008 FFF7FEFF 		bl	osDelay
  48              	.LVL2:
 149:Core/Src/freertos.c ****   {
  49              		.loc 1 149 3 view .LVU5
  50 000c FBE7     		b	.L2
  51              		.cfi_endproc
  52              	.LFE229:
  54              		.section	.text.StartServoTask,"ax",%progbits
  55              		.align	1
  56              		.global	StartServoTask
  57              		.syntax unified
  58              		.thumb
  59              		.thumb_func
  61              	StartServoTask:
  62              	.LVL3:
  63              	.LFB230:
 152:Core/Src/freertos.c ****   }
 153:Core/Src/freertos.c ****   /* USER CODE END StartDefaultTask */
 154:Core/Src/freertos.c **** }
 155:Core/Src/freertos.c **** 
 156:Core/Src/freertos.c **** /* Private application code --------------------------------------------------*/
 157:Core/Src/freertos.c **** /* USER CODE BEGIN Application */
 158:Core/Src/freertos.c **** void StartServoTask(void *argument)
 159:Core/Src/freertos.c **** {
  64              		.loc 1 159 1 view -0
  65              		.cfi_startproc
  66              		@ Volatile: function does not return.
  67              		@ args = 0, pretend = 0, frame = 0
  68              		@ frame_needed = 0, uses_anonymous_args = 0
  69              		.loc 1 159 1 is_stmt 0 view .LVU7
  70 0000 08B5     		push	{r3, lr}
  71              		.cfi_def_cfa_offset 8
ARM GAS  /tmp/cc2w6Fu4.s 			page 5


  72              		.cfi_offset 3, -8
  73              		.cfi_offset 14, -4
 160:Core/Src/freertos.c ****   // Initialize servos
 161:Core/Src/freertos.c ****   Servo_Init(&servo1, &htim1, TIM_CHANNEL_1);
  74              		.loc 1 161 3 is_stmt 1 view .LVU8
  75 0002 0C4E     		ldr	r6, .L7
  76 0004 0C4D     		ldr	r5, .L7+4
  77 0006 0022     		movs	r2, #0
  78 0008 3146     		mov	r1, r6
  79 000a 2846     		mov	r0, r5
  80              	.LVL4:
  81              		.loc 1 161 3 is_stmt 0 view .LVU9
  82 000c FFF7FEFF 		bl	Servo_Init
  83              	.LVL5:
 162:Core/Src/freertos.c ****   Servo_Init(&servo2, &htim1, TIM_CHANNEL_2);
  84              		.loc 1 162 3 is_stmt 1 view .LVU10
  85 0010 0A4C     		ldr	r4, .L7+8
  86 0012 0422     		movs	r2, #4
  87 0014 3146     		mov	r1, r6
  88 0016 2046     		mov	r0, r4
  89 0018 FFF7FEFF 		bl	Servo_Init
  90              	.LVL6:
 163:Core/Src/freertos.c **** 
 164:Core/Src/freertos.c **** 
 165:Core/Src/freertos.c ****   Servo_Start(&servo1);
  91              		.loc 1 165 3 view .LVU11
  92 001c 2846     		mov	r0, r5
  93 001e FFF7FEFF 		bl	Servo_Start
  94              	.LVL7:
 166:Core/Src/freertos.c ****   Servo_Start(&servo2);
  95              		.loc 1 166 3 view .LVU12
  96 0022 2046     		mov	r0, r4
  97 0024 FFF7FEFF 		bl	Servo_Start
  98              	.LVL8:
  99              	.L5:
 167:Core/Src/freertos.c **** 
 168:Core/Src/freertos.c ****   while (1) {
 100              		.loc 1 168 3 view .LVU13
 169:Core/Src/freertos.c ****       osDelay(1000);
 101              		.loc 1 169 7 discriminator 1 view .LVU14
 102 0028 4FF47A70 		mov	r0, #1000
 103 002c FFF7FEFF 		bl	osDelay
 104              	.LVL9:
 168:Core/Src/freertos.c ****       osDelay(1000);
 105              		.loc 1 168 9 view .LVU15
 106 0030 FAE7     		b	.L5
 107              	.L8:
 108 0032 00BF     		.align	2
 109              	.L7:
 110 0034 00000000 		.word	htim1
 111 0038 00000000 		.word	servo1
 112 003c 00000000 		.word	servo2
 113              		.cfi_endproc
 114              	.LFE230:
 116              		.section	.rodata.StartReceiverTask.str1.4,"aMS",%progbits,1
 117              		.align	2
 118              	.LC0:
ARM GAS  /tmp/cc2w6Fu4.s 			page 6


 119 0000 4348313A 		.ascii	"CH1:%d, CH2:%d, CH3:%d, CH4:%d, CH5:%d, CH6:%d, CH7"
 119      25642C20 
 119      4348323A 
 119      25642C20 
 119      4348333A 
 120 0033 3A25642C 		.ascii	":%d, CH8:%d, CH9:%d, CH10:%d, CH11:%d, CH12:%d, CH1"
 120      20434838 
 120      3A25642C 
 120      20434839 
 120      3A25642C 
 121 0066 333A2564 		.ascii	"3:%d, CH14:%d, CH15:%d, CH16:%d\015\012\000"
 121      2C204348 
 121      31343A25 
 121      642C2043 
 121      4831353A 
 122              		.section	.text.StartReceiverTask,"ax",%progbits
 123              		.align	1
 124              		.global	StartReceiverTask
 125              		.syntax unified
 126              		.thumb
 127              		.thumb_func
 129              	StartReceiverTask:
 130              	.LVL10:
 131              	.LFB231:
 170:Core/Src/freertos.c ****   }
 171:Core/Src/freertos.c **** }
 172:Core/Src/freertos.c **** 
 173:Core/Src/freertos.c **** void StartReceiverTask(void *argument)
 174:Core/Src/freertos.c **** {
 132              		.loc 1 174 1 view -0
 133              		.cfi_startproc
 134              		@ args = 0, pretend = 0, frame = 160
 135              		@ frame_needed = 0, uses_anonymous_args = 0
 136              		.loc 1 174 1 is_stmt 0 view .LVU17
 137 0000 2DE9F04F 		push	{r4, r5, r6, r7, r8, r9, r10, fp, lr}
 138              		.cfi_def_cfa_offset 36
 139              		.cfi_offset 4, -36
 140              		.cfi_offset 5, -32
 141              		.cfi_offset 6, -28
 142              		.cfi_offset 7, -24
 143              		.cfi_offset 8, -20
 144              		.cfi_offset 9, -16
 145              		.cfi_offset 10, -12
 146              		.cfi_offset 11, -8
 147              		.cfi_offset 14, -4
 148 0004 2DED028B 		vpush.64	{d8}
 149              		.cfi_def_cfa_offset 44
 150              		.cfi_offset 80, -44
 151              		.cfi_offset 81, -40
 152 0008 B7B0     		sub	sp, sp, #220
 153              		.cfi_def_cfa_offset 264
 175:Core/Src/freertos.c ****   crsf_frame_t crsf_frame;
 154              		.loc 1 175 3 is_stmt 1 view .LVU18
 176:Core/Src/freertos.c ****   crsf_rc_channels_packed_t rc_channels;
 155              		.loc 1 176 3 view .LVU19
 177:Core/Src/freertos.c ****   static char usb_output_buffer[256];
 156              		.loc 1 177 3 view .LVU20
ARM GAS  /tmp/cc2w6Fu4.s 			page 7


 178:Core/Src/freertos.c **** 
 179:Core/Src/freertos.c ****   uint32_t lastToggleTick = osKernelGetTickCount();
 157              		.loc 1 179 3 view .LVU21
 158              		.loc 1 179 29 is_stmt 0 view .LVU22
 159 000a FFF7FEFF 		bl	osKernelGetTickCount
 160              	.LVL11:
 161              		.loc 1 179 29 view .LVU23
 162 000e 8046     		mov	r8, r0
 163              	.LVL12:
 180:Core/Src/freertos.c **** 
 181:Core/Src/freertos.c ****   // Start UART reception using DMA with Idle Line Detection
 182:Core/Src/freertos.c ****   HAL_UARTEx_ReceiveToIdle_DMA(&huart1, uart_rx_buffer, sizeof(uart_rx_buffer));
 164              		.loc 1 182 3 is_stmt 1 view .LVU24
 165 0010 4022     		movs	r2, #64
 166 0012 9749     		ldr	r1, .L15
 167 0014 9748     		ldr	r0, .L15+4
 168              	.LVL13:
 169              		.loc 1 182 3 is_stmt 0 view .LVU25
 170 0016 FFF7FEFF 		bl	HAL_UARTEx_ReceiveToIdle_DMA
 171              	.LVL14:
 183:Core/Src/freertos.c ****   __HAL_DMA_DISABLE_IT(&hdma_usart1_rx, DMA_IT_HT);
 172              		.loc 1 183 3 is_stmt 1 view .LVU26
 173 001a 974B     		ldr	r3, .L15+8
 174 001c 1A68     		ldr	r2, [r3]
 175 001e 1368     		ldr	r3, [r2]
 176 0020 23F00803 		bic	r3, r3, #8
 177 0024 1360     		str	r3, [r2]
 178 0026 0BE0     		b	.L12
 179              	.L14:
 184:Core/Src/freertos.c **** 
 185:Core/Src/freertos.c ****   while (1) {
 186:Core/Src/freertos.c ****     // Non-blocking 1-second LED toggling
 187:Core/Src/freertos.c ****     if ((osKernelGetTickCount() - lastToggleTick) >= 1000) {
 188:Core/Src/freertos.c ****       HAL_GPIO_TogglePin(GPIOC, GPIO_PIN_7 | GPIO_PIN_8);
 180              		.loc 1 188 7 view .LVU27
 181 0028 4FF4C071 		mov	r1, #384
 182 002c 9348     		ldr	r0, .L15+12
 183 002e FFF7FEFF 		bl	HAL_GPIO_TogglePin
 184              	.LVL15:
 189:Core/Src/freertos.c ****       lastToggleTick = osKernelGetTickCount();
 185              		.loc 1 189 7 view .LVU28
 186              		.loc 1 189 24 is_stmt 0 view .LVU29
 187 0032 FFF7FEFF 		bl	osKernelGetTickCount
 188              	.LVL16:
 189 0036 8046     		mov	r8, r0
 190              	.LVL17:
 191              		.loc 1 189 24 view .LVU30
 192 0038 09E0     		b	.L10
 193              	.LVL18:
 194              	.L11:
 190:Core/Src/freertos.c ****     }
 191:Core/Src/freertos.c **** 
 192:Core/Src/freertos.c ****     // Process incoming packet
 193:Core/Src/freertos.c ****     if (uart_rx_flag > 0) {
 194:Core/Src/freertos.c **** 
 195:Core/Src/freertos.c ****       uint16_t rx_size = uart_rx_flag; 
 196:Core/Src/freertos.c ****       uart_rx_flag = 0; 
ARM GAS  /tmp/cc2w6Fu4.s 			page 8


 197:Core/Src/freertos.c ****       
 198:Core/Src/freertos.c ****       // Re-enable DMA receiver immediately so hardware can work in background
 199:Core/Src/freertos.c ****       HAL_UARTEx_ReceiveToIdle_DMA(&huart1, uart_rx_buffer, sizeof(uart_rx_buffer));
 200:Core/Src/freertos.c ****       __HAL_DMA_DISABLE_IT(&hdma_usart1_rx, DMA_IT_HT);
 201:Core/Src/freertos.c **** 
 202:Core/Src/freertos.c ****       if (crsf_parse_frame(uart_rx_buffer, rx_size, &crsf_frame)) {
 203:Core/Src/freertos.c ****         if (crsf_frame.frame_type == CRSF_FRAME_RC_CHANNELS_PACKED) {
 204:Core/Src/freertos.c ****           if (crsf_extract_rc_channels(&crsf_frame, &rc_channels)) {
 205:Core/Src/freertos.c ****             
 206:Core/Src/freertos.c ****             int16_t channel_us[16];
 207:Core/Src/freertos.c ****             
 208:Core/Src/freertos.c ****             channel_us[0]  = crsf_convert_channel_to_us(rc_channels.channel_01);
 209:Core/Src/freertos.c ****             channel_us[1]  = crsf_convert_channel_to_us(rc_channels.channel_02);
 210:Core/Src/freertos.c ****             channel_us[2]  = crsf_convert_channel_to_us(rc_channels.channel_03);
 211:Core/Src/freertos.c ****             channel_us[3]  = crsf_convert_channel_to_us(rc_channels.channel_04);
 212:Core/Src/freertos.c ****             channel_us[4]  = crsf_convert_channel_to_us(rc_channels.channel_05);
 213:Core/Src/freertos.c ****             channel_us[5]  = crsf_convert_channel_to_us(rc_channels.channel_06);
 214:Core/Src/freertos.c ****             channel_us[6]  = crsf_convert_channel_to_us(rc_channels.channel_07);
 215:Core/Src/freertos.c ****             channel_us[7]  = crsf_convert_channel_to_us(rc_channels.channel_08);
 216:Core/Src/freertos.c ****             channel_us[8]  = crsf_convert_channel_to_us(rc_channels.channel_09);
 217:Core/Src/freertos.c ****             channel_us[9]  = crsf_convert_channel_to_us(rc_channels.channel_10);
 218:Core/Src/freertos.c ****             channel_us[10] = crsf_convert_channel_to_us(rc_channels.channel_11);
 219:Core/Src/freertos.c ****             channel_us[11] = crsf_convert_channel_to_us(rc_channels.channel_12);
 220:Core/Src/freertos.c ****             channel_us[12] = crsf_convert_channel_to_us(rc_channels.channel_13);
 221:Core/Src/freertos.c ****             channel_us[13] = crsf_convert_channel_to_us(rc_channels.channel_14);
 222:Core/Src/freertos.c ****             channel_us[14] = crsf_convert_channel_to_us(rc_channels.channel_15);
 223:Core/Src/freertos.c ****             channel_us[15] = crsf_convert_channel_to_us(rc_channels.channel_16);
 224:Core/Src/freertos.c **** 
 225:Core/Src/freertos.c ****             // --- SERVO CONTROL MAPPING CODE ---
 226:Core/Src/freertos.c ****             // Map 1000us-2000us input space to a floating point 0.0 to 180.0 degrees
 227:Core/Src/freertos.c ****             float servo1_angle = ((float)(channel_us[0] - 1000) / 1000.0f) * 180.0f;
 228:Core/Src/freertos.c ****             float servo2_angle = ((float)(channel_us[1] - 1000) / 1000.0f) * 180.0f;
 229:Core/Src/freertos.c **** 
 230:Core/Src/freertos.c ****             // Direct hardware update
 231:Core/Src/freertos.c ****             Servo_SetAngle(&servo1, servo1_angle);
 232:Core/Src/freertos.c ****             Servo_SetAngle(&servo2, servo2_angle);
 233:Core/Src/freertos.c ****             // ----------------------------------
 234:Core/Src/freertos.c **** 
 235:Core/Src/freertos.c ****             int len = sprintf(usb_output_buffer,
 236:Core/Src/freertos.c ****             "CH1:%d, CH2:%d, CH3:%d, CH4:%d, CH5:%d, CH6:%d, CH7:%d, CH8:%d, "
 237:Core/Src/freertos.c ****             "CH9:%d, CH10:%d, CH11:%d, CH12:%d, CH13:%d, CH14:%d, CH15:%d, CH16:%d\r\n",
 238:Core/Src/freertos.c ****             channel_us[0], channel_us[1], channel_us[2], channel_us[3],
 239:Core/Src/freertos.c ****             channel_us[4], channel_us[5], channel_us[6], channel_us[7],
 240:Core/Src/freertos.c ****             channel_us[8], channel_us[9], channel_us[10], channel_us[11],
 241:Core/Src/freertos.c ****             channel_us[12], channel_us[13], channel_us[14], channel_us[15]);
 242:Core/Src/freertos.c **** 
 243:Core/Src/freertos.c ****             CDC_Transmit_FS((uint8_t *)usb_output_buffer, len);
 244:Core/Src/freertos.c ****           }
 245:Core/Src/freertos.c ****         }
 246:Core/Src/freertos.c ****       }
 247:Core/Src/freertos.c ****     }
 248:Core/Src/freertos.c ****     osDelay(1);  // Keep the task responsive and prevent CPU starvation
 195              		.loc 1 248 5 is_stmt 1 view .LVU31
 196 003a 0120     		movs	r0, #1
 197 003c FFF7FEFF 		bl	osDelay
 198              	.LVL19:
 185:Core/Src/freertos.c ****     // Non-blocking 1-second LED toggling
ARM GAS  /tmp/cc2w6Fu4.s 			page 9


 199              		.loc 1 185 9 view .LVU32
 200              	.L12:
 185:Core/Src/freertos.c ****     // Non-blocking 1-second LED toggling
 201              		.loc 1 185 3 view .LVU33
 187:Core/Src/freertos.c ****       HAL_GPIO_TogglePin(GPIOC, GPIO_PIN_7 | GPIO_PIN_8);
 202              		.loc 1 187 5 view .LVU34
 187:Core/Src/freertos.c ****       HAL_GPIO_TogglePin(GPIOC, GPIO_PIN_7 | GPIO_PIN_8);
 203              		.loc 1 187 10 is_stmt 0 view .LVU35
 204 0040 FFF7FEFF 		bl	osKernelGetTickCount
 205              	.LVL20:
 187:Core/Src/freertos.c ****       HAL_GPIO_TogglePin(GPIOC, GPIO_PIN_7 | GPIO_PIN_8);
 206              		.loc 1 187 33 discriminator 1 view .LVU36
 207 0044 A0EB0800 		sub	r0, r0, r8
 187:Core/Src/freertos.c ****       HAL_GPIO_TogglePin(GPIOC, GPIO_PIN_7 | GPIO_PIN_8);
 208              		.loc 1 187 8 discriminator 1 view .LVU37
 209 0048 B0F57A7F 		cmp	r0, #1000
 210 004c ECD2     		bcs	.L14
 211              	.LVL21:
 212              	.L10:
 193:Core/Src/freertos.c **** 
 213              		.loc 1 193 5 is_stmt 1 view .LVU38
 193:Core/Src/freertos.c **** 
 214              		.loc 1 193 22 is_stmt 0 view .LVU39
 215 004e 8C4B     		ldr	r3, .L15+16
 216 0050 1B88     		ldrh	r3, [r3]
 217 0052 9BB2     		uxth	r3, r3
 193:Core/Src/freertos.c **** 
 218              		.loc 1 193 8 view .LVU40
 219 0054 002B     		cmp	r3, #0
 220 0056 F0D0     		beq	.L11
 221              	.LBB2:
 195:Core/Src/freertos.c ****       uart_rx_flag = 0; 
 222              		.loc 1 195 7 is_stmt 1 view .LVU41
 195:Core/Src/freertos.c ****       uart_rx_flag = 0; 
 223              		.loc 1 195 16 is_stmt 0 view .LVU42
 224 0058 894B     		ldr	r3, .L15+16
 225 005a 1C88     		ldrh	r4, [r3]
 226 005c A4B2     		uxth	r4, r4
 227              	.LVL22:
 196:Core/Src/freertos.c ****       
 228              		.loc 1 196 7 is_stmt 1 view .LVU43
 196:Core/Src/freertos.c ****       
 229              		.loc 1 196 20 is_stmt 0 view .LVU44
 230 005e 0022     		movs	r2, #0
 231 0060 1A80     		strh	r2, [r3]	@ movhi
 199:Core/Src/freertos.c ****       __HAL_DMA_DISABLE_IT(&hdma_usart1_rx, DMA_IT_HT);
 232              		.loc 1 199 7 is_stmt 1 view .LVU45
 233 0062 834D     		ldr	r5, .L15
 234 0064 4022     		movs	r2, #64
 235 0066 2946     		mov	r1, r5
 236 0068 8248     		ldr	r0, .L15+4
 237 006a FFF7FEFF 		bl	HAL_UARTEx_ReceiveToIdle_DMA
 238              	.LVL23:
 200:Core/Src/freertos.c **** 
 239              		.loc 1 200 7 view .LVU46
 240 006e 824B     		ldr	r3, .L15+8
 241 0070 1A68     		ldr	r2, [r3]
ARM GAS  /tmp/cc2w6Fu4.s 			page 10


 242 0072 1368     		ldr	r3, [r2]
 243 0074 23F00803 		bic	r3, r3, #8
 244 0078 1360     		str	r3, [r2]
 202:Core/Src/freertos.c ****         if (crsf_frame.frame_type == CRSF_FRAME_RC_CHANNELS_PACKED) {
 245              		.loc 1 202 7 view .LVU47
 202:Core/Src/freertos.c ****         if (crsf_frame.frame_type == CRSF_FRAME_RC_CHANNELS_PACKED) {
 246              		.loc 1 202 11 is_stmt 0 view .LVU48
 247 007a 26AA     		add	r2, sp, #152
 248 007c E1B2     		uxtb	r1, r4
 249 007e 2846     		mov	r0, r5
 250 0080 FFF7FEFF 		bl	crsf_parse_frame
 251              	.LVL24:
 202:Core/Src/freertos.c ****         if (crsf_frame.frame_type == CRSF_FRAME_RC_CHANNELS_PACKED) {
 252              		.loc 1 202 10 discriminator 1 view .LVU49
 253 0084 0028     		cmp	r0, #0
 254 0086 D8D0     		beq	.L11
 203:Core/Src/freertos.c ****           if (crsf_extract_rc_channels(&crsf_frame, &rc_channels)) {
 255              		.loc 1 203 9 is_stmt 1 view .LVU50
 203:Core/Src/freertos.c ****           if (crsf_extract_rc_channels(&crsf_frame, &rc_channels)) {
 256              		.loc 1 203 23 is_stmt 0 view .LVU51
 257 0088 9DF89A30 		ldrb	r3, [sp, #154]	@ zero_extendqisi2
 203:Core/Src/freertos.c ****           if (crsf_extract_rc_channels(&crsf_frame, &rc_channels)) {
 258              		.loc 1 203 12 view .LVU52
 259 008c 162B     		cmp	r3, #22
 260 008e D4D1     		bne	.L11
 204:Core/Src/freertos.c ****             
 261              		.loc 1 204 11 is_stmt 1 view .LVU53
 204:Core/Src/freertos.c ****             
 262              		.loc 1 204 15 is_stmt 0 view .LVU54
 263 0090 20A9     		add	r1, sp, #128
 264 0092 26A8     		add	r0, sp, #152
 265 0094 FFF7FEFF 		bl	crsf_extract_rc_channels
 266              	.LVL25:
 204:Core/Src/freertos.c ****             
 267              		.loc 1 204 14 discriminator 1 view .LVU55
 268 0098 0028     		cmp	r0, #0
 269 009a CED0     		beq	.L11
 270              	.LBB3:
 206:Core/Src/freertos.c ****             
 271              		.loc 1 206 13 is_stmt 1 view .LVU56
 208:Core/Src/freertos.c ****             channel_us[1]  = crsf_convert_channel_to_us(rc_channels.channel_02);
 272              		.loc 1 208 13 view .LVU57
 208:Core/Src/freertos.c ****             channel_us[1]  = crsf_convert_channel_to_us(rc_channels.channel_02);
 273              		.loc 1 208 68 is_stmt 0 view .LVU58
 274 009c BDF88000 		ldrh	r0, [sp, #128]
 208:Core/Src/freertos.c ****             channel_us[1]  = crsf_convert_channel_to_us(rc_channels.channel_02);
 275              		.loc 1 208 30 view .LVU59
 276 00a0 C0F30A00 		ubfx	r0, r0, #0, #11
 277 00a4 FFF7FEFF 		bl	crsf_convert_channel_to_us
 278              	.LVL26:
 279 00a8 0446     		mov	r4, r0
 280              	.LVL27:
 208:Core/Src/freertos.c ****             channel_us[1]  = crsf_convert_channel_to_us(rc_channels.channel_02);
 281              		.loc 1 208 28 discriminator 1 view .LVU60
 282 00aa ADF86000 		strh	r0, [sp, #96]	@ movhi
 209:Core/Src/freertos.c ****             channel_us[2]  = crsf_convert_channel_to_us(rc_channels.channel_03);
 283              		.loc 1 209 13 is_stmt 1 view .LVU61
ARM GAS  /tmp/cc2w6Fu4.s 			page 11


 209:Core/Src/freertos.c ****             channel_us[2]  = crsf_convert_channel_to_us(rc_channels.channel_03);
 284              		.loc 1 209 30 is_stmt 0 view .LVU62
 285 00ae 2098     		ldr	r0, [sp, #128]
 286 00b0 C0F3CA20 		ubfx	r0, r0, #11, #11
 287 00b4 FFF7FEFF 		bl	crsf_convert_channel_to_us
 288              	.LVL28:
 289 00b8 0546     		mov	r5, r0
 209:Core/Src/freertos.c ****             channel_us[2]  = crsf_convert_channel_to_us(rc_channels.channel_03);
 290              		.loc 1 209 28 discriminator 1 view .LVU63
 291 00ba ADF86200 		strh	r0, [sp, #98]	@ movhi
 210:Core/Src/freertos.c ****             channel_us[3]  = crsf_convert_channel_to_us(rc_channels.channel_04);
 292              		.loc 1 210 13 is_stmt 1 view .LVU64
 210:Core/Src/freertos.c ****             channel_us[3]  = crsf_convert_channel_to_us(rc_channels.channel_04);
 293              		.loc 1 210 68 is_stmt 0 view .LVU65
 294 00be BDF88200 		ldrh	r0, [sp, #130]
 295 00c2 9DF88430 		ldrb	r3, [sp, #132]	@ zero_extendqisi2
 296 00c6 03F00103 		and	r3, r3, #1
 297 00ca 9B02     		lsls	r3, r3, #10
 210:Core/Src/freertos.c ****             channel_us[3]  = crsf_convert_channel_to_us(rc_channels.channel_04);
 298              		.loc 1 210 30 view .LVU66
 299 00cc 43EA9010 		orr	r0, r3, r0, lsr #6
 300 00d0 FFF7FEFF 		bl	crsf_convert_channel_to_us
 301              	.LVL29:
 210:Core/Src/freertos.c ****             channel_us[3]  = crsf_convert_channel_to_us(rc_channels.channel_04);
 302              		.loc 1 210 28 discriminator 1 view .LVU67
 303 00d4 0E90     		str	r0, [sp, #56]
 304 00d6 ADF86400 		strh	r0, [sp, #100]	@ movhi
 211:Core/Src/freertos.c ****             channel_us[4]  = crsf_convert_channel_to_us(rc_channels.channel_05);
 305              		.loc 1 211 13 is_stmt 1 view .LVU68
 211:Core/Src/freertos.c ****             channel_us[4]  = crsf_convert_channel_to_us(rc_channels.channel_05);
 306              		.loc 1 211 68 is_stmt 0 view .LVU69
 307 00da BDF88400 		ldrh	r0, [sp, #132]
 211:Core/Src/freertos.c ****             channel_us[4]  = crsf_convert_channel_to_us(rc_channels.channel_05);
 308              		.loc 1 211 30 view .LVU70
 309 00de C0F34A00 		ubfx	r0, r0, #1, #11
 310 00e2 FFF7FEFF 		bl	crsf_convert_channel_to_us
 311              	.LVL30:
 211:Core/Src/freertos.c ****             channel_us[4]  = crsf_convert_channel_to_us(rc_channels.channel_05);
 312              		.loc 1 211 28 discriminator 1 view .LVU71
 313 00e6 0F90     		str	r0, [sp, #60]
 314 00e8 ADF86600 		strh	r0, [sp, #102]	@ movhi
 212:Core/Src/freertos.c ****             channel_us[5]  = crsf_convert_channel_to_us(rc_channels.channel_06);
 315              		.loc 1 212 13 is_stmt 1 view .LVU72
 212:Core/Src/freertos.c ****             channel_us[5]  = crsf_convert_channel_to_us(rc_channels.channel_06);
 316              		.loc 1 212 30 is_stmt 0 view .LVU73
 317 00ec 2198     		ldr	r0, [sp, #132]
 318 00ee C0F30A30 		ubfx	r0, r0, #12, #11
 319 00f2 FFF7FEFF 		bl	crsf_convert_channel_to_us
 320              	.LVL31:
 212:Core/Src/freertos.c ****             channel_us[5]  = crsf_convert_channel_to_us(rc_channels.channel_06);
 321              		.loc 1 212 28 discriminator 1 view .LVU74
 322 00f6 1090     		str	r0, [sp, #64]
 323 00f8 ADF86800 		strh	r0, [sp, #104]	@ movhi
 213:Core/Src/freertos.c ****             channel_us[6]  = crsf_convert_channel_to_us(rc_channels.channel_07);
 324              		.loc 1 213 13 is_stmt 1 view .LVU75
 213:Core/Src/freertos.c ****             channel_us[6]  = crsf_convert_channel_to_us(rc_channels.channel_07);
 325              		.loc 1 213 68 is_stmt 0 view .LVU76
ARM GAS  /tmp/cc2w6Fu4.s 			page 12


 326 00fc BDF88600 		ldrh	r0, [sp, #134]
 327 0100 9DF88830 		ldrb	r3, [sp, #136]	@ zero_extendqisi2
 328 0104 03F00303 		and	r3, r3, #3
 329 0108 5B02     		lsls	r3, r3, #9
 213:Core/Src/freertos.c ****             channel_us[6]  = crsf_convert_channel_to_us(rc_channels.channel_07);
 330              		.loc 1 213 30 view .LVU77
 331 010a 43EAD010 		orr	r0, r3, r0, lsr #7
 332 010e FFF7FEFF 		bl	crsf_convert_channel_to_us
 333              	.LVL32:
 213:Core/Src/freertos.c ****             channel_us[6]  = crsf_convert_channel_to_us(rc_channels.channel_07);
 334              		.loc 1 213 28 discriminator 1 view .LVU78
 335 0112 1190     		str	r0, [sp, #68]
 336 0114 ADF86A00 		strh	r0, [sp, #106]	@ movhi
 214:Core/Src/freertos.c ****             channel_us[7]  = crsf_convert_channel_to_us(rc_channels.channel_08);
 337              		.loc 1 214 13 is_stmt 1 view .LVU79
 214:Core/Src/freertos.c ****             channel_us[7]  = crsf_convert_channel_to_us(rc_channels.channel_08);
 338              		.loc 1 214 68 is_stmt 0 view .LVU80
 339 0118 BDF88800 		ldrh	r0, [sp, #136]
 214:Core/Src/freertos.c ****             channel_us[7]  = crsf_convert_channel_to_us(rc_channels.channel_08);
 340              		.loc 1 214 30 view .LVU81
 341 011c C0F38A00 		ubfx	r0, r0, #2, #11
 342 0120 FFF7FEFF 		bl	crsf_convert_channel_to_us
 343              	.LVL33:
 214:Core/Src/freertos.c ****             channel_us[7]  = crsf_convert_channel_to_us(rc_channels.channel_08);
 344              		.loc 1 214 28 discriminator 1 view .LVU82
 345 0124 1290     		str	r0, [sp, #72]
 346 0126 ADF86C00 		strh	r0, [sp, #108]	@ movhi
 215:Core/Src/freertos.c ****             channel_us[8]  = crsf_convert_channel_to_us(rc_channels.channel_09);
 347              		.loc 1 215 13 is_stmt 1 view .LVU83
 215:Core/Src/freertos.c ****             channel_us[8]  = crsf_convert_channel_to_us(rc_channels.channel_09);
 348              		.loc 1 215 30 is_stmt 0 view .LVU84
 349 012a 2298     		ldr	r0, [sp, #136]
 350 012c C0F34A30 		ubfx	r0, r0, #13, #11
 351 0130 FFF7FEFF 		bl	crsf_convert_channel_to_us
 352              	.LVL34:
 215:Core/Src/freertos.c ****             channel_us[8]  = crsf_convert_channel_to_us(rc_channels.channel_09);
 353              		.loc 1 215 28 discriminator 1 view .LVU85
 354 0134 1390     		str	r0, [sp, #76]
 355 0136 ADF86E00 		strh	r0, [sp, #110]	@ movhi
 216:Core/Src/freertos.c ****             channel_us[9]  = crsf_convert_channel_to_us(rc_channels.channel_10);
 356              		.loc 1 216 13 is_stmt 1 view .LVU86
 216:Core/Src/freertos.c ****             channel_us[9]  = crsf_convert_channel_to_us(rc_channels.channel_10);
 357              		.loc 1 216 68 is_stmt 0 view .LVU87
 358 013a 9DF88B00 		ldrb	r0, [sp, #139]	@ zero_extendqisi2
 359 013e 9DF88C30 		ldrb	r3, [sp, #140]	@ zero_extendqisi2
 360 0142 03F00703 		and	r3, r3, #7
 216:Core/Src/freertos.c ****             channel_us[9]  = crsf_convert_channel_to_us(rc_channels.channel_10);
 361              		.loc 1 216 30 view .LVU88
 362 0146 40EA0320 		orr	r0, r0, r3, lsl #8
 363 014a FFF7FEFF 		bl	crsf_convert_channel_to_us
 364              	.LVL35:
 216:Core/Src/freertos.c ****             channel_us[9]  = crsf_convert_channel_to_us(rc_channels.channel_10);
 365              		.loc 1 216 28 discriminator 1 view .LVU89
 366 014e 1490     		str	r0, [sp, #80]
 367 0150 ADF87000 		strh	r0, [sp, #112]	@ movhi
 217:Core/Src/freertos.c ****             channel_us[10] = crsf_convert_channel_to_us(rc_channels.channel_11);
 368              		.loc 1 217 13 is_stmt 1 view .LVU90
ARM GAS  /tmp/cc2w6Fu4.s 			page 13


 217:Core/Src/freertos.c ****             channel_us[10] = crsf_convert_channel_to_us(rc_channels.channel_11);
 369              		.loc 1 217 68 is_stmt 0 view .LVU91
 370 0154 BDF88C00 		ldrh	r0, [sp, #140]
 217:Core/Src/freertos.c ****             channel_us[10] = crsf_convert_channel_to_us(rc_channels.channel_11);
 371              		.loc 1 217 30 view .LVU92
 372 0158 C0F3CA00 		ubfx	r0, r0, #3, #11
 373 015c FFF7FEFF 		bl	crsf_convert_channel_to_us
 374              	.LVL36:
 217:Core/Src/freertos.c ****             channel_us[10] = crsf_convert_channel_to_us(rc_channels.channel_11);
 375              		.loc 1 217 28 discriminator 1 view .LVU93
 376 0160 1590     		str	r0, [sp, #84]
 377 0162 ADF87200 		strh	r0, [sp, #114]	@ movhi
 218:Core/Src/freertos.c ****             channel_us[11] = crsf_convert_channel_to_us(rc_channels.channel_12);
 378              		.loc 1 218 13 is_stmt 1 view .LVU94
 218:Core/Src/freertos.c ****             channel_us[11] = crsf_convert_channel_to_us(rc_channels.channel_12);
 379              		.loc 1 218 30 is_stmt 0 view .LVU95
 380 0166 2398     		ldr	r0, [sp, #140]
 381 0168 C0F38A30 		ubfx	r0, r0, #14, #11
 382 016c FFF7FEFF 		bl	crsf_convert_channel_to_us
 383              	.LVL37:
 218:Core/Src/freertos.c ****             channel_us[11] = crsf_convert_channel_to_us(rc_channels.channel_12);
 384              		.loc 1 218 28 discriminator 1 view .LVU96
 385 0170 1690     		str	r0, [sp, #88]
 386 0172 ADF87400 		strh	r0, [sp, #116]	@ movhi
 219:Core/Src/freertos.c ****             channel_us[12] = crsf_convert_channel_to_us(rc_channels.channel_13);
 387              		.loc 1 219 13 is_stmt 1 view .LVU97
 219:Core/Src/freertos.c ****             channel_us[12] = crsf_convert_channel_to_us(rc_channels.channel_13);
 388              		.loc 1 219 68 is_stmt 0 view .LVU98
 389 0176 9DF88F00 		ldrb	r0, [sp, #143]	@ zero_extendqisi2
 390 017a 9DF89030 		ldrb	r3, [sp, #144]	@ zero_extendqisi2
 391 017e 03F00F03 		and	r3, r3, #15
 392 0182 DB01     		lsls	r3, r3, #7
 219:Core/Src/freertos.c ****             channel_us[12] = crsf_convert_channel_to_us(rc_channels.channel_13);
 393              		.loc 1 219 30 view .LVU99
 394 0184 43EA5000 		orr	r0, r3, r0, lsr #1
 395 0188 FFF7FEFF 		bl	crsf_convert_channel_to_us
 396              	.LVL38:
 219:Core/Src/freertos.c ****             channel_us[12] = crsf_convert_channel_to_us(rc_channels.channel_13);
 397              		.loc 1 219 28 discriminator 1 view .LVU100
 398 018c 1790     		str	r0, [sp, #92]
 399 018e ADF87600 		strh	r0, [sp, #118]	@ movhi
 220:Core/Src/freertos.c ****             channel_us[13] = crsf_convert_channel_to_us(rc_channels.channel_14);
 400              		.loc 1 220 13 is_stmt 1 view .LVU101
 220:Core/Src/freertos.c ****             channel_us[13] = crsf_convert_channel_to_us(rc_channels.channel_14);
 401              		.loc 1 220 68 is_stmt 0 view .LVU102
 402 0192 BDF89000 		ldrh	r0, [sp, #144]
 220:Core/Src/freertos.c ****             channel_us[13] = crsf_convert_channel_to_us(rc_channels.channel_14);
 403              		.loc 1 220 30 view .LVU103
 404 0196 C0F30A10 		ubfx	r0, r0, #4, #11
 405 019a FFF7FEFF 		bl	crsf_convert_channel_to_us
 406              	.LVL39:
 407 019e 0646     		mov	r6, r0
 220:Core/Src/freertos.c ****             channel_us[13] = crsf_convert_channel_to_us(rc_channels.channel_14);
 408              		.loc 1 220 28 discriminator 1 view .LVU104
 409 01a0 ADF87800 		strh	r0, [sp, #120]	@ movhi
 221:Core/Src/freertos.c ****             channel_us[14] = crsf_convert_channel_to_us(rc_channels.channel_15);
 410              		.loc 1 221 13 is_stmt 1 view .LVU105
ARM GAS  /tmp/cc2w6Fu4.s 			page 14


 221:Core/Src/freertos.c ****             channel_us[14] = crsf_convert_channel_to_us(rc_channels.channel_15);
 411              		.loc 1 221 30 is_stmt 0 view .LVU106
 412 01a4 2498     		ldr	r0, [sp, #144]
 413 01a6 C0F3CA30 		ubfx	r0, r0, #15, #11
 414 01aa FFF7FEFF 		bl	crsf_convert_channel_to_us
 415              	.LVL40:
 416 01ae 0746     		mov	r7, r0
 221:Core/Src/freertos.c ****             channel_us[14] = crsf_convert_channel_to_us(rc_channels.channel_15);
 417              		.loc 1 221 28 discriminator 1 view .LVU107
 418 01b0 ADF87A00 		strh	r0, [sp, #122]	@ movhi
 222:Core/Src/freertos.c ****             channel_us[15] = crsf_convert_channel_to_us(rc_channels.channel_16);
 419              		.loc 1 222 13 is_stmt 1 view .LVU108
 222:Core/Src/freertos.c ****             channel_us[15] = crsf_convert_channel_to_us(rc_channels.channel_16);
 420              		.loc 1 222 68 is_stmt 0 view .LVU109
 421 01b4 9DF89300 		ldrb	r0, [sp, #147]	@ zero_extendqisi2
 422 01b8 9DF89430 		ldrb	r3, [sp, #148]	@ zero_extendqisi2
 423 01bc 03F01F03 		and	r3, r3, #31
 424 01c0 9B01     		lsls	r3, r3, #6
 222:Core/Src/freertos.c ****             channel_us[15] = crsf_convert_channel_to_us(rc_channels.channel_16);
 425              		.loc 1 222 30 view .LVU110
 426 01c2 43EA9000 		orr	r0, r3, r0, lsr #2
 427 01c6 FFF7FEFF 		bl	crsf_convert_channel_to_us
 428              	.LVL41:
 429 01ca 8146     		mov	r9, r0
 222:Core/Src/freertos.c ****             channel_us[15] = crsf_convert_channel_to_us(rc_channels.channel_16);
 430              		.loc 1 222 28 discriminator 1 view .LVU111
 431 01cc ADF87C00 		strh	r0, [sp, #124]	@ movhi
 223:Core/Src/freertos.c **** 
 432              		.loc 1 223 13 is_stmt 1 view .LVU112
 223:Core/Src/freertos.c **** 
 433              		.loc 1 223 68 is_stmt 0 view .LVU113
 434 01d0 BDF89400 		ldrh	r0, [sp, #148]
 223:Core/Src/freertos.c **** 
 435              		.loc 1 223 30 view .LVU114
 436 01d4 C0F34A10 		ubfx	r0, r0, #5, #11
 437 01d8 FFF7FEFF 		bl	crsf_convert_channel_to_us
 438              	.LVL42:
 439 01dc 8246     		mov	r10, r0
 223:Core/Src/freertos.c **** 
 440              		.loc 1 223 28 discriminator 1 view .LVU115
 441 01de ADF87E00 		strh	r0, [sp, #126]	@ movhi
 227:Core/Src/freertos.c ****             float servo2_angle = ((float)(channel_us[1] - 1000) / 1000.0f) * 180.0f;
 442              		.loc 1 227 13 is_stmt 1 view .LVU116
 227:Core/Src/freertos.c ****             float servo2_angle = ((float)(channel_us[1] - 1000) / 1000.0f) * 180.0f;
 443              		.loc 1 227 57 is_stmt 0 view .LVU117
 444 01e2 A4F57A7C 		sub	ip, r4, #1000
 445 01e6 07EE90CA 		vmov	s15, ip	@ int
 227:Core/Src/freertos.c ****             float servo2_angle = ((float)(channel_us[1] - 1000) / 1000.0f) * 180.0f;
 446              		.loc 1 227 35 view .LVU118
 447 01ea F8EEE77A 		vcvt.f32.s32	s15, s15
 227:Core/Src/freertos.c ****             float servo2_angle = ((float)(channel_us[1] - 1000) / 1000.0f) * 180.0f;
 448              		.loc 1 227 65 view .LVU119
 449 01ee DFED256A 		vldr.32	s13, .L15+20
 450 01f2 87EEA60A 		vdiv.f32	s0, s15, s13
 227:Core/Src/freertos.c ****             float servo2_angle = ((float)(channel_us[1] - 1000) / 1000.0f) * 180.0f;
 451              		.loc 1 227 19 view .LVU120
 452 01f6 9FED247A 		vldr.32	s14, .L15+24
ARM GAS  /tmp/cc2w6Fu4.s 			page 15


 453              	.LVL43:
 228:Core/Src/freertos.c **** 
 454              		.loc 1 228 13 is_stmt 1 view .LVU121
 228:Core/Src/freertos.c **** 
 455              		.loc 1 228 57 is_stmt 0 view .LVU122
 456 01fa A5F57A7C 		sub	ip, r5, #1000
 457 01fe 07EE90CA 		vmov	s15, ip	@ int
 228:Core/Src/freertos.c **** 
 458              		.loc 1 228 35 view .LVU123
 459 0202 F8EEE77A 		vcvt.f32.s32	s15, s15
 228:Core/Src/freertos.c **** 
 460              		.loc 1 228 65 view .LVU124
 461 0206 87EEA68A 		vdiv.f32	s16, s15, s13
 228:Core/Src/freertos.c **** 
 462              		.loc 1 228 19 view .LVU125
 463 020a 28EE078A 		vmul.f32	s16, s16, s14
 464              	.LVL44:
 231:Core/Src/freertos.c ****             Servo_SetAngle(&servo2, servo2_angle);
 465              		.loc 1 231 13 is_stmt 1 view .LVU126
 466 020e 20EE070A 		vmul.f32	s0, s0, s14
 467              	.LVL45:
 231:Core/Src/freertos.c ****             Servo_SetAngle(&servo2, servo2_angle);
 468              		.loc 1 231 13 is_stmt 0 view .LVU127
 469 0212 1E48     		ldr	r0, .L15+28
 470 0214 FFF7FEFF 		bl	Servo_SetAngle
 471              	.LVL46:
 232:Core/Src/freertos.c ****             // ----------------------------------
 472              		.loc 1 232 13 is_stmt 1 view .LVU128
 473 0218 B0EE480A 		vmov.f32	s0, s16
 474 021c 1C48     		ldr	r0, .L15+32
 475 021e FFF7FEFF 		bl	Servo_SetAngle
 476              	.LVL47:
 235:Core/Src/freertos.c ****             "CH1:%d, CH2:%d, CH3:%d, CH4:%d, CH5:%d, CH6:%d, CH7:%d, CH8:%d, "
 477              		.loc 1 235 13 view .LVU129
 235:Core/Src/freertos.c ****             "CH1:%d, CH2:%d, CH3:%d, CH4:%d, CH5:%d, CH6:%d, CH7:%d, CH8:%d, "
 478              		.loc 1 235 23 is_stmt 0 view .LVU130
 479 0222 DFF874B0 		ldr	fp, .L15+40
 480 0226 CDF834A0 		str	r10, [sp, #52]
 481 022a CDF83090 		str	r9, [sp, #48]
 482 022e 0B97     		str	r7, [sp, #44]
 483 0230 0A96     		str	r6, [sp, #40]
 484 0232 1798     		ldr	r0, [sp, #92]
 485 0234 0990     		str	r0, [sp, #36]
 486 0236 1699     		ldr	r1, [sp, #88]
 487 0238 0891     		str	r1, [sp, #32]
 488 023a 159A     		ldr	r2, [sp, #84]
 489 023c 0792     		str	r2, [sp, #28]
 490 023e 149B     		ldr	r3, [sp, #80]
 491 0240 0693     		str	r3, [sp, #24]
 492 0242 139F     		ldr	r7, [sp, #76]
 493 0244 0597     		str	r7, [sp, #20]
 494 0246 129E     		ldr	r6, [sp, #72]
 495 0248 0496     		str	r6, [sp, #16]
 496 024a 1198     		ldr	r0, [sp, #68]
 497 024c 0390     		str	r0, [sp, #12]
 498 024e 1099     		ldr	r1, [sp, #64]
 499 0250 0291     		str	r1, [sp, #8]
ARM GAS  /tmp/cc2w6Fu4.s 			page 16


 500 0252 0F9A     		ldr	r2, [sp, #60]
 501 0254 0192     		str	r2, [sp, #4]
 502 0256 0E9B     		ldr	r3, [sp, #56]
 503 0258 0093     		str	r3, [sp]
 504 025a 2B46     		mov	r3, r5
 505 025c 2246     		mov	r2, r4
 506 025e 0D49     		ldr	r1, .L15+36
 507 0260 5846     		mov	r0, fp
 508 0262 FFF7FEFF 		bl	sprintf
 509              	.LVL48:
 243:Core/Src/freertos.c ****           }
 510              		.loc 1 243 13 is_stmt 1 view .LVU131
 511 0266 81B2     		uxth	r1, r0
 512 0268 5846     		mov	r0, fp
 513              	.LVL49:
 243:Core/Src/freertos.c ****           }
 514              		.loc 1 243 13 is_stmt 0 view .LVU132
 515 026a FFF7FEFF 		bl	CDC_Transmit_FS
 516              	.LVL50:
 517 026e E4E6     		b	.L11
 518              	.L16:
 519              		.align	2
 520              	.L15:
 521 0270 00000000 		.word	uart_rx_buffer
 522 0274 00000000 		.word	huart1
 523 0278 00000000 		.word	hdma_usart1_rx
 524 027c 00080240 		.word	1073874944
 525 0280 00000000 		.word	uart_rx_flag
 526 0284 00007A44 		.word	1148846080
 527 0288 00003443 		.word	1127481344
 528 028c 00000000 		.word	servo1
 529 0290 00000000 		.word	servo2
 530 0294 00000000 		.word	.LC0
 531 0298 00000000 		.word	usb_output_buffer.0
 532              	.LBE3:
 533              	.LBE2:
 534              		.cfi_endproc
 535              	.LFE231:
 537              		.section	.text.MX_FREERTOS_Init,"ax",%progbits
 538              		.align	1
 539              		.global	MX_FREERTOS_Init
 540              		.syntax unified
 541              		.thumb
 542              		.thumb_func
 544              	MX_FREERTOS_Init:
 545              	.LFB228:
 100:Core/Src/freertos.c ****   /* USER CODE BEGIN Init */
 546              		.loc 1 100 29 is_stmt 1 view -0
 547              		.cfi_startproc
 548              		@ args = 0, pretend = 0, frame = 0
 549              		@ frame_needed = 0, uses_anonymous_args = 0
 550 0000 08B5     		push	{r3, lr}
 551              		.cfi_def_cfa_offset 8
 552              		.cfi_offset 3, -8
 553              		.cfi_offset 14, -4
 123:Core/Src/freertos.c **** 
 554              		.loc 1 123 3 view .LVU134
ARM GAS  /tmp/cc2w6Fu4.s 			page 17


 123:Core/Src/freertos.c **** 
 555              		.loc 1 123 23 is_stmt 0 view .LVU135
 556 0002 0B4A     		ldr	r2, .L19
 557 0004 0021     		movs	r1, #0
 558 0006 0B48     		ldr	r0, .L19+4
 559 0008 FFF7FEFF 		bl	osThreadNew
 560              	.LVL51:
 123:Core/Src/freertos.c **** 
 561              		.loc 1 123 21 discriminator 1 view .LVU136
 562 000c 0A4B     		ldr	r3, .L19+8
 563 000e 1860     		str	r0, [r3]
 126:Core/Src/freertos.c ****   servoTaskHandle = osThreadNew(StartServoTask, NULL, &servoTask_attributes);
 564              		.loc 1 126 3 is_stmt 1 view .LVU137
 126:Core/Src/freertos.c ****   servoTaskHandle = osThreadNew(StartServoTask, NULL, &servoTask_attributes);
 565              		.loc 1 126 24 is_stmt 0 view .LVU138
 566 0010 0A4A     		ldr	r2, .L19+12
 567 0012 0021     		movs	r1, #0
 568 0014 0A48     		ldr	r0, .L19+16
 569 0016 FFF7FEFF 		bl	osThreadNew
 570              	.LVL52:
 126:Core/Src/freertos.c ****   servoTaskHandle = osThreadNew(StartServoTask, NULL, &servoTask_attributes);
 571              		.loc 1 126 22 discriminator 1 view .LVU139
 572 001a 0A4B     		ldr	r3, .L19+20
 573 001c 1860     		str	r0, [r3]
 127:Core/Src/freertos.c ****   /* USER CODE END RTOS_THREADS */
 574              		.loc 1 127 3 is_stmt 1 view .LVU140
 127:Core/Src/freertos.c ****   /* USER CODE END RTOS_THREADS */
 575              		.loc 1 127 21 is_stmt 0 view .LVU141
 576 001e 0A4A     		ldr	r2, .L19+24
 577 0020 0021     		movs	r1, #0
 578 0022 0A48     		ldr	r0, .L19+28
 579 0024 FFF7FEFF 		bl	osThreadNew
 580              	.LVL53:
 127:Core/Src/freertos.c ****   /* USER CODE END RTOS_THREADS */
 581              		.loc 1 127 19 discriminator 1 view .LVU142
 582 0028 094B     		ldr	r3, .L19+32
 583 002a 1860     		str	r0, [r3]
 134:Core/Src/freertos.c **** 
 584              		.loc 1 134 1 view .LVU143
 585 002c 08BD     		pop	{r3, pc}
 586              	.L20:
 587 002e 00BF     		.align	2
 588              	.L19:
 589 0030 00000000 		.word	defaultTask_attributes
 590 0034 00000000 		.word	StartDefaultTask
 591 0038 00000000 		.word	defaultTaskHandle
 592 003c 00000000 		.word	receiverTask_attributes
 593 0040 00000000 		.word	StartReceiverTask
 594 0044 00000000 		.word	receiverTaskHandle
 595 0048 00000000 		.word	servoTask_attributes
 596 004c 00000000 		.word	StartServoTask
 597 0050 00000000 		.word	servoTaskHandle
 598              		.cfi_endproc
 599              	.LFE228:
 601              		.section	.text.HAL_UARTEx_RxEventCallback,"ax",%progbits
 602              		.align	1
 603              		.global	HAL_UARTEx_RxEventCallback
ARM GAS  /tmp/cc2w6Fu4.s 			page 18


 604              		.syntax unified
 605              		.thumb
 606              		.thumb_func
 608              	HAL_UARTEx_RxEventCallback:
 609              	.LVL54:
 610              	.LFB232:
 249:Core/Src/freertos.c ****   }
 250:Core/Src/freertos.c **** }
 251:Core/Src/freertos.c **** 
 252:Core/Src/freertos.c **** // This callback triggers automatically when the ELRS receiver stops transmitting data frames
 253:Core/Src/freertos.c **** void HAL_UARTEx_RxEventCallback(UART_HandleTypeDef *huart, uint16_t Size)
 254:Core/Src/freertos.c **** {
 611              		.loc 1 254 1 is_stmt 1 view -0
 612              		.cfi_startproc
 613              		@ args = 0, pretend = 0, frame = 0
 614              		@ frame_needed = 0, uses_anonymous_args = 0
 615              		@ link register save eliminated.
 255:Core/Src/freertos.c ****     if (huart->Instance == USART1) {
 616              		.loc 1 255 5 view .LVU145
 617              		.loc 1 255 14 is_stmt 0 view .LVU146
 618 0000 0268     		ldr	r2, [r0]
 619              		.loc 1 255 8 view .LVU147
 620 0002 034B     		ldr	r3, .L24
 621 0004 9A42     		cmp	r2, r3
 622 0006 00D0     		beq	.L23
 623              	.L21:
 256:Core/Src/freertos.c ****         uart_rx_flag = Size; // Store the exact packet size received
 257:Core/Src/freertos.c ****     }
 258:Core/Src/freertos.c **** }
 624              		.loc 1 258 1 view .LVU148
 625 0008 7047     		bx	lr
 626              	.L23:
 256:Core/Src/freertos.c ****         uart_rx_flag = Size; // Store the exact packet size received
 627              		.loc 1 256 9 is_stmt 1 view .LVU149
 256:Core/Src/freertos.c ****         uart_rx_flag = Size; // Store the exact packet size received
 628              		.loc 1 256 22 is_stmt 0 view .LVU150
 629 000a 024B     		ldr	r3, .L24+4
 630 000c 1980     		strh	r1, [r3]	@ movhi
 631              		.loc 1 258 1 view .LVU151
 632 000e FBE7     		b	.L21
 633              	.L25:
 634              		.align	2
 635              	.L24:
 636 0010 00100140 		.word	1073811456
 637 0014 00000000 		.word	uart_rx_flag
 638              		.cfi_endproc
 639              	.LFE232:
 641              		.section	.bss.usb_output_buffer.0,"aw",%nobits
 642              		.align	2
 645              	usb_output_buffer.0:
 646 0000 00000000 		.space	256
 646      00000000 
 646      00000000 
 646      00000000 
 646      00000000 
 647              		.global	defaultTask_attributes
 648              		.section	.rodata.str1.4,"aMS",%progbits,1
ARM GAS  /tmp/cc2w6Fu4.s 			page 19


 649              		.align	2
 650              	.LC1:
 651 0000 64656661 		.ascii	"defaultTask\000"
 651      756C7454 
 651      61736B00 
 652              		.section	.rodata.defaultTask_attributes,"a"
 653              		.align	2
 656              	defaultTask_attributes:
 657 0000 00000000 		.word	.LC1
 658 0004 00000000 		.space	16
 658      00000000 
 658      00000000 
 658      00000000 
 659 0014 00020000 		.word	512
 660 0018 18000000 		.word	24
 661 001c 00000000 		.space	8
 661      00000000 
 662              		.global	defaultTaskHandle
 663              		.section	.bss.defaultTaskHandle,"aw",%nobits
 664              		.align	2
 667              	defaultTaskHandle:
 668 0000 00000000 		.space	4
 669              		.global	servo2
 670              		.section	.bss.servo2,"aw",%nobits
 671              		.align	2
 674              	servo2:
 675 0000 00000000 		.space	16
 675      00000000 
 675      00000000 
 675      00000000 
 676              		.global	servo1
 677              		.section	.bss.servo1,"aw",%nobits
 678              		.align	2
 681              	servo1:
 682 0000 00000000 		.space	16
 682      00000000 
 682      00000000 
 682      00000000 
 683              		.global	servoTask_attributes
 684              		.section	.rodata.str1.4
 685              		.align	2
 686              	.LC2:
 687 000c 73657276 		.ascii	"servoTask\000"
 687      6F546173 
 687      6B00
 688              		.section	.rodata.servoTask_attributes,"a"
 689              		.align	2
 692              	servoTask_attributes:
 693 0000 0C000000 		.word	.LC2
 694 0004 00000000 		.space	16
 694      00000000 
 694      00000000 
 694      00000000 
 695 0014 00020000 		.word	512
 696 0018 18000000 		.word	24
 697 001c 00000000 		.space	8
 697      00000000 
ARM GAS  /tmp/cc2w6Fu4.s 			page 20


 698              		.global	servoTaskHandle
 699              		.section	.bss.servoTaskHandle,"aw",%nobits
 700              		.align	2
 703              	servoTaskHandle:
 704 0000 00000000 		.space	4
 705              		.global	uart_rx_flag
 706              		.section	.bss.uart_rx_flag,"aw",%nobits
 707              		.align	1
 710              	uart_rx_flag:
 711 0000 0000     		.space	2
 712              		.global	uart_rx_buffer
 713              		.section	.bss.uart_rx_buffer,"aw",%nobits
 714              		.align	2
 717              	uart_rx_buffer:
 718 0000 00000000 		.space	64
 718      00000000 
 718      00000000 
 718      00000000 
 718      00000000 
 719              		.global	receiverTask_attributes
 720              		.section	.rodata.str1.4
 721 0016 0000     		.align	2
 722              	.LC3:
 723 0018 72656365 		.ascii	"receiverTask\000"
 723      69766572 
 723      5461736B 
 723      00
 724              		.section	.rodata.receiverTask_attributes,"a"
 725              		.align	2
 728              	receiverTask_attributes:
 729 0000 18000000 		.word	.LC3
 730 0004 00000000 		.space	16
 730      00000000 
 730      00000000 
 730      00000000 
 731 0014 00040000 		.word	1024
 732 0018 18000000 		.word	24
 733 001c 00000000 		.space	8
 733      00000000 
 734              		.global	receiverTaskHandle
 735              		.section	.bss.receiverTaskHandle,"aw",%nobits
 736              		.align	2
 739              	receiverTaskHandle:
 740 0000 00000000 		.space	4
 741              		.text
 742              	.Letext0:
 743              		.file 2 "/home/cedric/.config/VSCodium/User/globalStorage/bmd.stm32-for-vscode/@xpack-dev-tools/ar
 744              		.file 3 "/home/cedric/.config/VSCodium/User/globalStorage/bmd.stm32-for-vscode/@xpack-dev-tools/ar
 745              		.file 4 "Drivers/CMSIS/Device/ST/STM32F4xx/Include/stm32f411xe.h"
 746              		.file 5 "Drivers/STM32F4xx_HAL_Driver/Inc/stm32f4xx_hal_def.h"
 747              		.file 6 "Drivers/STM32F4xx_HAL_Driver/Inc/stm32f4xx_hal_dma.h"
 748              		.file 7 "Drivers/STM32F4xx_HAL_Driver/Inc/stm32f4xx_hal_tim.h"
 749              		.file 8 "Drivers/STM32F4xx_HAL_Driver/Inc/stm32f4xx_hal_uart.h"
 750              		.file 9 "Middlewares/Third_Party/FreeRTOS/Source/CMSIS_RTOS_V2/cmsis_os2.h"
 751              		.file 10 "Core/Inc/crsf.h"
 752              		.file 11 "Core/Inc/servo_control.h"
 753              		.file 12 "USB_DEVICE/App/usbd_cdc_if.h"
ARM GAS  /tmp/cc2w6Fu4.s 			page 21


 754              		.file 13 "/home/cedric/.config/VSCodium/User/globalStorage/bmd.stm32-for-vscode/@xpack-dev-tools/a
 755              		.file 14 "Drivers/STM32F4xx_HAL_Driver/Inc/stm32f4xx_hal_gpio.h"
ARM GAS  /tmp/cc2w6Fu4.s 			page 22


DEFINED SYMBOLS
                            *ABS*:00000000 freertos.c
     /tmp/cc2w6Fu4.s:21     .text.StartDefaultTask:00000000 $t
     /tmp/cc2w6Fu4.s:27     .text.StartDefaultTask:00000000 StartDefaultTask
     /tmp/cc2w6Fu4.s:55     .text.StartServoTask:00000000 $t
     /tmp/cc2w6Fu4.s:61     .text.StartServoTask:00000000 StartServoTask
     /tmp/cc2w6Fu4.s:110    .text.StartServoTask:00000034 $d
     /tmp/cc2w6Fu4.s:681    .bss.servo1:00000000 servo1
     /tmp/cc2w6Fu4.s:674    .bss.servo2:00000000 servo2
     /tmp/cc2w6Fu4.s:117    .rodata.StartReceiverTask.str1.4:00000000 $d
     /tmp/cc2w6Fu4.s:123    .text.StartReceiverTask:00000000 $t
     /tmp/cc2w6Fu4.s:129    .text.StartReceiverTask:00000000 StartReceiverTask
     /tmp/cc2w6Fu4.s:521    .text.StartReceiverTask:00000270 $d
     /tmp/cc2w6Fu4.s:717    .bss.uart_rx_buffer:00000000 uart_rx_buffer
     /tmp/cc2w6Fu4.s:710    .bss.uart_rx_flag:00000000 uart_rx_flag
     /tmp/cc2w6Fu4.s:645    .bss.usb_output_buffer.0:00000000 usb_output_buffer.0
     /tmp/cc2w6Fu4.s:538    .text.MX_FREERTOS_Init:00000000 $t
     /tmp/cc2w6Fu4.s:544    .text.MX_FREERTOS_Init:00000000 MX_FREERTOS_Init
     /tmp/cc2w6Fu4.s:589    .text.MX_FREERTOS_Init:00000030 $d
     /tmp/cc2w6Fu4.s:656    .rodata.defaultTask_attributes:00000000 defaultTask_attributes
     /tmp/cc2w6Fu4.s:667    .bss.defaultTaskHandle:00000000 defaultTaskHandle
     /tmp/cc2w6Fu4.s:728    .rodata.receiverTask_attributes:00000000 receiverTask_attributes
     /tmp/cc2w6Fu4.s:739    .bss.receiverTaskHandle:00000000 receiverTaskHandle
     /tmp/cc2w6Fu4.s:692    .rodata.servoTask_attributes:00000000 servoTask_attributes
     /tmp/cc2w6Fu4.s:703    .bss.servoTaskHandle:00000000 servoTaskHandle
     /tmp/cc2w6Fu4.s:602    .text.HAL_UARTEx_RxEventCallback:00000000 $t
     /tmp/cc2w6Fu4.s:608    .text.HAL_UARTEx_RxEventCallback:00000000 HAL_UARTEx_RxEventCallback
     /tmp/cc2w6Fu4.s:636    .text.HAL_UARTEx_RxEventCallback:00000010 $d
     /tmp/cc2w6Fu4.s:642    .bss.usb_output_buffer.0:00000000 $d
     /tmp/cc2w6Fu4.s:649    .rodata.str1.4:00000000 $d
     /tmp/cc2w6Fu4.s:653    .rodata.defaultTask_attributes:00000000 $d
     /tmp/cc2w6Fu4.s:664    .bss.defaultTaskHandle:00000000 $d
     /tmp/cc2w6Fu4.s:671    .bss.servo2:00000000 $d
     /tmp/cc2w6Fu4.s:678    .bss.servo1:00000000 $d
     /tmp/cc2w6Fu4.s:689    .rodata.servoTask_attributes:00000000 $d
     /tmp/cc2w6Fu4.s:700    .bss.servoTaskHandle:00000000 $d
     /tmp/cc2w6Fu4.s:707    .bss.uart_rx_flag:00000000 $d
     /tmp/cc2w6Fu4.s:714    .bss.uart_rx_buffer:00000000 $d
     /tmp/cc2w6Fu4.s:725    .rodata.receiverTask_attributes:00000000 $d
     /tmp/cc2w6Fu4.s:736    .bss.receiverTaskHandle:00000000 $d

UNDEFINED SYMBOLS
MX_USB_DEVICE_Init
osDelay
Servo_Init
Servo_Start
htim1
osKernelGetTickCount
HAL_UARTEx_ReceiveToIdle_DMA
HAL_GPIO_TogglePin
crsf_parse_frame
crsf_extract_rc_channels
crsf_convert_channel_to_us
Servo_SetAngle
sprintf
CDC_Transmit_FS
huart1
ARM GAS  /tmp/cc2w6Fu4.s 			page 23


hdma_usart1_rx
osThreadNew
