ARM GAS  /tmp/cczcupjS.s 			page 1


   1              		.cpu cortex-m4
   2              		.arch armv7e-m
   3              		.fpu fpv4-sp-d16
   4              		.eabi_attribute 27, 1
   5              		.eabi_attribute 28, 1
   6              		.eabi_attribute 20, 1
   7              		.eabi_attribute 21, 1
   8              		.eabi_attribute 23, 3
   9              		.eabi_attribute 24, 1
  10              		.eabi_attribute 25, 1
  11              		.eabi_attribute 26, 1
  12              		.eabi_attribute 30, 1
  13              		.eabi_attribute 34, 1
  14              		.eabi_attribute 18, 4
  15              		.file	"gpio.c"
  16              		.text
  17              	.Ltext0:
  18              		.cfi_sections	.debug_frame
  19              		.file 1 "Core/Src/gpio.c"
  20              		.section	.text.MX_GPIO_Init,"ax",%progbits
  21              		.align	1
  22              		.global	MX_GPIO_Init
  23              		.syntax unified
  24              		.thumb
  25              		.thumb_func
  27              	MX_GPIO_Init:
  28              	.LFB220:
   1:Core/Src/gpio.c **** /* USER CODE BEGIN Header */
   2:Core/Src/gpio.c **** /**
   3:Core/Src/gpio.c ****   ******************************************************************************
   4:Core/Src/gpio.c ****   * @file    gpio.c
   5:Core/Src/gpio.c ****   * @brief   This file provides code for the configuration
   6:Core/Src/gpio.c ****   *          of all used GPIO pins.
   7:Core/Src/gpio.c ****   ******************************************************************************
   8:Core/Src/gpio.c ****   * @attention
   9:Core/Src/gpio.c ****   *
  10:Core/Src/gpio.c ****   * Copyright (c) 2026 STMicroelectronics.
  11:Core/Src/gpio.c ****   * All rights reserved.
  12:Core/Src/gpio.c ****   *
  13:Core/Src/gpio.c ****   * This software is licensed under terms that can be found in the LICENSE file
  14:Core/Src/gpio.c ****   * in the root directory of this software component.
  15:Core/Src/gpio.c ****   * If no LICENSE file comes with this software, it is provided AS-IS.
  16:Core/Src/gpio.c ****   *
  17:Core/Src/gpio.c ****   ******************************************************************************
  18:Core/Src/gpio.c ****   */
  19:Core/Src/gpio.c **** /* USER CODE END Header */
  20:Core/Src/gpio.c **** 
  21:Core/Src/gpio.c **** /* Includes ------------------------------------------------------------------*/
  22:Core/Src/gpio.c **** #include "gpio.h"
  23:Core/Src/gpio.c **** 
  24:Core/Src/gpio.c **** /* USER CODE BEGIN 0 */
  25:Core/Src/gpio.c **** 
  26:Core/Src/gpio.c **** /* USER CODE END 0 */
  27:Core/Src/gpio.c **** 
  28:Core/Src/gpio.c **** /*----------------------------------------------------------------------------*/
  29:Core/Src/gpio.c **** /* Configure GPIO                                                             */
  30:Core/Src/gpio.c **** /*----------------------------------------------------------------------------*/
ARM GAS  /tmp/cczcupjS.s 			page 2


  31:Core/Src/gpio.c **** /* USER CODE BEGIN 1 */
  32:Core/Src/gpio.c **** 
  33:Core/Src/gpio.c **** /* USER CODE END 1 */
  34:Core/Src/gpio.c **** 
  35:Core/Src/gpio.c **** /** Configure pins as
  36:Core/Src/gpio.c ****         * Analog
  37:Core/Src/gpio.c ****         * Input
  38:Core/Src/gpio.c ****         * Output
  39:Core/Src/gpio.c ****         * EVENT_OUT
  40:Core/Src/gpio.c ****         * EXTI
  41:Core/Src/gpio.c ****         * Free pins are configured automatically as Analog (this feature is enabled through
  42:Core/Src/gpio.c ****         * the Code Generation settings)
  43:Core/Src/gpio.c **** */
  44:Core/Src/gpio.c **** void MX_GPIO_Init(void)
  45:Core/Src/gpio.c **** {
  29              		.loc 1 45 1 view -0
  30              		.cfi_startproc
  31              		@ args = 0, pretend = 0, frame = 40
  32              		@ frame_needed = 0, uses_anonymous_args = 0
  33 0000 F0B5     		push	{r4, r5, r6, r7, lr}
  34              		.cfi_def_cfa_offset 20
  35              		.cfi_offset 4, -20
  36              		.cfi_offset 5, -16
  37              		.cfi_offset 6, -12
  38              		.cfi_offset 7, -8
  39              		.cfi_offset 14, -4
  40 0002 8BB0     		sub	sp, sp, #44
  41              		.cfi_def_cfa_offset 64
  46:Core/Src/gpio.c **** 
  47:Core/Src/gpio.c ****   GPIO_InitTypeDef GPIO_InitStruct = {0};
  42              		.loc 1 47 3 view .LVU1
  43              		.loc 1 47 20 is_stmt 0 view .LVU2
  44 0004 05AD     		add	r5, sp, #20
  45 0006 0024     		movs	r4, #0
  46 0008 0594     		str	r4, [sp, #20]
  47 000a 0694     		str	r4, [sp, #24]
  48 000c 0794     		str	r4, [sp, #28]
  49 000e 0894     		str	r4, [sp, #32]
  50 0010 0994     		str	r4, [sp, #36]
  48:Core/Src/gpio.c **** 
  49:Core/Src/gpio.c ****   /* GPIO Ports Clock Enable */
  50:Core/Src/gpio.c ****   __HAL_RCC_GPIOC_CLK_ENABLE();
  51              		.loc 1 50 3 is_stmt 1 view .LVU3
  52              	.LBB2:
  53              		.loc 1 50 3 view .LVU4
  54 0012 0094     		str	r4, [sp]
  55              		.loc 1 50 3 view .LVU5
  56 0014 344B     		ldr	r3, .L3
  57 0016 1A6B     		ldr	r2, [r3, #48]
  58 0018 42F00402 		orr	r2, r2, #4
  59 001c 1A63     		str	r2, [r3, #48]
  60              		.loc 1 50 3 view .LVU6
  61 001e 1A6B     		ldr	r2, [r3, #48]
  62 0020 02F00402 		and	r2, r2, #4
  63 0024 0092     		str	r2, [sp]
  64              		.loc 1 50 3 view .LVU7
  65 0026 009A     		ldr	r2, [sp]
ARM GAS  /tmp/cczcupjS.s 			page 3


  66              	.LBE2:
  67              		.loc 1 50 3 view .LVU8
  51:Core/Src/gpio.c ****   __HAL_RCC_GPIOH_CLK_ENABLE();
  68              		.loc 1 51 3 view .LVU9
  69              	.LBB3:
  70              		.loc 1 51 3 view .LVU10
  71 0028 0194     		str	r4, [sp, #4]
  72              		.loc 1 51 3 view .LVU11
  73 002a 1A6B     		ldr	r2, [r3, #48]
  74 002c 42F08002 		orr	r2, r2, #128
  75 0030 1A63     		str	r2, [r3, #48]
  76              		.loc 1 51 3 view .LVU12
  77 0032 1A6B     		ldr	r2, [r3, #48]
  78 0034 02F08002 		and	r2, r2, #128
  79 0038 0192     		str	r2, [sp, #4]
  80              		.loc 1 51 3 view .LVU13
  81 003a 019A     		ldr	r2, [sp, #4]
  82              	.LBE3:
  83              		.loc 1 51 3 view .LVU14
  52:Core/Src/gpio.c ****   __HAL_RCC_GPIOA_CLK_ENABLE();
  84              		.loc 1 52 3 view .LVU15
  85              	.LBB4:
  86              		.loc 1 52 3 view .LVU16
  87 003c 0294     		str	r4, [sp, #8]
  88              		.loc 1 52 3 view .LVU17
  89 003e 1A6B     		ldr	r2, [r3, #48]
  90 0040 42F00102 		orr	r2, r2, #1
  91 0044 1A63     		str	r2, [r3, #48]
  92              		.loc 1 52 3 view .LVU18
  93 0046 1A6B     		ldr	r2, [r3, #48]
  94 0048 02F00102 		and	r2, r2, #1
  95 004c 0292     		str	r2, [sp, #8]
  96              		.loc 1 52 3 view .LVU19
  97 004e 029A     		ldr	r2, [sp, #8]
  98              	.LBE4:
  99              		.loc 1 52 3 view .LVU20
  53:Core/Src/gpio.c ****   __HAL_RCC_GPIOB_CLK_ENABLE();
 100              		.loc 1 53 3 view .LVU21
 101              	.LBB5:
 102              		.loc 1 53 3 view .LVU22
 103 0050 0394     		str	r4, [sp, #12]
 104              		.loc 1 53 3 view .LVU23
 105 0052 1A6B     		ldr	r2, [r3, #48]
 106 0054 42F00202 		orr	r2, r2, #2
 107 0058 1A63     		str	r2, [r3, #48]
 108              		.loc 1 53 3 view .LVU24
 109 005a 1A6B     		ldr	r2, [r3, #48]
 110 005c 02F00202 		and	r2, r2, #2
 111 0060 0392     		str	r2, [sp, #12]
 112              		.loc 1 53 3 view .LVU25
 113 0062 039A     		ldr	r2, [sp, #12]
 114              	.LBE5:
 115              		.loc 1 53 3 view .LVU26
  54:Core/Src/gpio.c ****   __HAL_RCC_GPIOD_CLK_ENABLE();
 116              		.loc 1 54 3 view .LVU27
 117              	.LBB6:
 118              		.loc 1 54 3 view .LVU28
ARM GAS  /tmp/cczcupjS.s 			page 4


 119 0064 0494     		str	r4, [sp, #16]
 120              		.loc 1 54 3 view .LVU29
 121 0066 1A6B     		ldr	r2, [r3, #48]
 122 0068 42F00802 		orr	r2, r2, #8
 123 006c 1A63     		str	r2, [r3, #48]
 124              		.loc 1 54 3 view .LVU30
 125 006e 1B6B     		ldr	r3, [r3, #48]
 126 0070 03F00803 		and	r3, r3, #8
 127 0074 0493     		str	r3, [sp, #16]
 128              		.loc 1 54 3 view .LVU31
 129 0076 049B     		ldr	r3, [sp, #16]
 130              	.LBE6:
 131              		.loc 1 54 3 view .LVU32
  55:Core/Src/gpio.c **** 
  56:Core/Src/gpio.c ****   /*Configure GPIO pin Output Level */
  57:Core/Src/gpio.c ****   HAL_GPIO_WritePin(GPIOC, GPIO_PIN_7|GPIO_PIN_8, GPIO_PIN_RESET);
 132              		.loc 1 57 3 view .LVU33
 133 0078 1C4F     		ldr	r7, .L3+4
 134 007a 2246     		mov	r2, r4
 135 007c 4FF4C071 		mov	r1, #384
 136 0080 3846     		mov	r0, r7
 137 0082 FFF7FEFF 		bl	HAL_GPIO_WritePin
 138              	.LVL0:
  58:Core/Src/gpio.c **** 
  59:Core/Src/gpio.c ****   /*Configure GPIO pins : PC13 PC14 PC15 PC0
  60:Core/Src/gpio.c ****                            PC1 PC2 PC3 PC4
  61:Core/Src/gpio.c ****                            PC5 PC6 PC9 PC10
  62:Core/Src/gpio.c ****                            PC11 PC12 */
  63:Core/Src/gpio.c ****   GPIO_InitStruct.Pin = GPIO_PIN_13|GPIO_PIN_14|GPIO_PIN_15|GPIO_PIN_0
 139              		.loc 1 63 3 view .LVU34
 140              		.loc 1 63 23 is_stmt 0 view .LVU35
 141 0086 4FF67F63 		movw	r3, #65151
 142 008a 0593     		str	r3, [sp, #20]
  64:Core/Src/gpio.c ****                           |GPIO_PIN_1|GPIO_PIN_2|GPIO_PIN_3|GPIO_PIN_4
  65:Core/Src/gpio.c ****                           |GPIO_PIN_5|GPIO_PIN_6|GPIO_PIN_9|GPIO_PIN_10
  66:Core/Src/gpio.c ****                           |GPIO_PIN_11|GPIO_PIN_12;
  67:Core/Src/gpio.c ****   GPIO_InitStruct.Mode = GPIO_MODE_ANALOG;
 143              		.loc 1 67 3 is_stmt 1 view .LVU36
 144              		.loc 1 67 24 is_stmt 0 view .LVU37
 145 008c 0326     		movs	r6, #3
 146 008e 0696     		str	r6, [sp, #24]
  68:Core/Src/gpio.c ****   GPIO_InitStruct.Pull = GPIO_NOPULL;
 147              		.loc 1 68 3 is_stmt 1 view .LVU38
 148              		.loc 1 68 24 is_stmt 0 view .LVU39
 149 0090 0794     		str	r4, [sp, #28]
  69:Core/Src/gpio.c ****   HAL_GPIO_Init(GPIOC, &GPIO_InitStruct);
 150              		.loc 1 69 3 is_stmt 1 view .LVU40
 151 0092 2946     		mov	r1, r5
 152 0094 3846     		mov	r0, r7
 153 0096 FFF7FEFF 		bl	HAL_GPIO_Init
 154              	.LVL1:
  70:Core/Src/gpio.c **** 
  71:Core/Src/gpio.c ****   /*Configure GPIO pins : PA4 PA6 PA7 */
  72:Core/Src/gpio.c ****   GPIO_InitStruct.Pin = GPIO_PIN_4|GPIO_PIN_6|GPIO_PIN_7;
 155              		.loc 1 72 3 view .LVU41
 156              		.loc 1 72 23 is_stmt 0 view .LVU42
 157 009a D023     		movs	r3, #208
ARM GAS  /tmp/cczcupjS.s 			page 5


 158 009c 0593     		str	r3, [sp, #20]
  73:Core/Src/gpio.c ****   GPIO_InitStruct.Mode = GPIO_MODE_ANALOG;
 159              		.loc 1 73 3 is_stmt 1 view .LVU43
 160              		.loc 1 73 24 is_stmt 0 view .LVU44
 161 009e 0696     		str	r6, [sp, #24]
  74:Core/Src/gpio.c ****   GPIO_InitStruct.Pull = GPIO_NOPULL;
 162              		.loc 1 74 3 is_stmt 1 view .LVU45
 163              		.loc 1 74 24 is_stmt 0 view .LVU46
 164 00a0 0794     		str	r4, [sp, #28]
  75:Core/Src/gpio.c ****   HAL_GPIO_Init(GPIOA, &GPIO_InitStruct);
 165              		.loc 1 75 3 is_stmt 1 view .LVU47
 166 00a2 2946     		mov	r1, r5
 167 00a4 1248     		ldr	r0, .L3+8
 168 00a6 FFF7FEFF 		bl	HAL_GPIO_Init
 169              	.LVL2:
  76:Core/Src/gpio.c **** 
  77:Core/Src/gpio.c ****   /*Configure GPIO pins : PB0 PB1 PB2 PB10
  78:Core/Src/gpio.c ****                            PB12 PB13 PB14 PB15
  79:Core/Src/gpio.c ****                            PB4 PB5 PB8 PB9 */
  80:Core/Src/gpio.c ****   GPIO_InitStruct.Pin = GPIO_PIN_0|GPIO_PIN_1|GPIO_PIN_2|GPIO_PIN_10
 170              		.loc 1 80 3 view .LVU48
 171              		.loc 1 80 23 is_stmt 0 view .LVU49
 172 00aa 4FF23773 		movw	r3, #63287
 173 00ae 0593     		str	r3, [sp, #20]
  81:Core/Src/gpio.c ****                           |GPIO_PIN_12|GPIO_PIN_13|GPIO_PIN_14|GPIO_PIN_15
  82:Core/Src/gpio.c ****                           |GPIO_PIN_4|GPIO_PIN_5|GPIO_PIN_8|GPIO_PIN_9;
  83:Core/Src/gpio.c ****   GPIO_InitStruct.Mode = GPIO_MODE_ANALOG;
 174              		.loc 1 83 3 is_stmt 1 view .LVU50
 175              		.loc 1 83 24 is_stmt 0 view .LVU51
 176 00b0 0696     		str	r6, [sp, #24]
  84:Core/Src/gpio.c ****   GPIO_InitStruct.Pull = GPIO_NOPULL;
 177              		.loc 1 84 3 is_stmt 1 view .LVU52
 178              		.loc 1 84 24 is_stmt 0 view .LVU53
 179 00b2 0794     		str	r4, [sp, #28]
  85:Core/Src/gpio.c ****   HAL_GPIO_Init(GPIOB, &GPIO_InitStruct);
 180              		.loc 1 85 3 is_stmt 1 view .LVU54
 181 00b4 2946     		mov	r1, r5
 182 00b6 0F48     		ldr	r0, .L3+12
 183 00b8 FFF7FEFF 		bl	HAL_GPIO_Init
 184              	.LVL3:
  86:Core/Src/gpio.c **** 
  87:Core/Src/gpio.c ****   /*Configure GPIO pins : PC7 PC8 */
  88:Core/Src/gpio.c ****   GPIO_InitStruct.Pin = GPIO_PIN_7|GPIO_PIN_8;
 185              		.loc 1 88 3 view .LVU55
 186              		.loc 1 88 23 is_stmt 0 view .LVU56
 187 00bc 4FF4C073 		mov	r3, #384
 188 00c0 0593     		str	r3, [sp, #20]
  89:Core/Src/gpio.c ****   GPIO_InitStruct.Mode = GPIO_MODE_OUTPUT_PP;
 189              		.loc 1 89 3 is_stmt 1 view .LVU57
 190              		.loc 1 89 24 is_stmt 0 view .LVU58
 191 00c2 0123     		movs	r3, #1
 192 00c4 0693     		str	r3, [sp, #24]
  90:Core/Src/gpio.c ****   GPIO_InitStruct.Pull = GPIO_NOPULL;
 193              		.loc 1 90 3 is_stmt 1 view .LVU59
 194              		.loc 1 90 24 is_stmt 0 view .LVU60
 195 00c6 0794     		str	r4, [sp, #28]
  91:Core/Src/gpio.c ****   GPIO_InitStruct.Speed = GPIO_SPEED_FREQ_LOW;
ARM GAS  /tmp/cczcupjS.s 			page 6


 196              		.loc 1 91 3 is_stmt 1 view .LVU61
 197              		.loc 1 91 25 is_stmt 0 view .LVU62
 198 00c8 0894     		str	r4, [sp, #32]
  92:Core/Src/gpio.c ****   HAL_GPIO_Init(GPIOC, &GPIO_InitStruct);
 199              		.loc 1 92 3 is_stmt 1 view .LVU63
 200 00ca 2946     		mov	r1, r5
 201 00cc 3846     		mov	r0, r7
 202 00ce FFF7FEFF 		bl	HAL_GPIO_Init
 203              	.LVL4:
  93:Core/Src/gpio.c **** 
  94:Core/Src/gpio.c ****   /*Configure GPIO pin : PD2 */
  95:Core/Src/gpio.c ****   GPIO_InitStruct.Pin = GPIO_PIN_2;
 204              		.loc 1 95 3 view .LVU64
 205              		.loc 1 95 23 is_stmt 0 view .LVU65
 206 00d2 0423     		movs	r3, #4
 207 00d4 0593     		str	r3, [sp, #20]
  96:Core/Src/gpio.c ****   GPIO_InitStruct.Mode = GPIO_MODE_ANALOG;
 208              		.loc 1 96 3 is_stmt 1 view .LVU66
 209              		.loc 1 96 24 is_stmt 0 view .LVU67
 210 00d6 0696     		str	r6, [sp, #24]
  97:Core/Src/gpio.c ****   GPIO_InitStruct.Pull = GPIO_NOPULL;
 211              		.loc 1 97 3 is_stmt 1 view .LVU68
 212              		.loc 1 97 24 is_stmt 0 view .LVU69
 213 00d8 0794     		str	r4, [sp, #28]
  98:Core/Src/gpio.c ****   HAL_GPIO_Init(GPIOD, &GPIO_InitStruct);
 214              		.loc 1 98 3 is_stmt 1 view .LVU70
 215 00da 2946     		mov	r1, r5
 216 00dc 0648     		ldr	r0, .L3+16
 217 00de FFF7FEFF 		bl	HAL_GPIO_Init
 218              	.LVL5:
  99:Core/Src/gpio.c **** 
 100:Core/Src/gpio.c **** }
 219              		.loc 1 100 1 is_stmt 0 view .LVU71
 220 00e2 0BB0     		add	sp, sp, #44
 221              		.cfi_def_cfa_offset 20
 222              		@ sp needed
 223 00e4 F0BD     		pop	{r4, r5, r6, r7, pc}
 224              	.L4:
 225 00e6 00BF     		.align	2
 226              	.L3:
 227 00e8 00380240 		.word	1073887232
 228 00ec 00080240 		.word	1073874944
 229 00f0 00000240 		.word	1073872896
 230 00f4 00040240 		.word	1073873920
 231 00f8 000C0240 		.word	1073875968
 232              		.cfi_endproc
 233              	.LFE220:
 235              		.text
 236              	.Letext0:
 237              		.file 2 "/home/cedric/.config/VSCodium/User/globalStorage/bmd.stm32-for-vscode/@xpack-dev-tools/ar
 238              		.file 3 "/home/cedric/.config/VSCodium/User/globalStorage/bmd.stm32-for-vscode/@xpack-dev-tools/ar
 239              		.file 4 "Drivers/CMSIS/Device/ST/STM32F4xx/Include/stm32f411xe.h"
 240              		.file 5 "Drivers/STM32F4xx_HAL_Driver/Inc/stm32f4xx_hal_gpio.h"
ARM GAS  /tmp/cczcupjS.s 			page 7


DEFINED SYMBOLS
                            *ABS*:00000000 gpio.c
     /tmp/cczcupjS.s:21     .text.MX_GPIO_Init:00000000 $t
     /tmp/cczcupjS.s:27     .text.MX_GPIO_Init:00000000 MX_GPIO_Init
     /tmp/cczcupjS.s:227    .text.MX_GPIO_Init:000000e8 $d

UNDEFINED SYMBOLS
HAL_GPIO_WritePin
HAL_GPIO_Init
