ARM GAS  /tmp/ccVXqupN.s 			page 1


   1              		.cpu cortex-m4
   2              		.arch armv7e-m
   3              		.fpu fpv4-sp-d16
   4              		.eabi_attribute 27, 1
   5              		.eabi_attribute 28, 1
   6              		.eabi_attribute 20, 1
   7              		.eabi_attribute 21, 1
   8              		.eabi_attribute 23, 3
   9              		.eabi_attribute 24, 1
  10              		.eabi_attribute 25, 1
  11              		.eabi_attribute 26, 1
  12              		.eabi_attribute 30, 1
  13              		.eabi_attribute 34, 1
  14              		.eabi_attribute 18, 4
  15              		.file	"servo_control.c"
  16              		.text
  17              	.Ltext0:
  18              		.cfi_sections	.debug_frame
  19              		.file 1 "Core/Src/servo_control.c"
  20              		.section	.text.Servo_Init,"ax",%progbits
  21              		.align	1
  22              		.global	Servo_Init
  23              		.syntax unified
  24              		.thumb
  25              		.thumb_func
  27              	Servo_Init:
  28              	.LVL0:
  29              	.LFB220:
   1:Core/Src/servo_control.c **** #include "servo_control.h"
   2:Core/Src/servo_control.c **** 
   3:Core/Src/servo_control.c **** // Initialize servo (assumes TIM1 is already configured for PWM)
   4:Core/Src/servo_control.c **** void Servo_Init(Servo *servo, TIM_HandleTypeDef *htim, uint32_t channel) {
  30              		.loc 1 4 74 view -0
  31              		.cfi_startproc
  32              		@ args = 0, pretend = 0, frame = 0
  33              		@ frame_needed = 0, uses_anonymous_args = 0
  34              		@ link register save eliminated.
   5:Core/Src/servo_control.c ****     servo->htim = htim;
  35              		.loc 1 5 5 view .LVU1
  36              		.loc 1 5 17 is_stmt 0 view .LVU2
  37 0000 0160     		str	r1, [r0]
   6:Core/Src/servo_control.c ****     servo->channel = channel;
  38              		.loc 1 6 5 is_stmt 1 view .LVU3
  39              		.loc 1 6 20 is_stmt 0 view .LVU4
  40 0002 4260     		str	r2, [r0, #4]
   7:Core/Src/servo_control.c ****     servo->min_pulse = SERVO_MIN_PULSE_TICKS;
  41              		.loc 1 7 5 is_stmt 1 view .LVU5
  42              		.loc 1 7 22 is_stmt 0 view .LVU6
  43 0004 4FF4FA73 		mov	r3, #500
  44 0008 8360     		str	r3, [r0, #8]
   8:Core/Src/servo_control.c ****     servo->max_pulse = SERVO_MAX_PULSE_TICKS;
  45              		.loc 1 8 5 is_stmt 1 view .LVU7
  46              		.loc 1 8 22 is_stmt 0 view .LVU8
  47 000a 40F6C413 		movw	r3, #2500
  48 000e C360     		str	r3, [r0, #12]
   9:Core/Src/servo_control.c **** }
  49              		.loc 1 9 1 view .LVU9
ARM GAS  /tmp/ccVXqupN.s 			page 2


  50 0010 7047     		bx	lr
  51              		.cfi_endproc
  52              	.LFE220:
  54              		.section	.text.Servo_SetAngle,"ax",%progbits
  55              		.align	1
  56              		.global	Servo_SetAngle
  57              		.syntax unified
  58              		.thumb
  59              		.thumb_func
  61              	Servo_SetAngle:
  62              	.LVL1:
  63              	.LFB221:
  10:Core/Src/servo_control.c **** 
  11:Core/Src/servo_control.c **** // Set servo angle (0° to 180°) with instance-specific calibration limits
  12:Core/Src/servo_control.c **** void Servo_SetAngle(Servo *servo, float angle) {
  64              		.loc 1 12 48 is_stmt 1 view -0
  65              		.cfi_startproc
  66              		@ args = 0, pretend = 0, frame = 0
  67              		@ frame_needed = 0, uses_anonymous_args = 0
  68              		@ link register save eliminated.
  13:Core/Src/servo_control.c ****     // 1. Structural Guardrails
  14:Core/Src/servo_control.c ****     if (angle < 0.0f)   angle = 0.0f;
  69              		.loc 1 14 5 view .LVU11
  70              		.loc 1 14 8 is_stmt 0 view .LVU12
  71 0000 B5EEC00A 		vcmpe.f32	s0, #0
  72 0004 F1EE10FA 		vmrs	APSR_nzcv, FPSCR
  73 0008 09D4     		bmi	.L8
  15:Core/Src/servo_control.c ****     if (angle > 180.0f) angle = 180.0f;
  74              		.loc 1 15 5 is_stmt 1 view .LVU13
  75              		.loc 1 15 8 is_stmt 0 view .LVU14
  76 000a DFED1A7A 		vldr.32	s15, .L12
  77 000e B4EEE70A 		vcmpe.f32	s0, s15
  78 0012 F1EE10FA 		vmrs	APSR_nzcv, FPSCR
  79 0016 04DD     		ble	.L3
  80              		.loc 1 15 31 discriminator 1 view .LVU15
  81 0018 9FED160A 		vldr.32	s0, .L12
  82              	.LVL2:
  83              		.loc 1 15 31 discriminator 1 view .LVU16
  84 001c 01E0     		b	.L3
  85              	.LVL3:
  86              	.L8:
  14:Core/Src/servo_control.c ****     if (angle > 180.0f) angle = 180.0f;
  87              		.loc 1 14 31 discriminator 1 view .LVU17
  88 001e 9FED160A 		vldr.32	s0, .L12+4
  89              	.LVL4:
  90              	.L3:
  16:Core/Src/servo_control.c **** 
  17:Core/Src/servo_control.c ****     // 2. Calculate pulse width using the instance limits instead of global macros
  18:Core/Src/servo_control.c ****     uint32_t pulse = servo->min_pulse + (uint32_t)((angle / 180.0f) * (servo->max_pulse - servo->mi
  91              		.loc 1 18 5 is_stmt 1 view .LVU18
  92              		.loc 1 18 27 is_stmt 0 view .LVU19
  93 0022 8268     		ldr	r2, [r0, #8]
  94              		.loc 1 18 59 view .LVU20
  95 0024 DFED137A 		vldr.32	s15, .L12
  96 0028 80EE277A 		vdiv.f32	s14, s0, s15
  97              		.loc 1 18 77 view .LVU21
  98 002c C368     		ldr	r3, [r0, #12]
ARM GAS  /tmp/ccVXqupN.s 			page 3


  99              		.loc 1 18 89 view .LVU22
 100 002e 9B1A     		subs	r3, r3, r2
 101 0030 07EE903A 		vmov	s15, r3	@ int
 102              		.loc 1 18 69 view .LVU23
 103 0034 F8EE677A 		vcvt.f32.u32	s15, s15
 104 0038 67EE877A 		vmul.f32	s15, s15, s14
 105              		.loc 1 18 41 view .LVU24
 106 003c FCEEE77A 		vcvt.u32.f32	s15, s15
 107              		.loc 1 18 14 view .LVU25
 108 0040 17EE903A 		vmov	r3, s15	@ int
 109 0044 1A44     		add	r2, r2, r3
 110              	.LVL5:
  19:Core/Src/servo_control.c ****     
  20:Core/Src/servo_control.c ****     // 3. Update the hardware register
  21:Core/Src/servo_control.c ****     __HAL_TIM_SET_COMPARE(servo->htim, servo->channel, pulse);
 111              		.loc 1 21 5 is_stmt 1 view .LVU26
 112 0046 4368     		ldr	r3, [r0, #4]
 113 0048 1BB9     		cbnz	r3, .L4
 114              		.loc 1 21 5 is_stmt 0 discriminator 1 view .LVU27
 115 004a 0368     		ldr	r3, [r0]
 116 004c 1B68     		ldr	r3, [r3]
 117 004e 5A63     		str	r2, [r3, #52]
 118 0050 7047     		bx	lr
 119              	.L4:
 120              		.loc 1 21 5 discriminator 2 view .LVU28
 121 0052 042B     		cmp	r3, #4
 122 0054 05D0     		beq	.L10
 123              		.loc 1 21 5 discriminator 4 view .LVU29
 124 0056 082B     		cmp	r3, #8
 125 0058 07D0     		beq	.L11
 126              		.loc 1 21 5 discriminator 7 view .LVU30
 127 005a 0368     		ldr	r3, [r0]
 128 005c 1B68     		ldr	r3, [r3]
 129 005e 1A64     		str	r2, [r3, #64]
  22:Core/Src/servo_control.c **** }
 130              		.loc 1 22 1 view .LVU31
 131 0060 7047     		bx	lr
 132              	.L10:
  21:Core/Src/servo_control.c **** }
 133              		.loc 1 21 5 discriminator 3 view .LVU32
 134 0062 0368     		ldr	r3, [r0]
 135 0064 1B68     		ldr	r3, [r3]
 136 0066 9A63     		str	r2, [r3, #56]
 137 0068 7047     		bx	lr
 138              	.L11:
  21:Core/Src/servo_control.c **** }
 139              		.loc 1 21 5 discriminator 6 view .LVU33
 140 006a 0368     		ldr	r3, [r0]
 141 006c 1B68     		ldr	r3, [r3]
 142 006e DA63     		str	r2, [r3, #60]
 143 0070 7047     		bx	lr
 144              	.L13:
 145 0072 00BF     		.align	2
 146              	.L12:
 147 0074 00003443 		.word	1127481344
 148 0078 00000000 		.word	0
 149              		.cfi_endproc
ARM GAS  /tmp/ccVXqupN.s 			page 4


 150              	.LFE221:
 152              		.section	.text.Servo_Start,"ax",%progbits
 153              		.align	1
 154              		.global	Servo_Start
 155              		.syntax unified
 156              		.thumb
 157              		.thumb_func
 159              	Servo_Start:
 160              	.LVL6:
 161              	.LFB222:
  23:Core/Src/servo_control.c **** 
  24:Core/Src/servo_control.c **** // Start servo PWM
  25:Core/Src/servo_control.c **** void Servo_Start(Servo *servo) {
 162              		.loc 1 25 32 is_stmt 1 view -0
 163              		.cfi_startproc
 164              		@ args = 0, pretend = 0, frame = 0
 165              		@ frame_needed = 0, uses_anonymous_args = 0
 166              		.loc 1 25 32 is_stmt 0 view .LVU35
 167 0000 08B5     		push	{r3, lr}
 168              		.cfi_def_cfa_offset 8
 169              		.cfi_offset 3, -8
 170              		.cfi_offset 14, -4
  26:Core/Src/servo_control.c ****     HAL_TIM_PWM_Start(servo->htim, servo->channel);
 171              		.loc 1 26 5 is_stmt 1 view .LVU36
 172 0002 4168     		ldr	r1, [r0, #4]
 173 0004 0068     		ldr	r0, [r0]
 174              	.LVL7:
 175              		.loc 1 26 5 is_stmt 0 view .LVU37
 176 0006 FFF7FEFF 		bl	HAL_TIM_PWM_Start
 177              	.LVL8:
  27:Core/Src/servo_control.c **** }
 178              		.loc 1 27 1 view .LVU38
 179 000a 08BD     		pop	{r3, pc}
 180              		.cfi_endproc
 181              	.LFE222:
 183              		.section	.text.Servo_Stop,"ax",%progbits
 184              		.align	1
 185              		.global	Servo_Stop
 186              		.syntax unified
 187              		.thumb
 188              		.thumb_func
 190              	Servo_Stop:
 191              	.LVL9:
 192              	.LFB223:
  28:Core/Src/servo_control.c **** 
  29:Core/Src/servo_control.c **** // Stop servo PWM
  30:Core/Src/servo_control.c **** void Servo_Stop(Servo *servo) {
 193              		.loc 1 30 31 is_stmt 1 view -0
 194              		.cfi_startproc
 195              		@ args = 0, pretend = 0, frame = 0
 196              		@ frame_needed = 0, uses_anonymous_args = 0
 197              		.loc 1 30 31 is_stmt 0 view .LVU40
 198 0000 08B5     		push	{r3, lr}
 199              		.cfi_def_cfa_offset 8
 200              		.cfi_offset 3, -8
 201              		.cfi_offset 14, -4
  31:Core/Src/servo_control.c ****     HAL_TIM_PWM_Stop(servo->htim, servo->channel);
ARM GAS  /tmp/ccVXqupN.s 			page 5


 202              		.loc 1 31 5 is_stmt 1 view .LVU41
 203 0002 4168     		ldr	r1, [r0, #4]
 204 0004 0068     		ldr	r0, [r0]
 205              	.LVL10:
 206              		.loc 1 31 5 is_stmt 0 view .LVU42
 207 0006 FFF7FEFF 		bl	HAL_TIM_PWM_Stop
 208              	.LVL11:
  32:Core/Src/servo_control.c **** }...
 209              		.loc 1 32 1 view .LVU43
 210 000a 08BD     		pop	{r3, pc}
 211              		.cfi_endproc
 212              	.LFE223:
 214              		.text
 215              	.Letext0:
 216              		.file 2 "/home/cedric/.config/VSCodium/User/globalStorage/bmd.stm32-for-vscode/@xpack-dev-tools/ar
 217              		.file 3 "/home/cedric/.config/VSCodium/User/globalStorage/bmd.stm32-for-vscode/@xpack-dev-tools/ar
 218              		.file 4 "Drivers/CMSIS/Device/ST/STM32F4xx/Include/stm32f411xe.h"
 219              		.file 5 "Drivers/STM32F4xx_HAL_Driver/Inc/stm32f4xx_hal_def.h"
 220              		.file 6 "Drivers/STM32F4xx_HAL_Driver/Inc/stm32f4xx_hal_dma.h"
 221              		.file 7 "Drivers/STM32F4xx_HAL_Driver/Inc/stm32f4xx_hal_tim.h"
 222              		.file 8 "Core/Inc/servo_control.h"
ARM GAS  /tmp/ccVXqupN.s 			page 6


DEFINED SYMBOLS
                            *ABS*:00000000 servo_control.c
     /tmp/ccVXqupN.s:21     .text.Servo_Init:00000000 $t
     /tmp/ccVXqupN.s:27     .text.Servo_Init:00000000 Servo_Init
     /tmp/ccVXqupN.s:55     .text.Servo_SetAngle:00000000 $t
     /tmp/ccVXqupN.s:61     .text.Servo_SetAngle:00000000 Servo_SetAngle
     /tmp/ccVXqupN.s:147    .text.Servo_SetAngle:00000074 $d
     /tmp/ccVXqupN.s:153    .text.Servo_Start:00000000 $t
     /tmp/ccVXqupN.s:159    .text.Servo_Start:00000000 Servo_Start
     /tmp/ccVXqupN.s:184    .text.Servo_Stop:00000000 $t
     /tmp/ccVXqupN.s:190    .text.Servo_Stop:00000000 Servo_Stop

UNDEFINED SYMBOLS
HAL_TIM_PWM_Start
HAL_TIM_PWM_Stop
