ARM GAS  /tmp/ccI77cfE.s 			page 1


   1              		.cpu cortex-m4
   2              		.arch armv7e-m
   3              		.fpu fpv4-sp-d16
   4              		.eabi_attribute 27, 1
   5              		.eabi_attribute 28, 1
   6              		.eabi_attribute 20, 1
   7              		.eabi_attribute 21, 1
   8              		.eabi_attribute 23, 3
   9              		.eabi_attribute 24, 1
  10              		.eabi_attribute 25, 1
  11              		.eabi_attribute 26, 1
  12              		.eabi_attribute 30, 1
  13              		.eabi_attribute 34, 1
  14              		.eabi_attribute 18, 4
  15              		.file	"stm32f4xx_it.c"
  16              		.text
  17              	.Ltext0:
  18              		.cfi_sections	.debug_frame
  19              		.file 1 "Core/Src/stm32f4xx_it.c"
  20              		.section	.text.NMI_Handler,"ax",%progbits
  21              		.align	1
  22              		.global	NMI_Handler
  23              		.syntax unified
  24              		.thumb
  25              		.thumb_func
  27              	NMI_Handler:
  28              	.LFB224:
   1:Core/Src/stm32f4xx_it.c **** /* USER CODE BEGIN Header */
   2:Core/Src/stm32f4xx_it.c **** /**
   3:Core/Src/stm32f4xx_it.c ****   ******************************************************************************
   4:Core/Src/stm32f4xx_it.c ****   * @file    stm32f4xx_it.c
   5:Core/Src/stm32f4xx_it.c ****   * @brief   Interrupt Service Routines.
   6:Core/Src/stm32f4xx_it.c ****   ******************************************************************************
   7:Core/Src/stm32f4xx_it.c ****   * @attention
   8:Core/Src/stm32f4xx_it.c ****   *
   9:Core/Src/stm32f4xx_it.c ****   * Copyright (c) 2026 STMicroelectronics.
  10:Core/Src/stm32f4xx_it.c ****   * All rights reserved.
  11:Core/Src/stm32f4xx_it.c ****   *
  12:Core/Src/stm32f4xx_it.c ****   * This software is licensed under terms that can be found in the LICENSE file
  13:Core/Src/stm32f4xx_it.c ****   * in the root directory of this software component.
  14:Core/Src/stm32f4xx_it.c ****   * If no LICENSE file comes with this software, it is provided AS-IS.
  15:Core/Src/stm32f4xx_it.c ****   *
  16:Core/Src/stm32f4xx_it.c ****   ******************************************************************************
  17:Core/Src/stm32f4xx_it.c ****   */
  18:Core/Src/stm32f4xx_it.c **** /* USER CODE END Header */
  19:Core/Src/stm32f4xx_it.c **** 
  20:Core/Src/stm32f4xx_it.c **** /* Includes ------------------------------------------------------------------*/
  21:Core/Src/stm32f4xx_it.c **** #include "main.h"
  22:Core/Src/stm32f4xx_it.c **** #include "stm32f4xx_it.h"
  23:Core/Src/stm32f4xx_it.c **** #include "FreeRTOS.h"
  24:Core/Src/stm32f4xx_it.c **** #include "task.h"
  25:Core/Src/stm32f4xx_it.c **** /* Private includes ----------------------------------------------------------*/
  26:Core/Src/stm32f4xx_it.c **** /* USER CODE BEGIN Includes */
  27:Core/Src/stm32f4xx_it.c **** /* USER CODE END Includes */
  28:Core/Src/stm32f4xx_it.c **** 
  29:Core/Src/stm32f4xx_it.c **** /* Private typedef -----------------------------------------------------------*/
  30:Core/Src/stm32f4xx_it.c **** /* USER CODE BEGIN TD */
ARM GAS  /tmp/ccI77cfE.s 			page 2


  31:Core/Src/stm32f4xx_it.c **** 
  32:Core/Src/stm32f4xx_it.c **** /* USER CODE END TD */
  33:Core/Src/stm32f4xx_it.c **** 
  34:Core/Src/stm32f4xx_it.c **** /* Private define ------------------------------------------------------------*/
  35:Core/Src/stm32f4xx_it.c **** /* USER CODE BEGIN PD */
  36:Core/Src/stm32f4xx_it.c **** 
  37:Core/Src/stm32f4xx_it.c **** /* USER CODE END PD */
  38:Core/Src/stm32f4xx_it.c **** 
  39:Core/Src/stm32f4xx_it.c **** /* Private macro -------------------------------------------------------------*/
  40:Core/Src/stm32f4xx_it.c **** /* USER CODE BEGIN PM */
  41:Core/Src/stm32f4xx_it.c **** 
  42:Core/Src/stm32f4xx_it.c **** /* USER CODE END PM */
  43:Core/Src/stm32f4xx_it.c **** 
  44:Core/Src/stm32f4xx_it.c **** /* Private variables ---------------------------------------------------------*/
  45:Core/Src/stm32f4xx_it.c **** /* USER CODE BEGIN PV */
  46:Core/Src/stm32f4xx_it.c **** 
  47:Core/Src/stm32f4xx_it.c **** /* USER CODE END PV */
  48:Core/Src/stm32f4xx_it.c **** 
  49:Core/Src/stm32f4xx_it.c **** /* Private function prototypes -----------------------------------------------*/
  50:Core/Src/stm32f4xx_it.c **** /* USER CODE BEGIN PFP */
  51:Core/Src/stm32f4xx_it.c **** 
  52:Core/Src/stm32f4xx_it.c **** /* USER CODE END PFP */
  53:Core/Src/stm32f4xx_it.c **** 
  54:Core/Src/stm32f4xx_it.c **** /* Private user code ---------------------------------------------------------*/
  55:Core/Src/stm32f4xx_it.c **** /* USER CODE BEGIN 0 */
  56:Core/Src/stm32f4xx_it.c **** 
  57:Core/Src/stm32f4xx_it.c **** /* USER CODE END 0 */
  58:Core/Src/stm32f4xx_it.c **** 
  59:Core/Src/stm32f4xx_it.c **** /* External variables --------------------------------------------------------*/
  60:Core/Src/stm32f4xx_it.c **** extern PCD_HandleTypeDef hpcd_USB_OTG_FS;
  61:Core/Src/stm32f4xx_it.c **** extern DMA_HandleTypeDef hdma_usart1_rx;
  62:Core/Src/stm32f4xx_it.c **** extern UART_HandleTypeDef huart1;
  63:Core/Src/stm32f4xx_it.c **** /* USER CODE BEGIN EV */
  64:Core/Src/stm32f4xx_it.c **** 
  65:Core/Src/stm32f4xx_it.c **** /* USER CODE END EV */
  66:Core/Src/stm32f4xx_it.c **** 
  67:Core/Src/stm32f4xx_it.c **** /******************************************************************************/
  68:Core/Src/stm32f4xx_it.c **** /*           Cortex-M4 Processor Interruption and Exception Handlers          */
  69:Core/Src/stm32f4xx_it.c **** /******************************************************************************/
  70:Core/Src/stm32f4xx_it.c **** /**
  71:Core/Src/stm32f4xx_it.c ****   * @brief This function handles Non maskable interrupt.
  72:Core/Src/stm32f4xx_it.c ****   */
  73:Core/Src/stm32f4xx_it.c **** void NMI_Handler(void)
  74:Core/Src/stm32f4xx_it.c **** {
  29              		.loc 1 74 1 view -0
  30              		.cfi_startproc
  31              		@ Volatile: function does not return.
  32              		@ args = 0, pretend = 0, frame = 0
  33              		@ frame_needed = 0, uses_anonymous_args = 0
  34              		@ link register save eliminated.
  35              	.L2:
  75:Core/Src/stm32f4xx_it.c ****   /* USER CODE BEGIN NonMaskableInt_IRQn 0 */
  76:Core/Src/stm32f4xx_it.c **** 
  77:Core/Src/stm32f4xx_it.c ****   /* USER CODE END NonMaskableInt_IRQn 0 */
  78:Core/Src/stm32f4xx_it.c ****   /* USER CODE BEGIN NonMaskableInt_IRQn 1 */
  79:Core/Src/stm32f4xx_it.c ****    while (1)
  36              		.loc 1 79 4 view .LVU1
ARM GAS  /tmp/ccI77cfE.s 			page 3


  80:Core/Src/stm32f4xx_it.c ****   {
  81:Core/Src/stm32f4xx_it.c ****   }
  37              		.loc 1 81 3 view .LVU2
  79:Core/Src/stm32f4xx_it.c ****   {
  38              		.loc 1 79 10 view .LVU3
  39 0000 FEE7     		b	.L2
  40              		.cfi_endproc
  41              	.LFE224:
  43              		.section	.text.HardFault_Handler,"ax",%progbits
  44              		.align	1
  45              		.global	HardFault_Handler
  46              		.syntax unified
  47              		.thumb
  48              		.thumb_func
  50              	HardFault_Handler:
  51              	.LFB225:
  82:Core/Src/stm32f4xx_it.c ****   /* USER CODE END NonMaskableInt_IRQn 1 */
  83:Core/Src/stm32f4xx_it.c **** }
  84:Core/Src/stm32f4xx_it.c **** 
  85:Core/Src/stm32f4xx_it.c **** /**
  86:Core/Src/stm32f4xx_it.c ****   * @brief This function handles Hard fault interrupt.
  87:Core/Src/stm32f4xx_it.c ****   */
  88:Core/Src/stm32f4xx_it.c **** void HardFault_Handler(void)
  89:Core/Src/stm32f4xx_it.c **** {
  52              		.loc 1 89 1 view -0
  53              		.cfi_startproc
  54              		@ Volatile: function does not return.
  55              		@ args = 0, pretend = 0, frame = 0
  56              		@ frame_needed = 0, uses_anonymous_args = 0
  57              		@ link register save eliminated.
  58              	.L4:
  90:Core/Src/stm32f4xx_it.c ****   /* USER CODE BEGIN HardFault_IRQn 0 */
  91:Core/Src/stm32f4xx_it.c **** 
  92:Core/Src/stm32f4xx_it.c ****   /* USER CODE END HardFault_IRQn 0 */
  93:Core/Src/stm32f4xx_it.c ****   while (1)
  59              		.loc 1 93 3 view .LVU5
  94:Core/Src/stm32f4xx_it.c ****   {
  95:Core/Src/stm32f4xx_it.c ****     /* USER CODE BEGIN W1_HardFault_IRQn 0 */
  96:Core/Src/stm32f4xx_it.c ****     /* USER CODE END W1_HardFault_IRQn 0 */
  97:Core/Src/stm32f4xx_it.c ****   }
  60              		.loc 1 97 3 view .LVU6
  93:Core/Src/stm32f4xx_it.c ****   {
  61              		.loc 1 93 9 view .LVU7
  62 0000 FEE7     		b	.L4
  63              		.cfi_endproc
  64              	.LFE225:
  66              		.section	.text.MemManage_Handler,"ax",%progbits
  67              		.align	1
  68              		.global	MemManage_Handler
  69              		.syntax unified
  70              		.thumb
  71              		.thumb_func
  73              	MemManage_Handler:
  74              	.LFB226:
  98:Core/Src/stm32f4xx_it.c **** }
  99:Core/Src/stm32f4xx_it.c **** 
 100:Core/Src/stm32f4xx_it.c **** /**
ARM GAS  /tmp/ccI77cfE.s 			page 4


 101:Core/Src/stm32f4xx_it.c ****   * @brief This function handles Memory management fault.
 102:Core/Src/stm32f4xx_it.c ****   */
 103:Core/Src/stm32f4xx_it.c **** void MemManage_Handler(void)
 104:Core/Src/stm32f4xx_it.c **** {
  75              		.loc 1 104 1 view -0
  76              		.cfi_startproc
  77              		@ Volatile: function does not return.
  78              		@ args = 0, pretend = 0, frame = 0
  79              		@ frame_needed = 0, uses_anonymous_args = 0
  80              		@ link register save eliminated.
  81              	.L6:
 105:Core/Src/stm32f4xx_it.c ****   /* USER CODE BEGIN MemoryManagement_IRQn 0 */
 106:Core/Src/stm32f4xx_it.c **** 
 107:Core/Src/stm32f4xx_it.c ****   /* USER CODE END MemoryManagement_IRQn 0 */
 108:Core/Src/stm32f4xx_it.c ****   while (1)
  82              		.loc 1 108 3 view .LVU9
 109:Core/Src/stm32f4xx_it.c ****   {
 110:Core/Src/stm32f4xx_it.c ****     /* USER CODE BEGIN W1_MemoryManagement_IRQn 0 */
 111:Core/Src/stm32f4xx_it.c ****     /* USER CODE END W1_MemoryManagement_IRQn 0 */
 112:Core/Src/stm32f4xx_it.c ****   }
  83              		.loc 1 112 3 view .LVU10
 108:Core/Src/stm32f4xx_it.c ****   {
  84              		.loc 1 108 9 view .LVU11
  85 0000 FEE7     		b	.L6
  86              		.cfi_endproc
  87              	.LFE226:
  89              		.section	.text.BusFault_Handler,"ax",%progbits
  90              		.align	1
  91              		.global	BusFault_Handler
  92              		.syntax unified
  93              		.thumb
  94              		.thumb_func
  96              	BusFault_Handler:
  97              	.LFB227:
 113:Core/Src/stm32f4xx_it.c **** }
 114:Core/Src/stm32f4xx_it.c **** 
 115:Core/Src/stm32f4xx_it.c **** /**
 116:Core/Src/stm32f4xx_it.c ****   * @brief This function handles Pre-fetch fault, memory access fault.
 117:Core/Src/stm32f4xx_it.c ****   */
 118:Core/Src/stm32f4xx_it.c **** void BusFault_Handler(void)
 119:Core/Src/stm32f4xx_it.c **** {
  98              		.loc 1 119 1 view -0
  99              		.cfi_startproc
 100              		@ Volatile: function does not return.
 101              		@ args = 0, pretend = 0, frame = 0
 102              		@ frame_needed = 0, uses_anonymous_args = 0
 103              		@ link register save eliminated.
 104              	.L8:
 120:Core/Src/stm32f4xx_it.c ****   /* USER CODE BEGIN BusFault_IRQn 0 */
 121:Core/Src/stm32f4xx_it.c **** 
 122:Core/Src/stm32f4xx_it.c ****   /* USER CODE END BusFault_IRQn 0 */
 123:Core/Src/stm32f4xx_it.c ****   while (1)
 105              		.loc 1 123 3 view .LVU13
 124:Core/Src/stm32f4xx_it.c ****   {
 125:Core/Src/stm32f4xx_it.c ****     /* USER CODE BEGIN W1_BusFault_IRQn 0 */
 126:Core/Src/stm32f4xx_it.c ****     /* USER CODE END W1_BusFault_IRQn 0 */
 127:Core/Src/stm32f4xx_it.c ****   }
ARM GAS  /tmp/ccI77cfE.s 			page 5


 106              		.loc 1 127 3 view .LVU14
 123:Core/Src/stm32f4xx_it.c ****   {
 107              		.loc 1 123 9 view .LVU15
 108 0000 FEE7     		b	.L8
 109              		.cfi_endproc
 110              	.LFE227:
 112              		.section	.text.UsageFault_Handler,"ax",%progbits
 113              		.align	1
 114              		.global	UsageFault_Handler
 115              		.syntax unified
 116              		.thumb
 117              		.thumb_func
 119              	UsageFault_Handler:
 120              	.LFB228:
 128:Core/Src/stm32f4xx_it.c **** }
 129:Core/Src/stm32f4xx_it.c **** 
 130:Core/Src/stm32f4xx_it.c **** /**
 131:Core/Src/stm32f4xx_it.c ****   * @brief This function handles Undefined instruction or illegal state.
 132:Core/Src/stm32f4xx_it.c ****   */
 133:Core/Src/stm32f4xx_it.c **** void UsageFault_Handler(void)
 134:Core/Src/stm32f4xx_it.c **** {
 121              		.loc 1 134 1 view -0
 122              		.cfi_startproc
 123              		@ Volatile: function does not return.
 124              		@ args = 0, pretend = 0, frame = 0
 125              		@ frame_needed = 0, uses_anonymous_args = 0
 126              		@ link register save eliminated.
 127              	.L10:
 135:Core/Src/stm32f4xx_it.c ****   /* USER CODE BEGIN UsageFault_IRQn 0 */
 136:Core/Src/stm32f4xx_it.c **** 
 137:Core/Src/stm32f4xx_it.c ****   /* USER CODE END UsageFault_IRQn 0 */
 138:Core/Src/stm32f4xx_it.c ****   while (1)
 128              		.loc 1 138 3 view .LVU17
 139:Core/Src/stm32f4xx_it.c ****   {
 140:Core/Src/stm32f4xx_it.c ****     /* USER CODE BEGIN W1_UsageFault_IRQn 0 */
 141:Core/Src/stm32f4xx_it.c ****     /* USER CODE END W1_UsageFault_IRQn 0 */
 142:Core/Src/stm32f4xx_it.c ****   }
 129              		.loc 1 142 3 view .LVU18
 138:Core/Src/stm32f4xx_it.c ****   {
 130              		.loc 1 138 9 view .LVU19
 131 0000 FEE7     		b	.L10
 132              		.cfi_endproc
 133              	.LFE228:
 135              		.section	.text.DebugMon_Handler,"ax",%progbits
 136              		.align	1
 137              		.global	DebugMon_Handler
 138              		.syntax unified
 139              		.thumb
 140              		.thumb_func
 142              	DebugMon_Handler:
 143              	.LFB229:
 143:Core/Src/stm32f4xx_it.c **** }
 144:Core/Src/stm32f4xx_it.c **** 
 145:Core/Src/stm32f4xx_it.c **** /**
 146:Core/Src/stm32f4xx_it.c ****   * @brief This function handles Debug monitor.
 147:Core/Src/stm32f4xx_it.c ****   */
 148:Core/Src/stm32f4xx_it.c **** void DebugMon_Handler(void)
ARM GAS  /tmp/ccI77cfE.s 			page 6


 149:Core/Src/stm32f4xx_it.c **** {
 144              		.loc 1 149 1 view -0
 145              		.cfi_startproc
 146              		@ args = 0, pretend = 0, frame = 0
 147              		@ frame_needed = 0, uses_anonymous_args = 0
 148              		@ link register save eliminated.
 150:Core/Src/stm32f4xx_it.c ****   /* USER CODE BEGIN DebugMonitor_IRQn 0 */
 151:Core/Src/stm32f4xx_it.c **** 
 152:Core/Src/stm32f4xx_it.c ****   /* USER CODE END DebugMonitor_IRQn 0 */
 153:Core/Src/stm32f4xx_it.c ****   /* USER CODE BEGIN DebugMonitor_IRQn 1 */
 154:Core/Src/stm32f4xx_it.c **** 
 155:Core/Src/stm32f4xx_it.c ****   /* USER CODE END DebugMonitor_IRQn 1 */
 156:Core/Src/stm32f4xx_it.c **** }
 149              		.loc 1 156 1 view .LVU21
 150 0000 7047     		bx	lr
 151              		.cfi_endproc
 152              	.LFE229:
 154              		.section	.text.SysTick_Handler,"ax",%progbits
 155              		.align	1
 156              		.global	SysTick_Handler
 157              		.syntax unified
 158              		.thumb
 159              		.thumb_func
 161              	SysTick_Handler:
 162              	.LFB230:
 157:Core/Src/stm32f4xx_it.c **** 
 158:Core/Src/stm32f4xx_it.c **** /**
 159:Core/Src/stm32f4xx_it.c ****   * @brief This function handles System tick timer.
 160:Core/Src/stm32f4xx_it.c ****   */
 161:Core/Src/stm32f4xx_it.c **** void SysTick_Handler(void)
 162:Core/Src/stm32f4xx_it.c **** {
 163              		.loc 1 162 1 view -0
 164              		.cfi_startproc
 165              		@ args = 0, pretend = 0, frame = 0
 166              		@ frame_needed = 0, uses_anonymous_args = 0
 167 0000 08B5     		push	{r3, lr}
 168              		.cfi_def_cfa_offset 8
 169              		.cfi_offset 3, -8
 170              		.cfi_offset 14, -4
 163:Core/Src/stm32f4xx_it.c ****   /* USER CODE BEGIN SysTick_IRQn 0 */
 164:Core/Src/stm32f4xx_it.c **** 
 165:Core/Src/stm32f4xx_it.c ****   /* USER CODE END SysTick_IRQn 0 */
 166:Core/Src/stm32f4xx_it.c ****   /* Explicitly clear COUNTFLAG to avoid timing jitter in CMSIS-RTOS V2 */
 167:Core/Src/stm32f4xx_it.c **** #if (configUSE_TICKLESS_IDLE == 0)
 168:Core/Src/stm32f4xx_it.c ****   (void)SysTick->CTRL;
 171              		.loc 1 168 3 view .LVU23
 172 0002 4FF0E023 		mov	r3, #-536813568
 173 0006 1B69     		ldr	r3, [r3, #16]
 169:Core/Src/stm32f4xx_it.c **** #endif
 170:Core/Src/stm32f4xx_it.c **** HAL_IncTick();
 174              		.loc 1 170 1 view .LVU24
 175 0008 FFF7FEFF 		bl	HAL_IncTick
 176              	.LVL0:
 171:Core/Src/stm32f4xx_it.c **** #if (INCLUDE_xTaskGetSchedulerState == 1 )
 172:Core/Src/stm32f4xx_it.c ****   if (xTaskGetSchedulerState() != taskSCHEDULER_NOT_STARTED)
 177              		.loc 1 172 3 view .LVU25
 178              		.loc 1 172 7 is_stmt 0 view .LVU26
ARM GAS  /tmp/ccI77cfE.s 			page 7


 179 000c FFF7FEFF 		bl	xTaskGetSchedulerState
 180              	.LVL1:
 181              		.loc 1 172 6 discriminator 1 view .LVU27
 182 0010 0128     		cmp	r0, #1
 183 0012 00D1     		bne	.L15
 184              	.L12:
 173:Core/Src/stm32f4xx_it.c ****   {
 174:Core/Src/stm32f4xx_it.c **** #endif /* INCLUDE_xTaskGetSchedulerState */
 175:Core/Src/stm32f4xx_it.c ****   xPortSysTickHandler();
 176:Core/Src/stm32f4xx_it.c **** #if (INCLUDE_xTaskGetSchedulerState == 1 )
 177:Core/Src/stm32f4xx_it.c ****   }
 178:Core/Src/stm32f4xx_it.c **** #endif /* INCLUDE_xTaskGetSchedulerState */
 179:Core/Src/stm32f4xx_it.c ****   /* USER CODE BEGIN SysTick_IRQn 1 */
 180:Core/Src/stm32f4xx_it.c **** 
 181:Core/Src/stm32f4xx_it.c ****   /* USER CODE END SysTick_IRQn 1 */
 182:Core/Src/stm32f4xx_it.c **** }
 185              		.loc 1 182 1 view .LVU28
 186 0014 08BD     		pop	{r3, pc}
 187              	.L15:
 175:Core/Src/stm32f4xx_it.c **** #if (INCLUDE_xTaskGetSchedulerState == 1 )
 188              		.loc 1 175 3 is_stmt 1 view .LVU29
 189 0016 FFF7FEFF 		bl	xPortSysTickHandler
 190              	.LVL2:
 191              		.loc 1 182 1 is_stmt 0 view .LVU30
 192 001a FBE7     		b	.L12
 193              		.cfi_endproc
 194              	.LFE230:
 196              		.section	.text.USART1_IRQHandler,"ax",%progbits
 197              		.align	1
 198              		.global	USART1_IRQHandler
 199              		.syntax unified
 200              		.thumb
 201              		.thumb_func
 203              	USART1_IRQHandler:
 204              	.LFB231:
 183:Core/Src/stm32f4xx_it.c **** 
 184:Core/Src/stm32f4xx_it.c **** /******************************************************************************/
 185:Core/Src/stm32f4xx_it.c **** /* STM32F4xx Peripheral Interrupt Handlers                                    */
 186:Core/Src/stm32f4xx_it.c **** /* Add here the Interrupt Handlers for the used peripherals.                  */
 187:Core/Src/stm32f4xx_it.c **** /* For the available peripheral interrupt handler names,                      */
 188:Core/Src/stm32f4xx_it.c **** /* please refer to the startup file (startup_stm32f4xx.s).                    */
 189:Core/Src/stm32f4xx_it.c **** /******************************************************************************/
 190:Core/Src/stm32f4xx_it.c **** 
 191:Core/Src/stm32f4xx_it.c **** /**
 192:Core/Src/stm32f4xx_it.c ****   * @brief This function handles USART1 global interrupt.
 193:Core/Src/stm32f4xx_it.c ****   */
 194:Core/Src/stm32f4xx_it.c **** void USART1_IRQHandler(void)
 195:Core/Src/stm32f4xx_it.c **** {
 205              		.loc 1 195 1 is_stmt 1 view -0
 206              		.cfi_startproc
 207              		@ args = 0, pretend = 0, frame = 0
 208              		@ frame_needed = 0, uses_anonymous_args = 0
 209 0000 08B5     		push	{r3, lr}
 210              		.cfi_def_cfa_offset 8
 211              		.cfi_offset 3, -8
 212              		.cfi_offset 14, -4
 196:Core/Src/stm32f4xx_it.c ****   /* USER CODE BEGIN USART1_IRQn 0 */
ARM GAS  /tmp/ccI77cfE.s 			page 8


 197:Core/Src/stm32f4xx_it.c **** 
 198:Core/Src/stm32f4xx_it.c ****   /* USER CODE END USART1_IRQn 0 */
 199:Core/Src/stm32f4xx_it.c ****   HAL_UART_IRQHandler(&huart1);
 213              		.loc 1 199 3 view .LVU32
 214 0002 0248     		ldr	r0, .L18
 215 0004 FFF7FEFF 		bl	HAL_UART_IRQHandler
 216              	.LVL3:
 200:Core/Src/stm32f4xx_it.c ****   /* USER CODE BEGIN USART1_IRQn 1 */
 201:Core/Src/stm32f4xx_it.c **** 
 202:Core/Src/stm32f4xx_it.c ****   /* USER CODE END USART1_IRQn 1 */
 203:Core/Src/stm32f4xx_it.c **** }
 217              		.loc 1 203 1 is_stmt 0 view .LVU33
 218 0008 08BD     		pop	{r3, pc}
 219              	.L19:
 220 000a 00BF     		.align	2
 221              	.L18:
 222 000c 00000000 		.word	huart1
 223              		.cfi_endproc
 224              	.LFE231:
 226              		.section	.text.DMA2_Stream2_IRQHandler,"ax",%progbits
 227              		.align	1
 228              		.global	DMA2_Stream2_IRQHandler
 229              		.syntax unified
 230              		.thumb
 231              		.thumb_func
 233              	DMA2_Stream2_IRQHandler:
 234              	.LFB232:
 204:Core/Src/stm32f4xx_it.c **** 
 205:Core/Src/stm32f4xx_it.c **** /**
 206:Core/Src/stm32f4xx_it.c ****   * @brief This function handles DMA2 stream2 global interrupt.
 207:Core/Src/stm32f4xx_it.c ****   */
 208:Core/Src/stm32f4xx_it.c **** void DMA2_Stream2_IRQHandler(void)
 209:Core/Src/stm32f4xx_it.c **** {
 235              		.loc 1 209 1 is_stmt 1 view -0
 236              		.cfi_startproc
 237              		@ args = 0, pretend = 0, frame = 0
 238              		@ frame_needed = 0, uses_anonymous_args = 0
 239 0000 08B5     		push	{r3, lr}
 240              		.cfi_def_cfa_offset 8
 241              		.cfi_offset 3, -8
 242              		.cfi_offset 14, -4
 210:Core/Src/stm32f4xx_it.c ****   /* USER CODE BEGIN DMA2_Stream2_IRQn 0 */
 211:Core/Src/stm32f4xx_it.c **** 
 212:Core/Src/stm32f4xx_it.c ****   /* USER CODE END DMA2_Stream2_IRQn 0 */
 213:Core/Src/stm32f4xx_it.c ****   HAL_DMA_IRQHandler(&hdma_usart1_rx);
 243              		.loc 1 213 3 view .LVU35
 244 0002 0248     		ldr	r0, .L22
 245 0004 FFF7FEFF 		bl	HAL_DMA_IRQHandler
 246              	.LVL4:
 214:Core/Src/stm32f4xx_it.c ****   /* USER CODE BEGIN DMA2_Stream2_IRQn 1 */
 215:Core/Src/stm32f4xx_it.c **** 
 216:Core/Src/stm32f4xx_it.c ****   /* USER CODE END DMA2_Stream2_IRQn 1 */
 217:Core/Src/stm32f4xx_it.c **** }
 247              		.loc 1 217 1 is_stmt 0 view .LVU36
 248 0008 08BD     		pop	{r3, pc}
 249              	.L23:
 250 000a 00BF     		.align	2
ARM GAS  /tmp/ccI77cfE.s 			page 9


 251              	.L22:
 252 000c 00000000 		.word	hdma_usart1_rx
 253              		.cfi_endproc
 254              	.LFE232:
 256              		.section	.text.OTG_FS_IRQHandler,"ax",%progbits
 257              		.align	1
 258              		.global	OTG_FS_IRQHandler
 259              		.syntax unified
 260              		.thumb
 261              		.thumb_func
 263              	OTG_FS_IRQHandler:
 264              	.LFB233:
 218:Core/Src/stm32f4xx_it.c **** 
 219:Core/Src/stm32f4xx_it.c **** /**
 220:Core/Src/stm32f4xx_it.c ****   * @brief This function handles USB On The Go FS global interrupt.
 221:Core/Src/stm32f4xx_it.c ****   */
 222:Core/Src/stm32f4xx_it.c **** void OTG_FS_IRQHandler(void)
 223:Core/Src/stm32f4xx_it.c **** {
 265              		.loc 1 223 1 is_stmt 1 view -0
 266              		.cfi_startproc
 267              		@ args = 0, pretend = 0, frame = 0
 268              		@ frame_needed = 0, uses_anonymous_args = 0
 269 0000 08B5     		push	{r3, lr}
 270              		.cfi_def_cfa_offset 8
 271              		.cfi_offset 3, -8
 272              		.cfi_offset 14, -4
 224:Core/Src/stm32f4xx_it.c ****   /* USER CODE BEGIN OTG_FS_IRQn 0 */
 225:Core/Src/stm32f4xx_it.c **** 
 226:Core/Src/stm32f4xx_it.c ****   /* USER CODE END OTG_FS_IRQn 0 */
 227:Core/Src/stm32f4xx_it.c ****   HAL_PCD_IRQHandler(&hpcd_USB_OTG_FS);
 273              		.loc 1 227 3 view .LVU38
 274 0002 0248     		ldr	r0, .L26
 275 0004 FFF7FEFF 		bl	HAL_PCD_IRQHandler
 276              	.LVL5:
 228:Core/Src/stm32f4xx_it.c ****   /* USER CODE BEGIN OTG_FS_IRQn 1 */
 229:Core/Src/stm32f4xx_it.c **** 
 230:Core/Src/stm32f4xx_it.c ****   /* USER CODE END OTG_FS_IRQn 1 */
 231:Core/Src/stm32f4xx_it.c **** }
 277              		.loc 1 231 1 is_stmt 0 view .LVU39
 278 0008 08BD     		pop	{r3, pc}
 279              	.L27:
 280 000a 00BF     		.align	2
 281              	.L26:
 282 000c 00000000 		.word	hpcd_USB_OTG_FS
 283              		.cfi_endproc
 284              	.LFE233:
 286              		.text
 287              	.Letext0:
 288              		.file 2 "/home/cedric/.config/VSCodium/User/globalStorage/bmd.stm32-for-vscode/@xpack-dev-tools/ar
 289              		.file 3 "/home/cedric/.config/VSCodium/User/globalStorage/bmd.stm32-for-vscode/@xpack-dev-tools/ar
 290              		.file 4 "Drivers/CMSIS/Include/core_cm4.h"
 291              		.file 5 "Drivers/CMSIS/Device/ST/STM32F4xx/Include/stm32f411xe.h"
 292              		.file 6 "Drivers/STM32F4xx_HAL_Driver/Inc/stm32f4xx_hal_def.h"
 293              		.file 7 "Drivers/STM32F4xx_HAL_Driver/Inc/stm32f4xx_hal_dma.h"
 294              		.file 8 "Drivers/STM32F4xx_HAL_Driver/Inc/stm32f4xx_hal_uart.h"
 295              		.file 9 "Drivers/STM32F4xx_HAL_Driver/Inc/stm32f4xx_ll_usb.h"
 296              		.file 10 "Drivers/STM32F4xx_HAL_Driver/Inc/stm32f4xx_hal_pcd.h"
ARM GAS  /tmp/ccI77cfE.s 			page 10


 297              		.file 11 "Middlewares/Third_Party/FreeRTOS/Source/portable/GCC/ARM_CM4F/portmacro.h"
 298              		.file 12 "Core/Inc/FreeRTOSConfig.h"
 299              		.file 13 "Drivers/STM32F4xx_HAL_Driver/Inc/stm32f4xx_hal.h"
 300              		.file 14 "Middlewares/Third_Party/FreeRTOS/Source/include/task.h"
ARM GAS  /tmp/ccI77cfE.s 			page 11


DEFINED SYMBOLS
                            *ABS*:00000000 stm32f4xx_it.c
     /tmp/ccI77cfE.s:21     .text.NMI_Handler:00000000 $t
     /tmp/ccI77cfE.s:27     .text.NMI_Handler:00000000 NMI_Handler
     /tmp/ccI77cfE.s:44     .text.HardFault_Handler:00000000 $t
     /tmp/ccI77cfE.s:50     .text.HardFault_Handler:00000000 HardFault_Handler
     /tmp/ccI77cfE.s:67     .text.MemManage_Handler:00000000 $t
     /tmp/ccI77cfE.s:73     .text.MemManage_Handler:00000000 MemManage_Handler
     /tmp/ccI77cfE.s:90     .text.BusFault_Handler:00000000 $t
     /tmp/ccI77cfE.s:96     .text.BusFault_Handler:00000000 BusFault_Handler
     /tmp/ccI77cfE.s:113    .text.UsageFault_Handler:00000000 $t
     /tmp/ccI77cfE.s:119    .text.UsageFault_Handler:00000000 UsageFault_Handler
     /tmp/ccI77cfE.s:136    .text.DebugMon_Handler:00000000 $t
     /tmp/ccI77cfE.s:142    .text.DebugMon_Handler:00000000 DebugMon_Handler
     /tmp/ccI77cfE.s:155    .text.SysTick_Handler:00000000 $t
     /tmp/ccI77cfE.s:161    .text.SysTick_Handler:00000000 SysTick_Handler
     /tmp/ccI77cfE.s:197    .text.USART1_IRQHandler:00000000 $t
     /tmp/ccI77cfE.s:203    .text.USART1_IRQHandler:00000000 USART1_IRQHandler
     /tmp/ccI77cfE.s:222    .text.USART1_IRQHandler:0000000c $d
     /tmp/ccI77cfE.s:227    .text.DMA2_Stream2_IRQHandler:00000000 $t
     /tmp/ccI77cfE.s:233    .text.DMA2_Stream2_IRQHandler:00000000 DMA2_Stream2_IRQHandler
     /tmp/ccI77cfE.s:252    .text.DMA2_Stream2_IRQHandler:0000000c $d
     /tmp/ccI77cfE.s:257    .text.OTG_FS_IRQHandler:00000000 $t
     /tmp/ccI77cfE.s:263    .text.OTG_FS_IRQHandler:00000000 OTG_FS_IRQHandler
     /tmp/ccI77cfE.s:282    .text.OTG_FS_IRQHandler:0000000c $d

UNDEFINED SYMBOLS
HAL_IncTick
xTaskGetSchedulerState
xPortSysTickHandler
HAL_UART_IRQHandler
huart1
HAL_DMA_IRQHandler
hdma_usart1_rx
HAL_PCD_IRQHandler
hpcd_USB_OTG_FS
