ARM GAS  /tmp/cczjsh5W.s 			page 1


   1              		.cpu cortex-m4
   2              		.arch armv7e-m
   3              		.fpu fpv4-sp-d16
   4              		.eabi_attribute 27, 1
   5              		.eabi_attribute 28, 1
   6              		.eabi_attribute 20, 1
   7              		.eabi_attribute 21, 1
   8              		.eabi_attribute 23, 3
   9              		.eabi_attribute 24, 1
  10              		.eabi_attribute 25, 1
  11              		.eabi_attribute 26, 1
  12              		.eabi_attribute 30, 1
  13              		.eabi_attribute 34, 1
  14              		.eabi_attribute 18, 4
  15              		.file	"tim.c"
  16              		.text
  17              	.Ltext0:
  18              		.cfi_sections	.debug_frame
  19              		.file 1 "Core/Src/tim.c"
  20              		.section	.text.HAL_TIM_Base_MspInit,"ax",%progbits
  21              		.align	1
  22              		.global	HAL_TIM_Base_MspInit
  23              		.syntax unified
  24              		.thumb
  25              		.thumb_func
  27              	HAL_TIM_Base_MspInit:
  28              	.LVL0:
  29              	.LFB222:
   1:Core/Src/tim.c **** /* USER CODE BEGIN Header */
   2:Core/Src/tim.c **** /**
   3:Core/Src/tim.c ****   ******************************************************************************
   4:Core/Src/tim.c ****   * @file    tim.c
   5:Core/Src/tim.c ****   * @brief   This file provides code for the configuration
   6:Core/Src/tim.c ****   *          of the TIM instances.
   7:Core/Src/tim.c ****   ******************************************************************************
   8:Core/Src/tim.c ****   * @attention
   9:Core/Src/tim.c ****   *
  10:Core/Src/tim.c ****   * Copyright (c) 2026 STMicroelectronics.
  11:Core/Src/tim.c ****   * All rights reserved.
  12:Core/Src/tim.c ****   *
  13:Core/Src/tim.c ****   * This software is licensed under terms that can be found in the LICENSE file
  14:Core/Src/tim.c ****   * in the root directory of this software component.
  15:Core/Src/tim.c ****   * If no LICENSE file comes with this software, it is provided AS-IS.
  16:Core/Src/tim.c ****   *
  17:Core/Src/tim.c ****   ******************************************************************************
  18:Core/Src/tim.c ****   */
  19:Core/Src/tim.c **** /* USER CODE END Header */
  20:Core/Src/tim.c **** /* Includes ------------------------------------------------------------------*/
  21:Core/Src/tim.c **** #include "tim.h"
  22:Core/Src/tim.c **** 
  23:Core/Src/tim.c **** /* USER CODE BEGIN 0 */
  24:Core/Src/tim.c **** 
  25:Core/Src/tim.c **** /* USER CODE END 0 */
  26:Core/Src/tim.c **** 
  27:Core/Src/tim.c **** TIM_HandleTypeDef htim1;
  28:Core/Src/tim.c **** TIM_HandleTypeDef htim2;
  29:Core/Src/tim.c **** 
ARM GAS  /tmp/cczjsh5W.s 			page 2


  30:Core/Src/tim.c **** /* TIM1 init function */
  31:Core/Src/tim.c **** void MX_TIM1_Init(void)
  32:Core/Src/tim.c **** {
  33:Core/Src/tim.c **** 
  34:Core/Src/tim.c ****   /* USER CODE BEGIN TIM1_Init 0 */
  35:Core/Src/tim.c **** 
  36:Core/Src/tim.c ****   /* USER CODE END TIM1_Init 0 */
  37:Core/Src/tim.c **** 
  38:Core/Src/tim.c ****   TIM_ClockConfigTypeDef sClockSourceConfig = {0};
  39:Core/Src/tim.c ****   TIM_MasterConfigTypeDef sMasterConfig = {0};
  40:Core/Src/tim.c ****   TIM_OC_InitTypeDef sConfigOC = {0};
  41:Core/Src/tim.c ****   TIM_BreakDeadTimeConfigTypeDef sBreakDeadTimeConfig = {0};
  42:Core/Src/tim.c **** 
  43:Core/Src/tim.c ****   /* USER CODE BEGIN TIM1_Init 1 */
  44:Core/Src/tim.c **** 
  45:Core/Src/tim.c ****   /* USER CODE END TIM1_Init 1 */
  46:Core/Src/tim.c ****   htim1.Instance = TIM1;
  47:Core/Src/tim.c ****   htim1.Init.Prescaler = 95;
  48:Core/Src/tim.c ****   htim1.Init.CounterMode = TIM_COUNTERMODE_UP;
  49:Core/Src/tim.c ****   htim1.Init.Period = 19999;
  50:Core/Src/tim.c ****   htim1.Init.ClockDivision = TIM_CLOCKDIVISION_DIV1;
  51:Core/Src/tim.c ****   htim1.Init.RepetitionCounter = 0;
  52:Core/Src/tim.c ****   htim1.Init.AutoReloadPreload = TIM_AUTORELOAD_PRELOAD_DISABLE;
  53:Core/Src/tim.c ****   if (HAL_TIM_Base_Init(&htim1) != HAL_OK)
  54:Core/Src/tim.c ****   {
  55:Core/Src/tim.c ****     Error_Handler();
  56:Core/Src/tim.c ****   }
  57:Core/Src/tim.c ****   sClockSourceConfig.ClockSource = TIM_CLOCKSOURCE_INTERNAL;
  58:Core/Src/tim.c ****   if (HAL_TIM_ConfigClockSource(&htim1, &sClockSourceConfig) != HAL_OK)
  59:Core/Src/tim.c ****   {
  60:Core/Src/tim.c ****     Error_Handler();
  61:Core/Src/tim.c ****   }
  62:Core/Src/tim.c ****   if (HAL_TIM_PWM_Init(&htim1) != HAL_OK)
  63:Core/Src/tim.c ****   {
  64:Core/Src/tim.c ****     Error_Handler();
  65:Core/Src/tim.c ****   }
  66:Core/Src/tim.c ****   sMasterConfig.MasterOutputTrigger = TIM_TRGO_RESET;
  67:Core/Src/tim.c ****   sMasterConfig.MasterSlaveMode = TIM_MASTERSLAVEMODE_DISABLE;
  68:Core/Src/tim.c ****   if (HAL_TIMEx_MasterConfigSynchronization(&htim1, &sMasterConfig) != HAL_OK)
  69:Core/Src/tim.c ****   {
  70:Core/Src/tim.c ****     Error_Handler();
  71:Core/Src/tim.c ****   }
  72:Core/Src/tim.c ****   sConfigOC.OCMode = TIM_OCMODE_PWM1;
  73:Core/Src/tim.c ****   sConfigOC.Pulse = 0;
  74:Core/Src/tim.c ****   sConfigOC.OCPolarity = TIM_OCPOLARITY_HIGH;
  75:Core/Src/tim.c ****   sConfigOC.OCNPolarity = TIM_OCNPOLARITY_HIGH;
  76:Core/Src/tim.c ****   sConfigOC.OCFastMode = TIM_OCFAST_DISABLE;
  77:Core/Src/tim.c ****   sConfigOC.OCIdleState = TIM_OCIDLESTATE_RESET;
  78:Core/Src/tim.c ****   sConfigOC.OCNIdleState = TIM_OCNIDLESTATE_RESET;
  79:Core/Src/tim.c ****   if (HAL_TIM_PWM_ConfigChannel(&htim1, &sConfigOC, TIM_CHANNEL_1) != HAL_OK)
  80:Core/Src/tim.c ****   {
  81:Core/Src/tim.c ****     Error_Handler();
  82:Core/Src/tim.c ****   }
  83:Core/Src/tim.c ****   if (HAL_TIM_PWM_ConfigChannel(&htim1, &sConfigOC, TIM_CHANNEL_2) != HAL_OK)
  84:Core/Src/tim.c ****   {
  85:Core/Src/tim.c ****     Error_Handler();
  86:Core/Src/tim.c ****   }
ARM GAS  /tmp/cczjsh5W.s 			page 3


  87:Core/Src/tim.c ****   if (HAL_TIM_PWM_ConfigChannel(&htim1, &sConfigOC, TIM_CHANNEL_3) != HAL_OK)
  88:Core/Src/tim.c ****   {
  89:Core/Src/tim.c ****     Error_Handler();
  90:Core/Src/tim.c ****   }
  91:Core/Src/tim.c ****   sBreakDeadTimeConfig.OffStateRunMode = TIM_OSSR_DISABLE;
  92:Core/Src/tim.c ****   sBreakDeadTimeConfig.OffStateIDLEMode = TIM_OSSI_DISABLE;
  93:Core/Src/tim.c ****   sBreakDeadTimeConfig.LockLevel = TIM_LOCKLEVEL_OFF;
  94:Core/Src/tim.c ****   sBreakDeadTimeConfig.DeadTime = 0;
  95:Core/Src/tim.c ****   sBreakDeadTimeConfig.BreakState = TIM_BREAK_DISABLE;
  96:Core/Src/tim.c ****   sBreakDeadTimeConfig.BreakPolarity = TIM_BREAKPOLARITY_HIGH;
  97:Core/Src/tim.c ****   sBreakDeadTimeConfig.AutomaticOutput = TIM_AUTOMATICOUTPUT_DISABLE;
  98:Core/Src/tim.c ****   if (HAL_TIMEx_ConfigBreakDeadTime(&htim1, &sBreakDeadTimeConfig) != HAL_OK)
  99:Core/Src/tim.c ****   {
 100:Core/Src/tim.c ****     Error_Handler();
 101:Core/Src/tim.c ****   }
 102:Core/Src/tim.c ****   /* USER CODE BEGIN TIM1_Init 2 */
 103:Core/Src/tim.c **** 
 104:Core/Src/tim.c ****   /* USER CODE END TIM1_Init 2 */
 105:Core/Src/tim.c ****   HAL_TIM_MspPostInit(&htim1);
 106:Core/Src/tim.c **** 
 107:Core/Src/tim.c **** }
 108:Core/Src/tim.c **** /* TIM2 init function */
 109:Core/Src/tim.c **** void MX_TIM2_Init(void)
 110:Core/Src/tim.c **** {
 111:Core/Src/tim.c **** 
 112:Core/Src/tim.c ****   /* USER CODE BEGIN TIM2_Init 0 */
 113:Core/Src/tim.c **** 
 114:Core/Src/tim.c ****   /* USER CODE END TIM2_Init 0 */
 115:Core/Src/tim.c **** 
 116:Core/Src/tim.c ****   TIM_ClockConfigTypeDef sClockSourceConfig = {0};
 117:Core/Src/tim.c ****   TIM_MasterConfigTypeDef sMasterConfig = {0};
 118:Core/Src/tim.c ****   TIM_OC_InitTypeDef sConfigOC = {0};
 119:Core/Src/tim.c **** 
 120:Core/Src/tim.c ****   /* USER CODE BEGIN TIM2_Init 1 */
 121:Core/Src/tim.c **** 
 122:Core/Src/tim.c ****   /* USER CODE END TIM2_Init 1 */
 123:Core/Src/tim.c ****   htim2.Instance = TIM2;
 124:Core/Src/tim.c ****   htim2.Init.Prescaler = 96;
 125:Core/Src/tim.c ****   htim2.Init.CounterMode = TIM_COUNTERMODE_UP;
 126:Core/Src/tim.c ****   htim2.Init.Period = 100;
 127:Core/Src/tim.c ****   htim2.Init.ClockDivision = TIM_CLOCKDIVISION_DIV1;
 128:Core/Src/tim.c ****   htim2.Init.AutoReloadPreload = TIM_AUTORELOAD_PRELOAD_DISABLE;
 129:Core/Src/tim.c ****   if (HAL_TIM_Base_Init(&htim2) != HAL_OK)
 130:Core/Src/tim.c ****   {
 131:Core/Src/tim.c ****     Error_Handler();
 132:Core/Src/tim.c ****   }
 133:Core/Src/tim.c ****   sClockSourceConfig.ClockSource = TIM_CLOCKSOURCE_INTERNAL;
 134:Core/Src/tim.c ****   if (HAL_TIM_ConfigClockSource(&htim2, &sClockSourceConfig) != HAL_OK)
 135:Core/Src/tim.c ****   {
 136:Core/Src/tim.c ****     Error_Handler();
 137:Core/Src/tim.c ****   }
 138:Core/Src/tim.c ****   if (HAL_TIM_PWM_Init(&htim2) != HAL_OK)
 139:Core/Src/tim.c ****   {
 140:Core/Src/tim.c ****     Error_Handler();
 141:Core/Src/tim.c ****   }
 142:Core/Src/tim.c ****   sMasterConfig.MasterOutputTrigger = TIM_TRGO_RESET;
 143:Core/Src/tim.c ****   sMasterConfig.MasterSlaveMode = TIM_MASTERSLAVEMODE_DISABLE;
ARM GAS  /tmp/cczjsh5W.s 			page 4


 144:Core/Src/tim.c ****   if (HAL_TIMEx_MasterConfigSynchronization(&htim2, &sMasterConfig) != HAL_OK)
 145:Core/Src/tim.c ****   {
 146:Core/Src/tim.c ****     Error_Handler();
 147:Core/Src/tim.c ****   }
 148:Core/Src/tim.c ****   sConfigOC.OCMode = TIM_OCMODE_PWM1;
 149:Core/Src/tim.c ****   sConfigOC.Pulse = 0;
 150:Core/Src/tim.c ****   sConfigOC.OCPolarity = TIM_OCPOLARITY_HIGH;
 151:Core/Src/tim.c ****   sConfigOC.OCFastMode = TIM_OCFAST_DISABLE;
 152:Core/Src/tim.c ****   if (HAL_TIM_PWM_ConfigChannel(&htim2, &sConfigOC, TIM_CHANNEL_1) != HAL_OK)
 153:Core/Src/tim.c ****   {
 154:Core/Src/tim.c ****     Error_Handler();
 155:Core/Src/tim.c ****   }
 156:Core/Src/tim.c ****   if (HAL_TIM_PWM_ConfigChannel(&htim2, &sConfigOC, TIM_CHANNEL_2) != HAL_OK)
 157:Core/Src/tim.c ****   {
 158:Core/Src/tim.c ****     Error_Handler();
 159:Core/Src/tim.c ****   }
 160:Core/Src/tim.c ****   /* USER CODE BEGIN TIM2_Init 2 */
 161:Core/Src/tim.c **** 
 162:Core/Src/tim.c ****   /* USER CODE END TIM2_Init 2 */
 163:Core/Src/tim.c ****   HAL_TIM_MspPostInit(&htim2);
 164:Core/Src/tim.c **** 
 165:Core/Src/tim.c **** }
 166:Core/Src/tim.c **** 
 167:Core/Src/tim.c **** void HAL_TIM_Base_MspInit(TIM_HandleTypeDef* tim_baseHandle)
 168:Core/Src/tim.c **** {
  30              		.loc 1 168 1 view -0
  31              		.cfi_startproc
  32              		@ args = 0, pretend = 0, frame = 8
  33              		@ frame_needed = 0, uses_anonymous_args = 0
  34              		@ link register save eliminated.
  35              		.loc 1 168 1 is_stmt 0 view .LVU1
  36 0000 82B0     		sub	sp, sp, #8
  37              		.cfi_def_cfa_offset 8
 169:Core/Src/tim.c **** 
 170:Core/Src/tim.c ****   if(tim_baseHandle->Instance==TIM1)
  38              		.loc 1 170 3 is_stmt 1 view .LVU2
  39              		.loc 1 170 20 is_stmt 0 view .LVU3
  40 0002 0368     		ldr	r3, [r0]
  41              		.loc 1 170 5 view .LVU4
  42 0004 104A     		ldr	r2, .L7
  43 0006 9342     		cmp	r3, r2
  44 0008 04D0     		beq	.L5
 171:Core/Src/tim.c ****   {
 172:Core/Src/tim.c ****   /* USER CODE BEGIN TIM1_MspInit 0 */
 173:Core/Src/tim.c **** 
 174:Core/Src/tim.c ****   /* USER CODE END TIM1_MspInit 0 */
 175:Core/Src/tim.c ****     /* TIM1 clock enable */
 176:Core/Src/tim.c ****     __HAL_RCC_TIM1_CLK_ENABLE();
 177:Core/Src/tim.c ****   /* USER CODE BEGIN TIM1_MspInit 1 */
 178:Core/Src/tim.c **** 
 179:Core/Src/tim.c ****   /* USER CODE END TIM1_MspInit 1 */
 180:Core/Src/tim.c ****   }
 181:Core/Src/tim.c ****   else if(tim_baseHandle->Instance==TIM2)
  45              		.loc 1 181 8 is_stmt 1 view .LVU5
  46              		.loc 1 181 10 is_stmt 0 view .LVU6
  47 000a B3F1804F 		cmp	r3, #1073741824
  48 000e 0ED0     		beq	.L6
ARM GAS  /tmp/cczjsh5W.s 			page 5


  49              	.L1:
 182:Core/Src/tim.c ****   {
 183:Core/Src/tim.c ****   /* USER CODE BEGIN TIM2_MspInit 0 */
 184:Core/Src/tim.c **** 
 185:Core/Src/tim.c ****   /* USER CODE END TIM2_MspInit 0 */
 186:Core/Src/tim.c ****     /* TIM2 clock enable */
 187:Core/Src/tim.c ****     __HAL_RCC_TIM2_CLK_ENABLE();
 188:Core/Src/tim.c ****   /* USER CODE BEGIN TIM2_MspInit 1 */
 189:Core/Src/tim.c **** 
 190:Core/Src/tim.c ****   /* USER CODE END TIM2_MspInit 1 */
 191:Core/Src/tim.c ****   }
 192:Core/Src/tim.c **** }
  50              		.loc 1 192 1 view .LVU7
  51 0010 02B0     		add	sp, sp, #8
  52              		.cfi_remember_state
  53              		.cfi_def_cfa_offset 0
  54              		@ sp needed
  55 0012 7047     		bx	lr
  56              	.L5:
  57              		.cfi_restore_state
 176:Core/Src/tim.c ****   /* USER CODE BEGIN TIM1_MspInit 1 */
  58              		.loc 1 176 5 is_stmt 1 view .LVU8
  59              	.LBB2:
 176:Core/Src/tim.c ****   /* USER CODE BEGIN TIM1_MspInit 1 */
  60              		.loc 1 176 5 view .LVU9
  61 0014 0023     		movs	r3, #0
  62 0016 0093     		str	r3, [sp]
 176:Core/Src/tim.c ****   /* USER CODE BEGIN TIM1_MspInit 1 */
  63              		.loc 1 176 5 view .LVU10
  64 0018 0C4B     		ldr	r3, .L7+4
  65 001a 5A6C     		ldr	r2, [r3, #68]
  66 001c 42F00102 		orr	r2, r2, #1
  67 0020 5A64     		str	r2, [r3, #68]
 176:Core/Src/tim.c ****   /* USER CODE BEGIN TIM1_MspInit 1 */
  68              		.loc 1 176 5 view .LVU11
  69 0022 5B6C     		ldr	r3, [r3, #68]
  70 0024 03F00103 		and	r3, r3, #1
  71 0028 0093     		str	r3, [sp]
 176:Core/Src/tim.c ****   /* USER CODE BEGIN TIM1_MspInit 1 */
  72              		.loc 1 176 5 view .LVU12
  73 002a 009B     		ldr	r3, [sp]
  74              	.LBE2:
 176:Core/Src/tim.c ****   /* USER CODE BEGIN TIM1_MspInit 1 */
  75              		.loc 1 176 5 view .LVU13
  76 002c F0E7     		b	.L1
  77              	.L6:
 187:Core/Src/tim.c ****   /* USER CODE BEGIN TIM2_MspInit 1 */
  78              		.loc 1 187 5 view .LVU14
  79              	.LBB3:
 187:Core/Src/tim.c ****   /* USER CODE BEGIN TIM2_MspInit 1 */
  80              		.loc 1 187 5 view .LVU15
  81 002e 0023     		movs	r3, #0
  82 0030 0193     		str	r3, [sp, #4]
 187:Core/Src/tim.c ****   /* USER CODE BEGIN TIM2_MspInit 1 */
  83              		.loc 1 187 5 view .LVU16
  84 0032 064B     		ldr	r3, .L7+4
  85 0034 1A6C     		ldr	r2, [r3, #64]
ARM GAS  /tmp/cczjsh5W.s 			page 6


  86 0036 42F00102 		orr	r2, r2, #1
  87 003a 1A64     		str	r2, [r3, #64]
 187:Core/Src/tim.c ****   /* USER CODE BEGIN TIM2_MspInit 1 */
  88              		.loc 1 187 5 view .LVU17
  89 003c 1B6C     		ldr	r3, [r3, #64]
  90 003e 03F00103 		and	r3, r3, #1
  91 0042 0193     		str	r3, [sp, #4]
 187:Core/Src/tim.c ****   /* USER CODE BEGIN TIM2_MspInit 1 */
  92              		.loc 1 187 5 view .LVU18
  93 0044 019B     		ldr	r3, [sp, #4]
  94              	.LBE3:
 187:Core/Src/tim.c ****   /* USER CODE BEGIN TIM2_MspInit 1 */
  95              		.loc 1 187 5 discriminator 1 view .LVU19
  96              		.loc 1 192 1 is_stmt 0 view .LVU20
  97 0046 E3E7     		b	.L1
  98              	.L8:
  99              		.align	2
 100              	.L7:
 101 0048 00000140 		.word	1073807360
 102 004c 00380240 		.word	1073887232
 103              		.cfi_endproc
 104              	.LFE222:
 106              		.section	.text.HAL_TIM_MspPostInit,"ax",%progbits
 107              		.align	1
 108              		.global	HAL_TIM_MspPostInit
 109              		.syntax unified
 110              		.thumb
 111              		.thumb_func
 113              	HAL_TIM_MspPostInit:
 114              	.LVL1:
 115              	.LFB223:
 193:Core/Src/tim.c **** void HAL_TIM_MspPostInit(TIM_HandleTypeDef* timHandle)
 194:Core/Src/tim.c **** {
 116              		.loc 1 194 1 is_stmt 1 view -0
 117              		.cfi_startproc
 118              		@ args = 0, pretend = 0, frame = 32
 119              		@ frame_needed = 0, uses_anonymous_args = 0
 120              		.loc 1 194 1 is_stmt 0 view .LVU22
 121 0000 00B5     		push	{lr}
 122              		.cfi_def_cfa_offset 4
 123              		.cfi_offset 14, -4
 124 0002 89B0     		sub	sp, sp, #36
 125              		.cfi_def_cfa_offset 40
 195:Core/Src/tim.c **** 
 196:Core/Src/tim.c ****   GPIO_InitTypeDef GPIO_InitStruct = {0};
 126              		.loc 1 196 3 is_stmt 1 view .LVU23
 127              		.loc 1 196 20 is_stmt 0 view .LVU24
 128 0004 0023     		movs	r3, #0
 129 0006 0393     		str	r3, [sp, #12]
 130 0008 0493     		str	r3, [sp, #16]
 131 000a 0593     		str	r3, [sp, #20]
 132 000c 0693     		str	r3, [sp, #24]
 133 000e 0793     		str	r3, [sp, #28]
 197:Core/Src/tim.c ****   if(timHandle->Instance==TIM1)
 134              		.loc 1 197 3 is_stmt 1 view .LVU25
 135              		.loc 1 197 15 is_stmt 0 view .LVU26
 136 0010 0368     		ldr	r3, [r0]
ARM GAS  /tmp/cczjsh5W.s 			page 7


 137              		.loc 1 197 5 view .LVU27
 138 0012 1C4A     		ldr	r2, .L15
 139 0014 9342     		cmp	r3, r2
 140 0016 05D0     		beq	.L13
 198:Core/Src/tim.c ****   {
 199:Core/Src/tim.c ****   /* USER CODE BEGIN TIM1_MspPostInit 0 */
 200:Core/Src/tim.c **** 
 201:Core/Src/tim.c ****   /* USER CODE END TIM1_MspPostInit 0 */
 202:Core/Src/tim.c ****     __HAL_RCC_GPIOA_CLK_ENABLE();
 203:Core/Src/tim.c ****     /**TIM1 GPIO Configuration
 204:Core/Src/tim.c ****     PA8     ------> TIM1_CH1
 205:Core/Src/tim.c ****     PA9     ------> TIM1_CH2
 206:Core/Src/tim.c ****     PA10     ------> TIM1_CH3
 207:Core/Src/tim.c ****     */
 208:Core/Src/tim.c ****     GPIO_InitStruct.Pin = Servo_1_Pin|Servo_2_Pin|Servo_Tilt_Pin;
 209:Core/Src/tim.c ****     GPIO_InitStruct.Mode = GPIO_MODE_AF_PP;
 210:Core/Src/tim.c ****     GPIO_InitStruct.Pull = GPIO_NOPULL;
 211:Core/Src/tim.c ****     GPIO_InitStruct.Speed = GPIO_SPEED_FREQ_LOW;
 212:Core/Src/tim.c ****     GPIO_InitStruct.Alternate = GPIO_AF1_TIM1;
 213:Core/Src/tim.c ****     HAL_GPIO_Init(GPIOA, &GPIO_InitStruct);
 214:Core/Src/tim.c **** 
 215:Core/Src/tim.c ****   /* USER CODE BEGIN TIM1_MspPostInit 1 */
 216:Core/Src/tim.c **** 
 217:Core/Src/tim.c ****   /* USER CODE END TIM1_MspPostInit 1 */
 218:Core/Src/tim.c ****   }
 219:Core/Src/tim.c ****   else if(timHandle->Instance==TIM2)
 141              		.loc 1 219 8 is_stmt 1 view .LVU28
 142              		.loc 1 219 10 is_stmt 0 view .LVU29
 143 0018 B3F1804F 		cmp	r3, #1073741824
 144 001c 1AD0     		beq	.L14
 145              	.LVL2:
 146              	.L9:
 220:Core/Src/tim.c ****   {
 221:Core/Src/tim.c ****   /* USER CODE BEGIN TIM2_MspPostInit 0 */
 222:Core/Src/tim.c **** 
 223:Core/Src/tim.c ****   /* USER CODE END TIM2_MspPostInit 0 */
 224:Core/Src/tim.c **** 
 225:Core/Src/tim.c ****     __HAL_RCC_GPIOA_CLK_ENABLE();
 226:Core/Src/tim.c ****     /**TIM2 GPIO Configuration
 227:Core/Src/tim.c ****     PA1     ------> TIM2_CH2
 228:Core/Src/tim.c ****     PA5     ------> TIM2_CH1
 229:Core/Src/tim.c ****     */
 230:Core/Src/tim.c ****     GPIO_InitStruct.Pin = Motor_2_Pin|Motor_1_Pin;
 231:Core/Src/tim.c ****     GPIO_InitStruct.Mode = GPIO_MODE_AF_PP;
 232:Core/Src/tim.c ****     GPIO_InitStruct.Pull = GPIO_NOPULL;
 233:Core/Src/tim.c ****     GPIO_InitStruct.Speed = GPIO_SPEED_FREQ_LOW;
 234:Core/Src/tim.c ****     GPIO_InitStruct.Alternate = GPIO_AF1_TIM2;
 235:Core/Src/tim.c ****     HAL_GPIO_Init(GPIOA, &GPIO_InitStruct);
 236:Core/Src/tim.c **** 
 237:Core/Src/tim.c ****   /* USER CODE BEGIN TIM2_MspPostInit 1 */
 238:Core/Src/tim.c **** 
 239:Core/Src/tim.c ****   /* USER CODE END TIM2_MspPostInit 1 */
 240:Core/Src/tim.c ****   }
 241:Core/Src/tim.c **** 
 242:Core/Src/tim.c **** }
 147              		.loc 1 242 1 view .LVU30
 148 001e 09B0     		add	sp, sp, #36
ARM GAS  /tmp/cczjsh5W.s 			page 8


 149              		.cfi_remember_state
 150              		.cfi_def_cfa_offset 4
 151              		@ sp needed
 152 0020 5DF804FB 		ldr	pc, [sp], #4
 153              	.LVL3:
 154              	.L13:
 155              		.cfi_restore_state
 202:Core/Src/tim.c ****     /**TIM1 GPIO Configuration
 156              		.loc 1 202 5 is_stmt 1 view .LVU31
 157              	.LBB4:
 202:Core/Src/tim.c ****     /**TIM1 GPIO Configuration
 158              		.loc 1 202 5 view .LVU32
 159 0024 0023     		movs	r3, #0
 160 0026 0193     		str	r3, [sp, #4]
 202:Core/Src/tim.c ****     /**TIM1 GPIO Configuration
 161              		.loc 1 202 5 view .LVU33
 162 0028 174B     		ldr	r3, .L15+4
 163 002a 1A6B     		ldr	r2, [r3, #48]
 164 002c 42F00102 		orr	r2, r2, #1
 165 0030 1A63     		str	r2, [r3, #48]
 202:Core/Src/tim.c ****     /**TIM1 GPIO Configuration
 166              		.loc 1 202 5 view .LVU34
 167 0032 1B6B     		ldr	r3, [r3, #48]
 168 0034 03F00103 		and	r3, r3, #1
 169 0038 0193     		str	r3, [sp, #4]
 202:Core/Src/tim.c ****     /**TIM1 GPIO Configuration
 170              		.loc 1 202 5 view .LVU35
 171 003a 019B     		ldr	r3, [sp, #4]
 172              	.LBE4:
 202:Core/Src/tim.c ****     /**TIM1 GPIO Configuration
 173              		.loc 1 202 5 view .LVU36
 208:Core/Src/tim.c ****     GPIO_InitStruct.Mode = GPIO_MODE_AF_PP;
 174              		.loc 1 208 5 view .LVU37
 208:Core/Src/tim.c ****     GPIO_InitStruct.Mode = GPIO_MODE_AF_PP;
 175              		.loc 1 208 25 is_stmt 0 view .LVU38
 176 003c 4FF4E063 		mov	r3, #1792
 177 0040 0393     		str	r3, [sp, #12]
 209:Core/Src/tim.c ****     GPIO_InitStruct.Pull = GPIO_NOPULL;
 178              		.loc 1 209 5 is_stmt 1 view .LVU39
 209:Core/Src/tim.c ****     GPIO_InitStruct.Pull = GPIO_NOPULL;
 179              		.loc 1 209 26 is_stmt 0 view .LVU40
 180 0042 0223     		movs	r3, #2
 181 0044 0493     		str	r3, [sp, #16]
 210:Core/Src/tim.c ****     GPIO_InitStruct.Speed = GPIO_SPEED_FREQ_LOW;
 182              		.loc 1 210 5 is_stmt 1 view .LVU41
 211:Core/Src/tim.c ****     GPIO_InitStruct.Alternate = GPIO_AF1_TIM1;
 183              		.loc 1 211 5 view .LVU42
 212:Core/Src/tim.c ****     HAL_GPIO_Init(GPIOA, &GPIO_InitStruct);
 184              		.loc 1 212 5 view .LVU43
 212:Core/Src/tim.c ****     HAL_GPIO_Init(GPIOA, &GPIO_InitStruct);
 185              		.loc 1 212 31 is_stmt 0 view .LVU44
 186 0046 0123     		movs	r3, #1
 187 0048 0793     		str	r3, [sp, #28]
 213:Core/Src/tim.c **** 
 188              		.loc 1 213 5 is_stmt 1 view .LVU45
 189 004a 03A9     		add	r1, sp, #12
 190 004c 0F48     		ldr	r0, .L15+8
ARM GAS  /tmp/cczjsh5W.s 			page 9


 191              	.LVL4:
 213:Core/Src/tim.c **** 
 192              		.loc 1 213 5 is_stmt 0 view .LVU46
 193 004e FFF7FEFF 		bl	HAL_GPIO_Init
 194              	.LVL5:
 195 0052 E4E7     		b	.L9
 196              	.LVL6:
 197              	.L14:
 225:Core/Src/tim.c ****     /**TIM2 GPIO Configuration
 198              		.loc 1 225 5 is_stmt 1 view .LVU47
 199              	.LBB5:
 225:Core/Src/tim.c ****     /**TIM2 GPIO Configuration
 200              		.loc 1 225 5 view .LVU48
 201 0054 0023     		movs	r3, #0
 202 0056 0293     		str	r3, [sp, #8]
 225:Core/Src/tim.c ****     /**TIM2 GPIO Configuration
 203              		.loc 1 225 5 view .LVU49
 204 0058 0B4B     		ldr	r3, .L15+4
 205 005a 1A6B     		ldr	r2, [r3, #48]
 206 005c 42F00102 		orr	r2, r2, #1
 207 0060 1A63     		str	r2, [r3, #48]
 225:Core/Src/tim.c ****     /**TIM2 GPIO Configuration
 208              		.loc 1 225 5 view .LVU50
 209 0062 1B6B     		ldr	r3, [r3, #48]
 210 0064 03F00103 		and	r3, r3, #1
 211 0068 0293     		str	r3, [sp, #8]
 225:Core/Src/tim.c ****     /**TIM2 GPIO Configuration
 212              		.loc 1 225 5 view .LVU51
 213 006a 029B     		ldr	r3, [sp, #8]
 214              	.LBE5:
 225:Core/Src/tim.c ****     /**TIM2 GPIO Configuration
 215              		.loc 1 225 5 view .LVU52
 230:Core/Src/tim.c ****     GPIO_InitStruct.Mode = GPIO_MODE_AF_PP;
 216              		.loc 1 230 5 view .LVU53
 230:Core/Src/tim.c ****     GPIO_InitStruct.Mode = GPIO_MODE_AF_PP;
 217              		.loc 1 230 25 is_stmt 0 view .LVU54
 218 006c 2223     		movs	r3, #34
 219 006e 0393     		str	r3, [sp, #12]
 231:Core/Src/tim.c ****     GPIO_InitStruct.Pull = GPIO_NOPULL;
 220              		.loc 1 231 5 is_stmt 1 view .LVU55
 231:Core/Src/tim.c ****     GPIO_InitStruct.Pull = GPIO_NOPULL;
 221              		.loc 1 231 26 is_stmt 0 view .LVU56
 222 0070 0223     		movs	r3, #2
 223 0072 0493     		str	r3, [sp, #16]
 232:Core/Src/tim.c ****     GPIO_InitStruct.Speed = GPIO_SPEED_FREQ_LOW;
 224              		.loc 1 232 5 is_stmt 1 view .LVU57
 233:Core/Src/tim.c ****     GPIO_InitStruct.Alternate = GPIO_AF1_TIM2;
 225              		.loc 1 233 5 view .LVU58
 234:Core/Src/tim.c ****     HAL_GPIO_Init(GPIOA, &GPIO_InitStruct);
 226              		.loc 1 234 5 view .LVU59
 234:Core/Src/tim.c ****     HAL_GPIO_Init(GPIOA, &GPIO_InitStruct);
 227              		.loc 1 234 31 is_stmt 0 view .LVU60
 228 0074 0123     		movs	r3, #1
 229 0076 0793     		str	r3, [sp, #28]
 235:Core/Src/tim.c **** 
 230              		.loc 1 235 5 is_stmt 1 view .LVU61
 231 0078 03A9     		add	r1, sp, #12
ARM GAS  /tmp/cczjsh5W.s 			page 10


 232 007a 0448     		ldr	r0, .L15+8
 233              	.LVL7:
 235:Core/Src/tim.c **** 
 234              		.loc 1 235 5 is_stmt 0 view .LVU62
 235 007c FFF7FEFF 		bl	HAL_GPIO_Init
 236              	.LVL8:
 237              		.loc 1 242 1 view .LVU63
 238 0080 CDE7     		b	.L9
 239              	.L16:
 240 0082 00BF     		.align	2
 241              	.L15:
 242 0084 00000140 		.word	1073807360
 243 0088 00380240 		.word	1073887232
 244 008c 00000240 		.word	1073872896
 245              		.cfi_endproc
 246              	.LFE223:
 248              		.section	.text.MX_TIM1_Init,"ax",%progbits
 249              		.align	1
 250              		.global	MX_TIM1_Init
 251              		.syntax unified
 252              		.thumb
 253              		.thumb_func
 255              	MX_TIM1_Init:
 256              	.LFB220:
  32:Core/Src/tim.c **** 
 257              		.loc 1 32 1 is_stmt 1 view -0
 258              		.cfi_startproc
 259              		@ args = 0, pretend = 0, frame = 88
 260              		@ frame_needed = 0, uses_anonymous_args = 0
 261 0000 10B5     		push	{r4, lr}
 262              		.cfi_def_cfa_offset 8
 263              		.cfi_offset 4, -8
 264              		.cfi_offset 14, -4
 265 0002 96B0     		sub	sp, sp, #88
 266              		.cfi_def_cfa_offset 96
  38:Core/Src/tim.c ****   TIM_MasterConfigTypeDef sMasterConfig = {0};
 267              		.loc 1 38 3 view .LVU65
  38:Core/Src/tim.c ****   TIM_MasterConfigTypeDef sMasterConfig = {0};
 268              		.loc 1 38 26 is_stmt 0 view .LVU66
 269 0004 0024     		movs	r4, #0
 270 0006 1294     		str	r4, [sp, #72]
 271 0008 1394     		str	r4, [sp, #76]
 272 000a 1494     		str	r4, [sp, #80]
 273 000c 1594     		str	r4, [sp, #84]
  39:Core/Src/tim.c ****   TIM_OC_InitTypeDef sConfigOC = {0};
 274              		.loc 1 39 3 is_stmt 1 view .LVU67
  39:Core/Src/tim.c ****   TIM_OC_InitTypeDef sConfigOC = {0};
 275              		.loc 1 39 27 is_stmt 0 view .LVU68
 276 000e 1094     		str	r4, [sp, #64]
 277 0010 1194     		str	r4, [sp, #68]
  40:Core/Src/tim.c ****   TIM_BreakDeadTimeConfigTypeDef sBreakDeadTimeConfig = {0};
 278              		.loc 1 40 3 is_stmt 1 view .LVU69
  40:Core/Src/tim.c ****   TIM_BreakDeadTimeConfigTypeDef sBreakDeadTimeConfig = {0};
 279              		.loc 1 40 22 is_stmt 0 view .LVU70
 280 0012 0994     		str	r4, [sp, #36]
 281 0014 0A94     		str	r4, [sp, #40]
 282 0016 0B94     		str	r4, [sp, #44]
ARM GAS  /tmp/cczjsh5W.s 			page 11


 283 0018 0C94     		str	r4, [sp, #48]
 284 001a 0D94     		str	r4, [sp, #52]
 285 001c 0E94     		str	r4, [sp, #56]
 286 001e 0F94     		str	r4, [sp, #60]
  41:Core/Src/tim.c **** 
 287              		.loc 1 41 3 is_stmt 1 view .LVU71
  41:Core/Src/tim.c **** 
 288              		.loc 1 41 34 is_stmt 0 view .LVU72
 289 0020 2022     		movs	r2, #32
 290 0022 2146     		mov	r1, r4
 291 0024 01A8     		add	r0, sp, #4
 292 0026 FFF7FEFF 		bl	memset
 293              	.LVL9:
  46:Core/Src/tim.c ****   htim1.Init.Prescaler = 95;
 294              		.loc 1 46 3 is_stmt 1 view .LVU73
  46:Core/Src/tim.c ****   htim1.Init.Prescaler = 95;
 295              		.loc 1 46 18 is_stmt 0 view .LVU74
 296 002a 3648     		ldr	r0, .L35
 297 002c 364B     		ldr	r3, .L35+4
 298 002e 0360     		str	r3, [r0]
  47:Core/Src/tim.c ****   htim1.Init.CounterMode = TIM_COUNTERMODE_UP;
 299              		.loc 1 47 3 is_stmt 1 view .LVU75
  47:Core/Src/tim.c ****   htim1.Init.CounterMode = TIM_COUNTERMODE_UP;
 300              		.loc 1 47 24 is_stmt 0 view .LVU76
 301 0030 5F23     		movs	r3, #95
 302 0032 4360     		str	r3, [r0, #4]
  48:Core/Src/tim.c ****   htim1.Init.Period = 19999;
 303              		.loc 1 48 3 is_stmt 1 view .LVU77
  48:Core/Src/tim.c ****   htim1.Init.Period = 19999;
 304              		.loc 1 48 26 is_stmt 0 view .LVU78
 305 0034 8460     		str	r4, [r0, #8]
  49:Core/Src/tim.c ****   htim1.Init.ClockDivision = TIM_CLOCKDIVISION_DIV1;
 306              		.loc 1 49 3 is_stmt 1 view .LVU79
  49:Core/Src/tim.c ****   htim1.Init.ClockDivision = TIM_CLOCKDIVISION_DIV1;
 307              		.loc 1 49 21 is_stmt 0 view .LVU80
 308 0036 44F61F63 		movw	r3, #19999
 309 003a C360     		str	r3, [r0, #12]
  50:Core/Src/tim.c ****   htim1.Init.RepetitionCounter = 0;
 310              		.loc 1 50 3 is_stmt 1 view .LVU81
  50:Core/Src/tim.c ****   htim1.Init.RepetitionCounter = 0;
 311              		.loc 1 50 28 is_stmt 0 view .LVU82
 312 003c 0461     		str	r4, [r0, #16]
  51:Core/Src/tim.c ****   htim1.Init.AutoReloadPreload = TIM_AUTORELOAD_PRELOAD_DISABLE;
 313              		.loc 1 51 3 is_stmt 1 view .LVU83
  51:Core/Src/tim.c ****   htim1.Init.AutoReloadPreload = TIM_AUTORELOAD_PRELOAD_DISABLE;
 314              		.loc 1 51 32 is_stmt 0 view .LVU84
 315 003e 4461     		str	r4, [r0, #20]
  52:Core/Src/tim.c ****   if (HAL_TIM_Base_Init(&htim1) != HAL_OK)
 316              		.loc 1 52 3 is_stmt 1 view .LVU85
  52:Core/Src/tim.c ****   if (HAL_TIM_Base_Init(&htim1) != HAL_OK)
 317              		.loc 1 52 32 is_stmt 0 view .LVU86
 318 0040 8461     		str	r4, [r0, #24]
  53:Core/Src/tim.c ****   {
 319              		.loc 1 53 3 is_stmt 1 view .LVU87
  53:Core/Src/tim.c ****   {
 320              		.loc 1 53 7 is_stmt 0 view .LVU88
 321 0042 FFF7FEFF 		bl	HAL_TIM_Base_Init
ARM GAS  /tmp/cczjsh5W.s 			page 12


 322              	.LVL10:
  53:Core/Src/tim.c ****   {
 323              		.loc 1 53 6 discriminator 1 view .LVU89
 324 0046 0028     		cmp	r0, #0
 325 0048 44D1     		bne	.L27
 326              	.L18:
  57:Core/Src/tim.c ****   if (HAL_TIM_ConfigClockSource(&htim1, &sClockSourceConfig) != HAL_OK)
 327              		.loc 1 57 3 is_stmt 1 view .LVU90
  57:Core/Src/tim.c ****   if (HAL_TIM_ConfigClockSource(&htim1, &sClockSourceConfig) != HAL_OK)
 328              		.loc 1 57 34 is_stmt 0 view .LVU91
 329 004a 4FF48053 		mov	r3, #4096
 330 004e 1293     		str	r3, [sp, #72]
  58:Core/Src/tim.c ****   {
 331              		.loc 1 58 3 is_stmt 1 view .LVU92
  58:Core/Src/tim.c ****   {
 332              		.loc 1 58 7 is_stmt 0 view .LVU93
 333 0050 12A9     		add	r1, sp, #72
 334 0052 2C48     		ldr	r0, .L35
 335 0054 FFF7FEFF 		bl	HAL_TIM_ConfigClockSource
 336              	.LVL11:
  58:Core/Src/tim.c ****   {
 337              		.loc 1 58 6 discriminator 1 view .LVU94
 338 0058 0028     		cmp	r0, #0
 339 005a 3ED1     		bne	.L28
 340              	.L19:
  62:Core/Src/tim.c ****   {
 341              		.loc 1 62 3 is_stmt 1 view .LVU95
  62:Core/Src/tim.c ****   {
 342              		.loc 1 62 7 is_stmt 0 view .LVU96
 343 005c 2948     		ldr	r0, .L35
 344 005e FFF7FEFF 		bl	HAL_TIM_PWM_Init
 345              	.LVL12:
  62:Core/Src/tim.c ****   {
 346              		.loc 1 62 6 discriminator 1 view .LVU97
 347 0062 0028     		cmp	r0, #0
 348 0064 3CD1     		bne	.L29
 349              	.L20:
  66:Core/Src/tim.c ****   sMasterConfig.MasterSlaveMode = TIM_MASTERSLAVEMODE_DISABLE;
 350              		.loc 1 66 3 is_stmt 1 view .LVU98
  66:Core/Src/tim.c ****   sMasterConfig.MasterSlaveMode = TIM_MASTERSLAVEMODE_DISABLE;
 351              		.loc 1 66 37 is_stmt 0 view .LVU99
 352 0066 0023     		movs	r3, #0
 353 0068 1093     		str	r3, [sp, #64]
  67:Core/Src/tim.c ****   if (HAL_TIMEx_MasterConfigSynchronization(&htim1, &sMasterConfig) != HAL_OK)
 354              		.loc 1 67 3 is_stmt 1 view .LVU100
  67:Core/Src/tim.c ****   if (HAL_TIMEx_MasterConfigSynchronization(&htim1, &sMasterConfig) != HAL_OK)
 355              		.loc 1 67 33 is_stmt 0 view .LVU101
 356 006a 1193     		str	r3, [sp, #68]
  68:Core/Src/tim.c ****   {
 357              		.loc 1 68 3 is_stmt 1 view .LVU102
  68:Core/Src/tim.c ****   {
 358              		.loc 1 68 7 is_stmt 0 view .LVU103
 359 006c 10A9     		add	r1, sp, #64
 360 006e 2548     		ldr	r0, .L35
 361 0070 FFF7FEFF 		bl	HAL_TIMEx_MasterConfigSynchronization
 362              	.LVL13:
  68:Core/Src/tim.c ****   {
ARM GAS  /tmp/cczjsh5W.s 			page 13


 363              		.loc 1 68 6 discriminator 1 view .LVU104
 364 0074 0028     		cmp	r0, #0
 365 0076 36D1     		bne	.L30
 366              	.L21:
  72:Core/Src/tim.c ****   sConfigOC.Pulse = 0;
 367              		.loc 1 72 3 is_stmt 1 view .LVU105
  72:Core/Src/tim.c ****   sConfigOC.Pulse = 0;
 368              		.loc 1 72 20 is_stmt 0 view .LVU106
 369 0078 6023     		movs	r3, #96
 370 007a 0993     		str	r3, [sp, #36]
  73:Core/Src/tim.c ****   sConfigOC.OCPolarity = TIM_OCPOLARITY_HIGH;
 371              		.loc 1 73 3 is_stmt 1 view .LVU107
  73:Core/Src/tim.c ****   sConfigOC.OCPolarity = TIM_OCPOLARITY_HIGH;
 372              		.loc 1 73 19 is_stmt 0 view .LVU108
 373 007c 0022     		movs	r2, #0
 374 007e 0A92     		str	r2, [sp, #40]
  74:Core/Src/tim.c ****   sConfigOC.OCNPolarity = TIM_OCNPOLARITY_HIGH;
 375              		.loc 1 74 3 is_stmt 1 view .LVU109
  74:Core/Src/tim.c ****   sConfigOC.OCNPolarity = TIM_OCNPOLARITY_HIGH;
 376              		.loc 1 74 24 is_stmt 0 view .LVU110
 377 0080 0B92     		str	r2, [sp, #44]
  75:Core/Src/tim.c ****   sConfigOC.OCFastMode = TIM_OCFAST_DISABLE;
 378              		.loc 1 75 3 is_stmt 1 view .LVU111
  75:Core/Src/tim.c ****   sConfigOC.OCFastMode = TIM_OCFAST_DISABLE;
 379              		.loc 1 75 25 is_stmt 0 view .LVU112
 380 0082 0C92     		str	r2, [sp, #48]
  76:Core/Src/tim.c ****   sConfigOC.OCIdleState = TIM_OCIDLESTATE_RESET;
 381              		.loc 1 76 3 is_stmt 1 view .LVU113
  76:Core/Src/tim.c ****   sConfigOC.OCIdleState = TIM_OCIDLESTATE_RESET;
 382              		.loc 1 76 24 is_stmt 0 view .LVU114
 383 0084 0D92     		str	r2, [sp, #52]
  77:Core/Src/tim.c ****   sConfigOC.OCNIdleState = TIM_OCNIDLESTATE_RESET;
 384              		.loc 1 77 3 is_stmt 1 view .LVU115
  77:Core/Src/tim.c ****   sConfigOC.OCNIdleState = TIM_OCNIDLESTATE_RESET;
 385              		.loc 1 77 25 is_stmt 0 view .LVU116
 386 0086 0E92     		str	r2, [sp, #56]
  78:Core/Src/tim.c ****   if (HAL_TIM_PWM_ConfigChannel(&htim1, &sConfigOC, TIM_CHANNEL_1) != HAL_OK)
 387              		.loc 1 78 3 is_stmt 1 view .LVU117
  78:Core/Src/tim.c ****   if (HAL_TIM_PWM_ConfigChannel(&htim1, &sConfigOC, TIM_CHANNEL_1) != HAL_OK)
 388              		.loc 1 78 26 is_stmt 0 view .LVU118
 389 0088 0F92     		str	r2, [sp, #60]
  79:Core/Src/tim.c ****   {
 390              		.loc 1 79 3 is_stmt 1 view .LVU119
  79:Core/Src/tim.c ****   {
 391              		.loc 1 79 7 is_stmt 0 view .LVU120
 392 008a 09A9     		add	r1, sp, #36
 393 008c 1D48     		ldr	r0, .L35
 394 008e FFF7FEFF 		bl	HAL_TIM_PWM_ConfigChannel
 395              	.LVL14:
  79:Core/Src/tim.c ****   {
 396              		.loc 1 79 6 discriminator 1 view .LVU121
 397 0092 58BB     		cbnz	r0, .L31
 398              	.L22:
  83:Core/Src/tim.c ****   {
 399              		.loc 1 83 3 is_stmt 1 view .LVU122
  83:Core/Src/tim.c ****   {
 400              		.loc 1 83 7 is_stmt 0 view .LVU123
ARM GAS  /tmp/cczjsh5W.s 			page 14


 401 0094 0422     		movs	r2, #4
 402 0096 09A9     		add	r1, sp, #36
 403 0098 1A48     		ldr	r0, .L35
 404 009a FFF7FEFF 		bl	HAL_TIM_PWM_ConfigChannel
 405              	.LVL15:
  83:Core/Src/tim.c ****   {
 406              		.loc 1 83 6 discriminator 1 view .LVU124
 407 009e 40BB     		cbnz	r0, .L32
 408              	.L23:
  87:Core/Src/tim.c ****   {
 409              		.loc 1 87 3 is_stmt 1 view .LVU125
  87:Core/Src/tim.c ****   {
 410              		.loc 1 87 7 is_stmt 0 view .LVU126
 411 00a0 0822     		movs	r2, #8
 412 00a2 09A9     		add	r1, sp, #36
 413 00a4 1748     		ldr	r0, .L35
 414 00a6 FFF7FEFF 		bl	HAL_TIM_PWM_ConfigChannel
 415              	.LVL16:
  87:Core/Src/tim.c ****   {
 416              		.loc 1 87 6 discriminator 1 view .LVU127
 417 00aa 28BB     		cbnz	r0, .L33
 418              	.L24:
  91:Core/Src/tim.c ****   sBreakDeadTimeConfig.OffStateIDLEMode = TIM_OSSI_DISABLE;
 419              		.loc 1 91 3 is_stmt 1 view .LVU128
  91:Core/Src/tim.c ****   sBreakDeadTimeConfig.OffStateIDLEMode = TIM_OSSI_DISABLE;
 420              		.loc 1 91 40 is_stmt 0 view .LVU129
 421 00ac 0023     		movs	r3, #0
 422 00ae 0193     		str	r3, [sp, #4]
  92:Core/Src/tim.c ****   sBreakDeadTimeConfig.LockLevel = TIM_LOCKLEVEL_OFF;
 423              		.loc 1 92 3 is_stmt 1 view .LVU130
  92:Core/Src/tim.c ****   sBreakDeadTimeConfig.LockLevel = TIM_LOCKLEVEL_OFF;
 424              		.loc 1 92 41 is_stmt 0 view .LVU131
 425 00b0 0293     		str	r3, [sp, #8]
  93:Core/Src/tim.c ****   sBreakDeadTimeConfig.DeadTime = 0;
 426              		.loc 1 93 3 is_stmt 1 view .LVU132
  93:Core/Src/tim.c ****   sBreakDeadTimeConfig.DeadTime = 0;
 427              		.loc 1 93 34 is_stmt 0 view .LVU133
 428 00b2 0393     		str	r3, [sp, #12]
  94:Core/Src/tim.c ****   sBreakDeadTimeConfig.BreakState = TIM_BREAK_DISABLE;
 429              		.loc 1 94 3 is_stmt 1 view .LVU134
  94:Core/Src/tim.c ****   sBreakDeadTimeConfig.BreakState = TIM_BREAK_DISABLE;
 430              		.loc 1 94 33 is_stmt 0 view .LVU135
 431 00b4 0493     		str	r3, [sp, #16]
  95:Core/Src/tim.c ****   sBreakDeadTimeConfig.BreakPolarity = TIM_BREAKPOLARITY_HIGH;
 432              		.loc 1 95 3 is_stmt 1 view .LVU136
  95:Core/Src/tim.c ****   sBreakDeadTimeConfig.BreakPolarity = TIM_BREAKPOLARITY_HIGH;
 433              		.loc 1 95 35 is_stmt 0 view .LVU137
 434 00b6 0593     		str	r3, [sp, #20]
  96:Core/Src/tim.c ****   sBreakDeadTimeConfig.AutomaticOutput = TIM_AUTOMATICOUTPUT_DISABLE;
 435              		.loc 1 96 3 is_stmt 1 view .LVU138
  96:Core/Src/tim.c ****   sBreakDeadTimeConfig.AutomaticOutput = TIM_AUTOMATICOUTPUT_DISABLE;
 436              		.loc 1 96 38 is_stmt 0 view .LVU139
 437 00b8 4FF40052 		mov	r2, #8192
 438 00bc 0692     		str	r2, [sp, #24]
  97:Core/Src/tim.c ****   if (HAL_TIMEx_ConfigBreakDeadTime(&htim1, &sBreakDeadTimeConfig) != HAL_OK)
 439              		.loc 1 97 3 is_stmt 1 view .LVU140
  97:Core/Src/tim.c ****   if (HAL_TIMEx_ConfigBreakDeadTime(&htim1, &sBreakDeadTimeConfig) != HAL_OK)
ARM GAS  /tmp/cczjsh5W.s 			page 15


 440              		.loc 1 97 40 is_stmt 0 view .LVU141
 441 00be 0893     		str	r3, [sp, #32]
  98:Core/Src/tim.c ****   {
 442              		.loc 1 98 3 is_stmt 1 view .LVU142
  98:Core/Src/tim.c ****   {
 443              		.loc 1 98 7 is_stmt 0 view .LVU143
 444 00c0 01A9     		add	r1, sp, #4
 445 00c2 1048     		ldr	r0, .L35
 446 00c4 FFF7FEFF 		bl	HAL_TIMEx_ConfigBreakDeadTime
 447              	.LVL17:
  98:Core/Src/tim.c ****   {
 448              		.loc 1 98 6 discriminator 1 view .LVU144
 449 00c8 C8B9     		cbnz	r0, .L34
 450              	.L25:
 105:Core/Src/tim.c **** 
 451              		.loc 1 105 3 is_stmt 1 view .LVU145
 452 00ca 0E48     		ldr	r0, .L35
 453 00cc FFF7FEFF 		bl	HAL_TIM_MspPostInit
 454              	.LVL18:
 107:Core/Src/tim.c **** /* TIM2 init function */
 455              		.loc 1 107 1 is_stmt 0 view .LVU146
 456 00d0 16B0     		add	sp, sp, #88
 457              		.cfi_remember_state
 458              		.cfi_def_cfa_offset 8
 459              		@ sp needed
 460 00d2 10BD     		pop	{r4, pc}
 461              	.L27:
 462              		.cfi_restore_state
  55:Core/Src/tim.c ****   }
 463              		.loc 1 55 5 is_stmt 1 view .LVU147
 464 00d4 FFF7FEFF 		bl	Error_Handler
 465              	.LVL19:
 466 00d8 B7E7     		b	.L18
 467              	.L28:
  60:Core/Src/tim.c ****   }
 468              		.loc 1 60 5 view .LVU148
 469 00da FFF7FEFF 		bl	Error_Handler
 470              	.LVL20:
 471 00de BDE7     		b	.L19
 472              	.L29:
  64:Core/Src/tim.c ****   }
 473              		.loc 1 64 5 view .LVU149
 474 00e0 FFF7FEFF 		bl	Error_Handler
 475              	.LVL21:
 476 00e4 BFE7     		b	.L20
 477              	.L30:
  70:Core/Src/tim.c ****   }
 478              		.loc 1 70 5 view .LVU150
 479 00e6 FFF7FEFF 		bl	Error_Handler
 480              	.LVL22:
 481 00ea C5E7     		b	.L21
 482              	.L31:
  81:Core/Src/tim.c ****   }
 483              		.loc 1 81 5 view .LVU151
 484 00ec FFF7FEFF 		bl	Error_Handler
 485              	.LVL23:
 486 00f0 D0E7     		b	.L22
ARM GAS  /tmp/cczjsh5W.s 			page 16


 487              	.L32:
  85:Core/Src/tim.c ****   }
 488              		.loc 1 85 5 view .LVU152
 489 00f2 FFF7FEFF 		bl	Error_Handler
 490              	.LVL24:
 491 00f6 D3E7     		b	.L23
 492              	.L33:
  89:Core/Src/tim.c ****   }
 493              		.loc 1 89 5 view .LVU153
 494 00f8 FFF7FEFF 		bl	Error_Handler
 495              	.LVL25:
 496 00fc D6E7     		b	.L24
 497              	.L34:
 100:Core/Src/tim.c ****   }
 498              		.loc 1 100 5 view .LVU154
 499 00fe FFF7FEFF 		bl	Error_Handler
 500              	.LVL26:
 501 0102 E2E7     		b	.L25
 502              	.L36:
 503              		.align	2
 504              	.L35:
 505 0104 00000000 		.word	htim1
 506 0108 00000140 		.word	1073807360
 507              		.cfi_endproc
 508              	.LFE220:
 510              		.section	.text.MX_TIM2_Init,"ax",%progbits
 511              		.align	1
 512              		.global	MX_TIM2_Init
 513              		.syntax unified
 514              		.thumb
 515              		.thumb_func
 517              	MX_TIM2_Init:
 518              	.LFB221:
 110:Core/Src/tim.c **** 
 519              		.loc 1 110 1 view -0
 520              		.cfi_startproc
 521              		@ args = 0, pretend = 0, frame = 56
 522              		@ frame_needed = 0, uses_anonymous_args = 0
 523 0000 00B5     		push	{lr}
 524              		.cfi_def_cfa_offset 4
 525              		.cfi_offset 14, -4
 526 0002 8FB0     		sub	sp, sp, #60
 527              		.cfi_def_cfa_offset 64
 116:Core/Src/tim.c ****   TIM_MasterConfigTypeDef sMasterConfig = {0};
 528              		.loc 1 116 3 view .LVU156
 116:Core/Src/tim.c ****   TIM_MasterConfigTypeDef sMasterConfig = {0};
 529              		.loc 1 116 26 is_stmt 0 view .LVU157
 530 0004 0023     		movs	r3, #0
 531 0006 0A93     		str	r3, [sp, #40]
 532 0008 0B93     		str	r3, [sp, #44]
 533 000a 0C93     		str	r3, [sp, #48]
 534 000c 0D93     		str	r3, [sp, #52]
 117:Core/Src/tim.c ****   TIM_OC_InitTypeDef sConfigOC = {0};
 535              		.loc 1 117 3 is_stmt 1 view .LVU158
 117:Core/Src/tim.c ****   TIM_OC_InitTypeDef sConfigOC = {0};
 536              		.loc 1 117 27 is_stmt 0 view .LVU159
 537 000e 0893     		str	r3, [sp, #32]
ARM GAS  /tmp/cczjsh5W.s 			page 17


 538 0010 0993     		str	r3, [sp, #36]
 118:Core/Src/tim.c **** 
 539              		.loc 1 118 3 is_stmt 1 view .LVU160
 118:Core/Src/tim.c **** 
 540              		.loc 1 118 22 is_stmt 0 view .LVU161
 541 0012 0193     		str	r3, [sp, #4]
 542 0014 0293     		str	r3, [sp, #8]
 543 0016 0393     		str	r3, [sp, #12]
 544 0018 0493     		str	r3, [sp, #16]
 545 001a 0593     		str	r3, [sp, #20]
 546 001c 0693     		str	r3, [sp, #24]
 547 001e 0793     		str	r3, [sp, #28]
 123:Core/Src/tim.c ****   htim2.Init.Prescaler = 96;
 548              		.loc 1 123 3 is_stmt 1 view .LVU162
 123:Core/Src/tim.c ****   htim2.Init.Prescaler = 96;
 549              		.loc 1 123 18 is_stmt 0 view .LVU163
 550 0020 2548     		ldr	r0, .L51
 551 0022 4FF08042 		mov	r2, #1073741824
 552 0026 0260     		str	r2, [r0]
 124:Core/Src/tim.c ****   htim2.Init.CounterMode = TIM_COUNTERMODE_UP;
 553              		.loc 1 124 3 is_stmt 1 view .LVU164
 124:Core/Src/tim.c ****   htim2.Init.CounterMode = TIM_COUNTERMODE_UP;
 554              		.loc 1 124 24 is_stmt 0 view .LVU165
 555 0028 6022     		movs	r2, #96
 556 002a 4260     		str	r2, [r0, #4]
 125:Core/Src/tim.c ****   htim2.Init.Period = 100;
 557              		.loc 1 125 3 is_stmt 1 view .LVU166
 125:Core/Src/tim.c ****   htim2.Init.Period = 100;
 558              		.loc 1 125 26 is_stmt 0 view .LVU167
 559 002c 8360     		str	r3, [r0, #8]
 126:Core/Src/tim.c ****   htim2.Init.ClockDivision = TIM_CLOCKDIVISION_DIV1;
 560              		.loc 1 126 3 is_stmt 1 view .LVU168
 126:Core/Src/tim.c ****   htim2.Init.ClockDivision = TIM_CLOCKDIVISION_DIV1;
 561              		.loc 1 126 21 is_stmt 0 view .LVU169
 562 002e 6422     		movs	r2, #100
 563 0030 C260     		str	r2, [r0, #12]
 127:Core/Src/tim.c ****   htim2.Init.AutoReloadPreload = TIM_AUTORELOAD_PRELOAD_DISABLE;
 564              		.loc 1 127 3 is_stmt 1 view .LVU170
 127:Core/Src/tim.c ****   htim2.Init.AutoReloadPreload = TIM_AUTORELOAD_PRELOAD_DISABLE;
 565              		.loc 1 127 28 is_stmt 0 view .LVU171
 566 0032 0361     		str	r3, [r0, #16]
 128:Core/Src/tim.c ****   if (HAL_TIM_Base_Init(&htim2) != HAL_OK)
 567              		.loc 1 128 3 is_stmt 1 view .LVU172
 128:Core/Src/tim.c ****   if (HAL_TIM_Base_Init(&htim2) != HAL_OK)
 568              		.loc 1 128 32 is_stmt 0 view .LVU173
 569 0034 8361     		str	r3, [r0, #24]
 129:Core/Src/tim.c ****   {
 570              		.loc 1 129 3 is_stmt 1 view .LVU174
 129:Core/Src/tim.c ****   {
 571              		.loc 1 129 7 is_stmt 0 view .LVU175
 572 0036 FFF7FEFF 		bl	HAL_TIM_Base_Init
 573              	.LVL27:
 129:Core/Src/tim.c ****   {
 574              		.loc 1 129 6 discriminator 1 view .LVU176
 575 003a 58BB     		cbnz	r0, .L45
 576              	.L38:
 133:Core/Src/tim.c ****   if (HAL_TIM_ConfigClockSource(&htim2, &sClockSourceConfig) != HAL_OK)
ARM GAS  /tmp/cczjsh5W.s 			page 18


 577              		.loc 1 133 3 is_stmt 1 view .LVU177
 133:Core/Src/tim.c ****   if (HAL_TIM_ConfigClockSource(&htim2, &sClockSourceConfig) != HAL_OK)
 578              		.loc 1 133 34 is_stmt 0 view .LVU178
 579 003c 4FF48053 		mov	r3, #4096
 580 0040 0A93     		str	r3, [sp, #40]
 134:Core/Src/tim.c ****   {
 581              		.loc 1 134 3 is_stmt 1 view .LVU179
 134:Core/Src/tim.c ****   {
 582              		.loc 1 134 7 is_stmt 0 view .LVU180
 583 0042 0AA9     		add	r1, sp, #40
 584 0044 1C48     		ldr	r0, .L51
 585 0046 FFF7FEFF 		bl	HAL_TIM_ConfigClockSource
 586              	.LVL28:
 134:Core/Src/tim.c ****   {
 587              		.loc 1 134 6 discriminator 1 view .LVU181
 588 004a 30BB     		cbnz	r0, .L46
 589              	.L39:
 138:Core/Src/tim.c ****   {
 590              		.loc 1 138 3 is_stmt 1 view .LVU182
 138:Core/Src/tim.c ****   {
 591              		.loc 1 138 7 is_stmt 0 view .LVU183
 592 004c 1A48     		ldr	r0, .L51
 593 004e FFF7FEFF 		bl	HAL_TIM_PWM_Init
 594              	.LVL29:
 138:Core/Src/tim.c ****   {
 595              		.loc 1 138 6 discriminator 1 view .LVU184
 596 0052 28BB     		cbnz	r0, .L47
 597              	.L40:
 142:Core/Src/tim.c ****   sMasterConfig.MasterSlaveMode = TIM_MASTERSLAVEMODE_DISABLE;
 598              		.loc 1 142 3 is_stmt 1 view .LVU185
 142:Core/Src/tim.c ****   sMasterConfig.MasterSlaveMode = TIM_MASTERSLAVEMODE_DISABLE;
 599              		.loc 1 142 37 is_stmt 0 view .LVU186
 600 0054 0023     		movs	r3, #0
 601 0056 0893     		str	r3, [sp, #32]
 143:Core/Src/tim.c ****   if (HAL_TIMEx_MasterConfigSynchronization(&htim2, &sMasterConfig) != HAL_OK)
 602              		.loc 1 143 3 is_stmt 1 view .LVU187
 143:Core/Src/tim.c ****   if (HAL_TIMEx_MasterConfigSynchronization(&htim2, &sMasterConfig) != HAL_OK)
 603              		.loc 1 143 33 is_stmt 0 view .LVU188
 604 0058 0993     		str	r3, [sp, #36]
 144:Core/Src/tim.c ****   {
 605              		.loc 1 144 3 is_stmt 1 view .LVU189
 144:Core/Src/tim.c ****   {
 606              		.loc 1 144 7 is_stmt 0 view .LVU190
 607 005a 08A9     		add	r1, sp, #32
 608 005c 1648     		ldr	r0, .L51
 609 005e FFF7FEFF 		bl	HAL_TIMEx_MasterConfigSynchronization
 610              	.LVL30:
 144:Core/Src/tim.c ****   {
 611              		.loc 1 144 6 discriminator 1 view .LVU191
 612 0062 00BB     		cbnz	r0, .L48
 613              	.L41:
 148:Core/Src/tim.c ****   sConfigOC.Pulse = 0;
 614              		.loc 1 148 3 is_stmt 1 view .LVU192
 148:Core/Src/tim.c ****   sConfigOC.Pulse = 0;
 615              		.loc 1 148 20 is_stmt 0 view .LVU193
 616 0064 6023     		movs	r3, #96
 617 0066 0193     		str	r3, [sp, #4]
ARM GAS  /tmp/cczjsh5W.s 			page 19


 149:Core/Src/tim.c ****   sConfigOC.OCPolarity = TIM_OCPOLARITY_HIGH;
 618              		.loc 1 149 3 is_stmt 1 view .LVU194
 149:Core/Src/tim.c ****   sConfigOC.OCPolarity = TIM_OCPOLARITY_HIGH;
 619              		.loc 1 149 19 is_stmt 0 view .LVU195
 620 0068 0022     		movs	r2, #0
 621 006a 0292     		str	r2, [sp, #8]
 150:Core/Src/tim.c ****   sConfigOC.OCFastMode = TIM_OCFAST_DISABLE;
 622              		.loc 1 150 3 is_stmt 1 view .LVU196
 150:Core/Src/tim.c ****   sConfigOC.OCFastMode = TIM_OCFAST_DISABLE;
 623              		.loc 1 150 24 is_stmt 0 view .LVU197
 624 006c 0392     		str	r2, [sp, #12]
 151:Core/Src/tim.c ****   if (HAL_TIM_PWM_ConfigChannel(&htim2, &sConfigOC, TIM_CHANNEL_1) != HAL_OK)
 625              		.loc 1 151 3 is_stmt 1 view .LVU198
 151:Core/Src/tim.c ****   if (HAL_TIM_PWM_ConfigChannel(&htim2, &sConfigOC, TIM_CHANNEL_1) != HAL_OK)
 626              		.loc 1 151 24 is_stmt 0 view .LVU199
 627 006e 0592     		str	r2, [sp, #20]
 152:Core/Src/tim.c ****   {
 628              		.loc 1 152 3 is_stmt 1 view .LVU200
 152:Core/Src/tim.c ****   {
 629              		.loc 1 152 7 is_stmt 0 view .LVU201
 630 0070 01A9     		add	r1, sp, #4
 631 0072 1148     		ldr	r0, .L51
 632 0074 FFF7FEFF 		bl	HAL_TIM_PWM_ConfigChannel
 633              	.LVL31:
 152:Core/Src/tim.c ****   {
 634              		.loc 1 152 6 discriminator 1 view .LVU202
 635 0078 C0B9     		cbnz	r0, .L49
 636              	.L42:
 156:Core/Src/tim.c ****   {
 637              		.loc 1 156 3 is_stmt 1 view .LVU203
 156:Core/Src/tim.c ****   {
 638              		.loc 1 156 7 is_stmt 0 view .LVU204
 639 007a 0422     		movs	r2, #4
 640 007c 0DEB0201 		add	r1, sp, r2
 641 0080 0D48     		ldr	r0, .L51
 642 0082 FFF7FEFF 		bl	HAL_TIM_PWM_ConfigChannel
 643              	.LVL32:
 156:Core/Src/tim.c ****   {
 644              		.loc 1 156 6 discriminator 1 view .LVU205
 645 0086 A0B9     		cbnz	r0, .L50
 646              	.L43:
 163:Core/Src/tim.c **** 
 647              		.loc 1 163 3 is_stmt 1 view .LVU206
 648 0088 0B48     		ldr	r0, .L51
 649 008a FFF7FEFF 		bl	HAL_TIM_MspPostInit
 650              	.LVL33:
 165:Core/Src/tim.c **** 
 651              		.loc 1 165 1 is_stmt 0 view .LVU207
 652 008e 0FB0     		add	sp, sp, #60
 653              		.cfi_remember_state
 654              		.cfi_def_cfa_offset 4
 655              		@ sp needed
 656 0090 5DF804FB 		ldr	pc, [sp], #4
 657              	.L45:
 658              		.cfi_restore_state
 131:Core/Src/tim.c ****   }
 659              		.loc 1 131 5 is_stmt 1 view .LVU208
ARM GAS  /tmp/cczjsh5W.s 			page 20


 660 0094 FFF7FEFF 		bl	Error_Handler
 661              	.LVL34:
 662 0098 D0E7     		b	.L38
 663              	.L46:
 136:Core/Src/tim.c ****   }
 664              		.loc 1 136 5 view .LVU209
 665 009a FFF7FEFF 		bl	Error_Handler
 666              	.LVL35:
 667 009e D5E7     		b	.L39
 668              	.L47:
 140:Core/Src/tim.c ****   }
 669              		.loc 1 140 5 view .LVU210
 670 00a0 FFF7FEFF 		bl	Error_Handler
 671              	.LVL36:
 672 00a4 D6E7     		b	.L40
 673              	.L48:
 146:Core/Src/tim.c ****   }
 674              		.loc 1 146 5 view .LVU211
 675 00a6 FFF7FEFF 		bl	Error_Handler
 676              	.LVL37:
 677 00aa DBE7     		b	.L41
 678              	.L49:
 154:Core/Src/tim.c ****   }
 679              		.loc 1 154 5 view .LVU212
 680 00ac FFF7FEFF 		bl	Error_Handler
 681              	.LVL38:
 682 00b0 E3E7     		b	.L42
 683              	.L50:
 158:Core/Src/tim.c ****   }
 684              		.loc 1 158 5 view .LVU213
 685 00b2 FFF7FEFF 		bl	Error_Handler
 686              	.LVL39:
 687 00b6 E7E7     		b	.L43
 688              	.L52:
 689              		.align	2
 690              	.L51:
 691 00b8 00000000 		.word	htim2
 692              		.cfi_endproc
 693              	.LFE221:
 695              		.section	.text.HAL_TIM_Base_MspDeInit,"ax",%progbits
 696              		.align	1
 697              		.global	HAL_TIM_Base_MspDeInit
 698              		.syntax unified
 699              		.thumb
 700              		.thumb_func
 702              	HAL_TIM_Base_MspDeInit:
 703              	.LVL40:
 704              	.LFB224:
 243:Core/Src/tim.c **** 
 244:Core/Src/tim.c **** void HAL_TIM_Base_MspDeInit(TIM_HandleTypeDef* tim_baseHandle)
 245:Core/Src/tim.c **** {
 705              		.loc 1 245 1 view -0
 706              		.cfi_startproc
 707              		@ args = 0, pretend = 0, frame = 0
 708              		@ frame_needed = 0, uses_anonymous_args = 0
 709              		@ link register save eliminated.
 246:Core/Src/tim.c **** 
ARM GAS  /tmp/cczjsh5W.s 			page 21


 247:Core/Src/tim.c ****   if(tim_baseHandle->Instance==TIM1)
 710              		.loc 1 247 3 view .LVU215
 711              		.loc 1 247 20 is_stmt 0 view .LVU216
 712 0000 0368     		ldr	r3, [r0]
 713              		.loc 1 247 5 view .LVU217
 714 0002 0A4A     		ldr	r2, .L58
 715 0004 9342     		cmp	r3, r2
 716 0006 03D0     		beq	.L56
 248:Core/Src/tim.c ****   {
 249:Core/Src/tim.c ****   /* USER CODE BEGIN TIM1_MspDeInit 0 */
 250:Core/Src/tim.c **** 
 251:Core/Src/tim.c ****   /* USER CODE END TIM1_MspDeInit 0 */
 252:Core/Src/tim.c ****     /* Peripheral clock disable */
 253:Core/Src/tim.c ****     __HAL_RCC_TIM1_CLK_DISABLE();
 254:Core/Src/tim.c ****   /* USER CODE BEGIN TIM1_MspDeInit 1 */
 255:Core/Src/tim.c **** 
 256:Core/Src/tim.c ****   /* USER CODE END TIM1_MspDeInit 1 */
 257:Core/Src/tim.c ****   }
 258:Core/Src/tim.c ****   else if(tim_baseHandle->Instance==TIM2)
 717              		.loc 1 258 8 is_stmt 1 view .LVU218
 718              		.loc 1 258 10 is_stmt 0 view .LVU219
 719 0008 B3F1804F 		cmp	r3, #1073741824
 720 000c 07D0     		beq	.L57
 721              	.L53:
 259:Core/Src/tim.c ****   {
 260:Core/Src/tim.c ****   /* USER CODE BEGIN TIM2_MspDeInit 0 */
 261:Core/Src/tim.c **** 
 262:Core/Src/tim.c ****   /* USER CODE END TIM2_MspDeInit 0 */
 263:Core/Src/tim.c ****     /* Peripheral clock disable */
 264:Core/Src/tim.c ****     __HAL_RCC_TIM2_CLK_DISABLE();
 265:Core/Src/tim.c ****   /* USER CODE BEGIN TIM2_MspDeInit 1 */
 266:Core/Src/tim.c **** 
 267:Core/Src/tim.c ****   /* USER CODE END TIM2_MspDeInit 1 */
 268:Core/Src/tim.c ****   }
 269:Core/Src/tim.c **** }
 722              		.loc 1 269 1 view .LVU220
 723 000e 7047     		bx	lr
 724              	.L56:
 253:Core/Src/tim.c ****   /* USER CODE BEGIN TIM1_MspDeInit 1 */
 725              		.loc 1 253 5 is_stmt 1 view .LVU221
 726 0010 02F59C32 		add	r2, r2, #79872
 727 0014 536C     		ldr	r3, [r2, #68]
 728 0016 23F00103 		bic	r3, r3, #1
 729 001a 5364     		str	r3, [r2, #68]
 730 001c 7047     		bx	lr
 731              	.L57:
 264:Core/Src/tim.c ****   /* USER CODE BEGIN TIM2_MspDeInit 1 */
 732              		.loc 1 264 5 view .LVU222
 733 001e 044A     		ldr	r2, .L58+4
 734 0020 136C     		ldr	r3, [r2, #64]
 735 0022 23F00103 		bic	r3, r3, #1
 736 0026 1364     		str	r3, [r2, #64]
 737              		.loc 1 269 1 is_stmt 0 view .LVU223
 738 0028 F1E7     		b	.L53
 739              	.L59:
 740 002a 00BF     		.align	2
 741              	.L58:
ARM GAS  /tmp/cczjsh5W.s 			page 22


 742 002c 00000140 		.word	1073807360
 743 0030 00380240 		.word	1073887232
 744              		.cfi_endproc
 745              	.LFE224:
 747              		.global	htim2
 748              		.section	.bss.htim2,"aw",%nobits
 749              		.align	2
 752              	htim2:
 753 0000 00000000 		.space	72
 753      00000000 
 753      00000000 
 753      00000000 
 753      00000000 
 754              		.global	htim1
 755              		.section	.bss.htim1,"aw",%nobits
 756              		.align	2
 759              	htim1:
 760 0000 00000000 		.space	72
 760      00000000 
 760      00000000 
 760      00000000 
 760      00000000 
 761              		.text
 762              	.Letext0:
 763              		.file 2 "/home/cedric/.config/VSCodium/User/globalStorage/bmd.stm32-for-vscode/@xpack-dev-tools/ar
 764              		.file 3 "/home/cedric/.config/VSCodium/User/globalStorage/bmd.stm32-for-vscode/@xpack-dev-tools/ar
 765              		.file 4 "Drivers/CMSIS/Device/ST/STM32F4xx/Include/stm32f411xe.h"
 766              		.file 5 "Drivers/STM32F4xx_HAL_Driver/Inc/stm32f4xx_hal_def.h"
 767              		.file 6 "Drivers/STM32F4xx_HAL_Driver/Inc/stm32f4xx_hal_gpio.h"
 768              		.file 7 "Drivers/STM32F4xx_HAL_Driver/Inc/stm32f4xx_hal_dma.h"
 769              		.file 8 "Drivers/STM32F4xx_HAL_Driver/Inc/stm32f4xx_hal_tim.h"
 770              		.file 9 "Core/Inc/tim.h"
 771              		.file 10 "Drivers/STM32F4xx_HAL_Driver/Inc/stm32f4xx_hal_tim_ex.h"
 772              		.file 11 "Core/Inc/main.h"
 773              		.file 12 "<built-in>"
ARM GAS  /tmp/cczjsh5W.s 			page 23


DEFINED SYMBOLS
                            *ABS*:00000000 tim.c
     /tmp/cczjsh5W.s:21     .text.HAL_TIM_Base_MspInit:00000000 $t
     /tmp/cczjsh5W.s:27     .text.HAL_TIM_Base_MspInit:00000000 HAL_TIM_Base_MspInit
     /tmp/cczjsh5W.s:101    .text.HAL_TIM_Base_MspInit:00000048 $d
     /tmp/cczjsh5W.s:107    .text.HAL_TIM_MspPostInit:00000000 $t
     /tmp/cczjsh5W.s:113    .text.HAL_TIM_MspPostInit:00000000 HAL_TIM_MspPostInit
     /tmp/cczjsh5W.s:242    .text.HAL_TIM_MspPostInit:00000084 $d
     /tmp/cczjsh5W.s:249    .text.MX_TIM1_Init:00000000 $t
     /tmp/cczjsh5W.s:255    .text.MX_TIM1_Init:00000000 MX_TIM1_Init
     /tmp/cczjsh5W.s:505    .text.MX_TIM1_Init:00000104 $d
     /tmp/cczjsh5W.s:759    .bss.htim1:00000000 htim1
     /tmp/cczjsh5W.s:511    .text.MX_TIM2_Init:00000000 $t
     /tmp/cczjsh5W.s:517    .text.MX_TIM2_Init:00000000 MX_TIM2_Init
     /tmp/cczjsh5W.s:691    .text.MX_TIM2_Init:000000b8 $d
     /tmp/cczjsh5W.s:752    .bss.htim2:00000000 htim2
     /tmp/cczjsh5W.s:696    .text.HAL_TIM_Base_MspDeInit:00000000 $t
     /tmp/cczjsh5W.s:702    .text.HAL_TIM_Base_MspDeInit:00000000 HAL_TIM_Base_MspDeInit
     /tmp/cczjsh5W.s:742    .text.HAL_TIM_Base_MspDeInit:0000002c $d
     /tmp/cczjsh5W.s:749    .bss.htim2:00000000 $d
     /tmp/cczjsh5W.s:756    .bss.htim1:00000000 $d

UNDEFINED SYMBOLS
HAL_GPIO_Init
memset
HAL_TIM_Base_Init
HAL_TIM_ConfigClockSource
HAL_TIM_PWM_Init
HAL_TIMEx_MasterConfigSynchronization
HAL_TIM_PWM_ConfigChannel
HAL_TIMEx_ConfigBreakDeadTime
Error_Handler
