ARM GAS  /tmp/ccIHR95w.s 			page 1


   1              		.cpu cortex-m4
   2              		.arch armv7e-m
   3              		.fpu fpv4-sp-d16
   4              		.eabi_attribute 27, 1
   5              		.eabi_attribute 28, 1
   6              		.eabi_attribute 20, 1
   7              		.eabi_attribute 21, 1
   8              		.eabi_attribute 23, 3
   9              		.eabi_attribute 24, 1
  10              		.eabi_attribute 25, 1
  11              		.eabi_attribute 26, 1
  12              		.eabi_attribute 30, 1
  13              		.eabi_attribute 34, 1
  14              		.eabi_attribute 18, 4
  15              		.file	"usart.c"
  16              		.text
  17              	.Ltext0:
  18              		.cfi_sections	.debug_frame
  19              		.file 1 "Core/Src/usart.c"
  20              		.section	.text.MX_USART1_UART_Init,"ax",%progbits
  21              		.align	1
  22              		.global	MX_USART1_UART_Init
  23              		.syntax unified
  24              		.thumb
  25              		.thumb_func
  27              	MX_USART1_UART_Init:
  28              	.LFB220:
   1:Core/Src/usart.c **** /* USER CODE BEGIN Header */
   2:Core/Src/usart.c **** /**
   3:Core/Src/usart.c ****   ******************************************************************************
   4:Core/Src/usart.c ****   * @file    usart.c
   5:Core/Src/usart.c ****   * @brief   This file provides code for the configuration
   6:Core/Src/usart.c ****   *          of the USART instances.
   7:Core/Src/usart.c ****   ******************************************************************************
   8:Core/Src/usart.c ****   * @attention
   9:Core/Src/usart.c ****   *
  10:Core/Src/usart.c ****   * Copyright (c) 2026 STMicroelectronics.
  11:Core/Src/usart.c ****   * All rights reserved.
  12:Core/Src/usart.c ****   *
  13:Core/Src/usart.c ****   * This software is licensed under terms that can be found in the LICENSE file
  14:Core/Src/usart.c ****   * in the root directory of this software component.
  15:Core/Src/usart.c ****   * If no LICENSE file comes with this software, it is provided AS-IS.
  16:Core/Src/usart.c ****   *
  17:Core/Src/usart.c ****   ******************************************************************************
  18:Core/Src/usart.c ****   */
  19:Core/Src/usart.c **** /* USER CODE END Header */
  20:Core/Src/usart.c **** /* Includes ------------------------------------------------------------------*/
  21:Core/Src/usart.c **** #include "usart.h"
  22:Core/Src/usart.c **** 
  23:Core/Src/usart.c **** /* USER CODE BEGIN 0 */
  24:Core/Src/usart.c **** 
  25:Core/Src/usart.c **** /* USER CODE END 0 */
  26:Core/Src/usart.c **** 
  27:Core/Src/usart.c **** UART_HandleTypeDef huart1;
  28:Core/Src/usart.c **** UART_HandleTypeDef huart2;
  29:Core/Src/usart.c **** DMA_HandleTypeDef hdma_usart1_rx;
  30:Core/Src/usart.c **** 
ARM GAS  /tmp/ccIHR95w.s 			page 2


  31:Core/Src/usart.c **** /* USART1 init function */
  32:Core/Src/usart.c **** 
  33:Core/Src/usart.c **** void MX_USART1_UART_Init(void)
  34:Core/Src/usart.c **** {
  29              		.loc 1 34 1 view -0
  30              		.cfi_startproc
  31              		@ args = 0, pretend = 0, frame = 0
  32              		@ frame_needed = 0, uses_anonymous_args = 0
  33 0000 08B5     		push	{r3, lr}
  34              		.cfi_def_cfa_offset 8
  35              		.cfi_offset 3, -8
  36              		.cfi_offset 14, -4
  35:Core/Src/usart.c **** 
  36:Core/Src/usart.c ****   /* USER CODE BEGIN USART1_Init 0 */
  37:Core/Src/usart.c **** 
  38:Core/Src/usart.c ****   /* USER CODE END USART1_Init 0 */
  39:Core/Src/usart.c **** 
  40:Core/Src/usart.c ****   /* USER CODE BEGIN USART1_Init 1 */
  41:Core/Src/usart.c **** 
  42:Core/Src/usart.c ****   /* USER CODE END USART1_Init 1 */
  43:Core/Src/usart.c ****   huart1.Instance = USART1;
  37              		.loc 1 43 3 view .LVU1
  38              		.loc 1 43 19 is_stmt 0 view .LVU2
  39 0002 0A48     		ldr	r0, .L5
  40 0004 0A4B     		ldr	r3, .L5+4
  41 0006 0360     		str	r3, [r0]
  44:Core/Src/usart.c ****   huart1.Init.BaudRate = 420000;
  42              		.loc 1 44 3 is_stmt 1 view .LVU3
  43              		.loc 1 44 24 is_stmt 0 view .LVU4
  44 0008 0A4B     		ldr	r3, .L5+8
  45 000a 4360     		str	r3, [r0, #4]
  45:Core/Src/usart.c ****   huart1.Init.WordLength = UART_WORDLENGTH_8B;
  46              		.loc 1 45 3 is_stmt 1 view .LVU5
  47              		.loc 1 45 26 is_stmt 0 view .LVU6
  48 000c 0023     		movs	r3, #0
  49 000e 8360     		str	r3, [r0, #8]
  46:Core/Src/usart.c ****   huart1.Init.StopBits = UART_STOPBITS_1;
  50              		.loc 1 46 3 is_stmt 1 view .LVU7
  51              		.loc 1 46 24 is_stmt 0 view .LVU8
  52 0010 C360     		str	r3, [r0, #12]
  47:Core/Src/usart.c ****   huart1.Init.Parity = UART_PARITY_NONE;
  53              		.loc 1 47 3 is_stmt 1 view .LVU9
  54              		.loc 1 47 22 is_stmt 0 view .LVU10
  55 0012 0361     		str	r3, [r0, #16]
  48:Core/Src/usart.c ****   huart1.Init.Mode = UART_MODE_TX_RX;
  56              		.loc 1 48 3 is_stmt 1 view .LVU11
  57              		.loc 1 48 20 is_stmt 0 view .LVU12
  58 0014 0C22     		movs	r2, #12
  59 0016 4261     		str	r2, [r0, #20]
  49:Core/Src/usart.c ****   huart1.Init.HwFlowCtl = UART_HWCONTROL_NONE;
  60              		.loc 1 49 3 is_stmt 1 view .LVU13
  61              		.loc 1 49 25 is_stmt 0 view .LVU14
  62 0018 8361     		str	r3, [r0, #24]
  50:Core/Src/usart.c ****   huart1.Init.OverSampling = UART_OVERSAMPLING_16;
  63              		.loc 1 50 3 is_stmt 1 view .LVU15
  64              		.loc 1 50 28 is_stmt 0 view .LVU16
  65 001a C361     		str	r3, [r0, #28]
ARM GAS  /tmp/ccIHR95w.s 			page 3


  51:Core/Src/usart.c ****   if (HAL_UART_Init(&huart1) != HAL_OK)
  66              		.loc 1 51 3 is_stmt 1 view .LVU17
  67              		.loc 1 51 7 is_stmt 0 view .LVU18
  68 001c FFF7FEFF 		bl	HAL_UART_Init
  69              	.LVL0:
  70              		.loc 1 51 6 discriminator 1 view .LVU19
  71 0020 00B9     		cbnz	r0, .L4
  72              	.L1:
  52:Core/Src/usart.c ****   {
  53:Core/Src/usart.c ****     Error_Handler();
  54:Core/Src/usart.c ****   }
  55:Core/Src/usart.c ****   /* USER CODE BEGIN USART1_Init 2 */
  56:Core/Src/usart.c **** 
  57:Core/Src/usart.c ****   /* USER CODE END USART1_Init 2 */
  58:Core/Src/usart.c **** 
  59:Core/Src/usart.c **** }
  73              		.loc 1 59 1 view .LVU20
  74 0022 08BD     		pop	{r3, pc}
  75              	.L4:
  53:Core/Src/usart.c ****   }
  76              		.loc 1 53 5 is_stmt 1 view .LVU21
  77 0024 FFF7FEFF 		bl	Error_Handler
  78              	.LVL1:
  79              		.loc 1 59 1 is_stmt 0 view .LVU22
  80 0028 FBE7     		b	.L1
  81              	.L6:
  82 002a 00BF     		.align	2
  83              	.L5:
  84 002c 00000000 		.word	huart1
  85 0030 00100140 		.word	1073811456
  86 0034 A0680600 		.word	420000
  87              		.cfi_endproc
  88              	.LFE220:
  90              		.section	.text.MX_USART2_UART_Init,"ax",%progbits
  91              		.align	1
  92              		.global	MX_USART2_UART_Init
  93              		.syntax unified
  94              		.thumb
  95              		.thumb_func
  97              	MX_USART2_UART_Init:
  98              	.LFB221:
  60:Core/Src/usart.c **** /* USART2 init function */
  61:Core/Src/usart.c **** 
  62:Core/Src/usart.c **** void MX_USART2_UART_Init(void)
  63:Core/Src/usart.c **** {
  99              		.loc 1 63 1 is_stmt 1 view -0
 100              		.cfi_startproc
 101              		@ args = 0, pretend = 0, frame = 0
 102              		@ frame_needed = 0, uses_anonymous_args = 0
 103 0000 08B5     		push	{r3, lr}
 104              		.cfi_def_cfa_offset 8
 105              		.cfi_offset 3, -8
 106              		.cfi_offset 14, -4
  64:Core/Src/usart.c **** 
  65:Core/Src/usart.c ****   /* USER CODE BEGIN USART2_Init 0 */
  66:Core/Src/usart.c **** 
  67:Core/Src/usart.c ****   /* USER CODE END USART2_Init 0 */
ARM GAS  /tmp/ccIHR95w.s 			page 4


  68:Core/Src/usart.c **** 
  69:Core/Src/usart.c ****   /* USER CODE BEGIN USART2_Init 1 */
  70:Core/Src/usart.c **** 
  71:Core/Src/usart.c ****   /* USER CODE END USART2_Init 1 */
  72:Core/Src/usart.c ****   huart2.Instance = USART2;
 107              		.loc 1 72 3 view .LVU24
 108              		.loc 1 72 19 is_stmt 0 view .LVU25
 109 0002 0A48     		ldr	r0, .L11
 110 0004 0A4B     		ldr	r3, .L11+4
 111 0006 0360     		str	r3, [r0]
  73:Core/Src/usart.c ****   huart2.Init.BaudRate = 115200;
 112              		.loc 1 73 3 is_stmt 1 view .LVU26
 113              		.loc 1 73 24 is_stmt 0 view .LVU27
 114 0008 4FF4E133 		mov	r3, #115200
 115 000c 4360     		str	r3, [r0, #4]
  74:Core/Src/usart.c ****   huart2.Init.WordLength = UART_WORDLENGTH_8B;
 116              		.loc 1 74 3 is_stmt 1 view .LVU28
 117              		.loc 1 74 26 is_stmt 0 view .LVU29
 118 000e 0023     		movs	r3, #0
 119 0010 8360     		str	r3, [r0, #8]
  75:Core/Src/usart.c ****   huart2.Init.StopBits = UART_STOPBITS_1;
 120              		.loc 1 75 3 is_stmt 1 view .LVU30
 121              		.loc 1 75 24 is_stmt 0 view .LVU31
 122 0012 C360     		str	r3, [r0, #12]
  76:Core/Src/usart.c ****   huart2.Init.Parity = UART_PARITY_NONE;
 123              		.loc 1 76 3 is_stmt 1 view .LVU32
 124              		.loc 1 76 22 is_stmt 0 view .LVU33
 125 0014 0361     		str	r3, [r0, #16]
  77:Core/Src/usart.c ****   huart2.Init.Mode = UART_MODE_TX_RX;
 126              		.loc 1 77 3 is_stmt 1 view .LVU34
 127              		.loc 1 77 20 is_stmt 0 view .LVU35
 128 0016 0C22     		movs	r2, #12
 129 0018 4261     		str	r2, [r0, #20]
  78:Core/Src/usart.c ****   huart2.Init.HwFlowCtl = UART_HWCONTROL_NONE;
 130              		.loc 1 78 3 is_stmt 1 view .LVU36
 131              		.loc 1 78 25 is_stmt 0 view .LVU37
 132 001a 8361     		str	r3, [r0, #24]
  79:Core/Src/usart.c ****   huart2.Init.OverSampling = UART_OVERSAMPLING_16;
 133              		.loc 1 79 3 is_stmt 1 view .LVU38
 134              		.loc 1 79 28 is_stmt 0 view .LVU39
 135 001c C361     		str	r3, [r0, #28]
  80:Core/Src/usart.c ****   if (HAL_UART_Init(&huart2) != HAL_OK)
 136              		.loc 1 80 3 is_stmt 1 view .LVU40
 137              		.loc 1 80 7 is_stmt 0 view .LVU41
 138 001e FFF7FEFF 		bl	HAL_UART_Init
 139              	.LVL2:
 140              		.loc 1 80 6 discriminator 1 view .LVU42
 141 0022 00B9     		cbnz	r0, .L10
 142              	.L7:
  81:Core/Src/usart.c ****   {
  82:Core/Src/usart.c ****     Error_Handler();
  83:Core/Src/usart.c ****   }
  84:Core/Src/usart.c ****   /* USER CODE BEGIN USART2_Init 2 */
  85:Core/Src/usart.c **** 
  86:Core/Src/usart.c ****   /* USER CODE END USART2_Init 2 */
  87:Core/Src/usart.c **** 
  88:Core/Src/usart.c **** }
ARM GAS  /tmp/ccIHR95w.s 			page 5


 143              		.loc 1 88 1 view .LVU43
 144 0024 08BD     		pop	{r3, pc}
 145              	.L10:
  82:Core/Src/usart.c ****   }
 146              		.loc 1 82 5 is_stmt 1 view .LVU44
 147 0026 FFF7FEFF 		bl	Error_Handler
 148              	.LVL3:
 149              		.loc 1 88 1 is_stmt 0 view .LVU45
 150 002a FBE7     		b	.L7
 151              	.L12:
 152              		.align	2
 153              	.L11:
 154 002c 00000000 		.word	huart2
 155 0030 00440040 		.word	1073759232
 156              		.cfi_endproc
 157              	.LFE221:
 159              		.section	.text.HAL_UART_MspInit,"ax",%progbits
 160              		.align	1
 161              		.global	HAL_UART_MspInit
 162              		.syntax unified
 163              		.thumb
 164              		.thumb_func
 166              	HAL_UART_MspInit:
 167              	.LVL4:
 168              	.LFB222:
  89:Core/Src/usart.c **** 
  90:Core/Src/usart.c **** void HAL_UART_MspInit(UART_HandleTypeDef* uartHandle)
  91:Core/Src/usart.c **** {
 169              		.loc 1 91 1 is_stmt 1 view -0
 170              		.cfi_startproc
 171              		@ args = 0, pretend = 0, frame = 40
 172              		@ frame_needed = 0, uses_anonymous_args = 0
 173              		.loc 1 91 1 is_stmt 0 view .LVU47
 174 0000 2DE9F043 		push	{r4, r5, r6, r7, r8, r9, lr}
 175              		.cfi_def_cfa_offset 28
 176              		.cfi_offset 4, -28
 177              		.cfi_offset 5, -24
 178              		.cfi_offset 6, -20
 179              		.cfi_offset 7, -16
 180              		.cfi_offset 8, -12
 181              		.cfi_offset 9, -8
 182              		.cfi_offset 14, -4
 183 0004 8BB0     		sub	sp, sp, #44
 184              		.cfi_def_cfa_offset 72
  92:Core/Src/usart.c **** 
  93:Core/Src/usart.c ****   GPIO_InitTypeDef GPIO_InitStruct = {0};
 185              		.loc 1 93 3 is_stmt 1 view .LVU48
 186              		.loc 1 93 20 is_stmt 0 view .LVU49
 187 0006 0023     		movs	r3, #0
 188 0008 0593     		str	r3, [sp, #20]
 189 000a 0693     		str	r3, [sp, #24]
 190 000c 0793     		str	r3, [sp, #28]
 191 000e 0893     		str	r3, [sp, #32]
 192 0010 0993     		str	r3, [sp, #36]
  94:Core/Src/usart.c ****   if(uartHandle->Instance==USART1)
 193              		.loc 1 94 3 is_stmt 1 view .LVU50
 194              		.loc 1 94 16 is_stmt 0 view .LVU51
ARM GAS  /tmp/ccIHR95w.s 			page 6


 195 0012 0368     		ldr	r3, [r0]
 196              		.loc 1 94 5 view .LVU52
 197 0014 474A     		ldr	r2, .L21
 198 0016 9342     		cmp	r3, r2
 199 0018 05D0     		beq	.L18
  95:Core/Src/usart.c ****   {
  96:Core/Src/usart.c ****   /* USER CODE BEGIN USART1_MspInit 0 */
  97:Core/Src/usart.c **** 
  98:Core/Src/usart.c ****   /* USER CODE END USART1_MspInit 0 */
  99:Core/Src/usart.c ****     /* USART1 clock enable */
 100:Core/Src/usart.c ****     __HAL_RCC_USART1_CLK_ENABLE();
 101:Core/Src/usart.c **** 
 102:Core/Src/usart.c ****     __HAL_RCC_GPIOA_CLK_ENABLE();
 103:Core/Src/usart.c ****     __HAL_RCC_GPIOB_CLK_ENABLE();
 104:Core/Src/usart.c ****     /**USART1 GPIO Configuration
 105:Core/Src/usart.c ****     PA15     ------> USART1_TX
 106:Core/Src/usart.c ****     PB3     ------> USART1_RX
 107:Core/Src/usart.c ****     */
 108:Core/Src/usart.c ****     GPIO_InitStruct.Pin = GPIO_PIN_15;
 109:Core/Src/usart.c ****     GPIO_InitStruct.Mode = GPIO_MODE_AF_PP;
 110:Core/Src/usart.c ****     GPIO_InitStruct.Pull = GPIO_NOPULL;
 111:Core/Src/usart.c ****     GPIO_InitStruct.Speed = GPIO_SPEED_FREQ_VERY_HIGH;
 112:Core/Src/usart.c ****     GPIO_InitStruct.Alternate = GPIO_AF7_USART1;
 113:Core/Src/usart.c ****     HAL_GPIO_Init(GPIOA, &GPIO_InitStruct);
 114:Core/Src/usart.c **** 
 115:Core/Src/usart.c ****     GPIO_InitStruct.Pin = GPIO_PIN_3;
 116:Core/Src/usart.c ****     GPIO_InitStruct.Mode = GPIO_MODE_AF_PP;
 117:Core/Src/usart.c ****     GPIO_InitStruct.Pull = GPIO_NOPULL;
 118:Core/Src/usart.c ****     GPIO_InitStruct.Speed = GPIO_SPEED_FREQ_VERY_HIGH;
 119:Core/Src/usart.c ****     GPIO_InitStruct.Alternate = GPIO_AF7_USART1;
 120:Core/Src/usart.c ****     HAL_GPIO_Init(GPIOB, &GPIO_InitStruct);
 121:Core/Src/usart.c **** 
 122:Core/Src/usart.c ****     /* USART1 DMA Init */
 123:Core/Src/usart.c ****     /* USART1_RX Init */
 124:Core/Src/usart.c ****     hdma_usart1_rx.Instance = DMA2_Stream2;
 125:Core/Src/usart.c ****     hdma_usart1_rx.Init.Channel = DMA_CHANNEL_4;
 126:Core/Src/usart.c ****     hdma_usart1_rx.Init.Direction = DMA_PERIPH_TO_MEMORY;
 127:Core/Src/usart.c ****     hdma_usart1_rx.Init.PeriphInc = DMA_PINC_DISABLE;
 128:Core/Src/usart.c ****     hdma_usart1_rx.Init.MemInc = DMA_MINC_ENABLE;
 129:Core/Src/usart.c ****     hdma_usart1_rx.Init.PeriphDataAlignment = DMA_PDATAALIGN_BYTE;
 130:Core/Src/usart.c ****     hdma_usart1_rx.Init.MemDataAlignment = DMA_MDATAALIGN_BYTE;
 131:Core/Src/usart.c ****     hdma_usart1_rx.Init.Mode = DMA_CIRCULAR;
 132:Core/Src/usart.c ****     hdma_usart1_rx.Init.Priority = DMA_PRIORITY_LOW;
 133:Core/Src/usart.c ****     hdma_usart1_rx.Init.FIFOMode = DMA_FIFOMODE_DISABLE;
 134:Core/Src/usart.c ****     if (HAL_DMA_Init(&hdma_usart1_rx) != HAL_OK)
 135:Core/Src/usart.c ****     {
 136:Core/Src/usart.c ****       Error_Handler();
 137:Core/Src/usart.c ****     }
 138:Core/Src/usart.c **** 
 139:Core/Src/usart.c ****     __HAL_LINKDMA(uartHandle,hdmarx,hdma_usart1_rx);
 140:Core/Src/usart.c **** 
 141:Core/Src/usart.c ****     /* USART1 interrupt Init */
 142:Core/Src/usart.c ****     HAL_NVIC_SetPriority(USART1_IRQn, 5, 0);
 143:Core/Src/usart.c ****     HAL_NVIC_EnableIRQ(USART1_IRQn);
 144:Core/Src/usart.c ****   /* USER CODE BEGIN USART1_MspInit 1 */
 145:Core/Src/usart.c **** 
 146:Core/Src/usart.c ****   /* USER CODE END USART1_MspInit 1 */
ARM GAS  /tmp/ccIHR95w.s 			page 7


 147:Core/Src/usart.c ****   }
 148:Core/Src/usart.c ****   else if(uartHandle->Instance==USART2)
 200              		.loc 1 148 8 is_stmt 1 view .LVU53
 201              		.loc 1 148 10 is_stmt 0 view .LVU54
 202 001a 474A     		ldr	r2, .L21+4
 203 001c 9342     		cmp	r3, r2
 204 001e 65D0     		beq	.L19
 205              	.LVL5:
 206              	.L13:
 149:Core/Src/usart.c ****   {
 150:Core/Src/usart.c ****   /* USER CODE BEGIN USART2_MspInit 0 */
 151:Core/Src/usart.c **** 
 152:Core/Src/usart.c ****   /* USER CODE END USART2_MspInit 0 */
 153:Core/Src/usart.c ****     /* USART2 clock enable */
 154:Core/Src/usart.c ****     __HAL_RCC_USART2_CLK_ENABLE();
 155:Core/Src/usart.c **** 
 156:Core/Src/usart.c ****     __HAL_RCC_GPIOA_CLK_ENABLE();
 157:Core/Src/usart.c ****     /**USART2 GPIO Configuration
 158:Core/Src/usart.c ****     PA2     ------> USART2_TX
 159:Core/Src/usart.c ****     PA3     ------> USART2_RX
 160:Core/Src/usart.c ****     */
 161:Core/Src/usart.c ****     GPIO_InitStruct.Pin = GPIO_PIN_2|GPIO_PIN_3;
 162:Core/Src/usart.c ****     GPIO_InitStruct.Mode = GPIO_MODE_AF_PP;
 163:Core/Src/usart.c ****     GPIO_InitStruct.Pull = GPIO_NOPULL;
 164:Core/Src/usart.c ****     GPIO_InitStruct.Speed = GPIO_SPEED_FREQ_VERY_HIGH;
 165:Core/Src/usart.c ****     GPIO_InitStruct.Alternate = GPIO_AF7_USART2;
 166:Core/Src/usart.c ****     HAL_GPIO_Init(GPIOA, &GPIO_InitStruct);
 167:Core/Src/usart.c **** 
 168:Core/Src/usart.c ****   /* USER CODE BEGIN USART2_MspInit 1 */
 169:Core/Src/usart.c **** 
 170:Core/Src/usart.c ****   /* USER CODE END USART2_MspInit 1 */
 171:Core/Src/usart.c ****   }
 172:Core/Src/usart.c **** }
 207              		.loc 1 172 1 view .LVU55
 208 0020 0BB0     		add	sp, sp, #44
 209              		.cfi_remember_state
 210              		.cfi_def_cfa_offset 28
 211              		@ sp needed
 212 0022 BDE8F083 		pop	{r4, r5, r6, r7, r8, r9, pc}
 213              	.LVL6:
 214              	.L18:
 215              		.cfi_restore_state
 216              		.loc 1 172 1 view .LVU56
 217 0026 0446     		mov	r4, r0
 100:Core/Src/usart.c **** 
 218              		.loc 1 100 5 is_stmt 1 view .LVU57
 219              	.LBB2:
 100:Core/Src/usart.c **** 
 220              		.loc 1 100 5 view .LVU58
 221 0028 0025     		movs	r5, #0
 222 002a 0095     		str	r5, [sp]
 100:Core/Src/usart.c **** 
 223              		.loc 1 100 5 view .LVU59
 224 002c 434B     		ldr	r3, .L21+8
 225 002e 5A6C     		ldr	r2, [r3, #68]
 226 0030 42F01002 		orr	r2, r2, #16
 227 0034 5A64     		str	r2, [r3, #68]
ARM GAS  /tmp/ccIHR95w.s 			page 8


 100:Core/Src/usart.c **** 
 228              		.loc 1 100 5 view .LVU60
 229 0036 5A6C     		ldr	r2, [r3, #68]
 230 0038 02F01002 		and	r2, r2, #16
 231 003c 0092     		str	r2, [sp]
 100:Core/Src/usart.c **** 
 232              		.loc 1 100 5 view .LVU61
 233 003e 009A     		ldr	r2, [sp]
 234              	.LBE2:
 100:Core/Src/usart.c **** 
 235              		.loc 1 100 5 view .LVU62
 102:Core/Src/usart.c ****     __HAL_RCC_GPIOB_CLK_ENABLE();
 236              		.loc 1 102 5 view .LVU63
 237              	.LBB3:
 102:Core/Src/usart.c ****     __HAL_RCC_GPIOB_CLK_ENABLE();
 238              		.loc 1 102 5 view .LVU64
 239 0040 0195     		str	r5, [sp, #4]
 102:Core/Src/usart.c ****     __HAL_RCC_GPIOB_CLK_ENABLE();
 240              		.loc 1 102 5 view .LVU65
 241 0042 1A6B     		ldr	r2, [r3, #48]
 242 0044 42F00102 		orr	r2, r2, #1
 243 0048 1A63     		str	r2, [r3, #48]
 102:Core/Src/usart.c ****     __HAL_RCC_GPIOB_CLK_ENABLE();
 244              		.loc 1 102 5 view .LVU66
 245 004a 1A6B     		ldr	r2, [r3, #48]
 246 004c 02F00102 		and	r2, r2, #1
 247 0050 0192     		str	r2, [sp, #4]
 102:Core/Src/usart.c ****     __HAL_RCC_GPIOB_CLK_ENABLE();
 248              		.loc 1 102 5 view .LVU67
 249 0052 019A     		ldr	r2, [sp, #4]
 250              	.LBE3:
 102:Core/Src/usart.c ****     __HAL_RCC_GPIOB_CLK_ENABLE();
 251              		.loc 1 102 5 view .LVU68
 103:Core/Src/usart.c ****     /**USART1 GPIO Configuration
 252              		.loc 1 103 5 view .LVU69
 253              	.LBB4:
 103:Core/Src/usart.c ****     /**USART1 GPIO Configuration
 254              		.loc 1 103 5 view .LVU70
 255 0054 0295     		str	r5, [sp, #8]
 103:Core/Src/usart.c ****     /**USART1 GPIO Configuration
 256              		.loc 1 103 5 view .LVU71
 257 0056 1A6B     		ldr	r2, [r3, #48]
 258 0058 42F00202 		orr	r2, r2, #2
 259 005c 1A63     		str	r2, [r3, #48]
 103:Core/Src/usart.c ****     /**USART1 GPIO Configuration
 260              		.loc 1 103 5 view .LVU72
 261 005e 1B6B     		ldr	r3, [r3, #48]
 262 0060 03F00203 		and	r3, r3, #2
 263 0064 0293     		str	r3, [sp, #8]
 103:Core/Src/usart.c ****     /**USART1 GPIO Configuration
 264              		.loc 1 103 5 view .LVU73
 265 0066 029B     		ldr	r3, [sp, #8]
 266              	.LBE4:
 103:Core/Src/usart.c ****     /**USART1 GPIO Configuration
 267              		.loc 1 103 5 view .LVU74
 108:Core/Src/usart.c ****     GPIO_InitStruct.Mode = GPIO_MODE_AF_PP;
 268              		.loc 1 108 5 view .LVU75
ARM GAS  /tmp/ccIHR95w.s 			page 9


 108:Core/Src/usart.c ****     GPIO_InitStruct.Mode = GPIO_MODE_AF_PP;
 269              		.loc 1 108 25 is_stmt 0 view .LVU76
 270 0068 4FF40043 		mov	r3, #32768
 271 006c 0593     		str	r3, [sp, #20]
 109:Core/Src/usart.c ****     GPIO_InitStruct.Pull = GPIO_NOPULL;
 272              		.loc 1 109 5 is_stmt 1 view .LVU77
 109:Core/Src/usart.c ****     GPIO_InitStruct.Pull = GPIO_NOPULL;
 273              		.loc 1 109 26 is_stmt 0 view .LVU78
 274 006e 4FF00209 		mov	r9, #2
 275 0072 CDF81890 		str	r9, [sp, #24]
 110:Core/Src/usart.c ****     GPIO_InitStruct.Speed = GPIO_SPEED_FREQ_VERY_HIGH;
 276              		.loc 1 110 5 is_stmt 1 view .LVU79
 111:Core/Src/usart.c ****     GPIO_InitStruct.Alternate = GPIO_AF7_USART1;
 277              		.loc 1 111 5 view .LVU80
 111:Core/Src/usart.c ****     GPIO_InitStruct.Alternate = GPIO_AF7_USART1;
 278              		.loc 1 111 27 is_stmt 0 view .LVU81
 279 0076 4FF00308 		mov	r8, #3
 280 007a CDF82080 		str	r8, [sp, #32]
 112:Core/Src/usart.c ****     HAL_GPIO_Init(GPIOA, &GPIO_InitStruct);
 281              		.loc 1 112 5 is_stmt 1 view .LVU82
 112:Core/Src/usart.c ****     HAL_GPIO_Init(GPIOA, &GPIO_InitStruct);
 282              		.loc 1 112 31 is_stmt 0 view .LVU83
 283 007e 0727     		movs	r7, #7
 284 0080 0997     		str	r7, [sp, #36]
 113:Core/Src/usart.c **** 
 285              		.loc 1 113 5 is_stmt 1 view .LVU84
 286 0082 05AE     		add	r6, sp, #20
 287 0084 3146     		mov	r1, r6
 288 0086 2E48     		ldr	r0, .L21+12
 289              	.LVL7:
 113:Core/Src/usart.c **** 
 290              		.loc 1 113 5 is_stmt 0 view .LVU85
 291 0088 FFF7FEFF 		bl	HAL_GPIO_Init
 292              	.LVL8:
 115:Core/Src/usart.c ****     GPIO_InitStruct.Mode = GPIO_MODE_AF_PP;
 293              		.loc 1 115 5 is_stmt 1 view .LVU86
 115:Core/Src/usart.c ****     GPIO_InitStruct.Mode = GPIO_MODE_AF_PP;
 294              		.loc 1 115 25 is_stmt 0 view .LVU87
 295 008c 0823     		movs	r3, #8
 296 008e 0593     		str	r3, [sp, #20]
 116:Core/Src/usart.c ****     GPIO_InitStruct.Pull = GPIO_NOPULL;
 297              		.loc 1 116 5 is_stmt 1 view .LVU88
 116:Core/Src/usart.c ****     GPIO_InitStruct.Pull = GPIO_NOPULL;
 298              		.loc 1 116 26 is_stmt 0 view .LVU89
 299 0090 CDF81890 		str	r9, [sp, #24]
 117:Core/Src/usart.c ****     GPIO_InitStruct.Speed = GPIO_SPEED_FREQ_VERY_HIGH;
 300              		.loc 1 117 5 is_stmt 1 view .LVU90
 117:Core/Src/usart.c ****     GPIO_InitStruct.Speed = GPIO_SPEED_FREQ_VERY_HIGH;
 301              		.loc 1 117 26 is_stmt 0 view .LVU91
 302 0094 0795     		str	r5, [sp, #28]
 118:Core/Src/usart.c ****     GPIO_InitStruct.Alternate = GPIO_AF7_USART1;
 303              		.loc 1 118 5 is_stmt 1 view .LVU92
 118:Core/Src/usart.c ****     GPIO_InitStruct.Alternate = GPIO_AF7_USART1;
 304              		.loc 1 118 27 is_stmt 0 view .LVU93
 305 0096 CDF82080 		str	r8, [sp, #32]
 119:Core/Src/usart.c ****     HAL_GPIO_Init(GPIOB, &GPIO_InitStruct);
 306              		.loc 1 119 5 is_stmt 1 view .LVU94
ARM GAS  /tmp/ccIHR95w.s 			page 10


 119:Core/Src/usart.c ****     HAL_GPIO_Init(GPIOB, &GPIO_InitStruct);
 307              		.loc 1 119 31 is_stmt 0 view .LVU95
 308 009a 0997     		str	r7, [sp, #36]
 120:Core/Src/usart.c **** 
 309              		.loc 1 120 5 is_stmt 1 view .LVU96
 310 009c 3146     		mov	r1, r6
 311 009e 2948     		ldr	r0, .L21+16
 312 00a0 FFF7FEFF 		bl	HAL_GPIO_Init
 313              	.LVL9:
 124:Core/Src/usart.c ****     hdma_usart1_rx.Init.Channel = DMA_CHANNEL_4;
 314              		.loc 1 124 5 view .LVU97
 124:Core/Src/usart.c ****     hdma_usart1_rx.Init.Channel = DMA_CHANNEL_4;
 315              		.loc 1 124 29 is_stmt 0 view .LVU98
 316 00a4 2848     		ldr	r0, .L21+20
 317 00a6 294B     		ldr	r3, .L21+24
 318 00a8 0360     		str	r3, [r0]
 125:Core/Src/usart.c ****     hdma_usart1_rx.Init.Direction = DMA_PERIPH_TO_MEMORY;
 319              		.loc 1 125 5 is_stmt 1 view .LVU99
 125:Core/Src/usart.c ****     hdma_usart1_rx.Init.Direction = DMA_PERIPH_TO_MEMORY;
 320              		.loc 1 125 33 is_stmt 0 view .LVU100
 321 00aa 4FF00063 		mov	r3, #134217728
 322 00ae 4360     		str	r3, [r0, #4]
 126:Core/Src/usart.c ****     hdma_usart1_rx.Init.PeriphInc = DMA_PINC_DISABLE;
 323              		.loc 1 126 5 is_stmt 1 view .LVU101
 126:Core/Src/usart.c ****     hdma_usart1_rx.Init.PeriphInc = DMA_PINC_DISABLE;
 324              		.loc 1 126 35 is_stmt 0 view .LVU102
 325 00b0 8560     		str	r5, [r0, #8]
 127:Core/Src/usart.c ****     hdma_usart1_rx.Init.MemInc = DMA_MINC_ENABLE;
 326              		.loc 1 127 5 is_stmt 1 view .LVU103
 127:Core/Src/usart.c ****     hdma_usart1_rx.Init.MemInc = DMA_MINC_ENABLE;
 327              		.loc 1 127 35 is_stmt 0 view .LVU104
 328 00b2 C560     		str	r5, [r0, #12]
 128:Core/Src/usart.c ****     hdma_usart1_rx.Init.PeriphDataAlignment = DMA_PDATAALIGN_BYTE;
 329              		.loc 1 128 5 is_stmt 1 view .LVU105
 128:Core/Src/usart.c ****     hdma_usart1_rx.Init.PeriphDataAlignment = DMA_PDATAALIGN_BYTE;
 330              		.loc 1 128 32 is_stmt 0 view .LVU106
 331 00b4 4FF48063 		mov	r3, #1024
 332 00b8 0361     		str	r3, [r0, #16]
 129:Core/Src/usart.c ****     hdma_usart1_rx.Init.MemDataAlignment = DMA_MDATAALIGN_BYTE;
 333              		.loc 1 129 5 is_stmt 1 view .LVU107
 129:Core/Src/usart.c ****     hdma_usart1_rx.Init.MemDataAlignment = DMA_MDATAALIGN_BYTE;
 334              		.loc 1 129 45 is_stmt 0 view .LVU108
 335 00ba 4561     		str	r5, [r0, #20]
 130:Core/Src/usart.c ****     hdma_usart1_rx.Init.Mode = DMA_CIRCULAR;
 336              		.loc 1 130 5 is_stmt 1 view .LVU109
 130:Core/Src/usart.c ****     hdma_usart1_rx.Init.Mode = DMA_CIRCULAR;
 337              		.loc 1 130 42 is_stmt 0 view .LVU110
 338 00bc 8561     		str	r5, [r0, #24]
 131:Core/Src/usart.c ****     hdma_usart1_rx.Init.Priority = DMA_PRIORITY_LOW;
 339              		.loc 1 131 5 is_stmt 1 view .LVU111
 131:Core/Src/usart.c ****     hdma_usart1_rx.Init.Priority = DMA_PRIORITY_LOW;
 340              		.loc 1 131 30 is_stmt 0 view .LVU112
 341 00be 4FF48073 		mov	r3, #256
 342 00c2 C361     		str	r3, [r0, #28]
 132:Core/Src/usart.c ****     hdma_usart1_rx.Init.FIFOMode = DMA_FIFOMODE_DISABLE;
 343              		.loc 1 132 5 is_stmt 1 view .LVU113
 132:Core/Src/usart.c ****     hdma_usart1_rx.Init.FIFOMode = DMA_FIFOMODE_DISABLE;
ARM GAS  /tmp/ccIHR95w.s 			page 11


 344              		.loc 1 132 34 is_stmt 0 view .LVU114
 345 00c4 0562     		str	r5, [r0, #32]
 133:Core/Src/usart.c ****     if (HAL_DMA_Init(&hdma_usart1_rx) != HAL_OK)
 346              		.loc 1 133 5 is_stmt 1 view .LVU115
 133:Core/Src/usart.c ****     if (HAL_DMA_Init(&hdma_usart1_rx) != HAL_OK)
 347              		.loc 1 133 34 is_stmt 0 view .LVU116
 348 00c6 4562     		str	r5, [r0, #36]
 134:Core/Src/usart.c ****     {
 349              		.loc 1 134 5 is_stmt 1 view .LVU117
 134:Core/Src/usart.c ****     {
 350              		.loc 1 134 9 is_stmt 0 view .LVU118
 351 00c8 FFF7FEFF 		bl	HAL_DMA_Init
 352              	.LVL10:
 134:Core/Src/usart.c ****     {
 353              		.loc 1 134 8 discriminator 1 view .LVU119
 354 00cc 58B9     		cbnz	r0, .L20
 355              	.L15:
 139:Core/Src/usart.c **** 
 356              		.loc 1 139 5 is_stmt 1 view .LVU120
 139:Core/Src/usart.c **** 
 357              		.loc 1 139 5 view .LVU121
 358 00ce 1E4B     		ldr	r3, .L21+20
 359 00d0 E363     		str	r3, [r4, #60]
 139:Core/Src/usart.c **** 
 360              		.loc 1 139 5 view .LVU122
 361 00d2 9C63     		str	r4, [r3, #56]
 139:Core/Src/usart.c **** 
 362              		.loc 1 139 5 view .LVU123
 142:Core/Src/usart.c ****     HAL_NVIC_EnableIRQ(USART1_IRQn);
 363              		.loc 1 142 5 view .LVU124
 364 00d4 0022     		movs	r2, #0
 365 00d6 0521     		movs	r1, #5
 366 00d8 2520     		movs	r0, #37
 367 00da FFF7FEFF 		bl	HAL_NVIC_SetPriority
 368              	.LVL11:
 143:Core/Src/usart.c ****   /* USER CODE BEGIN USART1_MspInit 1 */
 369              		.loc 1 143 5 view .LVU125
 370 00de 2520     		movs	r0, #37
 371 00e0 FFF7FEFF 		bl	HAL_NVIC_EnableIRQ
 372              	.LVL12:
 373 00e4 9CE7     		b	.L13
 374              	.L20:
 136:Core/Src/usart.c ****     }
 375              		.loc 1 136 7 view .LVU126
 376 00e6 FFF7FEFF 		bl	Error_Handler
 377              	.LVL13:
 378 00ea F0E7     		b	.L15
 379              	.LVL14:
 380              	.L19:
 154:Core/Src/usart.c **** 
 381              		.loc 1 154 5 view .LVU127
 382              	.LBB5:
 154:Core/Src/usart.c **** 
 383              		.loc 1 154 5 view .LVU128
 384 00ec 0021     		movs	r1, #0
 385 00ee 0391     		str	r1, [sp, #12]
 154:Core/Src/usart.c **** 
ARM GAS  /tmp/ccIHR95w.s 			page 12


 386              		.loc 1 154 5 view .LVU129
 387 00f0 124B     		ldr	r3, .L21+8
 388 00f2 1A6C     		ldr	r2, [r3, #64]
 389 00f4 42F40032 		orr	r2, r2, #131072
 390 00f8 1A64     		str	r2, [r3, #64]
 154:Core/Src/usart.c **** 
 391              		.loc 1 154 5 view .LVU130
 392 00fa 1A6C     		ldr	r2, [r3, #64]
 393 00fc 02F40032 		and	r2, r2, #131072
 394 0100 0392     		str	r2, [sp, #12]
 154:Core/Src/usart.c **** 
 395              		.loc 1 154 5 view .LVU131
 396 0102 039A     		ldr	r2, [sp, #12]
 397              	.LBE5:
 154:Core/Src/usart.c **** 
 398              		.loc 1 154 5 view .LVU132
 156:Core/Src/usart.c ****     /**USART2 GPIO Configuration
 399              		.loc 1 156 5 view .LVU133
 400              	.LBB6:
 156:Core/Src/usart.c ****     /**USART2 GPIO Configuration
 401              		.loc 1 156 5 view .LVU134
 402 0104 0491     		str	r1, [sp, #16]
 156:Core/Src/usart.c ****     /**USART2 GPIO Configuration
 403              		.loc 1 156 5 view .LVU135
 404 0106 1A6B     		ldr	r2, [r3, #48]
 405 0108 42F00102 		orr	r2, r2, #1
 406 010c 1A63     		str	r2, [r3, #48]
 156:Core/Src/usart.c ****     /**USART2 GPIO Configuration
 407              		.loc 1 156 5 view .LVU136
 408 010e 1B6B     		ldr	r3, [r3, #48]
 409 0110 03F00103 		and	r3, r3, #1
 410 0114 0493     		str	r3, [sp, #16]
 156:Core/Src/usart.c ****     /**USART2 GPIO Configuration
 411              		.loc 1 156 5 view .LVU137
 412 0116 049B     		ldr	r3, [sp, #16]
 413              	.LBE6:
 156:Core/Src/usart.c ****     /**USART2 GPIO Configuration
 414              		.loc 1 156 5 view .LVU138
 161:Core/Src/usart.c ****     GPIO_InitStruct.Mode = GPIO_MODE_AF_PP;
 415              		.loc 1 161 5 view .LVU139
 161:Core/Src/usart.c ****     GPIO_InitStruct.Mode = GPIO_MODE_AF_PP;
 416              		.loc 1 161 25 is_stmt 0 view .LVU140
 417 0118 0C23     		movs	r3, #12
 418 011a 0593     		str	r3, [sp, #20]
 162:Core/Src/usart.c ****     GPIO_InitStruct.Pull = GPIO_NOPULL;
 419              		.loc 1 162 5 is_stmt 1 view .LVU141
 162:Core/Src/usart.c ****     GPIO_InitStruct.Pull = GPIO_NOPULL;
 420              		.loc 1 162 26 is_stmt 0 view .LVU142
 421 011c 0223     		movs	r3, #2
 422 011e 0693     		str	r3, [sp, #24]
 163:Core/Src/usart.c ****     GPIO_InitStruct.Speed = GPIO_SPEED_FREQ_VERY_HIGH;
 423              		.loc 1 163 5 is_stmt 1 view .LVU143
 164:Core/Src/usart.c ****     GPIO_InitStruct.Alternate = GPIO_AF7_USART2;
 424              		.loc 1 164 5 view .LVU144
 164:Core/Src/usart.c ****     GPIO_InitStruct.Alternate = GPIO_AF7_USART2;
 425              		.loc 1 164 27 is_stmt 0 view .LVU145
 426 0120 0323     		movs	r3, #3
ARM GAS  /tmp/ccIHR95w.s 			page 13


 427 0122 0893     		str	r3, [sp, #32]
 165:Core/Src/usart.c ****     HAL_GPIO_Init(GPIOA, &GPIO_InitStruct);
 428              		.loc 1 165 5 is_stmt 1 view .LVU146
 165:Core/Src/usart.c ****     HAL_GPIO_Init(GPIOA, &GPIO_InitStruct);
 429              		.loc 1 165 31 is_stmt 0 view .LVU147
 430 0124 0723     		movs	r3, #7
 431 0126 0993     		str	r3, [sp, #36]
 166:Core/Src/usart.c **** 
 432              		.loc 1 166 5 is_stmt 1 view .LVU148
 433 0128 05A9     		add	r1, sp, #20
 434 012a 0548     		ldr	r0, .L21+12
 435              	.LVL15:
 166:Core/Src/usart.c **** 
 436              		.loc 1 166 5 is_stmt 0 view .LVU149
 437 012c FFF7FEFF 		bl	HAL_GPIO_Init
 438              	.LVL16:
 439              		.loc 1 172 1 view .LVU150
 440 0130 76E7     		b	.L13
 441              	.L22:
 442 0132 00BF     		.align	2
 443              	.L21:
 444 0134 00100140 		.word	1073811456
 445 0138 00440040 		.word	1073759232
 446 013c 00380240 		.word	1073887232
 447 0140 00000240 		.word	1073872896
 448 0144 00040240 		.word	1073873920
 449 0148 00000000 		.word	hdma_usart1_rx
 450 014c 40640240 		.word	1073898560
 451              		.cfi_endproc
 452              	.LFE222:
 454              		.section	.text.HAL_UART_MspDeInit,"ax",%progbits
 455              		.align	1
 456              		.global	HAL_UART_MspDeInit
 457              		.syntax unified
 458              		.thumb
 459              		.thumb_func
 461              	HAL_UART_MspDeInit:
 462              	.LVL17:
 463              	.LFB223:
 173:Core/Src/usart.c **** 
 174:Core/Src/usart.c **** void HAL_UART_MspDeInit(UART_HandleTypeDef* uartHandle)
 175:Core/Src/usart.c **** {
 464              		.loc 1 175 1 is_stmt 1 view -0
 465              		.cfi_startproc
 466              		@ args = 0, pretend = 0, frame = 0
 467              		@ frame_needed = 0, uses_anonymous_args = 0
 468              		.loc 1 175 1 is_stmt 0 view .LVU152
 469 0000 10B5     		push	{r4, lr}
 470              		.cfi_def_cfa_offset 8
 471              		.cfi_offset 4, -8
 472              		.cfi_offset 14, -4
 176:Core/Src/usart.c **** 
 177:Core/Src/usart.c ****   if(uartHandle->Instance==USART1)
 473              		.loc 1 177 3 is_stmt 1 view .LVU153
 474              		.loc 1 177 16 is_stmt 0 view .LVU154
 475 0002 0368     		ldr	r3, [r0]
 476              		.loc 1 177 5 view .LVU155
ARM GAS  /tmp/ccIHR95w.s 			page 14


 477 0004 144A     		ldr	r2, .L29
 478 0006 9342     		cmp	r3, r2
 479 0008 03D0     		beq	.L27
 178:Core/Src/usart.c ****   {
 179:Core/Src/usart.c ****   /* USER CODE BEGIN USART1_MspDeInit 0 */
 180:Core/Src/usart.c **** 
 181:Core/Src/usart.c ****   /* USER CODE END USART1_MspDeInit 0 */
 182:Core/Src/usart.c ****     /* Peripheral clock disable */
 183:Core/Src/usart.c ****     __HAL_RCC_USART1_CLK_DISABLE();
 184:Core/Src/usart.c **** 
 185:Core/Src/usart.c ****     /**USART1 GPIO Configuration
 186:Core/Src/usart.c ****     PA15     ------> USART1_TX
 187:Core/Src/usart.c ****     PB3     ------> USART1_RX
 188:Core/Src/usart.c ****     */
 189:Core/Src/usart.c ****     HAL_GPIO_DeInit(GPIOA, GPIO_PIN_15);
 190:Core/Src/usart.c **** 
 191:Core/Src/usart.c ****     HAL_GPIO_DeInit(GPIOB, GPIO_PIN_3);
 192:Core/Src/usart.c **** 
 193:Core/Src/usart.c ****     /* USART1 DMA DeInit */
 194:Core/Src/usart.c ****     HAL_DMA_DeInit(uartHandle->hdmarx);
 195:Core/Src/usart.c **** 
 196:Core/Src/usart.c ****     /* USART1 interrupt Deinit */
 197:Core/Src/usart.c ****     HAL_NVIC_DisableIRQ(USART1_IRQn);
 198:Core/Src/usart.c ****   /* USER CODE BEGIN USART1_MspDeInit 1 */
 199:Core/Src/usart.c **** 
 200:Core/Src/usart.c ****   /* USER CODE END USART1_MspDeInit 1 */
 201:Core/Src/usart.c ****   }
 202:Core/Src/usart.c ****   else if(uartHandle->Instance==USART2)
 480              		.loc 1 202 8 is_stmt 1 view .LVU156
 481              		.loc 1 202 10 is_stmt 0 view .LVU157
 482 000a 144A     		ldr	r2, .L29+4
 483 000c 9342     		cmp	r3, r2
 484 000e 17D0     		beq	.L28
 485              	.LVL18:
 486              	.L23:
 203:Core/Src/usart.c ****   {
 204:Core/Src/usart.c ****   /* USER CODE BEGIN USART2_MspDeInit 0 */
 205:Core/Src/usart.c **** 
 206:Core/Src/usart.c ****   /* USER CODE END USART2_MspDeInit 0 */
 207:Core/Src/usart.c ****     /* Peripheral clock disable */
 208:Core/Src/usart.c ****     __HAL_RCC_USART2_CLK_DISABLE();
 209:Core/Src/usart.c **** 
 210:Core/Src/usart.c ****     /**USART2 GPIO Configuration
 211:Core/Src/usart.c ****     PA2     ------> USART2_TX
 212:Core/Src/usart.c ****     PA3     ------> USART2_RX
 213:Core/Src/usart.c ****     */
 214:Core/Src/usart.c ****     HAL_GPIO_DeInit(GPIOA, GPIO_PIN_2|GPIO_PIN_3);
 215:Core/Src/usart.c **** 
 216:Core/Src/usart.c ****   /* USER CODE BEGIN USART2_MspDeInit 1 */
 217:Core/Src/usart.c **** 
 218:Core/Src/usart.c ****   /* USER CODE END USART2_MspDeInit 1 */
 219:Core/Src/usart.c ****   }
 220:Core/Src/usart.c **** }
 487              		.loc 1 220 1 view .LVU158
 488 0010 10BD     		pop	{r4, pc}
 489              	.LVL19:
 490              	.L27:
ARM GAS  /tmp/ccIHR95w.s 			page 15


 491              		.loc 1 220 1 view .LVU159
 492 0012 0446     		mov	r4, r0
 183:Core/Src/usart.c **** 
 493              		.loc 1 183 5 is_stmt 1 view .LVU160
 494 0014 02F59432 		add	r2, r2, #75776
 495 0018 536C     		ldr	r3, [r2, #68]
 496 001a 23F01003 		bic	r3, r3, #16
 497 001e 5364     		str	r3, [r2, #68]
 189:Core/Src/usart.c **** 
 498              		.loc 1 189 5 view .LVU161
 499 0020 4FF40041 		mov	r1, #32768
 500 0024 0E48     		ldr	r0, .L29+8
 501              	.LVL20:
 189:Core/Src/usart.c **** 
 502              		.loc 1 189 5 is_stmt 0 view .LVU162
 503 0026 FFF7FEFF 		bl	HAL_GPIO_DeInit
 504              	.LVL21:
 191:Core/Src/usart.c **** 
 505              		.loc 1 191 5 is_stmt 1 view .LVU163
 506 002a 0821     		movs	r1, #8
 507 002c 0D48     		ldr	r0, .L29+12
 508 002e FFF7FEFF 		bl	HAL_GPIO_DeInit
 509              	.LVL22:
 194:Core/Src/usart.c **** 
 510              		.loc 1 194 5 view .LVU164
 511 0032 E06B     		ldr	r0, [r4, #60]
 512 0034 FFF7FEFF 		bl	HAL_DMA_DeInit
 513              	.LVL23:
 197:Core/Src/usart.c ****   /* USER CODE BEGIN USART1_MspDeInit 1 */
 514              		.loc 1 197 5 view .LVU165
 515 0038 2520     		movs	r0, #37
 516 003a FFF7FEFF 		bl	HAL_NVIC_DisableIRQ
 517              	.LVL24:
 518 003e E7E7     		b	.L23
 519              	.LVL25:
 520              	.L28:
 208:Core/Src/usart.c **** 
 521              		.loc 1 208 5 view .LVU166
 522 0040 02F5FA32 		add	r2, r2, #128000
 523 0044 136C     		ldr	r3, [r2, #64]
 524 0046 23F40033 		bic	r3, r3, #131072
 525 004a 1364     		str	r3, [r2, #64]
 214:Core/Src/usart.c **** 
 526              		.loc 1 214 5 view .LVU167
 527 004c 0C21     		movs	r1, #12
 528 004e 0448     		ldr	r0, .L29+8
 529              	.LVL26:
 214:Core/Src/usart.c **** 
 530              		.loc 1 214 5 is_stmt 0 view .LVU168
 531 0050 FFF7FEFF 		bl	HAL_GPIO_DeInit
 532              	.LVL27:
 533              		.loc 1 220 1 view .LVU169
 534 0054 DCE7     		b	.L23
 535              	.L30:
 536 0056 00BF     		.align	2
 537              	.L29:
 538 0058 00100140 		.word	1073811456
ARM GAS  /tmp/ccIHR95w.s 			page 16


 539 005c 00440040 		.word	1073759232
 540 0060 00000240 		.word	1073872896
 541 0064 00040240 		.word	1073873920
 542              		.cfi_endproc
 543              	.LFE223:
 545              		.global	hdma_usart1_rx
 546              		.section	.bss.hdma_usart1_rx,"aw",%nobits
 547              		.align	2
 550              	hdma_usart1_rx:
 551 0000 00000000 		.space	96
 551      00000000 
 551      00000000 
 551      00000000 
 551      00000000 
 552              		.global	huart2
 553              		.section	.bss.huart2,"aw",%nobits
 554              		.align	2
 557              	huart2:
 558 0000 00000000 		.space	72
 558      00000000 
 558      00000000 
 558      00000000 
 558      00000000 
 559              		.global	huart1
 560              		.section	.bss.huart1,"aw",%nobits
 561              		.align	2
 564              	huart1:
 565 0000 00000000 		.space	72
 565      00000000 
 565      00000000 
 565      00000000 
 565      00000000 
 566              		.text
 567              	.Letext0:
 568              		.file 2 "Drivers/CMSIS/Device/ST/STM32F4xx/Include/stm32f411xe.h"
 569              		.file 3 "/home/cedric/.config/VSCodium/User/globalStorage/bmd.stm32-for-vscode/@xpack-dev-tools/ar
 570              		.file 4 "/home/cedric/.config/VSCodium/User/globalStorage/bmd.stm32-for-vscode/@xpack-dev-tools/ar
 571              		.file 5 "Drivers/STM32F4xx_HAL_Driver/Inc/stm32f4xx_hal_def.h"
 572              		.file 6 "Drivers/STM32F4xx_HAL_Driver/Inc/stm32f4xx_hal_gpio.h"
 573              		.file 7 "Drivers/STM32F4xx_HAL_Driver/Inc/stm32f4xx_hal_dma.h"
 574              		.file 8 "Drivers/STM32F4xx_HAL_Driver/Inc/stm32f4xx_hal_uart.h"
 575              		.file 9 "Core/Inc/usart.h"
 576              		.file 10 "Drivers/STM32F4xx_HAL_Driver/Inc/stm32f4xx_hal_cortex.h"
 577              		.file 11 "Core/Inc/main.h"
ARM GAS  /tmp/ccIHR95w.s 			page 17


DEFINED SYMBOLS
                            *ABS*:00000000 usart.c
     /tmp/ccIHR95w.s:21     .text.MX_USART1_UART_Init:00000000 $t
     /tmp/ccIHR95w.s:27     .text.MX_USART1_UART_Init:00000000 MX_USART1_UART_Init
     /tmp/ccIHR95w.s:84     .text.MX_USART1_UART_Init:0000002c $d
     /tmp/ccIHR95w.s:564    .bss.huart1:00000000 huart1
     /tmp/ccIHR95w.s:91     .text.MX_USART2_UART_Init:00000000 $t
     /tmp/ccIHR95w.s:97     .text.MX_USART2_UART_Init:00000000 MX_USART2_UART_Init
     /tmp/ccIHR95w.s:154    .text.MX_USART2_UART_Init:0000002c $d
     /tmp/ccIHR95w.s:557    .bss.huart2:00000000 huart2
     /tmp/ccIHR95w.s:160    .text.HAL_UART_MspInit:00000000 $t
     /tmp/ccIHR95w.s:166    .text.HAL_UART_MspInit:00000000 HAL_UART_MspInit
     /tmp/ccIHR95w.s:444    .text.HAL_UART_MspInit:00000134 $d
     /tmp/ccIHR95w.s:550    .bss.hdma_usart1_rx:00000000 hdma_usart1_rx
     /tmp/ccIHR95w.s:455    .text.HAL_UART_MspDeInit:00000000 $t
     /tmp/ccIHR95w.s:461    .text.HAL_UART_MspDeInit:00000000 HAL_UART_MspDeInit
     /tmp/ccIHR95w.s:538    .text.HAL_UART_MspDeInit:00000058 $d
     /tmp/ccIHR95w.s:547    .bss.hdma_usart1_rx:00000000 $d
     /tmp/ccIHR95w.s:554    .bss.huart2:00000000 $d
     /tmp/ccIHR95w.s:561    .bss.huart1:00000000 $d

UNDEFINED SYMBOLS
HAL_UART_Init
Error_Handler
HAL_GPIO_Init
HAL_DMA_Init
HAL_NVIC_SetPriority
HAL_NVIC_EnableIRQ
HAL_GPIO_DeInit
HAL_DMA_DeInit
HAL_NVIC_DisableIRQ
