Archive member included to satisfy reference by file (symbol)

/home/cedric/.config/VSCodium/User/globalStorage/bmd.stm32-for-vscode/@xpack-dev-tools/arm-none-eabi-gcc/14.2.1-1.1.1/.content/bin/../lib/gcc/arm-none-eabi/14.2.1/../../../../arm-none-eabi/lib/thumb/v7e-m+fp/hard/libc_nano.a(libc_a-atexit.o)
                              /home/cedric/.config/VSCodium/User/globalStorage/bmd.stm32-for-vscode/@xpack-dev-tools/arm-none-eabi-gcc/14.2.1-1.1.1/.content/bin/../lib/gcc/arm-none-eabi/14.2.1/../../../../arm-none-eabi/lib/thumb/v7e-m+fp/hard/crt0.o (atexit)
/home/cedric/.config/VSCodium/User/globalStorage/bmd.stm32-for-vscode/@xpack-dev-tools/arm-none-eabi-gcc/14.2.1-1.1.1/.content/bin/../lib/gcc/arm-none-eabi/14.2.1/../../../../arm-none-eabi/lib/thumb/v7e-m+fp/hard/libc_nano.a(libc_a-exit.o)
                              /home/cedric/.config/VSCodium/User/globalStorage/bmd.stm32-for-vscode/@xpack-dev-tools/arm-none-eabi-gcc/14.2.1-1.1.1/.content/bin/../lib/gcc/arm-none-eabi/14.2.1/../../../../arm-none-eabi/lib/thumb/v7e-m+fp/hard/crt0.o (exit)
/home/cedric/.config/VSCodium/User/globalStorage/bmd.stm32-for-vscode/@xpack-dev-tools/arm-none-eabi-gcc/14.2.1-1.1.1/.content/bin/../lib/gcc/arm-none-eabi/14.2.1/../../../../arm-none-eabi/lib/thumb/v7e-m+fp/hard/libc_nano.a(libc_a-findfp.o)
                              /home/cedric/.config/VSCodium/User/globalStorage/bmd.stm32-for-vscode/@xpack-dev-tools/arm-none-eabi-gcc/14.2.1-1.1.1/.content/bin/../lib/gcc/arm-none-eabi/14.2.1/../../../../arm-none-eabi/lib/thumb/v7e-m+fp/hard/libc_nano.a(libc_a-exit.o) (__stdio_exit_handler)
/home/cedric/.config/VSCodium/User/globalStorage/bmd.stm32-for-vscode/@xpack-dev-tools/arm-none-eabi-gcc/14.2.1-1.1.1/.content/bin/../lib/gcc/arm-none-eabi/14.2.1/../../../../arm-none-eabi/lib/thumb/v7e-m+fp/hard/libc_nano.a(libc_a-fwalk.o)
                              /home/cedric/.config/VSCodium/User/globalStorage/bmd.stm32-for-vscode/@xpack-dev-tools/arm-none-eabi-gcc/14.2.1-1.1.1/.content/bin/../lib/gcc/arm-none-eabi/14.2.1/../../../../arm-none-eabi/lib/thumb/v7e-m+fp/hard/libc_nano.a(libc_a-findfp.o) (_fwalk_sglue)
/home/cedric/.config/VSCodium/User/globalStorage/bmd.stm32-for-vscode/@xpack-dev-tools/arm-none-eabi-gcc/14.2.1-1.1.1/.content/bin/../lib/gcc/arm-none-eabi/14.2.1/../../../../arm-none-eabi/lib/thumb/v7e-m+fp/hard/libc_nano.a(libc_a-stdio.o)
                              /home/cedric/.config/VSCodium/User/globalStorage/bmd.stm32-for-vscode/@xpack-dev-tools/arm-none-eabi-gcc/14.2.1-1.1.1/.content/bin/../lib/gcc/arm-none-eabi/14.2.1/../../../../arm-none-eabi/lib/thumb/v7e-m+fp/hard/libc_nano.a(libc_a-findfp.o) (__sread)
/home/cedric/.config/VSCodium/User/globalStorage/bmd.stm32-for-vscode/@xpack-dev-tools/arm-none-eabi-gcc/14.2.1-1.1.1/.content/bin/../lib/gcc/arm-none-eabi/14.2.1/../../../../arm-none-eabi/lib/thumb/v7e-m+fp/hard/libc_nano.a(libc_a-vsnprintf.o)
                              build/debug/freertos.o (vsnprintf)
/home/cedric/.config/VSCodium/User/globalStorage/bmd.stm32-for-vscode/@xpack-dev-tools/arm-none-eabi-gcc/14.2.1-1.1.1/.content/bin/../lib/gcc/arm-none-eabi/14.2.1/../../../../arm-none-eabi/lib/thumb/v7e-m+fp/hard/libc_nano.a(libc_a-memset.o)
                              /home/cedric/.config/VSCodium/User/globalStorage/bmd.stm32-for-vscode/@xpack-dev-tools/arm-none-eabi-gcc/14.2.1-1.1.1/.content/bin/../lib/gcc/arm-none-eabi/14.2.1/../../../../arm-none-eabi/lib/thumb/v7e-m+fp/hard/crt0.o (memset)
/home/cedric/.config/VSCodium/User/globalStorage/bmd.stm32-for-vscode/@xpack-dev-tools/arm-none-eabi-gcc/14.2.1-1.1.1/.content/bin/../lib/gcc/arm-none-eabi/14.2.1/../../../../arm-none-eabi/lib/thumb/v7e-m+fp/hard/libc_nano.a(libc_a-closer.o)
                              /home/cedric/.config/VSCodium/User/globalStorage/bmd.stm32-for-vscode/@xpack-dev-tools/arm-none-eabi-gcc/14.2.1-1.1.1/.content/bin/../lib/gcc/arm-none-eabi/14.2.1/../../../../arm-none-eabi/lib/thumb/v7e-m+fp/hard/libc_nano.a(libc_a-stdio.o) (_close_r)
/home/cedric/.config/VSCodium/User/globalStorage/bmd.stm32-for-vscode/@xpack-dev-tools/arm-none-eabi-gcc/14.2.1-1.1.1/.content/bin/../lib/gcc/arm-none-eabi/14.2.1/../../../../arm-none-eabi/lib/thumb/v7e-m+fp/hard/libc_nano.a(libc_a-reent.o)
                              /home/cedric/.config/VSCodium/User/globalStorage/bmd.stm32-for-vscode/@xpack-dev-tools/arm-none-eabi-gcc/14.2.1-1.1.1/.content/bin/../lib/gcc/arm-none-eabi/14.2.1/../../../../arm-none-eabi/lib/thumb/v7e-m+fp/hard/libc_nano.a(libc_a-closer.o) (errno)
/home/cedric/.config/VSCodium/User/globalStorage/bmd.stm32-for-vscode/@xpack-dev-tools/arm-none-eabi-gcc/14.2.1-1.1.1/.content/bin/../lib/gcc/arm-none-eabi/14.2.1/../../../../arm-none-eabi/lib/thumb/v7e-m+fp/hard/libc_nano.a(libc_a-impure.o)
[...]
Memory Configuration

Name             Origin             Length             Attributes
RAM              0x20000000         0x00020000         xrw
FLASH            0x08000000         0x00040000         xr
*default*        0x00000000         0xffffffff

Linker script and memory map

LOAD /home/cedric/.config/VSCodium/User/globalStorage/bmd.stm32-for-vscode/@xpack-dev-tools/arm-none-eabi-gcc/14.2.1-1.1.1/.content/bin/../lib/gcc/arm-none-eabi/14.2.1/thumb/v7e-m+fp/hard/crti.o
LOAD /home/cedric/.config/VSCodium/User/globalStorage/bmd.stm32-for-vscode/@xpack-dev-tools/arm-none-eabi-gcc/14.2.1-1.1.1/.content/bin/../lib/gcc/arm-none-eabi/14.2.1/thumb/v7e-m+fp/hard/crtbegin.o
LOAD /home/cedric/.config/VSCodium/User/globalStorage/bmd.stm32-for-vscode/@xpack-dev-tools/arm-none-eabi-gcc/14.2.1-1.1.1/.content/bin/../lib/gcc/arm-none-eabi/14.2.1/../../../../arm-none-eabi/lib/thumb/v7e-m+fp/hard/crt0.o
LOAD build/debug/adc.o
LOAD build/debug/cmsis_os2.o
LOAD build/debug/croutine.o
LOAD build/debug/crsf.o
LOAD build/debug/dma.o
LOAD build/debug/event_groups.o
LOAD build/debug/freertos.o
LOAD build/debug/gpio.o
LOAD build/debug/heap_4.o
LOAD build/debug/i2c.o
LOAD build/debug/icm42605.o
LOAD build/debug/imu_math.o
LOAD build/debug/list.o
LOAD build/debug/main.o
LOAD build/debug/motor_control.o
LOAD build/debug/port.o
LOAD build/debug/queue.o
LOAD build/debug/stm32f4xx_hal.o
LOAD build/debug/stm32f4xx_hal_adc.o
LOAD build/debug/stm32f4xx_hal_adc_ex.o
LOAD build/debug/stm32f4xx_hal_cortex.o
LOAD build/debug/stm32f4xx_hal_dma.o
LOAD build/debug/stm32f4xx_hal_dma_ex.o
LOAD build/debug/stm32f4xx_hal_exti.o
LOAD build/debug/stm32f4xx_hal_flash.o
LOAD build/debug/stm32f4xx_hal_flash_ex.o
LOAD build/debug/stm32f4xx_hal_flash_ramfunc.o
LOAD build/debug/stm32f4xx_hal_gpio.o
LOAD build/debug/stm32f4xx_hal_i2c.o
LOAD build/debug/stm32f4xx_hal_i2c_ex.o
LOAD build/debug/stm32f4xx_hal_msp.o
LOAD build/debug/stm32f4xx_hal_pcd.o
LOAD build/debug/stm32f4xx_hal_pcd_ex.o
LOAD build/debug/stm32f4xx_hal_pwr.o
LOAD build/debug/stm32f4xx_hal_pwr_ex.o
LOAD build/debug/stm32f4xx_hal_rcc.o
LOAD build/debug/stm32f4xx_hal_rcc_ex.o
LOAD build/debug/stm32f4xx_hal_tim.o
LOAD build/debug/stm32f4xx_hal_tim_ex.o
LOAD build/debug/stm32f4xx_hal_uart.o
LOAD build/debug/stm32f4xx_it.o
LOAD build/debug/stm32f4xx_ll_usb.o
LOAD build/debug/stream_buffer.o
LOAD build/debug/syscalls.o
LOAD build/debug/sysmem.o
LOAD build/debug/system_stm32f4xx.o
LOAD build/debug/tasks.o
LOAD build/debug/tim.o
LOAD build/debug/timers.o
LOAD build/debug/usart.o
LOAD build/debug/usb_device.o
LOAD build/debug/usbd_cdc.o
LOAD build/debug/usbd_cdc_if.o
LOAD build/debug/usbd_conf.o
LOAD build/debug/usbd_core.o
LOAD build/debug/usbd_ctlreq.o
LOAD build/debug/usbd_desc.o
LOAD build/debug/usbd_ioreq.o
LOAD build/debug/startup_stm32f411xe.o
LOAD /home/cedric/.config/VSCodium/User/globalStorage/bmd.stm32-for-vscode/@xpack-dev-tools/arm-none-eabi-gcc/14.2.1-1.1.1/.content/bin/../lib/gcc/arm-none-eabi/14.2.1/../../../../arm-none-eabi/lib/thumb/v7e-m+fp/hard/libc_nano.a
LOAD /home/cedric/.config/VSCodium/User/globalStorage/bmd.stm32-for-vscode/@xpack-dev-tools/arm-none-eabi-gcc/14.2.1-1.1.1/.content/bin/../lib/gcc/arm-none-eabi/14.2.1/../../../../arm-none-eabi/lib/thumb/v7e-m+fp/hard/libm.a
LOAD /home/cedric/.config/VSCodium/User/globalStorage/bmd.stm32-for-vscode/@xpack-dev-tools/arm-none-eabi-gcc/14.2.1-1.1.1/.content/bin/../lib/gcc/arm-none-eabi/14.2.1/../../../../arm-none-eabi/lib/thumb/v7e-m+fp/hard/libnosys.a
START GROUP
LOAD /home/cedric/.config/VSCodium/User/globalStorage/bmd.stm32-for-vscode/@xpack-dev-tools/arm-none-eabi-gcc/14.2.1-1.1.1/.content/bin/../lib/gcc/arm-none-eabi/14.2.1/thumb/v7e-m+fp/hard/libgcc.a
LOAD /home/cedric/.config/VSCodium/User/globalStorage/bmd.stm32-for-vscode/@xpack-dev-tools/arm-none-eabi-gcc/14.2.1-1.1.1/.content/bin/../lib/gcc/arm-none-eabi/14.2.1/../../../../arm-none-eabi/lib/thumb/v7e-m+fp/hard/libc_nano.a
END GROUP
START GROUP
LOAD /home/cedric/.config/VSCodium/User/globalStorage/bmd.stm32-for-vscode/@xpack-dev-tools/arm-none-eabi-gcc/14.2.1-1.1.1/.content/bin/../lib/gcc/arm-none-eabi/14.2.1/thumb/v7e-m+fp/hard/libgcc.a
LOAD /home/cedric/.config/VSCodium/User/globalStorage/bmd.stm32-for-vscode/@xpack-dev-tools/arm-none-eabi-gcc/14.2.1-1.1.1/.content/bin/../lib/gcc/arm-none-eabi/14.2.1/../../../../arm-none-eabi/lib/thumb/v7e-m+fp/hard/libc_nano.a
END GROUP
LOAD /home/cedric/.config/VSCodium/User/globalStorage/bmd.stm32-for-vscode/@xpack-dev-tools/arm-none-eabi-gcc/14.2.1-1.1.1/.content/bin/../lib/gcc/arm-none-eabi/14.2.1/thumb/v7e-m+fp/hard/crtend.o
LOAD /home/cedric/.config/VSCodium/User/globalStorage/bmd.stm32-for-vscode/@xpack-dev-tools/arm-none-eabi-gcc/14.2.1-1.1.1/.content/bin/../lib/gcc/arm-none-eabi/14.2.1/thumb/v7e-m+fp/hard/crtn.o
                0x20020000                        _estack = (ORIGIN (RAM) + LENGTH (RAM))
                0x2001fc00                        _sstack = (_estack - _Min_Stack_Size)
                0x00000200                        _Min_Heap_Size = 0x200
                0x00000400                        _Min_Stack_Size = 0x400

.isr_vector     0x08000000      0x198
                0x08000000                        . = ALIGN (0x4)
 *(.isr_vector)
 .isr_vector    0x08000000      0x198 build/debug/startup_stm32f411xe.o
                0x08000000                g_pfnVectors
                0x08000198                        . = ALIGN (0x4)

.text           0x080001a0     0xada0
                0x080001a0                        . = ALIGN (0x4)
 *(.text)
 .text          0x080001a0       0xa0 /home/cedric/.config/VSCodium/User/globalStorage/bmd.stm32-for-vscode/@xpack-dev-tools/arm-none-eabi-gcc/14.2.1-1.1.1/.content/bin/../lib/gcc/arm-none-eabi/14.2.1/../../../../arm-none-eabi/lib/thumb/v7e-m+fp/hard/libc_nano.a(libc_a-memchr.o)
                0x080001a0                memchr
 .text          0x08000240       0x30 /home/cedric/.config/VSCodium/User/globalStorage/bmd.stm32-for-vscode/@xpack-dev-tools/arm-none-eabi-gcc/14.2.1-1.1.1/.content/bin/../lib/gcc/arm-none-eabi/14.2.1/thumb/v7e-m+fp/hard/libgcc.a(_aeabi_uldivmod.o)
                0x08000240                __aeabi_uldivmod
 .text          0x08000270        0x4 /home/cedric/.config/VSCodium/User/globalStorage/bmd.stm32-for-vscode/@xpack-dev-tools/arm-none-eabi-gcc/14.2.1-1.1.1/.content/bin/../lib/gcc/arm-none-eabi/14.2.1/thumb/v7e-m+fp/hard/libgcc.a(_dvmd_tls.o)
                0x08000270                __aeabi_ldiv0
                0x08000270                __aeabi_idiv0
 *(.text*)
 .text.__do_global_dtors_aux
                0x08000274       0x24 /home/cedric/.config/VSCodium/User/globalStorage/bmd.stm32-for-vscode/@xpack-dev-tools/arm-none-eabi-gcc/14.2.1-1.1.1/.content/bin/../lib/gcc/arm-none-eabi/14.2.1/thumb/v7e-m+fp/hard/crtbegin.o
 .text.frame_dummy
                0x08000298       0x1c /home/cedric/.config/VSCodium/User/globalStorage/bmd.stm32-for-vscode/@xpack-dev-tools/arm-none-eabi-gcc/14.2.1-1.1.1/.content/bin/../lib/gcc/arm-none-eabi/14.2.1/thumb/v7e-m+fp/hard/crtbegin.o
 .text.MX_ADC1_Init
                0x080002b4       0x70 build/debug/adc.o
                0x080002b4                MX_ADC1_Init
 .text.HAL_ADC_MspInit
                0x08000324       0x68 build/debug/adc.o
                0x08000324                HAL_ADC_MspInit
 .text.osKernelInitialize
                0x0800038c       0x24 build/debug/cmsis_os2.o
                0x0800038c                osKernelInitialize
 .text.osKernelStart
                0x080003b0       0x38 build/debug/cmsis_os2.o
                0x080003b0                osKernelStart
 .text.osKernelGetTickCount
                0x080003e8       0x14 build/debug/cmsis_os2.o
                0x080003e8                osKernelGetTickCount
 .text.osThreadNew
                0x080003fc       0xb4 build/debug/cmsis_os2.o
                0x080003fc                osThreadNew
 .text.osThreadExit
                0x080004b0        0xa build/debug/cmsis_os2.o
                0x080004b0                osThreadExit
 .text.osDelay  0x080004ba       0x1c build/debug/cmsis_os2.o
                0x080004ba                osDelay
 .text.osMessageQueueNew
                0x080004d6       0x96 build/debug/cmsis_os2.o
                0x080004d6                osMessageQueueNew
 .text.osMessageQueuePut
                0x0800056c       0x84 build/debug/cmsis_os2.o
                0x0800056c                osMessageQueuePut
 .text.osMessageQueueGet
                0x080005f0       0x82 build/debug/cmsis_os2.o
                0x080005f0                osMessageQueueGet
 *fill*         0x08000672        0x2 
 .text.vApplicationGetIdleTaskMemory
                0x08000674       0x18 build/debug/cmsis_os2.o
                0x08000674                vApplicationGetIdleTaskMemory
 .text.vApplicationGetTimerTaskMemory
                0x0800068c       0x18 build/debug/cmsis_os2.o
                0x0800068c                vApplicationGetTimerTaskMemory
 .text.crsf_crc8
                0x080006a4       0x24 build/debug/crsf.o
                0x080006a4                crsf_crc8
 .text.crsf_parse_frame
                0x080006c8       0x74 build/debug/crsf.o
                0x080006c8                crsf_parse_frame
 .text.crsf_extract_rc_channels
                0x0800073c      0x24c build/debug/crsf.o
                0x0800073c                crsf_extract_rc_channels
 .text.crsf_generate_battery_frame
                0x08000988       0x60 build/debug/crsf.o
                0x08000988                crsf_generate_battery_frame
 .text.MX_DMA_Init
                0x080009e8       0x34 build/debug/dma.o
                0x080009e8                MX_DMA_Init
 .text.pid_compute
                0x08000a1c       0xdc build/debug/freertos.o
 .text.pid_init
                0x08000af8       0x1c build/debug/freertos.o
 .text.map_float
                0x08000b14       0x36 build/debug/freertos.o
 *fill*         0x08000b4a        0x2 
 .text.StartServoTask
                0x08000b4c       0xb0 build/debug/freertos.o
                0x08000b4c                StartServoTask
 .text.MX_FREERTOS_Init
                0x08000bfc       0xb0 build/debug/freertos.o
                0x08000bfc                MX_FREERTOS_Init
 .text.HAL_UARTEx_RxEventCallback
                0x08000cac       0x4c build/debug/freertos.o
                0x08000cac                HAL_UARTEx_RxEventCallback
 .text.usb_send
                0x08000cf8       0x2e build/debug/freertos.o
                0x08000cf8                usb_send
 *fill*         0x08000d26        0x2 
 .text.StartDefaultTask
                0x08000d28      0x144 build/debug/freertos.o
                0x08000d28                StartDefaultTask
 .text.StartReceiverTask
                0x08000e6c      0x290 build/debug/freertos.o
                0x08000e6c                StartReceiverTask
 .text.startImuTask
                0x080010fc      0x10c build/debug/freertos.o
                0x080010fc                startImuTask
 .text.StartPidTask
                0x08001208      0x2b8 build/debug/freertos.o
                0x08001208                StartPidTask
 .text.HAL_UART_ErrorCallback
                0x080014c0       0x54 build/debug/freertos.o
                0x080014c0                HAL_UART_ErrorCallback
 .text.MX_GPIO_Init
                0x08001514       0xfc build/debug/gpio.o
                0x08001514                MX_GPIO_Init
 .text.prvHeapInit
                0x08001610       0x64 build/debug/heap_4.o
 .text.prvInsertBlockIntoFreeList
                0x08001674       0x64 build/debug/heap_4.o
 .text.pvPortMalloc
                0x080016d8      0x104 build/debug/heap_4.o
                0x080016d8                pvPortMalloc
 .text.vPortFree
                0x080017dc       0x7c build/debug/heap_4.o
                0x080017dc                vPortFree
 .text.MX_I2C1_Init
                0x08001858       0x3c build/debug/i2c.o
                0x08001858                MX_I2C1_Init
 .text.HAL_I2C_MspInit
                0x08001894       0x70 build/debug/i2c.o
                0x08001894                HAL_I2C_MspInit
 .text.read_registers
                0x08001904       0x26 build/debug/icm42605.o
 .text.write_register
                0x0800192a       0x70 build/debug/icm42605.o
 .text.set_bank
                0x0800199a       0x18 build/debug/icm42605.o
 .text.who_am_i
                0x080019b2       0x30 build/debug/icm42605.o
 .text.reset_device
                0x080019e2       0x1c build/debug/icm42605.o
 *fill*         0x080019fe        0x2 
 .text.icm42605_set_accel_fs
                0x08001a00       0x78 build/debug/icm42605.o
                0x08001a00                icm42605_set_accel_fs
 .text.icm42605_set_gyro_fs
                0x08001a78       0x80 build/debug/icm42605.o
                0x08001a78                icm42605_set_gyro_fs
 .text.icm42605_get_agt
                0x08001af8      0x158 build/debug/icm42605.o
                0x08001af8                icm42605_get_agt
 .text.icm42605_calibrate_gyro
                0x08001c50       0xac build/debug/icm42605.o
                0x08001c50                icm42605_calibrate_gyro
 .text.icm42605_init
                0x08001cfc       0x8c build/debug/icm42605.o
                0x08001cfc                icm42605_init
 .text.imu_math_init
                0x08001d88        0xe build/debug/imu_math.o
                0x08001d88                imu_math_init
 *fill*         0x08001d96        0x2 
 .text.imu_math_update
                0x08001d98       0xb8 build/debug/imu_math.o
                0x08001d98                imu_math_update
 .text.vListInitialise
                0x08001e50       0x16 build/debug/list.o
                0x08001e50                vListInitialise
 .text.vListInitialiseItem
                0x08001e66        0x6 build/debug/list.o
                0x08001e66                vListInitialiseItem
 .text.vListInsertEnd
                0x08001e6c       0x16 build/debug/list.o
                0x08001e6c                vListInsertEnd
 .text.vListInsert
                0x08001e82       0x32 build/debug/list.o
                0x08001e82                vListInsert
 .text.uxListRemove
                0x08001eb4       0x26 build/debug/list.o
                0x08001eb4                uxListRemove
 .text.Error_Handler
                0x08001eda        0x4 build/debug/main.o
                0x08001eda                Error_Handler
 *fill*         0x08001ede        0x2 
 .text.SystemClock_Config
                0x08001ee0       0xa4 build/debug/main.o
                0x08001ee0                SystemClock_Config
 .text.main     0x08001f84       0x3c build/debug/main.o
                0x08001f84                main
 .text.motor_Init
                0x08001fc0       0x16 build/debug/motor_control.o
                0x08001fc0                motor_Init
 .text.motor_SetPulse
                0x08001fd6       0x3a build/debug/motor_control.o
                0x08001fd6                motor_SetPulse
 .text.motor_Start
                0x08002010        0xc build/debug/motor_control.o
                0x08002010                motor_Start
 .text.prvTaskExitError
                0x0800201c       0x40 build/debug/port.o
 .text.prvPortStartFirstTask
                0x0800205c       0x28 build/debug/port.o
 .text.vPortEnableVFP
                0x08002084       0x14 build/debug/port.o
 .text.pxPortInitialiseStack
                0x08002098       0x2c build/debug/port.o
                0x08002098                pxPortInitialiseStack
 *fill*         0x080020c4        0xc 
 .text.SVC_Handler
                0x080020d0       0x24 build/debug/port.o
                0x080020d0                SVC_Handler
 .text.vPortEnterCritical
                0x080020f4       0x44 build/debug/port.o
                0x080020f4                vPortEnterCritical
 .text.vPortExitCritical
                0x08002138       0x2c build/debug/port.o
                0x08002138                vPortExitCritical
 *fill*         0x08002164        0xc 
 .text.PendSV_Handler
                0x08002170       0x64 build/debug/port.o
                0x08002170                PendSV_Handler
 .text.xPortSysTickHandler
                0x080021d4       0x2c build/debug/port.o
                0x080021d4                xPortSysTickHandler
 .text.vPortSetupTimerInterrupt
                0x08002200       0x28 build/debug/port.o
                0x08002200                vPortSetupTimerInterrupt
 .text.xPortStartScheduler
                0x08002228      0x118 build/debug/port.o
                0x08002228                xPortStartScheduler
 .text.vPortValidateInterruptPriority
                0x08002340       0x5c build/debug/port.o
                0x08002340                vPortValidateInterruptPriority
 .text.prvIsQueueFull
                0x0800239c       0x1e build/debug/queue.o
 .text.prvIsQueueEmpty
                0x080023ba       0x1a build/debug/queue.o
 .text.prvCopyDataToQueue
                0x080023d4       0x76 build/debug/queue.o
 .text.prvCopyDataFromQueue
                0x0800244a       0x24 build/debug/queue.o
 .text.prvUnlockQueue
                0x0800246e       0x6e build/debug/queue.o
 .text.xQueueGenericReset
                0x080024dc       0x84 build/debug/queue.o
                0x080024dc                xQueueGenericReset
 .text.prvInitialiseNewQueue
                0x08002560       0x22 build/debug/queue.o
 .text.xQueueGenericCreateStatic
                0x08002582       0x94 build/debug/queue.o
                0x08002582                xQueueGenericCreateStatic
 .text.xQueueGenericCreate
                0x08002616       0x48 build/debug/queue.o
                0x08002616                xQueueGenericCreate
 .text.xQueueGenericSend
                0x0800265e      0x188 build/debug/queue.o
                0x0800265e                xQueueGenericSend
 .text.xQueueGenericSendFromISR
                0x080027e6       0xce build/debug/queue.o
                0x080027e6                xQueueGenericSendFromISR
 .text.xQueueReceive
                0x080028b4      0x15e build/debug/queue.o
                0x080028b4                xQueueReceive
 .text.xQueueReceiveFromISR
                0x08002a12       0xae build/debug/queue.o
                0x08002a12                xQueueReceiveFromISR
 .text.vQueueAddToRegistry
                0x08002ac0       0x28 build/debug/queue.o
                0x08002ac0                vQueueAddToRegistry
 .text.vQueueWaitForMessageRestricted
                0x08002ae8       0x52 build/debug/queue.o
                0x08002ae8                vQueueWaitForMessageRestricted
 *fill*         0x08002b3a        0x2 
 .text.HAL_InitTick
                0x08002b3c       0x4c build/debug/stm32f4xx_hal.o
                0x08002b3c                HAL_InitTick
 .text.HAL_Init
                0x08002b88       0x34 build/debug/stm32f4xx_hal.o
                0x08002b88                HAL_Init
 .text.HAL_IncTick
                0x08002bbc       0x18 build/debug/stm32f4xx_hal.o
                0x08002bbc                HAL_IncTick
 .text.HAL_GetTick
                0x08002bd4        0xc build/debug/stm32f4xx_hal.o
                0x08002bd4                HAL_GetTick
 .text.HAL_Delay
                0x08002be0       0x28 build/debug/stm32f4xx_hal.o
                0x08002be0                HAL_Delay
 .text.ADC_Init
                0x08002c08      0x134 build/debug/stm32f4xx_hal_adc.o
 .text.HAL_ADC_Init
                0x08002d3c       0x56 build/debug/stm32f4xx_hal_adc.o
                0x08002d3c                HAL_ADC_Init
 *fill*         0x08002d92        0x2 
 .text.HAL_ADC_Start
                0x08002d94      0x108 build/debug/stm32f4xx_hal_adc.o
                0x08002d94                HAL_ADC_Start
 .text.HAL_ADC_Stop
                0x08002e9c       0x40 build/debug/stm32f4xx_hal_adc.o
                0x08002e9c                HAL_ADC_Stop
 .text.HAL_ADC_PollForConversion
                0x08002edc       0xb8 build/debug/stm32f4xx_hal_adc.o
                0x08002edc                HAL_ADC_PollForConversion
 .text.HAL_ADC_GetValue
                0x08002f94        0x6 build/debug/stm32f4xx_hal_adc.o
                0x08002f94                HAL_ADC_GetValue
 *fill*         0x08002f9a        0x2 
 .text.HAL_ADC_ConfigChannel
                0x08002f9c      0x1ac build/debug/stm32f4xx_hal_adc.o
                0x08002f9c                HAL_ADC_ConfigChannel
 .text.__NVIC_EnableIRQ
                0x08003148       0x1c build/debug/stm32f4xx_hal_cortex.o
 .text.__NVIC_SetPriority
                0x08003164       0x28 build/debug/stm32f4xx_hal_cortex.o
 .text.NVIC_EncodePriority
                0x0800318c       0x3e build/debug/stm32f4xx_hal_cortex.o
 *fill*         0x080031ca        0x2 
 .text.HAL_NVIC_SetPriorityGrouping
                0x080031cc       0x24 build/debug/stm32f4xx_hal_cortex.o
                0x080031cc                HAL_NVIC_SetPriorityGrouping
 .text.HAL_NVIC_SetPriority
                0x080031f0       0x20 build/debug/stm32f4xx_hal_cortex.o
                0x080031f0                HAL_NVIC_SetPriority
 .text.HAL_NVIC_EnableIRQ
                0x08003210        0x8 build/debug/stm32f4xx_hal_cortex.o
                0x08003210                HAL_NVIC_EnableIRQ
 .text.HAL_SYSTICK_Config
                0x08003218       0x28 build/debug/stm32f4xx_hal_cortex.o
                0x08003218                HAL_SYSTICK_Config
 .text.DMA_SetConfig
                0x08003240       0x2c build/debug/stm32f4xx_hal_dma.o
 .text.DMA_CalcBaseAndBitshift
                0x0800326c       0x3c build/debug/stm32f4xx_hal_dma.o
 .text.DMA_CheckFifoParam
                0x080032a8       0x8e build/debug/stm32f4xx_hal_dma.o
 *fill*         0x08003336        0x2 
 .text.HAL_DMA_Init
                0x08003338       0xcc build/debug/stm32f4xx_hal_dma.o
                0x08003338                HAL_DMA_Init
 .text.HAL_DMA_Start_IT
                0x08003404       0x68 build/debug/stm32f4xx_hal_dma.o
                0x08003404                HAL_DMA_Start_IT
 .text.HAL_DMA_Abort
                0x0800346c       0x92 build/debug/stm32f4xx_hal_dma.o
                0x0800346c                HAL_DMA_Abort
 .text.HAL_DMA_Abort_IT
                0x080034fe       0x24 build/debug/stm32f4xx_hal_dma.o
                0x080034fe                HAL_DMA_Abort_IT
 *fill*         0x08003522        0x2 
 .text.HAL_DMA_IRQHandler
                0x08003524      0x1dc build/debug/stm32f4xx_hal_dma.o
                0x08003524                HAL_DMA_IRQHandler
 .text.HAL_DMA_GetError
                0x08003700        0x4 build/debug/stm32f4xx_hal_dma.o
                0x08003700                HAL_DMA_GetError
 .text.HAL_GPIO_Init
                0x08003704      0x1c8 build/debug/stm32f4xx_hal_gpio.o
                0x08003704                HAL_GPIO_Init
 .text.HAL_GPIO_WritePin
                0x080038cc        0xc build/debug/stm32f4xx_hal_gpio.o
                0x080038cc                HAL_GPIO_WritePin
 .text.HAL_GPIO_TogglePin
                0x080038d8       0x12 build/debug/stm32f4xx_hal_gpio.o
                0x080038d8                HAL_GPIO_TogglePin
 .text.I2C_IsAcknowledgeFailed
                0x080038ea       0x32 build/debug/stm32f4xx_hal_i2c.o
 .text.I2C_WaitOnFlagUntilTimeout
                0x0800391c       0xaa build/debug/stm32f4xx_hal_i2c.o
 .text.I2C_WaitOnMasterAddressFlagUntilTimeout
                0x080039c6       0xd6 build/debug/stm32f4xx_hal_i2c.o
 .text.I2C_WaitOnTXEFlagUntilTimeout
                0x08003a9c       0x5e build/debug/stm32f4xx_hal_i2c.o
 *fill*         0x08003afa        0x2 
 .text.I2C_RequestMemoryWrite
                0x08003afc       0xd8 build/debug/stm32f4xx_hal_i2c.o
 .text.I2C_RequestMemoryRead
                0x08003bd4      0x154 build/debug/stm32f4xx_hal_i2c.o
 .text.I2C_WaitOnBTFFlagUntilTimeout
                0x08003d28       0x5e build/debug/stm32f4xx_hal_i2c.o
 .text.I2C_WaitOnRXNEFlagUntilTimeout
                0x08003d86       0x78 build/debug/stm32f4xx_hal_i2c.o
 *fill*         0x08003dfe        0x2 
 .text.HAL_I2C_Init
                0x08003e00      0x1bc build/debug/stm32f4xx_hal_i2c.o
                0x08003e00                HAL_I2C_Init
 .text.HAL_I2C_Mem_Write
                0x08003fbc      0x160 build/debug/stm32f4xx_hal_i2c.o
                0x08003fbc                HAL_I2C_Mem_Write
 .text.HAL_I2C_Mem_Read
                0x0800411c      0x2f8 build/debug/stm32f4xx_hal_i2c.o
                0x0800411c                HAL_I2C_Mem_Read
 .text.HAL_MspInit
                0x08004414       0x44 build/debug/stm32f4xx_hal_msp.o
                0x08004414                HAL_MspInit
 .text.PCD_WriteEmptyTxFifo
                0x08004458       0xd0 build/debug/stm32f4xx_hal_pcd.o
 .text.HAL_PCD_Init
                0x08004528      0x102 build/debug/stm32f4xx_hal_pcd.o
                0x08004528                HAL_PCD_Init
 .text.HAL_PCD_Start
                0x0800462a       0x44 build/debug/stm32f4xx_hal_pcd.o
                0x0800462a                HAL_PCD_Start
 *fill*         0x0800466e        0x2 
 .text.PCD_EP_OutXfrComplete_int
                0x08004670      0x104 build/debug/stm32f4xx_hal_pcd.o
 .text.PCD_EP_OutSetupPacket_int
                0x08004774       0x50 build/debug/stm32f4xx_hal_pcd.o
 .text.HAL_PCD_SetAddress
                0x080047c4       0x26 build/debug/stm32f4xx_hal_pcd.o
                0x080047c4                HAL_PCD_SetAddress
 .text.HAL_PCD_EP_Open
                0x080047ea       0x8c build/debug/stm32f4xx_hal_pcd.o
                0x080047ea                HAL_PCD_EP_Open
 .text.HAL_PCD_EP_Close
                0x08004876       0x70 build/debug/stm32f4xx_hal_pcd.o
                0x08004876                HAL_PCD_EP_Close
 .text.HAL_PCD_EP_Receive
                0x080048e6       0x4a build/debug/stm32f4xx_hal_pcd.o
                0x080048e6                HAL_PCD_EP_Receive
 .text.HAL_PCD_EP_GetRxCount
                0x08004930       0x12 build/debug/stm32f4xx_hal_pcd.o
                0x08004930                HAL_PCD_EP_GetRxCount
 .text.HAL_PCD_EP_Transmit
                0x08004942       0x4a build/debug/stm32f4xx_hal_pcd.o
                0x08004942                HAL_PCD_EP_Transmit
 .text.HAL_PCD_EP_SetStall
                0x0800498c       0x86 build/debug/stm32f4xx_hal_pcd.o
                0x0800498c                HAL_PCD_EP_SetStall
 .text.HAL_PCD_EP_ClrStall
                0x08004a12       0x74 build/debug/stm32f4xx_hal_pcd.o
                0x08004a12                HAL_PCD_EP_ClrStall
 .text.HAL_PCD_EP_Abort
                0x08004a86       0x34 build/debug/stm32f4xx_hal_pcd.o
                0x08004a86                HAL_PCD_EP_Abort
 .text.HAL_PCD_IRQHandler
                0x08004aba      0x5be build/debug/stm32f4xx_hal_pcd.o
                0x08004aba                HAL_PCD_IRQHandler
 .text.HAL_PCDEx_SetTxFiFo
                0x08005078       0x4c build/debug/stm32f4xx_hal_pcd_ex.o
                0x08005078                HAL_PCDEx_SetTxFiFo
 .text.HAL_PCDEx_SetRxFiFo
                0x080050c4        0x8 build/debug/stm32f4xx_hal_pcd_ex.o
                0x080050c4                HAL_PCDEx_SetRxFiFo
 .text.HAL_PCDEx_LPM_Callback
                0x080050cc        0x2 build/debug/stm32f4xx_hal_pcd_ex.o
                0x080050cc                HAL_PCDEx_LPM_Callback
 *fill*         0x080050ce        0x2 
 .text.HAL_RCC_OscConfig
                0x080050d0      0x3f8 build/debug/stm32f4xx_hal_rcc.o
                0x080050d0                HAL_RCC_OscConfig
 .text.HAL_RCC_GetSysClockFreq
                0x080054c8       0xa8 build/debug/stm32f4xx_hal_rcc.o
                0x080054c8                HAL_RCC_GetSysClockFreq
 .text.HAL_RCC_ClockConfig
                0x08005570      0x160 build/debug/stm32f4xx_hal_rcc.o
                0x08005570                HAL_RCC_ClockConfig
 .text.HAL_RCC_GetHCLKFreq
                0x080056d0        0xc build/debug/stm32f4xx_hal_rcc.o
                0x080056d0                HAL_RCC_GetHCLKFreq
 .text.HAL_RCC_GetPCLK1Freq
                0x080056dc       0x20 build/debug/stm32f4xx_hal_rcc.o
                0x080056dc                HAL_RCC_GetPCLK1Freq
 .text.HAL_RCC_GetPCLK2Freq
                0x080056fc       0x20 build/debug/stm32f4xx_hal_rcc.o
                0x080056fc                HAL_RCC_GetPCLK2Freq
 .text.TIM_OC1_SetConfig
                0x0800571c       0x54 build/debug/stm32f4xx_hal_tim.o
 .text.TIM_OC3_SetConfig
                0x08005770       0x5c build/debug/stm32f4xx_hal_tim.o
 .text.TIM_OC4_SetConfig
                0x080057cc       0x48 build/debug/stm32f4xx_hal_tim.o
 .text.TIM_TI1_ConfigInputStage
                0x08005814       0x26 build/debug/stm32f4xx_hal_tim.o
 .text.TIM_TI2_ConfigInputStage
                0x0800583a       0x28 build/debug/stm32f4xx_hal_tim.o
 .text.TIM_ITRx_SetConfig
                0x08005862       0x10 build/debug/stm32f4xx_hal_tim.o
 .text.HAL_TIM_PWM_MspInit
                0x08005872        0x2 build/debug/stm32f4xx_hal_tim.o
                0x08005872                HAL_TIM_PWM_MspInit
 .text.TIM_Base_SetConfig
                0x08005874       0xa4 build/debug/stm32f4xx_hal_tim.o
                0x08005874                TIM_Base_SetConfig
 .text.HAL_TIM_Base_Init
                0x08005918       0x58 build/debug/stm32f4xx_hal_tim.o
                0x08005918                HAL_TIM_Base_Init
 .text.HAL_TIM_PWM_Init
                0x08005970       0x58 build/debug/stm32f4xx_hal_tim.o
                0x08005970                HAL_TIM_PWM_Init
 .text.TIM_OC2_SetConfig
                0x080059c8       0x5c build/debug/stm32f4xx_hal_tim.o
                0x080059c8                TIM_OC2_SetConfig
 .text.HAL_TIM_PWM_ConfigChannel
                0x08005a24       0xdc build/debug/stm32f4xx_hal_tim.o
                0x08005a24                HAL_TIM_PWM_ConfigChannel
 .text.TIM_ETR_SetConfig
                0x08005b00       0x1a build/debug/stm32f4xx_hal_tim.o
                0x08005b00                TIM_ETR_SetConfig
 .text.HAL_TIM_ConfigClockSource
                0x08005b1a       0xfe build/debug/stm32f4xx_hal_tim.o
                0x08005b1a                HAL_TIM_ConfigClockSource
 .text.TIM_CCxChannelCmd
                0x08005c18       0x1e build/debug/stm32f4xx_hal_tim.o
                0x08005c18                TIM_CCxChannelCmd
 *fill*         0x08005c36        0x2 
 .text.HAL_TIM_PWM_Start
                0x08005c38       0xe4 build/debug/stm32f4xx_hal_tim.o
                0x08005c38                HAL_TIM_PWM_Start
 .text.HAL_TIMEx_MasterConfigSynchronization
                0x08005d1c       0x7c build/debug/stm32f4xx_hal_tim_ex.o
                0x08005d1c                HAL_TIMEx_MasterConfigSynchronization
 .text.HAL_TIMEx_ConfigBreakDeadTime
                0x08005d98       0x52 build/debug/stm32f4xx_hal_tim_ex.o
                0x08005d98                HAL_TIMEx_ConfigBreakDeadTime
 .text.UART_EndTxTransfer
                0x08005dea       0x20 build/debug/stm32f4xx_hal_uart.o
 .text.UART_EndRxTransfer
                0x08005e0a       0x5c build/debug/stm32f4xx_hal_uart.o
 .text.UART_Transmit_IT
                0x08005e66       0x5e build/debug/stm32f4xx_hal_uart.o
 .text.UART_SetConfig
                0x08005ec4      0x110 build/debug/stm32f4xx_hal_uart.o
 .text.UART_WaitOnFlagUntilTimeout
                0x08005fd4       0x86 build/debug/stm32f4xx_hal_uart.o
 .text.HAL_UART_Init
                0x0800605a       0x60 build/debug/stm32f4xx_hal_uart.o
                0x0800605a                HAL_UART_Init
 .text.HAL_UART_Transmit
                0x080060ba       0xca build/debug/stm32f4xx_hal_uart.o
                0x080060ba                HAL_UART_Transmit
 .text.HAL_UART_AbortReceive
                0x08006184       0xa6 build/debug/stm32f4xx_hal_uart.o
                0x08006184                HAL_UART_AbortReceive
 .text.HAL_UART_TxCpltCallback
                0x0800622a        0x2 build/debug/stm32f4xx_hal_uart.o
                0x0800622a                HAL_UART_TxCpltCallback
 .text.UART_EndTransmit_IT
                0x0800622c       0x1a build/debug/stm32f4xx_hal_uart.o
 .text.HAL_UART_RxCpltCallback
                0x08006246        0x2 build/debug/stm32f4xx_hal_uart.o
                0x08006246                HAL_UART_RxCpltCallback
 .text.HAL_UART_RxHalfCpltCallback
                0x08006248        0x2 build/debug/stm32f4xx_hal_uart.o
                0x08006248                HAL_UART_RxHalfCpltCallback
 .text.UART_DMAError
                0x0800624a       0x54 build/debug/stm32f4xx_hal_uart.o
 .text.UART_DMAAbortOnError
                0x0800629e        0xe build/debug/stm32f4xx_hal_uart.o
 .text.UART_Receive_IT
                0x080062ac       0xe4 build/debug/stm32f4xx_hal_uart.o
 .text.HAL_UART_IRQHandler
                0x08006390      0x2a0 build/debug/stm32f4xx_hal_uart.o
                0x08006390                HAL_UART_IRQHandler
 .text.UART_DMARxHalfCplt
                0x08006630       0x1e build/debug/stm32f4xx_hal_uart.o
 .text.UART_DMAReceiveCplt
                0x0800664e       0x9a build/debug/stm32f4xx_hal_uart.o
 .text.UART_Start_Receive_DMA
                0x080066e8       0xb8 build/debug/stm32f4xx_hal_uart.o
                0x080066e8                UART_Start_Receive_DMA
 .text.HAL_UARTEx_ReceiveToIdle_DMA
                0x080067a0       0x60 build/debug/stm32f4xx_hal_uart.o
                0x080067a0                HAL_UARTEx_ReceiveToIdle_DMA
 .text.NMI_Handler
                0x08006800        0x2 build/debug/stm32f4xx_it.o
                0x08006800                NMI_Handler
 .text.HardFault_Handler
                0x08006802        0x2 build/debug/stm32f4xx_it.o
                0x08006802                HardFault_Handler
 .text.MemManage_Handler
                0x08006804        0x2 build/debug/stm32f4xx_it.o
                0x08006804                MemManage_Handler
 .text.BusFault_Handler
                0x08006806        0x2 build/debug/stm32f4xx_it.o
                0x08006806                BusFault_Handler
 .text.UsageFault_Handler
                0x08006808        0x2 build/debug/stm32f4xx_it.o
                0x08006808                UsageFault_Handler
 .text.DebugMon_Handler
                0x0800680a        0x2 build/debug/stm32f4xx_it.o
                0x0800680a                DebugMon_Handler
 .text.SysTick_Handler
                0x0800680c       0x1c build/debug/stm32f4xx_it.o
                0x0800680c                SysTick_Handler
 .text.USART1_IRQHandler
                0x08006828       0x10 build/debug/stm32f4xx_it.o
                0x08006828                USART1_IRQHandler
 .text.DMA2_Stream2_IRQHandler
                0x08006838       0x10 build/debug/stm32f4xx_it.o
                0x08006838                DMA2_Stream2_IRQHandler
 .text.OTG_FS_IRQHandler
                0x08006848       0x10 build/debug/stm32f4xx_it.o
                0x08006848                OTG_FS_IRQHandler
 .text.USB_CoreReset
                0x08006858       0x58 build/debug/stm32f4xx_ll_usb.o
 .text.USB_CoreInit
                0x080068b0       0x92 build/debug/stm32f4xx_ll_usb.o
                0x080068b0                USB_CoreInit
 *fill*         0x08006942        0x2 
 .text.USB_SetTurnaroundTime
                0x08006944       0xe4 build/debug/stm32f4xx_ll_usb.o
                0x08006944                USB_SetTurnaroundTime
 .text.USB_EnableGlobalInt
                0x08006a28        0xc build/debug/stm32f4xx_ll_usb.o
                0x08006a28                USB_EnableGlobalInt
 .text.USB_DisableGlobalInt
                0x08006a34        0xc build/debug/stm32f4xx_ll_usb.o
                0x08006a34                USB_DisableGlobalInt
 .text.USB_FlushTxFifo
                0x08006a40       0x4a build/debug/stm32f4xx_ll_usb.o
                0x08006a40                USB_FlushTxFifo
 .text.USB_FlushRxFifo
                0x08006a8a       0x46 build/debug/stm32f4xx_ll_usb.o
                0x08006a8a                USB_FlushRxFifo
 .text.USB_SetDevSpeed
                0x08006ad0        0xe build/debug/stm32f4xx_ll_usb.o
                0x08006ad0                USB_SetDevSpeed
 *fill*         0x08006ade        0x2 
 .text.USB_DevInit
                0x08006ae0      0x198 build/debug/stm32f4xx_ll_usb.o
                0x08006ae0                USB_DevInit
 .text.USB_GetDevSpeed
                0x08006c78       0x22 build/debug/stm32f4xx_ll_usb.o
                0x08006c78                USB_GetDevSpeed
 .text.USB_ActivateEndpoint
                0x08006c9a       0x9a build/debug/stm32f4xx_ll_usb.o
                0x08006c9a                USB_ActivateEndpoint
 .text.USB_DeactivateEndpoint
                0x08006d34       0xe0 build/debug/stm32f4xx_ll_usb.o
                0x08006d34                USB_DeactivateEndpoint
 .text.USB_EPStopXfer
                0x08006e14       0xbe build/debug/stm32f4xx_ll_usb.o
                0x08006e14                USB_EPStopXfer
 .text.USB_WritePacket
                0x08006ed2       0x2e build/debug/stm32f4xx_ll_usb.o
                0x08006ed2                USB_WritePacket
 .text.USB_EPStartXfer
                0x08006f00      0x244 build/debug/stm32f4xx_ll_usb.o
                0x08006f00                USB_EPStartXfer
 .text.USB_ReadPacket
                0x08007144       0x46 build/debug/stm32f4xx_ll_usb.o
                0x08007144                USB_ReadPacket
 .text.USB_EPSetStall
                0x0800718a       0x5a build/debug/stm32f4xx_ll_usb.o
                0x0800718a                USB_EPSetStall
 .text.USB_EPClearStall
                0x080071e4       0x5c build/debug/stm32f4xx_ll_usb.o
                0x080071e4                USB_EPClearStall
 .text.USB_SetDevAddress
                0x08007240       0x20 build/debug/stm32f4xx_ll_usb.o
                0x08007240                USB_SetDevAddress
 .text.USB_DevConnect
                0x08007260       0x1c build/debug/stm32f4xx_ll_usb.o
                0x08007260                USB_DevConnect
 .text.USB_DevDisconnect
                0x0800727c       0x1c build/debug/stm32f4xx_ll_usb.o
                0x0800727c                USB_DevDisconnect
 .text.USB_ReadInterrupts
                0x08007298        0x8 build/debug/stm32f4xx_ll_usb.o
                0x08007298                USB_ReadInterrupts
 .text.USB_ReadDevAllOutEpInterrupt
                0x080072a0       0x10 build/debug/stm32f4xx_ll_usb.o
                0x080072a0                USB_ReadDevAllOutEpInterrupt
 .text.USB_ReadDevAllInEpInterrupt
                0x080072b0       0x10 build/debug/stm32f4xx_ll_usb.o
                0x080072b0                USB_ReadDevAllInEpInterrupt
 .text.USB_ReadDevOutEPInterrupt
                0x080072c0       0x12 build/debug/stm32f4xx_ll_usb.o
                0x080072c0                USB_ReadDevOutEPInterrupt
 .text.USB_ReadDevInEPInterrupt
                0x080072d2       0x24 build/debug/stm32f4xx_ll_usb.o
                0x080072d2                USB_ReadDevInEPInterrupt
 .text.USB_GetMode
                0x080072f6        0x8 build/debug/stm32f4xx_ll_usb.o
                0x080072f6                USB_GetMode
 .text.USB_SetCurrentMode
                0x080072fe       0x62 build/debug/stm32f4xx_ll_usb.o
                0x080072fe                USB_SetCurrentMode
 .text.USB_ActivateSetup
                0x08007360       0x1c build/debug/stm32f4xx_ll_usb.o
                0x08007360                USB_ActivateSetup
 .text.USB_EP0_OutStart
                0x0800737c       0x60 build/debug/stm32f4xx_ll_usb.o
                0x0800737c                USB_EP0_OutStart
 .text._sbrk    0x080073dc       0x48 build/debug/sysmem.o
                0x080073dc                _sbrk
 .text.SystemInit
                0x08007424       0x14 build/debug/system_stm32f4xx.o
                0x08007424                SystemInit
 .text.prvResetNextTaskUnblockTime
                0x08007438       0x2c build/debug/tasks.o
 .text.prvInitialiseNewTask
                0x08007464       0xa2 build/debug/tasks.o
 *fill*         0x08007506        0x2 
 .text.prvInitialiseTaskLists
                0x08007508       0x68 build/debug/tasks.o
 .text.prvAddNewTaskToReadyList
                0x08007570       0xac build/debug/tasks.o
 .text.prvDeleteTCB
                0x0800761c       0x38 build/debug/tasks.o
 .text.prvCheckTasksWaitingTermination
                0x08007654       0x4c build/debug/tasks.o
 .text.prvIdleTask
                0x080076a0       0x28 build/debug/tasks.o
 .text.prvAddCurrentTaskToDelayedList
                0x080076c8       0x7c build/debug/tasks.o
 .text.xTaskCreateStatic
                0x08007744       0x76 build/debug/tasks.o
                0x08007744                xTaskCreateStatic
 .text.xTaskCreate
                0x080077ba       0x64 build/debug/tasks.o
                0x080077ba                xTaskCreate
 *fill*         0x0800781e        0x2 
 .text.vTaskDelete
                0x08007820       0xb8 build/debug/tasks.o
                0x08007820                vTaskDelete
 .text.vTaskStartScheduler
                0x080078d8       0x98 build/debug/tasks.o
                0x080078d8                vTaskStartScheduler
 .text.vTaskSuspendAll
                0x08007970       0x10 build/debug/tasks.o
                0x08007970                vTaskSuspendAll
 .text.xTaskGetTickCount
                0x08007980        0xc build/debug/tasks.o
                0x08007980                xTaskGetTickCount
 .text.xTaskGetTickCountFromISR
                0x0800798c       0x10 build/debug/tasks.o
                0x0800798c                xTaskGetTickCountFromISR
 .text.xTaskIncrementTick
                0x0800799c      0x118 build/debug/tasks.o
                0x0800799c                xTaskIncrementTick
 .text.xTaskResumeAll
                0x08007ab4       0xf8 build/debug/tasks.o
                0x08007ab4                xTaskResumeAll
 .text.vTaskDelayUntil
                0x08007bac       0xa4 build/debug/tasks.o
                0x08007bac                vTaskDelayUntil
 .text.vTaskDelay
                0x08007c50       0x4c build/debug/tasks.o
                0x08007c50                vTaskDelay
 .text.vTaskSwitchContext
                0x08007c9c       0x98 build/debug/tasks.o
                0x08007c9c                vTaskSwitchContext
 .text.vTaskPlaceOnEventList
                0x08007d34       0x30 build/debug/tasks.o
                0x08007d34                vTaskPlaceOnEventList
 .text.vTaskPlaceOnEventListRestricted
                0x08007d64       0x38 build/debug/tasks.o
                0x08007d64                vTaskPlaceOnEventListRestricted
 .text.xTaskRemoveFromEventList
                0x08007d9c       0x8c build/debug/tasks.o
                0x08007d9c                xTaskRemoveFromEventList
 .text.vTaskInternalSetTimeOutState
                0x08007e28       0x18 build/debug/tasks.o
                0x08007e28                vTaskInternalSetTimeOutState
 .text.xTaskCheckForTimeOut
                0x08007e40       0x88 build/debug/tasks.o
                0x08007e40                xTaskCheckForTimeOut
 .text.vTaskMissedYield
                0x08007ec8        0xc build/debug/tasks.o
                0x08007ec8                vTaskMissedYield
 .text.xTaskGetSchedulerState
                0x08007ed4       0x20 build/debug/tasks.o
                0x08007ed4                xTaskGetSchedulerState
 .text.xTaskPriorityDisinherit
                0x08007ef4       0x90 build/debug/tasks.o
                0x08007ef4                xTaskPriorityDisinherit
 .text.ulTaskNotifyTake
                0x08007f84       0x78 build/debug/tasks.o
                0x08007f84                ulTaskNotifyTake
 .text.vTaskNotifyGiveFromISR
                0x08007ffc       0xd0 build/debug/tasks.o
                0x08007ffc                vTaskNotifyGiveFromISR
 .text.HAL_TIM_Base_MspInit
                0x080080cc       0x50 build/debug/tim.o
                0x080080cc                HAL_TIM_Base_MspInit
 .text.HAL_TIM_MspPostInit
                0x0800811c       0x90 build/debug/tim.o
                0x0800811c                HAL_TIM_MspPostInit
 .text.MX_TIM1_Init
                0x080081ac      0x10c build/debug/tim.o
                0x080081ac                MX_TIM1_Init
 .text.MX_TIM2_Init
                0x080082b8       0xc0 build/debug/tim.o
                0x080082b8                MX_TIM2_Init
 .text.prvGetNextExpireTime
                0x08008378       0x20 build/debug/timers.o
 .text.prvInsertTimerInActiveList
                0x08008398       0x48 build/debug/timers.o
 .text.prvCheckForValidListAndQueue
                0x080083e0       0x70 build/debug/timers.o
 .text.xTimerCreateTimerTask
                0x08008450       0x64 build/debug/timers.o
                0x08008450                xTimerCreateTimerTask
 .text.xTimerGenericCommand
                0x080084b4       0x6c build/debug/timers.o
                0x080084b4                xTimerGenericCommand
 .text.prvSwitchTimerLists
                0x08008520       0x7c build/debug/timers.o
 .text.prvSampleTimeNow
                0x0800859c       0x2c build/debug/timers.o
 .text.prvProcessExpiredTimer
                0x080085c8       0x6c build/debug/timers.o
 .text.prvProcessTimerOrBlockTask
                0x08008634       0x74 build/debug/timers.o
 .text.prvProcessReceivedCommands
                0x080086a8      0x10c build/debug/timers.o
 .text.prvTimerTask
                0x080087b4       0x16 build/debug/timers.o
 *fill*         0x080087ca        0x2 
 .text.MX_USART1_UART_Init
                0x080087cc       0x38 build/debug/usart.o
                0x080087cc                MX_USART1_UART_Init
 .text.MX_USART2_UART_Init
                0x08008804       0x34 build/debug/usart.o
                0x08008804                MX_USART2_UART_Init
 .text.HAL_UART_MspInit
                0x08008838      0x150 build/debug/usart.o
                0x08008838                HAL_UART_MspInit
 .text.MX_USB_DEVICE_Init
                0x08008988       0x54 build/debug/usb_device.o
                0x08008988                MX_USB_DEVICE_Init
 .text.USBD_CDC_EP0_RxReady
                0x080089dc       0x40 build/debug/usbd_cdc.o
 .text.USBD_CDC_GetDeviceQualifierDescriptor
                0x08008a1c        0xc build/debug/usbd_cdc.o
                0x08008a1c                USBD_CDC_GetDeviceQualifierDescriptor
 .text.USBD_CDC_GetOtherSpeedCfgDesc
                0x08008a28       0x48 build/debug/usbd_cdc.o
 .text.USBD_CDC_GetFSCfgDesc
                0x08008a70       0x48 build/debug/usbd_cdc.o
 .text.USBD_CDC_GetHSCfgDesc
                0x08008ab8       0x48 build/debug/usbd_cdc.o
 .text.USBD_CDC_DataOut
                0x08008b00       0x38 build/debug/usbd_cdc.o
 .text.USBD_CDC_DataIn
                0x08008b38       0x7c build/debug/usbd_cdc.o
 .text.USBD_CDC_Setup
                0x08008bb4      0x114 build/debug/usbd_cdc.o
 .text.USBD_CDC_DeInit
                0x08008cc8       0x64 build/debug/usbd_cdc.o
 .text.USBD_CDC_Init
                0x08008d2c       0xee build/debug/usbd_cdc.o
 .text.USBD_CDC_RegisterInterface
                0x08008e1a       0x16 build/debug/usbd_cdc.o
                0x08008e1a                USBD_CDC_RegisterInterface
 .text.USBD_CDC_SetTxBuffer
                0x08008e30       0x1c build/debug/usbd_cdc.o
                0x08008e30                USBD_CDC_SetTxBuffer
 .text.USBD_CDC_SetRxBuffer
                0x08008e4c       0x18 build/debug/usbd_cdc.o
                0x08008e4c                USBD_CDC_SetRxBuffer
 .text.USBD_CDC_TransmitPacket
                0x08008e64       0x36 build/debug/usbd_cdc.o
                0x08008e64                USBD_CDC_TransmitPacket
 .text.USBD_CDC_ReceivePacket
                0x08008e9a       0x38 build/debug/usbd_cdc.o
                0x08008e9a                USBD_CDC_ReceivePacket
 .text.CDC_DeInit_FS
                0x08008ed2        0x4 build/debug/usbd_cdc_if.o
 .text.CDC_Control_FS
                0x08008ed6        0x4 build/debug/usbd_cdc_if.o
 .text.CDC_TransmitCplt_FS
                0x08008eda        0x4 build/debug/usbd_cdc_if.o
 *fill*         0x08008ede        0x2 
 .text.CDC_Receive_FS
                0x08008ee0       0x1c build/debug/usbd_cdc_if.o
 .text.CDC_Init_FS
                0x08008efc       0x28 build/debug/usbd_cdc_if.o
 .text.CDC_Transmit_FS
                0x08008f24       0x2c build/debug/usbd_cdc_if.o
                0x08008f24                CDC_Transmit_FS
 .text.HAL_PCD_MspInit
                0x08008f50       0x88 build/debug/usbd_conf.o
                0x08008f50                HAL_PCD_MspInit
 .text.HAL_PCD_SetupStageCallback
                0x08008fd8       0x10 build/debug/usbd_conf.o
                0x08008fd8                HAL_PCD_SetupStageCallback
 .text.HAL_PCD_DataOutStageCallback
                0x08008fe8       0x18 build/debug/usbd_conf.o
                0x08008fe8                HAL_PCD_DataOutStageCallback
 .text.HAL_PCD_DataInStageCallback
                0x08009000       0x16 build/debug/usbd_conf.o
                0x08009000                HAL_PCD_DataInStageCallback
 .text.HAL_PCD_SOFCallback
                0x08009016        0xc build/debug/usbd_conf.o
                0x08009016                HAL_PCD_SOFCallback
 .text.HAL_PCD_ResetCallback
                0x08009022       0x24 build/debug/usbd_conf.o
                0x08009022                HAL_PCD_ResetCallback
 *fill*         0x08009046        0x2 
 .text.HAL_PCD_SuspendCallback
                0x08009048       0x30 build/debug/usbd_conf.o
                0x08009048                HAL_PCD_SuspendCallback
 .text.HAL_PCD_ResumeCallback
                0x08009078        0xc build/debug/usbd_conf.o
                0x08009078                HAL_PCD_ResumeCallback
 .text.HAL_PCD_ISOOUTIncompleteCallback
                0x08009084        0xc build/debug/usbd_conf.o
                0x08009084                HAL_PCD_ISOOUTIncompleteCallback
 .text.HAL_PCD_ISOINIncompleteCallback
                0x08009090        0xc build/debug/usbd_conf.o
                0x08009090                HAL_PCD_ISOINIncompleteCallback
 .text.HAL_PCD_ConnectCallback
                0x0800909c        0xc build/debug/usbd_conf.o
                0x0800909c                HAL_PCD_ConnectCallback
 .text.HAL_PCD_DisconnectCallback
                0x080090a8        0xc build/debug/usbd_conf.o
                0x080090a8                HAL_PCD_DisconnectCallback
 .text.USBD_LL_Init
                0x080090b4       0x68 build/debug/usbd_conf.o
                0x080090b4                USBD_LL_Init
 .text.USBD_LL_IsStallEP
                0x0800911c       0x2c build/debug/usbd_conf.o
                0x0800911c                USBD_LL_IsStallEP
 .text.USBD_LL_GetRxDataSize
                0x08009148        0xc build/debug/usbd_conf.o
                0x08009148                USBD_LL_GetRxDataSize
 .text.USBD_static_malloc
                0x08009154        0x8 build/debug/usbd_conf.o
                0x08009154                USBD_static_malloc
 .text.USBD_static_free
                0x0800915c        0x2 build/debug/usbd_conf.o
                0x0800915c                USBD_static_free
 .text.USBD_Get_USB_Status
                0x0800915e       0x14 build/debug/usbd_conf.o
                0x0800915e                USBD_Get_USB_Status
 .text.USBD_LL_Start
                0x08009172       0x10 build/debug/usbd_conf.o
                0x08009172                USBD_LL_Start
 .text.USBD_LL_OpenEP
                0x08009182       0x16 build/debug/usbd_conf.o
                0x08009182                USBD_LL_OpenEP
 .text.USBD_LL_CloseEP
                0x08009198       0x10 build/debug/usbd_conf.o
                0x08009198                USBD_LL_CloseEP
 .text.USBD_LL_StallEP
                0x080091a8       0x10 build/debug/usbd_conf.o
                0x080091a8                USBD_LL_StallEP
 .text.USBD_LL_ClearStallEP
                0x080091b8       0x10 build/debug/usbd_conf.o
                0x080091b8                USBD_LL_ClearStallEP
 .text.USBD_LL_SetUSBAddress
                0x080091c8       0x10 build/debug/usbd_conf.o
                0x080091c8                USBD_LL_SetUSBAddress
 .text.USBD_LL_Transmit
                0x080091d8       0x10 build/debug/usbd_conf.o
                0x080091d8                USBD_LL_Transmit
 .text.USBD_LL_PrepareReceive
                0x080091e8       0x10 build/debug/usbd_conf.o
                0x080091e8                USBD_LL_PrepareReceive
 .text.USBD_Init
                0x080091f8       0x2e build/debug/usbd_core.o
                0x080091f8                USBD_Init
 .text.USBD_RegisterClass
                0x08009226       0x40 build/debug/usbd_core.o
                0x08009226                USBD_RegisterClass
 .text.USBD_Start
                0x08009266        0x8 build/debug/usbd_core.o
                0x08009266                USBD_Start
 .text.USBD_SetClassConfig
                0x0800926e       0x12 build/debug/usbd_core.o
                0x0800926e                USBD_SetClassConfig
 .text.USBD_ClrClassConfig
                0x08009280       0x12 build/debug/usbd_core.o
                0x08009280                USBD_ClrClassConfig
 .text.USBD_LL_SetupStage
                0x08009292       0x58 build/debug/usbd_core.o
                0x08009292                USBD_LL_SetupStage
 .text.USBD_LL_Reset
                0x080092ea       0x66 build/debug/usbd_core.o
                0x080092ea                USBD_LL_Reset
 .text.USBD_LL_SetSpeed
                0x08009350        0x6 build/debug/usbd_core.o
                0x08009350                USBD_LL_SetSpeed
 .text.USBD_LL_Suspend
                0x08009356       0x1c build/debug/usbd_core.o
                0x08009356                USBD_LL_Suspend
 .text.USBD_LL_Resume
                0x08009372       0x18 build/debug/usbd_core.o
                0x08009372                USBD_LL_Resume
 .text.USBD_LL_SOF
                0x0800938a       0x20 build/debug/usbd_core.o
                0x0800938a                USBD_LL_SOF
 .text.USBD_LL_IsoINIncomplete
                0x080093aa       0x2c build/debug/usbd_core.o
                0x080093aa                USBD_LL_IsoINIncomplete
 .text.USBD_LL_IsoOUTIncomplete
                0x080093d6       0x2c build/debug/usbd_core.o
                0x080093d6                USBD_LL_IsoOUTIncomplete
 .text.USBD_LL_DevConnected
                0x08009402        0x4 build/debug/usbd_core.o
                0x08009402                USBD_LL_DevConnected
 .text.USBD_LL_DevDisconnected
                0x08009406       0x20 build/debug/usbd_core.o
                0x08009406                USBD_LL_DevDisconnected
 .text.USBD_CoreFindIF
                0x08009426        0x4 build/debug/usbd_core.o
                0x08009426                USBD_CoreFindIF
 .text.USBD_CoreFindEP
                0x0800942a        0x4 build/debug/usbd_core.o
                0x0800942a                USBD_CoreFindEP
 .text.USBD_LL_DataOutStage
                0x0800942e       0xc6 build/debug/usbd_core.o
                0x0800942e                USBD_LL_DataOutStage
 .text.USBD_LL_DataInStage
                0x080094f4       0xd4 build/debug/usbd_core.o
                0x080094f4                USBD_LL_DataInStage
 .text.USBD_GetNextDesc
                0x080095c8        0xe build/debug/usbd_core.o
                0x080095c8                USBD_GetNextDesc
 .text.USBD_GetEpDesc
                0x080095d6       0x3e build/debug/usbd_core.o
                0x080095d6                USBD_GetEpDesc
 .text.USBD_GetLen
                0x08009614       0x14 build/debug/usbd_ctlreq.o
 .text.USBD_ParseSetupRequest
                0x08009628       0x28 build/debug/usbd_ctlreq.o
                0x08009628                USBD_ParseSetupRequest
 .text.USBD_CtlError
                0x08009650       0x14 build/debug/usbd_ctlreq.o
                0x08009650                USBD_CtlError
 .text.USBD_GetDescriptor
                0x08009664      0x18a build/debug/usbd_ctlreq.o
 .text.USBD_SetAddress
                0x080097ee       0x4e build/debug/usbd_ctlreq.o
 .text.USBD_SetConfig
                0x0800983c       0xcc build/debug/usbd_ctlreq.o
 .text.USBD_GetConfig
                0x08009908       0x40 build/debug/usbd_ctlreq.o
 .text.USBD_GetStatus
                0x08009948       0x38 build/debug/usbd_ctlreq.o
 .text.USBD_SetFeature
                0x08009980       0x2a build/debug/usbd_ctlreq.o
 .text.USBD_ClrFeature
                0x080099aa       0x26 build/debug/usbd_ctlreq.o
 .text.USBD_StdDevReq
                0x080099d0       0x76 build/debug/usbd_ctlreq.o
                0x080099d0                USBD_StdDevReq
 .text.USBD_StdItfReq
                0x08009a46       0x84 build/debug/usbd_ctlreq.o
                0x08009a46                USBD_StdItfReq
 .text.USBD_StdEPReq
                0x08009aca      0x23a build/debug/usbd_ctlreq.o
                0x08009aca                USBD_StdEPReq
 .text.USBD_GetString
                0x08009d04       0x46 build/debug/usbd_ctlreq.o
                0x08009d04                USBD_GetString
 *fill*         0x08009d4a        0x2 
 .text.USBD_FS_DeviceDescriptor
                0x08009d4c        0xc build/debug/usbd_desc.o
                0x08009d4c                USBD_FS_DeviceDescriptor
 .text.USBD_FS_LangIDStrDescriptor
                0x08009d58        0xc build/debug/usbd_desc.o
                0x08009d58                USBD_FS_LangIDStrDescriptor
 .text.IntToUnicode
                0x08009d64       0x46 build/debug/usbd_desc.o
 *fill*         0x08009daa        0x2 
 .text.Get_SerialNum
                0x08009dac       0x38 build/debug/usbd_desc.o
 .text.USBD_FS_SerialStrDescriptor
                0x08009de4       0x14 build/debug/usbd_desc.o
                0x08009de4                USBD_FS_SerialStrDescriptor
 .text.USBD_FS_ProductStrDescriptor
                0x08009df8       0x24 build/debug/usbd_desc.o
                0x08009df8                USBD_FS_ProductStrDescriptor
 .text.USBD_FS_ManufacturerStrDescriptor
                0x08009e1c       0x1c build/debug/usbd_desc.o
                0x08009e1c                USBD_FS_ManufacturerStrDescriptor
 .text.USBD_FS_ConfigStrDescriptor
                0x08009e38       0x24 build/debug/usbd_desc.o
                0x08009e38                USBD_FS_ConfigStrDescriptor
 .text.USBD_FS_InterfaceStrDescriptor
                0x08009e5c       0x24 build/debug/usbd_desc.o
                0x08009e5c                USBD_FS_InterfaceStrDescriptor
 .text.USBD_CtlSendData
                0x08009e80       0x1c build/debug/usbd_ioreq.o
                0x08009e80                USBD_CtlSendData
 .text.USBD_CtlContinueSendData
                0x08009e9c       0x10 build/debug/usbd_ioreq.o
                0x08009e9c                USBD_CtlContinueSendData
 .text.USBD_CtlPrepareRx
                0x08009eac       0x22 build/debug/usbd_ioreq.o
                0x08009eac                USBD_CtlPrepareRx
 .text.USBD_CtlContinueRx
                0x08009ece       0x10 build/debug/usbd_ioreq.o
                0x08009ece                USBD_CtlContinueRx
 .text.USBD_CtlSendStatus
                0x08009ede       0x16 build/debug/usbd_ioreq.o
                0x08009ede                USBD_CtlSendStatus
 .text.USBD_CtlReceiveStatus
                0x08009ef4       0x16 build/debug/usbd_ioreq.o
                0x08009ef4                USBD_CtlReceiveStatus
 *fill*         0x08009f0a        0x2 
 .text.Reset_Handler
                0x08009f0c       0x50 build/debug/startup_stm32f411xe.o
                0x08009f0c                Reset_Handler
 .text.Default_Handler
                0x08009f5c        0x2 build/debug/startup_stm32f411xe.o
                0x08009f5c                RTC_Alarm_IRQHandler
                0x08009f5c                EXTI2_IRQHandler
                0x08009f5c                SPI4_IRQHandler
                0x08009f5c                TIM1_CC_IRQHandler
                0x08009f5c                DMA2_Stream5_IRQHandler
                0x08009f5c                DMA1_Stream5_IRQHandler
                0x08009f5c                PVD_IRQHandler
                0x08009f5c                SDIO_IRQHandler
                0x08009f5c                TAMP_STAMP_IRQHandler
                0x08009f5c                EXTI3_IRQHandler
                0x08009f5c                TIM1_UP_TIM10_IRQHandler
                0x08009f5c                I2C3_ER_IRQHandler
                0x08009f5c                EXTI0_IRQHandler
                0x08009f5c                I2C2_EV_IRQHandler
                0x08009f5c                DMA1_Stream2_IRQHandler
                0x08009f5c                FPU_IRQHandler
                0x08009f5c                SPI1_IRQHandler
                0x08009f5c                TIM1_BRK_TIM9_IRQHandler
                0x08009f5c                DMA2_Stream3_IRQHandler
                0x08009f5c                USART6_IRQHandler
                0x08009f5c                DMA2_Stream0_IRQHandler
                0x08009f5c                TIM4_IRQHandler
                0x08009f5c                I2C1_EV_IRQHandler
                0x08009f5c                DMA1_Stream6_IRQHandler
                0x08009f5c                DMA1_Stream1_IRQHandler
                0x08009f5c                TIM3_IRQHandler
                0x08009f5c                RCC_IRQHandler
                0x08009f5c                Default_Handler
                0x08009f5c                EXTI15_10_IRQHandler
                0x08009f5c                ADC_IRQHandler
                0x08009f5c                DMA1_Stream7_IRQHandler
                0x08009f5c                SPI5_IRQHandler
                0x08009f5c                TIM5_IRQHandler
                0x08009f5c                DMA2_Stream7_IRQHandler
                0x08009f5c                I2C3_EV_IRQHandler
                0x08009f5c                EXTI9_5_IRQHandler
                0x08009f5c                RTC_WKUP_IRQHandler
                0x08009f5c                SPI2_IRQHandler
                0x08009f5c                DMA1_Stream0_IRQHandler
                0x08009f5c                EXTI4_IRQHandler
                0x08009f5c                WWDG_IRQHandler
                0x08009f5c                TIM2_IRQHandler
                0x08009f5c                OTG_FS_WKUP_IRQHandler
                0x08009f5c                TIM1_TRG_COM_TIM11_IRQHandler
                0x08009f5c                EXTI1_IRQHandler
                0x08009f5c                USART2_IRQHandler
                0x08009f5c                I2C2_ER_IRQHandler
                0x08009f5c                DMA2_Stream1_IRQHandler
                0x08009f5c                FLASH_IRQHandler
                0x08009f5c                DMA2_Stream4_IRQHandler
                0x08009f5c                SPI3_IRQHandler
                0x08009f5c                DMA1_Stream4_IRQHandler
                0x08009f5c                I2C1_ER_IRQHandler
                0x08009f5c                DMA2_Stream6_IRQHandler
                0x08009f5c                DMA1_Stream3_IRQHandler
 .text._vsnprintf_r
                0x08009f5e       0x5c /home/cedric/.config/VSCodium/User/globalStorage/bmd.stm32-for-vscode/@xpack-dev-tools/arm-none-eabi-gcc/14.2.1-1.1.1/.content/bin/../lib/gcc/arm-none-eabi/14.2.1/../../../../arm-none-eabi/lib/thumb/v7e-m+fp/hard/libc_nano.a(libc_a-vsnprintf.o)
                0x08009f5e                _vsnprintf_r
                0x08009f5e                _vsniprintf_r
 *fill*         0x08009fba        0x2 
 .text.vsnprintf
                0x08009fbc       0x1c /home/cedric/.config/VSCodium/User/globalStorage/bmd.stm32-for-vscode/@xpack-dev-tools/arm-none-eabi-gcc/14.2.1-1.1.1/.content/bin/../lib/gcc/arm-none-eabi/14.2.1/../../../../arm-none-eabi/lib/thumb/v7e-m+fp/hard/libc_nano.a(libc_a-vsnprintf.o)
                0x08009fbc                vsnprintf
                0x08009fbc                vsniprintf
 .text.memset   0x08009fd8       0x10 /home/cedric/.config/VSCodium/User/globalStorage/bmd.stm32-for-vscode/@xpack-dev-tools/arm-none-eabi-gcc/14.2.1-1.1.1/.content/bin/../lib/gcc/arm-none-eabi/14.2.1/../../../../arm-none-eabi/lib/thumb/v7e-m+fp/hard/libc_nano.a(libc_a-memset.o)
                0x08009fd8                memset
 .text.__errno  0x08009fe8        0xc /home/cedric/.config/VSCodium/User/globalStorage/bmd.stm32-for-vscode/@xpack-dev-tools/arm-none-eabi-gcc/14.2.1-1.1.1/.content/bin/../lib/gcc/arm-none-eabi/14.2.1/../../../../arm-none-eabi/lib/thumb/v7e-m+fp/hard/libc_nano.a(libc_a-errno.o)
                0x08009fe8                __errno
 .text.__libc_init_array
                0x08009ff4       0x48 /home/cedric/.config/VSCodium/User/globalStorage/bmd.stm32-for-vscode/@xpack-dev-tools/arm-none-eabi-gcc/14.2.1-1.1.1/.content/bin/../lib/gcc/arm-none-eabi/14.2.1/../../../../arm-none-eabi/lib/thumb/v7e-m+fp/hard/libc_nano.a(libc_a-init.o)
                0x08009ff4                __libc_init_array
 .text.__retarget_lock_acquire_recursive
                0x0800a03c        0x2 /home/cedric/.config/VSCodium/User/globalStorage/bmd.stm32-for-vscode/@xpack-dev-tools/arm-none-eabi-gcc/14.2.1-1.1.1/.content/bin/../lib/gcc/arm-none-eabi/14.2.1/../../../../arm-none-eabi/lib/thumb/v7e-m+fp/hard/libc_nano.a(libc_a-lock.o)
                0x0800a03c                __retarget_lock_acquire_recursive
 .text.__retarget_lock_release_recursive
                0x0800a03e        0x2 /home/cedric/.config/VSCodium/User/globalStorage/bmd.stm32-for-vscode/@xpack-dev-tools/arm-none-eabi-gcc/14.2.1-1.1.1/.content/bin/../lib/gcc/arm-none-eabi/14.2.1/../../../../arm-none-eabi/lib/thumb/v7e-m+fp/hard/libc_nano.a(libc_a-lock.o)
                0x0800a03e                __retarget_lock_release_recursive
 .text.memcpy   0x0800a040       0x1c /home/cedric/.config/VSCodium/User/globalStorage/bmd.stm32-for-vscode/@xpack-dev-tools/arm-none-eabi-gcc/14.2.1-1.1.1/.content/bin/../lib/gcc/arm-none-eabi/14.2.1/../../../../arm-none-eabi/lib/thumb/v7e-m+fp/hard/libc_nano.a(libc_a-memcpy-stub.o)
                0x0800a040                memcpy
 .text._free_r  0x0800a05c       0x94 /home/cedric/.config/VSCodium/User/globalStorage/bmd.stm32-for-vscode/@xpack-dev-tools/arm-none-eabi-gcc/14.2.1-1.1.1/.content/bin/../lib/gcc/arm-none-eabi/14.2.1/../../../../arm-none-eabi/lib/thumb/v7e-m+fp/hard/libc_nano.a(libc_a-freer.o)
                0x0800a05c                _free_r
 .text.sbrk_aligned
                0x0800a0f0       0x44 /home/cedric/.config/VSCodium/User/globalStorage/bmd.stm32-for-vscode/@xpack-dev-tools/arm-none-eabi-gcc/14.2.1-1.1.1/.content/bin/../lib/gcc/arm-none-eabi/14.2.1/../../../../arm-none-eabi/lib/thumb/v7e-m+fp/hard/libc_nano.a(libc_a-mallocr.o)
 .text._malloc_r
                0x0800a134      0x100 /home/cedric/.config/VSCodium/User/globalStorage/bmd.stm32-for-vscode/@xpack-dev-tools/arm-none-eabi-gcc/14.2.1-1.1.1/.content/bin/../lib/gcc/arm-none-eabi/14.2.1/../../../../arm-none-eabi/lib/thumb/v7e-m+fp/hard/libc_nano.a(libc_a-mallocr.o)
                0x0800a134                _malloc_r
 .text.__malloc_lock
                0x0800a234        0xc /home/cedric/.config/VSCodium/User/globalStorage/bmd.stm32-for-vscode/@xpack-dev-tools/arm-none-eabi-gcc/14.2.1-1.1.1/.content/bin/../lib/gcc/arm-none-eabi/14.2.1/../../../../arm-none-eabi/lib/thumb/v7e-m+fp/hard/libc_nano.a(libc_a-mlock.o)
                0x0800a234                __malloc_lock
 .text.__malloc_unlock
                0x0800a240        0xc /home/cedric/.config/VSCodium/User/globalStorage/bmd.stm32-for-vscode/@xpack-dev-tools/arm-none-eabi-gcc/14.2.1-1.1.1/.content/bin/../lib/gcc/arm-none-eabi/14.2.1/../../../../arm-none-eabi/lib/thumb/v7e-m+fp/hard/libc_nano.a(libc_a-mlock.o)
                0x0800a240                __malloc_unlock
 .text.__ssputs_r
                0x0800a24c       0xc0 /home/cedric/.config/VSCodium/User/globalStorage/bmd.stm32-for-vscode/@xpack-dev-tools/arm-none-eabi-gcc/14.2.1-1.1.1/.content/bin/../lib/gcc/arm-none-eabi/14.2.1/../../../../arm-none-eabi/lib/thumb/v7e-m+fp/hard/libc_nano.a(libc_a-nano-svfprintf.o)
                0x0800a24c                __ssputs_r
 .text._svfprintf_r
                0x0800a30c      0x1f8 /home/cedric/.config/VSCodium/User/globalStorage/bmd.stm32-for-vscode/@xpack-dev-tools/arm-none-eabi-gcc/14.2.1-1.1.1/.content/bin/../lib/gcc/arm-none-eabi/14.2.1/../../../../arm-none-eabi/lib/thumb/v7e-m+fp/hard/libc_nano.a(libc_a-nano-svfprintf.o)
                0x0800a30c                _svfprintf_r
                0x0800a30c                _svfiprintf_r
 .text._printf_common
                0x0800a504       0xda /home/cedric/.config/VSCodium/User/globalStorage/bmd.stm32-for-vscode/@xpack-dev-tools/arm-none-eabi-gcc/14.2.1-1.1.1/.content/bin/../lib/gcc/arm-none-eabi/14.2.1/../../../../arm-none-eabi/lib/thumb/v7e-m+fp/hard/libc_nano.a(libc_a-nano-vfprintf_i.o)
                0x0800a504                _printf_common
 *fill*         0x0800a5de        0x2 
 .text._printf_i
                0x0800a5e0      0x240 /home/cedric/.config/VSCodium/User/globalStorage/bmd.stm32-for-vscode/@xpack-dev-tools/arm-none-eabi-gcc/14.2.1-1.1.1/.content/bin/../lib/gcc/arm-none-eabi/14.2.1/../../../../arm-none-eabi/lib/thumb/v7e-m+fp/hard/libc_nano.a(libc_a-nano-vfprintf_i.o)
                0x0800a5e0                _printf_i
 .text.memmove  0x0800a820       0x32 /home/cedric/.config/VSCodium/User/globalStorage/bmd.stm32-for-vscode/@xpack-dev-tools/arm-none-eabi-gcc/14.2.1-1.1.1/.content/bin/../lib/gcc/arm-none-eabi/14.2.1/../../../../arm-none-eabi/lib/thumb/v7e-m+fp/hard/libc_nano.a(libc_a-memmove.o)
                0x0800a820                memmove
 *fill*         0x0800a852        0x2 
 .text._sbrk_r  0x0800a854       0x20 /home/cedric/.config/VSCodium/User/globalStorage/bmd.stm32-for-vscode/@xpack-dev-tools/arm-none-eabi-gcc/14.2.1-1.1.1/.content/bin/../lib/gcc/arm-none-eabi/14.2.1/../../../../arm-none-eabi/lib/thumb/v7e-m+fp/hard/libc_nano.a(libc_a-sbrkr.o)
                0x0800a854                _sbrk_r
 .text._realloc_r
                0x0800a874       0x5c /home/cedric/.config/VSCodium/User/globalStorage/bmd.stm32-for-vscode/@xpack-dev-tools/arm-none-eabi-gcc/14.2.1-1.1.1/.content/bin/../lib/gcc/arm-none-eabi/14.2.1/../../../../arm-none-eabi/lib/thumb/v7e-m+fp/hard/libc_nano.a(libc_a-reallocr.o)
                0x0800a874                _realloc_r
 .text._malloc_usable_size_r
                0x0800a8d0       0x10 /home/cedric/.config/VSCodium/User/globalStorage/bmd.stm32-for-vscode/@xpack-dev-tools/arm-none-eabi-gcc/14.2.1-1.1.1/.content/bin/../lib/gcc/arm-none-eabi/14.2.1/../../../../arm-none-eabi/lib/thumb/v7e-m+fp/hard/libc_nano.a(libc_a-msizer.o)
                0x0800a8d0                _malloc_usable_size_r
 .text.atan2f   0x0800a8e0        0x4 /home/cedric/.config/VSCodium/User/globalStorage/bmd.stm32-for-vscode/@xpack-dev-tools/arm-none-eabi-gcc/14.2.1-1.1.1/.content/bin/../lib/gcc/arm-none-eabi/14.2.1/../../../../arm-none-eabi/lib/thumb/v7e-m+fp/hard/libm.a(libm_a-wf_atan2.o)
                0x0800a8e0                atan2f
 .text.sqrtf    0x0800a8e4       0x44 /home/cedric/.config/VSCodium/User/globalStorage/bmd.stm32-for-vscode/@xpack-dev-tools/arm-none-eabi-gcc/14.2.1-1.1.1/.content/bin/../lib/gcc/arm-none-eabi/14.2.1/../../../../arm-none-eabi/lib/thumb/v7e-m+fp/hard/libm.a(libm_a-wf_sqrt.o)
                0x0800a8e4                sqrtf
 .text.__ieee754_sqrtf
                0x0800a928        0x8 /home/cedric/.config/VSCodium/User/globalStorage/bmd.stm32-for-vscode/@xpack-dev-tools/arm-none-eabi-gcc/14.2.1-1.1.1/.content/bin/../lib/gcc/arm-none-eabi/14.2.1/../../../../arm-none-eabi/lib/thumb/v7e-m+fp/hard/libm.a(libm_a-ef_sqrt.o)
                0x0800a928                __ieee754_sqrtf
 .text.__ieee754_atan2f
                0x0800a930      0x14c /home/cedric/.config/VSCodium/User/globalStorage/bmd.stm32-for-vscode/@xpack-dev-tools/arm-none-eabi-gcc/14.2.1-1.1.1/.content/bin/../lib/gcc/arm-none-eabi/14.2.1/../../../../arm-none-eabi/lib/thumb/v7e-m+fp/hard/libm.a(libm_a-ef_atan2.o)
                0x0800a930                __ieee754_atan2f
 .text.atanf    0x0800aa7c      0x1a4 /home/cedric/.config/VSCodium/User/globalStorage/bmd.stm32-for-vscode/@xpack-dev-tools/arm-none-eabi-gcc/14.2.1-1.1.1/.content/bin/../lib/gcc/arm-none-eabi/14.2.1/../../../../arm-none-eabi/lib/thumb/v7e-m+fp/hard/libm.a(libm_a-sf_atan.o)
                0x0800aa7c                atanf
 .text.fabsf    0x0800ac20       0x10 /home/cedric/.config/VSCodium/User/globalStorage/bmd.stm32-for-vscode/@xpack-dev-tools/arm-none-eabi-gcc/14.2.1-1.1.1/.content/bin/../lib/gcc/arm-none-eabi/14.2.1/../../../../arm-none-eabi/lib/thumb/v7e-m+fp/hard/libm.a(libm_a-sf_fabs.o)
                0x0800ac20                fabsf
 .text.__udivmoddi4
                0x0800ac30      0x2f8 /home/cedric/.config/VSCodium/User/globalStorage/bmd.stm32-for-vscode/@xpack-dev-tools/arm-none-eabi-gcc/14.2.1-1.1.1/.content/bin/../lib/gcc/arm-none-eabi/14.2.1/thumb/v7e-m+fp/hard/libgcc.a(_udivmoddi4.o)
                0x0800ac30                __udivmoddi4
 *(.glue_7)
 .glue_7        0x0800af28        0x0 linker stubs
 *(.glue_7t)
 .glue_7t       0x0800af28        0x0 linker stubs
 *(.eh_frame)
 .eh_frame      0x0800af28        0x0 /home/cedric/.config/VSCodium/User/globalStorage/bmd.stm32-for-vscode/@xpack-dev-tools/arm-none-eabi-gcc/14.2.1-1.1.1/.content/bin/../lib/gcc/arm-none-eabi/14.2.1/thumb/v7e-m+fp/hard/crtbegin.o
 *(.init)
 .init          0x0800af28        0x4 /home/cedric/.config/VSCodium/User/globalStorage/bmd.stm32-for-vscode/@xpack-dev-tools/arm-none-eabi-gcc/14.2.1-1.1.1/.content/bin/../lib/gcc/arm-none-eabi/14.2.1/thumb/v7e-m+fp/hard/crti.o
                0x0800af28                _init
 .init          0x0800af2c        0x8 /home/cedric/.config/VSCodium/User/globalStorage/bmd.stm32-for-vscode/@xpack-dev-tools/arm-none-eabi-gcc/14.2.1-1.1.1/.content/bin/../lib/gcc/arm-none-eabi/14.2.1/thumb/v7e-m+fp/hard/crtn.o
 *(.fini)
 .fini          0x0800af34        0x4 /home/cedric/.config/VSCodium/User/globalStorage/bmd.stm32-for-vscode/@xpack-dev-tools/arm-none-eabi-gcc/14.2.1-1.1.1/.content/bin/../lib/gcc/arm-none-eabi/14.2.1/thumb/v7e-m+fp/hard/crti.o
                0x0800af34                _fini
 .fini          0x0800af38        0x8 /home/cedric/.config/VSCodium/User/globalStorage/bmd.stm32-for-vscode/@xpack-dev-tools/arm-none-eabi-gcc/14.2.1-1.1.1/.content/bin/../lib/gcc/arm-none-eabi/14.2.1/thumb/v7e-m+fp/hard/crtn.o
                0x0800af40                        . = ALIGN (0x4)
                0x0800af40                        _etext = .

.vfp11_veneer   0x0800af40        0x0
 .vfp11_veneer  0x0800af40        0x0 linker stubs

.v4_bx          0x0800af40        0x0
 .v4_bx         0x0800af40        0x0 linker stubs

.iplt           0x0800af40        0x0
 .iplt          0x0800af40        0x0 /home/cedric/.config/VSCodium/User/globalStorage/bmd.stm32-for-vscode/@xpack-dev-tools/arm-none-eabi-gcc/14.2.1-1.1.1/.content/bin/../lib/gcc/arm-none-eabi/14.2.1/thumb/v7e-m+fp/hard/crtbegin.o

.rodata         0x0800af40      0x488
                0x0800af40                        . = ALIGN (0x4)
 *(.rodata)
 *(.rodata*)
 .rodata.crc8tab
                0x0800af40      0x100 build/debug/crsf.o
 .rodata.StartDefaultTask.str1.4
                0x0800b040      0x246 build/debug/freertos.o
                                 0x27 (size before relaxing)
 .rodata.StartReceiverTask.str1.4
                0x0800b286       0x74 build/debug/freertos.o
 .rodata.startImuTask.str1.4
                0x0800b286       0x99 build/debug/freertos.o
 .rodata.StartPidTask.str1.4
                0x0800b286       0x13 build/debug/freertos.o
 .rodata.HAL_UART_ErrorCallback.str1.4
                0x0800b286       0x31 build/debug/freertos.o
 .rodata.str1.4
                0x0800b286       0x35 build/debug/freertos.o
 *fill*         0x0800b286        0x2 
 .rodata.defaultTask_attributes
                0x0800b288       0x24 build/debug/freertos.o
                0x0800b288                defaultTask_attributes
 .rodata.pidTask_attributes
                0x0800b2ac       0x24 build/debug/freertos.o
                0x0800b2ac                pidTask_attributes
 .rodata.imuTask_attributes
                0x0800b2d0       0x24 build/debug/freertos.o
                0x0800b2d0                imuTask_attributes
 .rodata.servoTask_attributes
                0x0800b2f4       0x24 build/debug/freertos.o
                0x0800b2f4                servoTask_attributes
 .rodata.receiverTask_attributes
                0x0800b318       0x24 build/debug/freertos.o
                0x0800b318                receiverTask_attributes
 .rodata.icm42605_init.str1.4
                0x0800b33c       0x2d build/debug/icm42605.o
 .rodata.flagBitshiftOffset.0
                0x0800b33c        0x8 build/debug/stm32f4xx_hal_dma.o
 .rodata.APBPrescTable
                0x0800b344        0x8 build/debug/system_stm32f4xx.o
                0x0800b344                APBPrescTable
 .rodata.AHBPrescTable
                0x0800b34c       0x10 build/debug/system_stm32f4xx.o
                0x0800b34c                AHBPrescTable
 .rodata.vTaskStartScheduler.str1.4
                0x0800b35c        0x5 build/debug/tasks.o
 .rodata.prvCheckForValidListAndQueue.str1.4
                0x0800b35c        0x5 build/debug/timers.o
 .rodata.xTimerCreateTimerTask.str1.4
                0x0800b35c        0x8 build/debug/timers.o
 .rodata.USBD_FS_ProductStrDescriptor.str1.4
                0x0800b35c       0x16 build/debug/usbd_desc.o
 .rodata.USBD_FS_ManufacturerStrDescriptor.str1.4
                0x0800b35c       0x13 build/debug/usbd_desc.o
 .rodata.USBD_FS_ConfigStrDescriptor.str1.4
                0x0800b35c        0xb build/debug/usbd_desc.o
 .rodata.USBD_FS_InterfaceStrDescriptor.str1.4
                0x0800b35c        0xe build/debug/usbd_desc.o
 .rodata._svfprintf_r.str1.1
                0x0800b35c       0x33 /home/cedric/.config/VSCodium/User/globalStorage/bmd.stm32-for-vscode/@xpack-dev-tools/arm-none-eabi-gcc/14.2.1-1.1.1/.content/bin/../lib/gcc/arm-none-eabi/14.2.1/../../../../arm-none-eabi/lib/thumb/v7e-m+fp/hard/libc_nano.a(libc_a-nano-svfprintf.o)
                                 0x11 (size before relaxing)
 .rodata._printf_i.str1.1
                0x0800b38f       0x22 /home/cedric/.config/VSCodium/User/globalStorage/bmd.stm32-for-vscode/@xpack-dev-tools/arm-none-eabi-gcc/14.2.1-1.1.1/.content/bin/../lib/gcc/arm-none-eabi/14.2.1/../../../../arm-none-eabi/lib/thumb/v7e-m+fp/hard/libc_nano.a(libc_a-nano-vfprintf_i.o)
 *fill*         0x0800b38f        0x1 
 .rodata.CSWTCH.9
                0x0800b390        0xc /home/cedric/.config/VSCodium/User/globalStorage/bmd.stm32-for-vscode/@xpack-dev-tools/arm-none-eabi-gcc/14.2.1-1.1.1/.content/bin/../lib/gcc/arm-none-eabi/14.2.1/../../../../arm-none-eabi/lib/thumb/v7e-m+fp/hard/libm.a(libm_a-ef_atan2.o)
 .rodata.CSWTCH.8
                0x0800b39c        0xc /home/cedric/.config/VSCodium/User/globalStorage/bmd.stm32-for-vscode/@xpack-dev-tools/arm-none-eabi-gcc/14.2.1-1.1.1/.content/bin/../lib/gcc/arm-none-eabi/14.2.1/../../../../arm-none-eabi/lib/thumb/v7e-m+fp/hard/libm.a(libm_a-ef_atan2.o)
 .rodata.atanlo
                0x0800b3a8       0x10 /home/cedric/.config/VSCodium/User/globalStorage/bmd.stm32-for-vscode/@xpack-dev-tools/arm-none-eabi-gcc/14.2.1-1.1.1/.content/bin/../lib/gcc/arm-none-eabi/14.2.1/../../../../arm-none-eabi/lib/thumb/v7e-m+fp/hard/libm.a(libm_a-sf_atan.o)
 .rodata.atanhi
                0x0800b3b8       0x10 /home/cedric/.config/VSCodium/User/globalStorage/bmd.stm32-for-vscode/@xpack-dev-tools/arm-none-eabi-gcc/14.2.1-1.1.1/.content/bin/../lib/gcc/arm-none-eabi/14.2.1/../../../../arm-none-eabi/lib/thumb/v7e-m+fp/hard/libm.a(libm_a-sf_atan.o)
                0x0800b3c8                        . = ALIGN (0x4)

.ARM.extab      0x0800b3c8        0x0
                0x0800b3c8                        . = ALIGN (0x4)
 *(.ARM.extab* .gnu.linkonce.armextab.*)
                0x0800b3c8                        . = ALIGN (0x4)

.ARM            0x0800b3c8        0x8
                0x0800b3c8                        . = ALIGN (0x4)
                0x0800b3c8                        __exidx_start = .
 *(.ARM.exidx*)
 .ARM.exidx     0x0800b3c8        0x8 /home/cedric/.config/VSCodium/User/globalStorage/bmd.stm32-for-vscode/@xpack-dev-tools/arm-none-eabi-gcc/14.2.1-1.1.1/.content/bin/../lib/gcc/arm-none-eabi/14.2.1/../../../../arm-none-eabi/lib/thumb/v7e-m+fp/hard/libc_nano.a(libc_a-memchr.o)
 .ARM.exidx.text.__udivmoddi4
                0x0800b3d0        0x0 /home/cedric/.config/VSCodium/User/globalStorage/bmd.stm32-for-vscode/@xpack-dev-tools/arm-none-eabi-gcc/14.2.1-1.1.1/.content/bin/../lib/gcc/arm-none-eabi/14.2.1/thumb/v7e-m+fp/hard/libgcc.a(_udivmoddi4.o)
                                  0x8 (size before relaxing)
                0x0800b3d0                        __exidx_end = .
                0x0800b3d0                        . = ALIGN (0x4)

.preinit_array  0x0800b3d0        0x0
                0x0800b3d0                        . = ALIGN (0x4)
                0x0800b3d0                        PROVIDE (__preinit_array_start = .)
 *(.preinit_array*)
                0x0800b3d0                        PROVIDE (__preinit_array_end = .)
                0x0800b3d0                        . = ALIGN (0x4)

.init_array     0x0800b3d0        0x4
                0x0800b3d0                        . = ALIGN (0x4)
                0x0800b3d0                        PROVIDE (__init_array_start = .)
 *(SORT_BY_NAME(.init_array.*))
 *(.init_array*)
 .init_array    0x0800b3d0        0x4 /home/cedric/.config/VSCodium/User/globalStorage/bmd.stm32-for-vscode/@xpack-dev-tools/arm-none-eabi-gcc/14.2.1-1.1.1/.content/bin/../lib/gcc/arm-none-eabi/14.2.1/thumb/v7e-m+fp/hard/crtbegin.o
                0x0800b3d4                        PROVIDE (__init_array_end = .)
                0x0800b3d4                        . = ALIGN (0x4)

.fini_array     0x0800b3d4        0x4
                0x0800b3d4                        . = ALIGN (0x4)
                0x0800b3d4                        PROVIDE (__fini_array_start = .)
 *(SORT_BY_NAME(.fini_array.*))
 *(.fini_array*)
 .fini_array    0x0800b3d4        0x4 /home/cedric/.config/VSCodium/User/globalStorage/bmd.stm32-for-vscode/@xpack-dev-tools/arm-none-eabi-gcc/14.2.1-1.1.1/.content/bin/../lib/gcc/arm-none-eabi/14.2.1/thumb/v7e-m+fp/hard/crtbegin.o
                0x0800b3d8                        PROVIDE (__fini_array_end = .)
                0x0800b3d8                        . = ALIGN (0x4)
                0x0800b3d8                        _sidata = LOADADDR (.data)

.rel.dyn        0x0800b3d8        0x0
 .rel.iplt      0x0800b3d8        0x0 /home/cedric/.config/VSCodium/User/globalStorage/bmd.stm32-for-vscode/@xpack-dev-tools/arm-none-eabi-gcc/14.2.1-1.1.1/.content/bin/../lib/gcc/arm-none-eabi/14.2.1/thumb/v7e-m+fp/hard/crtbegin.o

.data           0x20000000      0x154 load address 0x0800b3d8
                0x20000000                        . = ALIGN (0x4)
                0x20000000                        _sdata = .
 *(.data)
 *(.data*)
 .data.g_shared_battery_pct
                0x20000000        0x1 build/debug/freertos.o
                0x20000000                g_shared_battery_pct
 *fill*         0x20000001        0x3 
 .data.g_shared_voltage_mv
                0x20000004        0x4 build/debug/freertos.o
                0x20000004                g_shared_voltage_mv
 .data.uxCriticalNesting
                0x20000008        0x4 build/debug/port.o
 .data.uwTickFreq
                0x2000000c        0x1 build/debug/stm32f4xx_hal.o
                0x2000000c                uwTickFreq
 *fill*         0x2000000d        0x3 
 .data.uwTickPrio
                0x20000010        0x4 build/debug/stm32f4xx_hal.o
                0x20000010                uwTickPrio
 .data.SystemCoreClock
                0x20000014        0x4 build/debug/system_stm32f4xx.o
                0x20000014                SystemCoreClock
 .data.USBD_CDC_CfgDesc
                0x20000018       0x43 build/debug/usbd_cdc.o
 *fill*         0x2000005b        0x1 
 .data.USBD_CDC
                0x2000005c       0x38 build/debug/usbd_cdc.o
                0x2000005c                USBD_CDC
 .data.USBD_CDC_DeviceQualifierDesc
                0x20000094        0xa build/debug/usbd_cdc.o
 *fill*         0x2000009e        0x2 
 .data.USBD_Interface_fops_FS
                0x200000a0       0x14 build/debug/usbd_cdc_if.o
                0x200000a0                USBD_Interface_fops_FS
 .data.USBD_StringSerial
                0x200000b4       0x1a build/debug/usbd_desc.o
                0x200000b4                USBD_StringSerial
 *fill*         0x200000ce        0x2 
 .data.USBD_LangIDDesc
                0x200000d0        0x4 build/debug/usbd_desc.o
                0x200000d0                USBD_LangIDDesc
 .data.USBD_FS_DeviceDesc
                0x200000d4       0x12 build/debug/usbd_desc.o
                0x200000d4                USBD_FS_DeviceDesc
 *fill*         0x200000e6        0x2 
 .data.FS_Desc  0x200000e8       0x1c build/debug/usbd_desc.o
                0x200000e8                FS_Desc
 .data._impure_ptr
                0x20000104        0x4 /home/cedric/.config/VSCodium/User/globalStorage/bmd.stm32-for-vscode/@xpack-dev-tools/arm-none-eabi-gcc/14.2.1-1.1.1/.content/bin/../lib/gcc/arm-none-eabi/14.2.1/../../../../arm-none-eabi/lib/thumb/v7e-m+fp/hard/libc_nano.a(libc_a-impure.o)
                0x20000104                _impure_ptr
 .data._impure_data
                0x20000108       0x4c /home/cedric/.config/VSCodium/User/globalStorage/bmd.stm32-for-vscode/@xpack-dev-tools/arm-none-eabi-gcc/14.2.1-1.1.1/.content/bin/../lib/gcc/arm-none-eabi/14.2.1/../../../../arm-none-eabi/lib/thumb/v7e-m+fp/hard/libc_nano.a(libc_a-impure.o)
                0x20000108                _impure_data
 *(.RamFunc)
 *(.RamFunc*)
                0x20000154                        . = ALIGN (0x4)
                0x20000154                        _edata = .

.igot.plt       0x20000154        0x0 load address 0x0800b52c
 .igot.plt      0x20000154        0x0 /home/cedric/.config/VSCodium/User/globalStorage/bmd.stm32-for-vscode/@xpack-dev-tools/arm-none-eabi-gcc/14.2.1-1.1.1/.content/bin/../lib/gcc/arm-none-eabi/14.2.1/thumb/v7e-m+fp/hard/crtbegin.o
                0x20000154                        . = ALIGN (0x4)

.bss            0x20000154     0x69f0 load address 0x0800b52c
                0x20000154                        _sbss = .
                0x20000154                        __bss_start__ = _sbss
 *(.bss)
 *(.bss*)
 .bss.completed.1
                0x20000154        0x1 /home/cedric/.config/VSCodium/User/globalStorage/bmd.stm32-for-vscode/@xpack-dev-tools/arm-none-eabi-gcc/14.2.1-1.1.1/.content/bin/../lib/gcc/arm-none-eabi/14.2.1/thumb/v7e-m+fp/hard/crtbegin.o
 *fill*         0x20000155        0x3 
 .bss.object.0  0x20000158       0x18 /home/cedric/.config/VSCodium/User/globalStorage/bmd.stm32-for-vscode/@xpack-dev-tools/arm-none-eabi-gcc/14.2.1-1.1.1/.content/bin/../lib/gcc/arm-none-eabi/14.2.1/thumb/v7e-m+fp/hard/crtbegin.o
 .bss.hadc1     0x20000170       0x48 build/debug/adc.o
                0x20000170                hadc1
 .bss.Timer_Stack.0
                0x200001b8      0x400 build/debug/cmsis_os2.o
 .bss.Timer_TCB.1
                0x200005b8       0x5c build/debug/cmsis_os2.o
 .bss.Idle_Stack.2
                0x20000614      0x200 build/debug/cmsis_os2.o
 .bss.Idle_TCB.3
                0x20000814       0x5c build/debug/cmsis_os2.o
 .bss.KernelState
                0x20000870        0x4 build/debug/cmsis_os2.o
 .bss.actuator_divider.0
                0x20000874        0x4 build/debug/freertos.o
 .bss.telemetry_counter.1
                0x20000878        0x4 build/debug/freertos.o
 .bss.defaultTaskHandle
                0x2000087c        0x4 build/debug/freertos.o
                0x2000087c                defaultTaskHandle
 .bss.rotordown
                0x20000880       0x14 build/debug/freertos.o
                0x20000880                rotordown
 .bss.rotorup   0x20000894       0x14 build/debug/freertos.o
                0x20000894                rotorup
 .bss.sroll     0x200008a8       0x14 build/debug/freertos.o
                0x200008a8                sroll
 .bss.spitch    0x200008bc       0x14 build/debug/freertos.o
                0x200008bc                spitch
 .bss.g_attitude
                0x200008d0       0x10 build/debug/freertos.o
                0x200008d0                g_attitude
 .bss.g_imu     0x200008e0       0x60 build/debug/freertos.o
                0x200008e0                g_imu
 .bss.g_yaw_trim
                0x20000940        0x4 build/debug/freertos.o
                0x20000940                g_yaw_trim
 .bss.uart_rx_flag
                0x20000944        0x2 build/debug/freertos.o
                0x20000944                uart_rx_flag
 *fill*         0x20000946        0x2 
 .bss.uart_rx_buffer
                0x20000948       0x40 build/debug/freertos.o
                0x20000948                uart_rx_buffer
 .bss.g_uart_error_count
                0x20000988        0x4 build/debug/freertos.o
                0x20000988                g_uart_error_count
 .bss.g_last_rc_tick
                0x2000098c        0x4 build/debug/freertos.o
                0x2000098c                g_last_rc_tick
 .bss.rcCommandQueueHandle
                0x20000990        0x4 build/debug/freertos.o
                0x20000990                rcCommandQueueHandle
 .bss.imuAttitudeQueueHandle
                0x20000994        0x4 build/debug/freertos.o
                0x20000994                imuAttitudeQueueHandle
 .bss.pidTaskHandle
                0x20000998        0x4 build/debug/freertos.o
                0x20000998                pidTaskHandle
 .bss.imuTaskHandle
                0x2000099c        0x4 build/debug/freertos.o
                0x2000099c                imuTaskHandle
 .bss.servoTaskHandle
                0x200009a0        0x4 build/debug/freertos.o
                0x200009a0                servoTaskHandle
 .bss.receiverTaskHandle
                0x200009a4        0x4 build/debug/freertos.o
                0x200009a4                receiverTaskHandle
 .bss.xBlockAllocatedBit
                0x200009a8        0x4 build/debug/heap_4.o
 .bss.xNumberOfSuccessfulFrees
                0x200009ac        0x4 build/debug/heap_4.o
 .bss.xNumberOfSuccessfulAllocations
                0x200009b0        0x4 build/debug/heap_4.o
 .bss.xMinimumEverFreeBytesRemaining
                0x200009b4        0x4 build/debug/heap_4.o
 .bss.xFreeBytesRemaining
                0x200009b8        0x4 build/debug/heap_4.o
 .bss.pxEnd     0x200009bc        0x4 build/debug/heap_4.o
 .bss.xStart    0x200009c0        0x8 build/debug/heap_4.o
 .bss.ucHeap    0x200009c8     0x3c00 build/debug/heap_4.o
 .bss.hi2c1     0x200045c8       0x54 build/debug/i2c.o
                0x200045c8                hi2c1
 .bss.ulMaxPRIGROUPValue
                0x2000461c        0x4 build/debug/port.o
 .bss.ucMaxSysCallPriority
                0x20004620        0x1 build/debug/port.o
 *fill*         0x20004621        0x3 
 .bss.xQueueRegistry
                0x20004624       0x40 build/debug/queue.o
                0x20004624                xQueueRegistry
 .bss.uwTick    0x20004664        0x4 build/debug/stm32f4xx_hal.o
                0x20004664                uwTick
 .bss.__sbrk_heap_end
                0x20004668        0x4 build/debug/sysmem.o
 .bss.uxSchedulerSuspended
                0x2000466c        0x4 build/debug/tasks.o
 .bss.xIdleTaskHandle
                0x20004670        0x4 build/debug/tasks.o
 .bss.xNextTaskUnblockTime
                0x20004674        0x4 build/debug/tasks.o
 .bss.uxTaskNumber
                0x20004678        0x4 build/debug/tasks.o
 .bss.xNumOfOverflows
                0x2000467c        0x4 build/debug/tasks.o
 .bss.xYieldPending
                0x20004680        0x4 build/debug/tasks.o
 .bss.xPendedTicks
                0x20004684        0x4 build/debug/tasks.o
 .bss.xSchedulerRunning
                0x20004688        0x4 build/debug/tasks.o
 .bss.uxTopReadyPriority
                0x2000468c        0x4 build/debug/tasks.o
 .bss.xTickCount
                0x20004690        0x4 build/debug/tasks.o
 .bss.uxCurrentNumberOfTasks
                0x20004694        0x4 build/debug/tasks.o
 .bss.xSuspendedTaskList
                0x20004698       0x14 build/debug/tasks.o
 .bss.uxDeletedTasksWaitingCleanUp
                0x200046ac        0x4 build/debug/tasks.o
 .bss.xTasksWaitingTermination
                0x200046b0       0x14 build/debug/tasks.o
 .bss.xPendingReadyList
                0x200046c4       0x14 build/debug/tasks.o
 .bss.pxOverflowDelayedTaskList
                0x200046d8        0x4 build/debug/tasks.o
 .bss.pxDelayedTaskList
                0x200046dc        0x4 build/debug/tasks.o
 .bss.xDelayedTaskList2
                0x200046e0       0x14 build/debug/tasks.o
 .bss.xDelayedTaskList1
                0x200046f4       0x14 build/debug/tasks.o
 .bss.pxReadyTasksLists
                0x20004708      0x460 build/debug/tasks.o
 .bss.pxCurrentTCB
                0x20004b68        0x4 build/debug/tasks.o
                0x20004b68                pxCurrentTCB
 .bss.htim2     0x20004b6c       0x48 build/debug/tim.o
                0x20004b6c                htim2
 .bss.htim1     0x20004bb4       0x48 build/debug/tim.o
                0x20004bb4                htim1
 .bss.xStaticTimerQueue.0
                0x20004bfc       0x50 build/debug/timers.o
 .bss.ucStaticTimerQueueStorage.1
                0x20004c4c       0xa0 build/debug/timers.o
 .bss.xLastTime.2
                0x20004cec        0x4 build/debug/timers.o
 .bss.xTimerTaskHandle
                0x20004cf0        0x4 build/debug/timers.o
 .bss.xTimerQueue
                0x20004cf4        0x4 build/debug/timers.o
 .bss.pxOverflowTimerList
                0x20004cf8        0x4 build/debug/timers.o
 .bss.pxCurrentTimerList
                0x20004cfc        0x4 build/debug/timers.o
 .bss.xActiveTimerList2
                0x20004d00       0x14 build/debug/timers.o
 .bss.xActiveTimerList1
                0x20004d14       0x14 build/debug/timers.o
 .bss.hdma_usart1_rx
                0x20004d28       0x60 build/debug/usart.o
                0x20004d28                hdma_usart1_rx
 .bss.huart2    0x20004d88       0x48 build/debug/usart.o
                0x20004d88                huart2
 .bss.huart1    0x20004dd0       0x48 build/debug/usart.o
                0x20004dd0                huart1
 .bss.hUsbDeviceFS
                0x20004e18      0x2dc build/debug/usb_device.o