Archive member included to satisfy reference by file (symbol)

/home/cedric/.config/VSCodium/User/globalStorage/bmd.stm32-for-vscode/@xpack-dev-tools/arm-none-eabi-gcc/14.2.1-1.1.1/.content/bin/../lib/gcc/arm-none-eabi/14.2.1/../../../../arm-none-eabi/lib/thumb/v7e-m+fp/hard/libc_nano.a(libc_a-atexit.o)
                              /home/cedric/.config/VSCodium/User/globalStorage/bmd.stm32-for-vscode/@xpack-dev-tools/arm-none-eabi-gcc/14.2.1-1.1.1/.content/bin/../lib/gcc/arm-none-eabi/14.2.1/../../../../arm-none-eabi/lib/thumb/v7e-m+fp/hard/crt0.o (atexit)
/home/cedric/.config/VSCodium/User/globalStorage/bmd.stm32-for-vscode/@xpack-dev-tools/arm-none-eabi-gcc/14.2.1-1.1.1/.content/bin/../lib/gcc/arm-none-eabi/14.2.1/../../../../arm-none-eabi/lib/thumb/v7e-m+fp/hard/libc_nano.a(libc_a-exit.o)
                              /home/cedric/.config/VSCodium/User/globalStorage/bmd.stm32-for-vscode/@xpack-dev-tools/arm-none-eabi-gcc/14.2.1-1.1.1/.content/bin/../lib/gcc/arm-none-eabi/14.2.1/../../../../arm-none-eabi/lib/thumb/v7e-m+fp/hard/crt0.o (exit)
/home/cedric/.config/VSCodium/User/globalStorage/bmd.stm32-for-vscode/@xpack-dev-tools/arm-none-eabi-gcc/14.2.1-1.1.1/.content/bin/../lib/gcc/arm-none-eabi/14.2.1/../../../../arm-none-eabi/lib/thumb/v7e-m+fp/hard/libc_nano.a(libc_a-findfp.o)
                              /home/cedric/.config/VSCodium/User/globalStorage/bmd.stm32-for-vscode/@xpack-dev-tools/arm-none-eabi-gcc/14.2.1-1.1.1/.content/bin/../lib/gcc/arm-none-eabi/14.2.1/../../../../arm-none-eabi/lib/thumb/v7e-m+fp/hard/libc_nano.a(libc_a-exit.o) (__stdio_exit_handler)
/home/cedric/.config/VSCodium/User/globalStorage/bmd.stm32-for-vscode/@xpack-dev-tools/arm-none-eabi-gcc/14.2.1-1.1.1/.content/bin/../lib/gcc/arm-none-eabi/14.2.1/../../../../arm-none-eabi/lib/thumb/v7e-m+fp/hard/libc_nano.a(libc_a-fwalk.o)
                              /home/cedric/.config/VSCodium/User/globalStorage/bmd.stm32-for-vscode/@xpack-dev-tools/arm-none-eabi-gcc/14.2.1-1.1.1/.content/bin/../lib/gcc/arm-none-eabi/14.2.1/../../../../arm-none-eabi/lib/thumb/v7e-m+fp/hard/libc_nano.a(libc_a-findfp.o) (_fwalk_sglue)
/home/cedric/.config/VSCodium/User/globalStorage/bmd.stm32-for-vscode/@xpack-dev-tools/arm-none-eabi-gcc/14.2.1-1.1.1/.content/bin/../lib/gcc/arm-none-eabi/14.2.1/../../../../arm-none-eabi/lib/thumb/v7e-m+fp/hard/libc_nano.a(libc_a-sprintf.o)
                              build/debug/freertos.o (sprintf)
/home/cedric/.config/VSCodium/User/globalStorage/bmd.stm32-for-vscode/@xpack-dev-tools/arm-none-eabi-gcc/14.2.1-1.1.1/.content/bin/../lib/gcc/arm-none-eabi/14.2.1/../../../../arm-none-eabi/lib/thumb/v7e-m+fp/hard/libc_nano.a(libc_a-stdio.o)
                              /home/cedric/.config/VSCodium/User/globalStorage/bmd.stm32-for-vscode/@xpack-dev-tools/arm-none-eabi-gcc/14.2.1-1.1.1/.content/bin/../lib/gcc/arm-none-eabi/14.2.1/../../../../arm-none-eabi/lib/thumb/v7e-m+fp/hard/libc_nano.a(libc_a-findfp.o) (__sread)
/home/cedric/.config/VSCodium/User/globalStorage/bmd.stm32-for-vscode/@xpack-dev-tools/arm-none-eabi-gcc/14.2.1-1.1.1/.content/bin/../lib/gcc/arm-none-eabi/14.2.1/../../../../arm-none-eabi/lib/thumb/v7e-m+fp/hard/libc_nano.a(libc_a-memset.o)
                              /home/cedric/.config/VSCodium/User/globalStorage/bmd.stm32-for-vscode/@xpack-dev-tools/arm-none-eabi-gcc/14.2.1-1.1.1/.content/bin/../lib/gcc/arm-none-eabi/14.2.1/../../../../arm-none-eabi/lib/thumb/v7e-m+fp/hard/crt0.o (memset)
/home/cedric/.config/VSCodium/User/globalStorage/bmd.stm32-for-vscode/@xpack-dev-tools/arm-none-eabi-gcc/14.2.1-1.1.1/.content/bin/../lib/gcc/arm-none-eabi/14.2.1/../../../../arm-none-eabi/lib/thumb/v7e-m+fp/hard/libc_nano.a(libc_a-closer.o)
                              /home/cedric/.config/VSCodium/User/globalStorage/bmd.stm32-for-vscode/@xpack-dev-tools/arm-none-eabi-gcc/14.2.1-1.1.1/.content/bin/../lib/gcc/arm-none-eabi/14.2.1/../../../../arm-none-eabi/lib/thumb/v7e-m+fp/hard/libc_nano.a(libc_a-stdio.o) (_close_r)
/home/cedric/.config/VSCodium/User/globalStorage/bmd.stm32-for-vscode/@xpack-dev-tools/arm-none-eabi-gcc/14.2.1-1.1.1/.content/bin/../lib/gcc/arm-none-eabi/14.2.1/../../../../arm-none-eabi/lib/thumb/v7e-m+fp/hard/libc_nano.a(libc_a-reent.o)
                              /home/cedric/.config/VSCodium/User/globalStorage/bmd.stm32-for-vscode/@xpack-dev-tools/arm-none-eabi-gcc/14.2.1-1.1.1/.content/bin/../lib/gcc/arm-none-eabi/14.2.1/../../../../arm-none-eabi/lib/thumb/v7e-m+fp/hard/libc_nano.a(libc_a-closer.o) (errno)
/home/cedric/.config/VSCodium/User/globalStorage/bmd.stm32-for-vscode/@xpack-dev-tools/arm-none-eabi-gcc/14.2.1-1.1.1/.content/bin/../lib/gcc/arm-none-eabi/14.2.1/../../../../arm-none-eabi/lib/thumb/v7e-m+fp/hard/libc_nano.a(libc_a-impure.o)
[...]
Memory Configuration

Name             Origin             Length             Attributes
RAM              0x20000000         0x00020000         xrw
FLASH            0x08000000         0x00040000         xr
*default*        0x00000000         0xffffffff

Linker script and memory map

LOAD /home/cedric/.config/VSCodium/User/globalStorage/bmd.stm32-for-vscode/@xpack-dev-tools/arm-none-eabi-gcc/14.2.1-1.1.1/.content/bin/../lib/gcc/arm-none-eabi/14.2.1/thumb/v7e-m+fp/hard/crti.o
LOAD /home/cedric/.config/VSCodium/User/globalStorage/bmd.stm32-for-vscode/@xpack-dev-tools/arm-none-eabi-gcc/14.2.1-1.1.1/.content/bin/../lib/gcc/arm-none-eabi/14.2.1/thumb/v7e-m+fp/hard/crtbegin.o
LOAD /home/cedric/.config/VSCodium/User/globalStorage/bmd.stm32-for-vscode/@xpack-dev-tools/arm-none-eabi-gcc/14.2.1-1.1.1/.content/bin/../lib/gcc/arm-none-eabi/14.2.1/../../../../arm-none-eabi/lib/thumb/v7e-m+fp/hard/crt0.o
LOAD build/debug/adc.o
LOAD build/debug/cmsis_os2.o
LOAD build/debug/croutine.o
LOAD build/debug/crsf.o
LOAD build/debug/dma.o
LOAD build/debug/event_groups.o
LOAD build/debug/freertos.o
LOAD build/debug/gpio.o
LOAD build/debug/heap_4.o
LOAD build/debug/i2c.o
LOAD build/debug/list.o
LOAD build/debug/main.o
LOAD build/debug/port.o
LOAD build/debug/queue.o
LOAD build/debug/servo_control.o
LOAD build/debug/stm32f4xx_hal.o
LOAD build/debug/stm32f4xx_hal_adc.o
LOAD build/debug/stm32f4xx_hal_adc_ex.o
LOAD build/debug/stm32f4xx_hal_cortex.o
LOAD build/debug/stm32f4xx_hal_dma.o
LOAD build/debug/stm32f4xx_hal_dma_ex.o
LOAD build/debug/stm32f4xx_hal_exti.o
LOAD build/debug/stm32f4xx_hal_flash.o
LOAD build/debug/stm32f4xx_hal_flash_ex.o
LOAD build/debug/stm32f4xx_hal_flash_ramfunc.o
LOAD build/debug/stm32f4xx_hal_gpio.o
LOAD build/debug/stm32f4xx_hal_i2c.o
LOAD build/debug/stm32f4xx_hal_i2c_ex.o
LOAD build/debug/stm32f4xx_hal_msp.o
LOAD build/debug/stm32f4xx_hal_pcd.o
LOAD build/debug/stm32f4xx_hal_pcd_ex.o
LOAD build/debug/stm32f4xx_hal_pwr.o
LOAD build/debug/stm32f4xx_hal_pwr_ex.o
LOAD build/debug/stm32f4xx_hal_rcc.o
LOAD build/debug/stm32f4xx_hal_rcc_ex.o
LOAD build/debug/stm32f4xx_hal_tim.o
LOAD build/debug/stm32f4xx_hal_tim_ex.o
LOAD build/debug/stm32f4xx_hal_uart.o
LOAD build/debug/stm32f4xx_it.o
LOAD build/debug/stm32f4xx_ll_usb.o
LOAD build/debug/stream_buffer.o
LOAD build/debug/syscalls.o
LOAD build/debug/sysmem.o
LOAD build/debug/system_stm32f4xx.o
LOAD build/debug/tasks.o
LOAD build/debug/tim.o
LOAD build/debug/timers.o
LOAD build/debug/usart.o
LOAD build/debug/usb_device.o
LOAD build/debug/usbd_cdc.o
LOAD build/debug/usbd_cdc_if.o
LOAD build/debug/usbd_conf.o
LOAD build/debug/usbd_core.o
LOAD build/debug/usbd_ctlreq.o
LOAD build/debug/usbd_desc.o
LOAD build/debug/usbd_ioreq.o
LOAD build/debug/startup_stm32f411xe.o
LOAD /home/cedric/.config/VSCodium/User/globalStorage/bmd.stm32-for-vscode/@xpack-dev-tools/arm-none-eabi-gcc/14.2.1-1.1.1/.content/bin/../lib/gcc/arm-none-eabi/14.2.1/../../../../arm-none-eabi/lib/thumb/v7e-m+fp/hard/libc_nano.a
LOAD /home/cedric/.config/VSCodium/User/globalStorage/bmd.stm32-for-vscode/@xpack-dev-tools/arm-none-eabi-gcc/14.2.1-1.1.1/.content/bin/../lib/gcc/arm-none-eabi/14.2.1/../../../../arm-none-eabi/lib/thumb/v7e-m+fp/hard/libm.a
LOAD /home/cedric/.config/VSCodium/User/globalStorage/bmd.stm32-for-vscode/@xpack-dev-tools/arm-none-eabi-gcc/14.2.1-1.1.1/.content/bin/../lib/gcc/arm-none-eabi/14.2.1/../../../../arm-none-eabi/lib/thumb/v7e-m+fp/hard/libnosys.a
START GROUP
LOAD /home/cedric/.config/VSCodium/User/globalStorage/bmd.stm32-for-vscode/@xpack-dev-tools/arm-none-eabi-gcc/14.2.1-1.1.1/.content/bin/../lib/gcc/arm-none-eabi/14.2.1/thumb/v7e-m+fp/hard/libgcc.a
LOAD /home/cedric/.config/VSCodium/User/globalStorage/bmd.stm32-for-vscode/@xpack-dev-tools/arm-none-eabi-gcc/14.2.1-1.1.1/.content/bin/../lib/gcc/arm-none-eabi/14.2.1/../../../../arm-none-eabi/lib/thumb/v7e-m+fp/hard/libc_nano.a
END GROUP
START GROUP
LOAD /home/cedric/.config/VSCodium/User/globalStorage/bmd.stm32-for-vscode/@xpack-dev-tools/arm-none-eabi-gcc/14.2.1-1.1.1/.content/bin/../lib/gcc/arm-none-eabi/14.2.1/thumb/v7e-m+fp/hard/libgcc.a
LOAD /home/cedric/.config/VSCodium/User/globalStorage/bmd.stm32-for-vscode/@xpack-dev-tools/arm-none-eabi-gcc/14.2.1-1.1.1/.content/bin/../lib/gcc/arm-none-eabi/14.2.1/../../../../arm-none-eabi/lib/thumb/v7e-m+fp/hard/libc_nano.a
END GROUP
LOAD /home/cedric/.config/VSCodium/User/globalStorage/bmd.stm32-for-vscode/@xpack-dev-tools/arm-none-eabi-gcc/14.2.1-1.1.1/.content/bin/../lib/gcc/arm-none-eabi/14.2.1/thumb/v7e-m+fp/hard/crtend.o
LOAD /home/cedric/.config/VSCodium/User/globalStorage/bmd.stm32-for-vscode/@xpack-dev-tools/arm-none-eabi-gcc/14.2.1-1.1.1/.content/bin/../lib/gcc/arm-none-eabi/14.2.1/thumb/v7e-m+fp/hard/crtn.o
                0x20020000                        _estack = (ORIGIN (RAM) + LENGTH (RAM))
                0x2001fc00                        _sstack = (_estack - _Min_Stack_Size)
                0x00000200                        _Min_Heap_Size = 0x200
                0x00000400                        _Min_Stack_Size = 0x400

.isr_vector     0x08000000      0x198
                0x08000000                        . = ALIGN (0x4)
 *(.isr_vector)
 .isr_vector    0x08000000      0x198 build/debug/startup_stm32f411xe.o
                0x08000000                g_pfnVectors
                0x08000198                        . = ALIGN (0x4)

.text           0x080001a0     0x8a7c
                0x080001a0                        . = ALIGN (0x4)
 *(.text)
 .text          0x080001a0       0xa0 /home/cedric/.config/VSCodium/User/globalStorage/bmd.stm32-for-vscode/@xpack-dev-tools/arm-none-eabi-gcc/14.2.1-1.1.1/.content/bin/../lib/gcc/arm-none-eabi/14.2.1/../../../../arm-none-eabi/lib/thumb/v7e-m+fp/hard/libc_nano.a(libc_a-memchr.o)
                0x080001a0                memchr
 .text          0x08000240       0x30 /home/cedric/.config/VSCodium/User/globalStorage/bmd.stm32-for-vscode/@xpack-dev-tools/arm-none-eabi-gcc/14.2.1-1.1.1/.content/bin/../lib/gcc/arm-none-eabi/14.2.1/thumb/v7e-m+fp/hard/libgcc.a(_aeabi_uldivmod.o)
                0x08000240                __aeabi_uldivmod
 .text          0x08000270        0x4 /home/cedric/.config/VSCodium/User/globalStorage/bmd.stm32-for-vscode/@xpack-dev-tools/arm-none-eabi-gcc/14.2.1-1.1.1/.content/bin/../lib/gcc/arm-none-eabi/14.2.1/thumb/v7e-m+fp/hard/libgcc.a(_dvmd_tls.o)
                0x08000270                __aeabi_ldiv0
                0x08000270                __aeabi_idiv0
 *(.text*)
 .text.__do_global_dtors_aux
                0x08000274       0x24 /home/cedric/.config/VSCodium/User/globalStorage/bmd.stm32-for-vscode/@xpack-dev-tools/arm-none-eabi-gcc/14.2.1-1.1.1/.content/bin/../lib/gcc/arm-none-eabi/14.2.1/thumb/v7e-m+fp/hard/crtbegin.o
 .text.frame_dummy
                0x08000298       0x1c /home/cedric/.config/VSCodium/User/globalStorage/bmd.stm32-for-vscode/@xpack-dev-tools/arm-none-eabi-gcc/14.2.1-1.1.1/.content/bin/../lib/gcc/arm-none-eabi/14.2.1/thumb/v7e-m+fp/hard/crtbegin.o
 .text.MX_ADC1_Init
                0x080002b4       0x70 build/debug/adc.o
                0x080002b4                MX_ADC1_Init
 .text.HAL_ADC_MspInit
                0x08000324       0x68 build/debug/adc.o
                0x08000324                HAL_ADC_MspInit
 .text.osKernelInitialize
                0x0800038c       0x24 build/debug/cmsis_os2.o
                0x0800038c                osKernelInitialize
 .text.osKernelStart
                0x080003b0       0x38 build/debug/cmsis_os2.o
                0x080003b0                osKernelStart
 .text.osKernelGetTickCount
                0x080003e8       0x14 build/debug/cmsis_os2.o
                0x080003e8                osKernelGetTickCount
 .text.osThreadNew
                0x080003fc       0xb4 build/debug/cmsis_os2.o
                0x080003fc                osThreadNew
 .text.osDelay  0x080004b0       0x1c build/debug/cmsis_os2.o
                0x080004b0                osDelay
 .text.vApplicationGetIdleTaskMemory
                0x080004cc       0x18 build/debug/cmsis_os2.o
                0x080004cc                vApplicationGetIdleTaskMemory
 .text.vApplicationGetTimerTaskMemory
                0x080004e4       0x18 build/debug/cmsis_os2.o
                0x080004e4                vApplicationGetTimerTaskMemory
 .text.crsf_crc8
                0x080004fc       0x24 build/debug/crsf.o
                0x080004fc                crsf_crc8
 .text.crsf_parse_frame
                0x08000520       0x74 build/debug/crsf.o
                0x08000520                crsf_parse_frame
 .text.crsf_extract_rc_channels
                0x08000594      0x24c build/debug/crsf.o
                0x08000594                crsf_extract_rc_channels
 .text.crsf_convert_channel_to_us
                0x080007e0       0x1e build/debug/crsf.o
                0x080007e0                crsf_convert_channel_to_us
 *fill*         0x080007fe        0x2 
 .text.MX_DMA_Init
                0x08000800       0x34 build/debug/dma.o
                0x08000800                MX_DMA_Init
 .text.StartDefaultTask
                0x08000834        0xe build/debug/freertos.o
                0x08000834                StartDefaultTask
 *fill*         0x08000842        0x2 
 .text.StartServoTask
                0x08000844       0x40 build/debug/freertos.o
                0x08000844                StartServoTask
 .text.StartReceiverTask
                0x08000884      0x29c build/debug/freertos.o
                0x08000884                StartReceiverTask
 .text.MX_FREERTOS_Init
                0x08000b20       0x54 build/debug/freertos.o
                0x08000b20                MX_FREERTOS_Init
 .text.HAL_UARTEx_RxEventCallback
                0x08000b74       0x18 build/debug/freertos.o
                0x08000b74                HAL_UARTEx_RxEventCallback
 .text.MX_GPIO_Init
                0x08000b8c       0xfc build/debug/gpio.o
                0x08000b8c                MX_GPIO_Init
 .text.prvHeapInit
                0x08000c88       0x64 build/debug/heap_4.o
 .text.prvInsertBlockIntoFreeList
                0x08000cec       0x64 build/debug/heap_4.o
 .text.pvPortMalloc
                0x08000d50      0x104 build/debug/heap_4.o
                0x08000d50                pvPortMalloc
 .text.vPortFree
                0x08000e54       0x7c build/debug/heap_4.o
                0x08000e54                vPortFree
 .text.MX_I2C1_Init
                0x08000ed0       0x3c build/debug/i2c.o
                0x08000ed0                MX_I2C1_Init
 .text.HAL_I2C_MspInit
                0x08000f0c       0x70 build/debug/i2c.o
                0x08000f0c                HAL_I2C_MspInit
 .text.vListInitialise
                0x08000f7c       0x16 build/debug/list.o
                0x08000f7c                vListInitialise
 .text.vListInitialiseItem
                0x08000f92        0x6 build/debug/list.o
                0x08000f92                vListInitialiseItem
 .text.vListInsertEnd
                0x08000f98       0x16 build/debug/list.o
                0x08000f98                vListInsertEnd
 .text.vListInsert
                0x08000fae       0x32 build/debug/list.o
                0x08000fae                vListInsert
 .text.uxListRemove
                0x08000fe0       0x26 build/debug/list.o
                0x08000fe0                uxListRemove
 .text.Error_Handler
                0x08001006        0x4 build/debug/main.o
                0x08001006                Error_Handler
 *fill*         0x0800100a        0x2 
 .text.SystemClock_Config
                0x0800100c       0xa4 build/debug/main.o
                0x0800100c                SystemClock_Config
 .text.main     0x080010b0       0x3c build/debug/main.o
                0x080010b0                main
 .text.prvTaskExitError
                0x080010ec       0x40 build/debug/port.o
 .text.prvPortStartFirstTask
                0x0800112c       0x28 build/debug/port.o
 .text.vPortEnableVFP
                0x08001154       0x14 build/debug/port.o
 .text.pxPortInitialiseStack
                0x08001168       0x2c build/debug/port.o
                0x08001168                pxPortInitialiseStack
 *fill*         0x08001194        0xc 
 .text.SVC_Handler
                0x080011a0       0x24 build/debug/port.o
                0x080011a0                SVC_Handler
 .text.vPortEnterCritical
                0x080011c4       0x44 build/debug/port.o
                0x080011c4                vPortEnterCritical
 .text.vPortExitCritical
                0x08001208       0x2c build/debug/port.o
                0x08001208                vPortExitCritical
 *fill*         0x08001234        0xc 
 .text.PendSV_Handler
                0x08001240       0x64 build/debug/port.o
                0x08001240                PendSV_Handler
 .text.xPortSysTickHandler
                0x080012a4       0x2c build/debug/port.o
                0x080012a4                xPortSysTickHandler
 .text.vPortSetupTimerInterrupt
                0x080012d0       0x28 build/debug/port.o
                0x080012d0                vPortSetupTimerInterrupt
 .text.xPortStartScheduler
                0x080012f8      0x118 build/debug/port.o
                0x080012f8                xPortStartScheduler
 .text.vPortValidateInterruptPriority
                0x08001410       0x5c build/debug/port.o
                0x08001410                vPortValidateInterruptPriority
 .text.prvIsQueueFull
                0x0800146c       0x1e build/debug/queue.o
 .text.prvIsQueueEmpty
                0x0800148a       0x1a build/debug/queue.o
 .text.prvCopyDataToQueue
                0x080014a4       0x76 build/debug/queue.o
 .text.prvCopyDataFromQueue
                0x0800151a       0x24 build/debug/queue.o
 .text.prvUnlockQueue
                0x0800153e       0x6e build/debug/queue.o
 .text.xQueueGenericReset
                0x080015ac       0x84 build/debug/queue.o
                0x080015ac                xQueueGenericReset
 .text.prvInitialiseNewQueue
                0x08001630       0x22 build/debug/queue.o
 .text.xQueueGenericCreateStatic
                0x08001652       0x94 build/debug/queue.o
                0x08001652                xQueueGenericCreateStatic
 .text.xQueueGenericSend
                0x080016e6      0x188 build/debug/queue.o
                0x080016e6                xQueueGenericSend
 .text.xQueueGenericSendFromISR
                0x0800186e       0xce build/debug/queue.o
                0x0800186e                xQueueGenericSendFromISR
 .text.xQueueReceive
                0x0800193c      0x15e build/debug/queue.o
                0x0800193c                xQueueReceive
 *fill*         0x08001a9a        0x2 
 .text.vQueueAddToRegistry
                0x08001a9c       0x28 build/debug/queue.o
                0x08001a9c                vQueueAddToRegistry
 .text.vQueueWaitForMessageRestricted
                0x08001ac4       0x52 build/debug/queue.o
                0x08001ac4                vQueueWaitForMessageRestricted
 .text.Servo_Init
                0x08001b16       0x12 build/debug/servo_control.o
                0x08001b16                Servo_Init
 .text.Servo_SetAngle
                0x08001b28       0x7c build/debug/servo_control.o
                0x08001b28                Servo_SetAngle
 .text.Servo_Start
                0x08001ba4        0xc build/debug/servo_control.o
                0x08001ba4                Servo_Start
 .text.HAL_InitTick
                0x08001bb0       0x4c build/debug/stm32f4xx_hal.o
                0x08001bb0                HAL_InitTick
 .text.HAL_Init
                0x08001bfc       0x34 build/debug/stm32f4xx_hal.o
                0x08001bfc                HAL_Init
 .text.HAL_IncTick
                0x08001c30       0x18 build/debug/stm32f4xx_hal.o
                0x08001c30                HAL_IncTick
 .text.HAL_GetTick
                0x08001c48        0xc build/debug/stm32f4xx_hal.o
                0x08001c48                HAL_GetTick
 .text.HAL_Delay
                0x08001c54       0x28 build/debug/stm32f4xx_hal.o
                0x08001c54                HAL_Delay
 .text.ADC_Init
                0x08001c7c      0x134 build/debug/stm32f4xx_hal_adc.o
 .text.HAL_ADC_Init
                0x08001db0       0x56 build/debug/stm32f4xx_hal_adc.o
                0x08001db0                HAL_ADC_Init
 *fill*         0x08001e06        0x2 
 .text.HAL_ADC_ConfigChannel
                0x08001e08      0x1ac build/debug/stm32f4xx_hal_adc.o
                0x08001e08                HAL_ADC_ConfigChannel
 .text.__NVIC_EnableIRQ
                0x08001fb4       0x1c build/debug/stm32f4xx_hal_cortex.o
 .text.__NVIC_SetPriority
                0x08001fd0       0x28 build/debug/stm32f4xx_hal_cortex.o
 .text.NVIC_EncodePriority
                0x08001ff8       0x3e build/debug/stm32f4xx_hal_cortex.o
 *fill*         0x08002036        0x2 
 .text.HAL_NVIC_SetPriorityGrouping
                0x08002038       0x24 build/debug/stm32f4xx_hal_cortex.o
                0x08002038                HAL_NVIC_SetPriorityGrouping
 .text.HAL_NVIC_SetPriority
                0x0800205c       0x20 build/debug/stm32f4xx_hal_cortex.o
                0x0800205c                HAL_NVIC_SetPriority
 .text.HAL_NVIC_EnableIRQ
                0x0800207c        0x8 build/debug/stm32f4xx_hal_cortex.o
                0x0800207c                HAL_NVIC_EnableIRQ
 .text.HAL_SYSTICK_Config
                0x08002084       0x28 build/debug/stm32f4xx_hal_cortex.o
                0x08002084                HAL_SYSTICK_Config
 .text.DMA_SetConfig
                0x080020ac       0x2c build/debug/stm32f4xx_hal_dma.o
 .text.DMA_CalcBaseAndBitshift
                0x080020d8       0x3c build/debug/stm32f4xx_hal_dma.o
 .text.DMA_CheckFifoParam
                0x08002114       0x8e build/debug/stm32f4xx_hal_dma.o
 *fill*         0x080021a2        0x2 
 .text.HAL_DMA_Init
                0x080021a4       0xcc build/debug/stm32f4xx_hal_dma.o
                0x080021a4                HAL_DMA_Init
 .text.HAL_DMA_Start_IT
                0x08002270       0x68 build/debug/stm32f4xx_hal_dma.o
                0x08002270                HAL_DMA_Start_IT
 .text.HAL_DMA_Abort
                0x080022d8       0x92 build/debug/stm32f4xx_hal_dma.o
                0x080022d8                HAL_DMA_Abort
 .text.HAL_DMA_Abort_IT
                0x0800236a       0x24 build/debug/stm32f4xx_hal_dma.o
                0x0800236a                HAL_DMA_Abort_IT
 *fill*         0x0800238e        0x2 
 .text.HAL_DMA_IRQHandler
                0x08002390      0x1dc build/debug/stm32f4xx_hal_dma.o
                0x08002390                HAL_DMA_IRQHandler
 .text.HAL_GPIO_Init
                0x0800256c      0x1c8 build/debug/stm32f4xx_hal_gpio.o
                0x0800256c                HAL_GPIO_Init
 .text.HAL_GPIO_WritePin
                0x08002734        0xc build/debug/stm32f4xx_hal_gpio.o
                0x08002734                HAL_GPIO_WritePin
 .text.HAL_GPIO_TogglePin
                0x08002740       0x12 build/debug/stm32f4xx_hal_gpio.o
                0x08002740                HAL_GPIO_TogglePin
 *fill*         0x08002752        0x2 
 .text.HAL_I2C_Init
                0x08002754      0x1bc build/debug/stm32f4xx_hal_i2c.o
                0x08002754                HAL_I2C_Init
 .text.HAL_MspInit
                0x08002910       0x44 build/debug/stm32f4xx_hal_msp.o
                0x08002910                HAL_MspInit
 .text.PCD_WriteEmptyTxFifo
                0x08002954       0xd0 build/debug/stm32f4xx_hal_pcd.o
 .text.HAL_PCD_Init
                0x08002a24      0x102 build/debug/stm32f4xx_hal_pcd.o
                0x08002a24                HAL_PCD_Init
 .text.HAL_PCD_Start
                0x08002b26       0x44 build/debug/stm32f4xx_hal_pcd.o
                0x08002b26                HAL_PCD_Start
 *fill*         0x08002b6a        0x2 
 .text.PCD_EP_OutXfrComplete_int
                0x08002b6c      0x104 build/debug/stm32f4xx_hal_pcd.o
 .text.PCD_EP_OutSetupPacket_int
                0x08002c70       0x50 build/debug/stm32f4xx_hal_pcd.o
 .text.HAL_PCD_SetAddress
                0x08002cc0       0x26 build/debug/stm32f4xx_hal_pcd.o
                0x08002cc0                HAL_PCD_SetAddress
 .text.HAL_PCD_EP_Open
                0x08002ce6       0x8c build/debug/stm32f4xx_hal_pcd.o
                0x08002ce6                HAL_PCD_EP_Open
 .text.HAL_PCD_EP_Close
                0x08002d72       0x70 build/debug/stm32f4xx_hal_pcd.o
                0x08002d72                HAL_PCD_EP_Close
 .text.HAL_PCD_EP_Receive
                0x08002de2       0x4a build/debug/stm32f4xx_hal_pcd.o
                0x08002de2                HAL_PCD_EP_Receive
 .text.HAL_PCD_EP_GetRxCount
                0x08002e2c       0x12 build/debug/stm32f4xx_hal_pcd.o
                0x08002e2c                HAL_PCD_EP_GetRxCount
 .text.HAL_PCD_EP_Transmit
                0x08002e3e       0x4a build/debug/stm32f4xx_hal_pcd.o
                0x08002e3e                HAL_PCD_EP_Transmit
 .text.HAL_PCD_EP_SetStall
                0x08002e88       0x86 build/debug/stm32f4xx_hal_pcd.o
                0x08002e88                HAL_PCD_EP_SetStall
 .text.HAL_PCD_EP_ClrStall
                0x08002f0e       0x74 build/debug/stm32f4xx_hal_pcd.o
                0x08002f0e                HAL_PCD_EP_ClrStall
 .text.HAL_PCD_EP_Abort
                0x08002f82       0x34 build/debug/stm32f4xx_hal_pcd.o
                0x08002f82                HAL_PCD_EP_Abort
 .text.HAL_PCD_IRQHandler
                0x08002fb6      0x5be build/debug/stm32f4xx_hal_pcd.o
                0x08002fb6                HAL_PCD_IRQHandler
 .text.HAL_PCDEx_SetTxFiFo
                0x08003574       0x4c build/debug/stm32f4xx_hal_pcd_ex.o
                0x08003574                HAL_PCDEx_SetTxFiFo
 .text.HAL_PCDEx_SetRxFiFo
                0x080035c0        0x8 build/debug/stm32f4xx_hal_pcd_ex.o
                0x080035c0                HAL_PCDEx_SetRxFiFo
 .text.HAL_PCDEx_LPM_Callback
                0x080035c8        0x2 build/debug/stm32f4xx_hal_pcd_ex.o
                0x080035c8                HAL_PCDEx_LPM_Callback
 *fill*         0x080035ca        0x2 
 .text.HAL_RCC_OscConfig
                0x080035cc      0x3f8 build/debug/stm32f4xx_hal_rcc.o
                0x080035cc                HAL_RCC_OscConfig
 .text.HAL_RCC_GetSysClockFreq
                0x080039c4       0xa8 build/debug/stm32f4xx_hal_rcc.o
                0x080039c4                HAL_RCC_GetSysClockFreq
 .text.HAL_RCC_ClockConfig
                0x08003a6c      0x160 build/debug/stm32f4xx_hal_rcc.o
                0x08003a6c                HAL_RCC_ClockConfig
 .text.HAL_RCC_GetHCLKFreq
                0x08003bcc        0xc build/debug/stm32f4xx_hal_rcc.o
                0x08003bcc                HAL_RCC_GetHCLKFreq
 .text.HAL_RCC_GetPCLK1Freq
                0x08003bd8       0x20 build/debug/stm32f4xx_hal_rcc.o
                0x08003bd8                HAL_RCC_GetPCLK1Freq
 .text.HAL_RCC_GetPCLK2Freq
                0x08003bf8       0x20 build/debug/stm32f4xx_hal_rcc.o
                0x08003bf8                HAL_RCC_GetPCLK2Freq
 .text.TIM_OC1_SetConfig
                0x08003c18       0x54 build/debug/stm32f4xx_hal_tim.o
 .text.TIM_OC3_SetConfig
                0x08003c6c       0x5c build/debug/stm32f4xx_hal_tim.o
 .text.TIM_OC4_SetConfig
                0x08003cc8       0x48 build/debug/stm32f4xx_hal_tim.o
 .text.TIM_TI1_ConfigInputStage
                0x08003d10       0x26 build/debug/stm32f4xx_hal_tim.o
 .text.TIM_TI2_ConfigInputStage
                0x08003d36       0x28 build/debug/stm32f4xx_hal_tim.o
 .text.TIM_ITRx_SetConfig
                0x08003d5e       0x10 build/debug/stm32f4xx_hal_tim.o
 .text.HAL_TIM_PWM_MspInit
                0x08003d6e        0x2 build/debug/stm32f4xx_hal_tim.o
                0x08003d6e                HAL_TIM_PWM_MspInit
 .text.TIM_Base_SetConfig
                0x08003d70       0xa4 build/debug/stm32f4xx_hal_tim.o
                0x08003d70                TIM_Base_SetConfig
 .text.HAL_TIM_Base_Init
                0x08003e14       0x58 build/debug/stm32f4xx_hal_tim.o
                0x08003e14                HAL_TIM_Base_Init
 .text.HAL_TIM_PWM_Init
                0x08003e6c       0x58 build/debug/stm32f4xx_hal_tim.o
                0x08003e6c                HAL_TIM_PWM_Init
 .text.TIM_OC2_SetConfig
                0x08003ec4       0x5c build/debug/stm32f4xx_hal_tim.o
                0x08003ec4                TIM_OC2_SetConfig
 .text.HAL_TIM_PWM_ConfigChannel
                0x08003f20       0xdc build/debug/stm32f4xx_hal_tim.o
                0x08003f20                HAL_TIM_PWM_ConfigChannel
 .text.TIM_ETR_SetConfig
                0x08003ffc       0x1a build/debug/stm32f4xx_hal_tim.o
                0x08003ffc                TIM_ETR_SetConfig
 .text.HAL_TIM_ConfigClockSource
                0x08004016       0xfe build/debug/stm32f4xx_hal_tim.o
                0x08004016                HAL_TIM_ConfigClockSource
 .text.TIM_CCxChannelCmd
                0x08004114       0x1e build/debug/stm32f4xx_hal_tim.o
                0x08004114                TIM_CCxChannelCmd
 *fill*         0x08004132        0x2 
 .text.HAL_TIM_PWM_Start
                0x08004134       0xe4 build/debug/stm32f4xx_hal_tim.o
                0x08004134                HAL_TIM_PWM_Start
 .text.HAL_TIMEx_MasterConfigSynchronization
                0x08004218       0x7c build/debug/stm32f4xx_hal_tim_ex.o
                0x08004218                HAL_TIMEx_MasterConfigSynchronization
 .text.HAL_TIMEx_ConfigBreakDeadTime
                0x08004294       0x52 build/debug/stm32f4xx_hal_tim_ex.o
                0x08004294                HAL_TIMEx_ConfigBreakDeadTime
 .text.UART_EndTxTransfer
                0x080042e6       0x20 build/debug/stm32f4xx_hal_uart.o
 .text.UART_EndRxTransfer
                0x08004306       0x5c build/debug/stm32f4xx_hal_uart.o
 .text.UART_Transmit_IT
                0x08004362       0x5e build/debug/stm32f4xx_hal_uart.o
 .text.UART_SetConfig
                0x080043c0      0x110 build/debug/stm32f4xx_hal_uart.o
 .text.HAL_UART_Init
                0x080044d0       0x60 build/debug/stm32f4xx_hal_uart.o
                0x080044d0                HAL_UART_Init
 .text.HAL_UART_TxCpltCallback
                0x08004530        0x2 build/debug/stm32f4xx_hal_uart.o
                0x08004530                HAL_UART_TxCpltCallback
 .text.UART_EndTransmit_IT
                0x08004532       0x1a build/debug/stm32f4xx_hal_uart.o
 .text.HAL_UART_RxCpltCallback
                0x0800454c        0x2 build/debug/stm32f4xx_hal_uart.o
                0x0800454c                HAL_UART_RxCpltCallback
 .text.HAL_UART_RxHalfCpltCallback
                0x0800454e        0x2 build/debug/stm32f4xx_hal_uart.o
                0x0800454e                HAL_UART_RxHalfCpltCallback
 .text.HAL_UART_ErrorCallback
                0x08004550        0x2 build/debug/stm32f4xx_hal_uart.o
                0x08004550                HAL_UART_ErrorCallback
 .text.UART_DMAError
                0x08004552       0x54 build/debug/stm32f4xx_hal_uart.o
 .text.UART_DMAAbortOnError
                0x080045a6        0xe build/debug/stm32f4xx_hal_uart.o
 .text.UART_Receive_IT
                0x080045b4       0xe4 build/debug/stm32f4xx_hal_uart.o
 .text.HAL_UART_IRQHandler
                0x08004698      0x2a0 build/debug/stm32f4xx_hal_uart.o
                0x08004698                HAL_UART_IRQHandler
 .text.UART_DMARxHalfCplt
                0x08004938       0x1e build/debug/stm32f4xx_hal_uart.o
 .text.UART_DMAReceiveCplt
                0x08004956       0x9a build/debug/stm32f4xx_hal_uart.o
 .text.UART_Start_Receive_DMA
                0x080049f0       0xb8 build/debug/stm32f4xx_hal_uart.o
                0x080049f0                UART_Start_Receive_DMA
 .text.HAL_UARTEx_ReceiveToIdle_DMA
                0x08004aa8       0x60 build/debug/stm32f4xx_hal_uart.o
                0x08004aa8                HAL_UARTEx_ReceiveToIdle_DMA
 .text.NMI_Handler
                0x08004b08        0x2 build/debug/stm32f4xx_it.o
                0x08004b08                NMI_Handler
 .text.HardFault_Handler
                0x08004b0a        0x2 build/debug/stm32f4xx_it.o
                0x08004b0a                HardFault_Handler
 .text.MemManage_Handler
                0x08004b0c        0x2 build/debug/stm32f4xx_it.o
                0x08004b0c                MemManage_Handler
 .text.BusFault_Handler
                0x08004b0e        0x2 build/debug/stm32f4xx_it.o
                0x08004b0e                BusFault_Handler
 .text.UsageFault_Handler
                0x08004b10        0x2 build/debug/stm32f4xx_it.o
                0x08004b10                UsageFault_Handler
 .text.DebugMon_Handler
                0x08004b12        0x2 build/debug/stm32f4xx_it.o
                0x08004b12                DebugMon_Handler
 .text.SysTick_Handler
                0x08004b14       0x1c build/debug/stm32f4xx_it.o
                0x08004b14                SysTick_Handler
 .text.USART1_IRQHandler
                0x08004b30       0x10 build/debug/stm32f4xx_it.o
                0x08004b30                USART1_IRQHandler
 .text.DMA2_Stream2_IRQHandler
                0x08004b40       0x10 build/debug/stm32f4xx_it.o
                0x08004b40                DMA2_Stream2_IRQHandler
 .text.OTG_FS_IRQHandler
                0x08004b50       0x10 build/debug/stm32f4xx_it.o
                0x08004b50                OTG_FS_IRQHandler
 .text.USB_CoreReset
                0x08004b60       0x58 build/debug/stm32f4xx_ll_usb.o
 .text.USB_CoreInit
                0x08004bb8       0x92 build/debug/stm32f4xx_ll_usb.o
                0x08004bb8                USB_CoreInit
 *fill*         0x08004c4a        0x2 
 .text.USB_SetTurnaroundTime
                0x08004c4c       0xe4 build/debug/stm32f4xx_ll_usb.o
                0x08004c4c                USB_SetTurnaroundTime
 .text.USB_EnableGlobalInt
                0x08004d30        0xc build/debug/stm32f4xx_ll_usb.o
                0x08004d30                USB_EnableGlobalInt
 .text.USB_DisableGlobalInt
                0x08004d3c        0xc build/debug/stm32f4xx_ll_usb.o
                0x08004d3c                USB_DisableGlobalInt
 .text.USB_FlushTxFifo
                0x08004d48       0x4a build/debug/stm32f4xx_ll_usb.o
                0x08004d48                USB_FlushTxFifo
 .text.USB_FlushRxFifo
                0x08004d92       0x46 build/debug/stm32f4xx_ll_usb.o
                0x08004d92                USB_FlushRxFifo
 .text.USB_SetDevSpeed
                0x08004dd8        0xe build/debug/stm32f4xx_ll_usb.o
                0x08004dd8                USB_SetDevSpeed
 *fill*         0x08004de6        0x2 
 .text.USB_DevInit
                0x08004de8      0x198 build/debug/stm32f4xx_ll_usb.o
                0x08004de8                USB_DevInit
 .text.USB_GetDevSpeed
                0x08004f80       0x22 build/debug/stm32f4xx_ll_usb.o
                0x08004f80                USB_GetDevSpeed
 .text.USB_ActivateEndpoint
                0x08004fa2       0x9a build/debug/stm32f4xx_ll_usb.o
                0x08004fa2                USB_ActivateEndpoint
 .text.USB_DeactivateEndpoint
                0x0800503c       0xe0 build/debug/stm32f4xx_ll_usb.o
                0x0800503c                USB_DeactivateEndpoint
 .text.USB_EPStopXfer
                0x0800511c       0xbe build/debug/stm32f4xx_ll_usb.o
                0x0800511c                USB_EPStopXfer
 .text.USB_WritePacket
                0x080051da       0x2e build/debug/stm32f4xx_ll_usb.o
                0x080051da                USB_WritePacket
 .text.USB_EPStartXfer
                0x08005208      0x244 build/debug/stm32f4xx_ll_usb.o
                0x08005208                USB_EPStartXfer
 .text.USB_ReadPacket
                0x0800544c       0x46 build/debug/stm32f4xx_ll_usb.o
                0x0800544c                USB_ReadPacket
 .text.USB_EPSetStall
                0x08005492       0x5a build/debug/stm32f4xx_ll_usb.o
                0x08005492                USB_EPSetStall
 .text.USB_EPClearStall
                0x080054ec       0x5c build/debug/stm32f4xx_ll_usb.o
                0x080054ec                USB_EPClearStall
 .text.USB_SetDevAddress
                0x08005548       0x20 build/debug/stm32f4xx_ll_usb.o
                0x08005548                USB_SetDevAddress
 .text.USB_DevConnect
                0x08005568       0x1c build/debug/stm32f4xx_ll_usb.o
                0x08005568                USB_DevConnect
 .text.USB_DevDisconnect
                0x08005584       0x1c build/debug/stm32f4xx_ll_usb.o
                0x08005584                USB_DevDisconnect
 .text.USB_ReadInterrupts
                0x080055a0        0x8 build/debug/stm32f4xx_ll_usb.o
                0x080055a0                USB_ReadInterrupts
 .text.USB_ReadDevAllOutEpInterrupt
                0x080055a8       0x10 build/debug/stm32f4xx_ll_usb.o
                0x080055a8                USB_ReadDevAllOutEpInterrupt
 .text.USB_ReadDevAllInEpInterrupt
                0x080055b8       0x10 build/debug/stm32f4xx_ll_usb.o
                0x080055b8                USB_ReadDevAllInEpInterrupt
 .text.USB_ReadDevOutEPInterrupt
                0x080055c8       0x12 build/debug/stm32f4xx_ll_usb.o
                0x080055c8                USB_ReadDevOutEPInterrupt
 .text.USB_ReadDevInEPInterrupt
                0x080055da       0x24 build/debug/stm32f4xx_ll_usb.o
                0x080055da                USB_ReadDevInEPInterrupt
 .text.USB_GetMode
                0x080055fe        0x8 build/debug/stm32f4xx_ll_usb.o
                0x080055fe                USB_GetMode
 .text.USB_SetCurrentMode
                0x08005606       0x62 build/debug/stm32f4xx_ll_usb.o
                0x08005606                USB_SetCurrentMode
 .text.USB_ActivateSetup
                0x08005668       0x1c build/debug/stm32f4xx_ll_usb.o
                0x08005668                USB_ActivateSetup
 .text.USB_EP0_OutStart
                0x08005684       0x60 build/debug/stm32f4xx_ll_usb.o
                0x08005684                USB_EP0_OutStart
 .text._sbrk    0x080056e4       0x48 build/debug/sysmem.o
                0x080056e4                _sbrk
 .text.SystemInit
                0x0800572c       0x14 build/debug/system_stm32f4xx.o
                0x0800572c                SystemInit
 .text.prvResetNextTaskUnblockTime
                0x08005740       0x2c build/debug/tasks.o
 .text.prvInitialiseNewTask
                0x0800576c       0xa2 build/debug/tasks.o
 *fill*         0x0800580e        0x2 
 .text.prvInitialiseTaskLists
                0x08005810       0x68 build/debug/tasks.o
 .text.prvAddNewTaskToReadyList
                0x08005878       0xac build/debug/tasks.o
 .text.prvDeleteTCB
                0x08005924       0x38 build/debug/tasks.o
 .text.prvCheckTasksWaitingTermination
                0x0800595c       0x4c build/debug/tasks.o
 .text.prvIdleTask
                0x080059a8       0x28 build/debug/tasks.o
 .text.prvAddCurrentTaskToDelayedList
                0x080059d0       0x7c build/debug/tasks.o
 .text.xTaskCreateStatic
                0x08005a4c       0x76 build/debug/tasks.o
                0x08005a4c                xTaskCreateStatic
 .text.xTaskCreate
                0x08005ac2       0x64 build/debug/tasks.o
                0x08005ac2                xTaskCreate
 *fill*         0x08005b26        0x2 
 .text.vTaskStartScheduler
                0x08005b28       0x98 build/debug/tasks.o
                0x08005b28                vTaskStartScheduler
 .text.vTaskSuspendAll
                0x08005bc0       0x10 build/debug/tasks.o
                0x08005bc0                vTaskSuspendAll
 .text.xTaskGetTickCount
                0x08005bd0        0xc build/debug/tasks.o
                0x08005bd0                xTaskGetTickCount
 .text.xTaskGetTickCountFromISR
                0x08005bdc       0x10 build/debug/tasks.o
                0x08005bdc                xTaskGetTickCountFromISR
 .text.xTaskIncrementTick
                0x08005bec      0x118 build/debug/tasks.o
                0x08005bec                xTaskIncrementTick
 .text.xTaskResumeAll
                0x08005d04       0xf8 build/debug/tasks.o
                0x08005d04                xTaskResumeAll
 .text.vTaskDelay
                0x08005dfc       0x4c build/debug/tasks.o
                0x08005dfc                vTaskDelay
 .text.vTaskSwitchContext
                0x08005e48       0x98 build/debug/tasks.o
                0x08005e48                vTaskSwitchContext
 .text.vTaskPlaceOnEventList
                0x08005ee0       0x30 build/debug/tasks.o
                0x08005ee0                vTaskPlaceOnEventList
 .text.vTaskPlaceOnEventListRestricted
                0x08005f10       0x38 build/debug/tasks.o
                0x08005f10                vTaskPlaceOnEventListRestricted
 .text.xTaskRemoveFromEventList
                0x08005f48       0x8c build/debug/tasks.o
                0x08005f48                xTaskRemoveFromEventList
 .text.vTaskInternalSetTimeOutState
                0x08005fd4       0x18 build/debug/tasks.o
                0x08005fd4                vTaskInternalSetTimeOutState
 .text.xTaskCheckForTimeOut
                0x08005fec       0x88 build/debug/tasks.o
                0x08005fec                xTaskCheckForTimeOut
 .text.vTaskMissedYield
                0x08006074        0xc build/debug/tasks.o
                0x08006074                vTaskMissedYield
 .text.xTaskGetSchedulerState
                0x08006080       0x20 build/debug/tasks.o
                0x08006080                xTaskGetSchedulerState
 .text.xTaskPriorityDisinherit
                0x080060a0       0x90 build/debug/tasks.o
                0x080060a0                xTaskPriorityDisinherit
 .text.HAL_TIM_Base_MspInit
                0x08006130       0x50 build/debug/tim.o
                0x08006130                HAL_TIM_Base_MspInit
 .text.HAL_TIM_MspPostInit
                0x08006180       0x90 build/debug/tim.o
                0x08006180                HAL_TIM_MspPostInit
 .text.MX_TIM1_Init
                0x08006210      0x10c build/debug/tim.o
                0x08006210                MX_TIM1_Init
 .text.MX_TIM2_Init
                0x0800631c       0xbc build/debug/tim.o
                0x0800631c                MX_TIM2_Init
 .text.prvGetNextExpireTime
                0x080063d8       0x20 build/debug/timers.o
 .text.prvInsertTimerInActiveList
                0x080063f8       0x48 build/debug/timers.o
 .text.prvCheckForValidListAndQueue
                0x08006440       0x70 build/debug/timers.o
 .text.xTimerCreateTimerTask
                0x080064b0       0x64 build/debug/timers.o
                0x080064b0                xTimerCreateTimerTask
 .text.xTimerGenericCommand
                0x08006514       0x6c build/debug/timers.o
                0x08006514                xTimerGenericCommand
 .text.prvSwitchTimerLists
                0x08006580       0x7c build/debug/timers.o
 .text.prvSampleTimeNow
                0x080065fc       0x2c build/debug/timers.o
 .text.prvProcessExpiredTimer
                0x08006628       0x6c build/debug/timers.o
 .text.prvProcessTimerOrBlockTask
                0x08006694       0x74 build/debug/timers.o
 .text.prvProcessReceivedCommands
                0x08006708      0x10c build/debug/timers.o
 .text.prvTimerTask
                0x08006814       0x16 build/debug/timers.o
 *fill*         0x0800682a        0x2 
 .text.MX_USART1_UART_Init
                0x0800682c       0x38 build/debug/usart.o
                0x0800682c                MX_USART1_UART_Init
 .text.MX_USART2_UART_Init
                0x08006864       0x34 build/debug/usart.o
                0x08006864                MX_USART2_UART_Init
 .text.HAL_UART_MspInit
                0x08006898      0x150 build/debug/usart.o
                0x08006898                HAL_UART_MspInit
 .text.MX_USB_DEVICE_Init
                0x080069e8       0x54 build/debug/usb_device.o
                0x080069e8                MX_USB_DEVICE_Init
 .text.USBD_CDC_EP0_RxReady
                0x08006a3c       0x40 build/debug/usbd_cdc.o
 .text.USBD_CDC_GetDeviceQualifierDescriptor
                0x08006a7c        0xc build/debug/usbd_cdc.o
                0x08006a7c                USBD_CDC_GetDeviceQualifierDescriptor
 .text.USBD_CDC_GetOtherSpeedCfgDesc
                0x08006a88       0x48 build/debug/usbd_cdc.o
 .text.USBD_CDC_GetFSCfgDesc
                0x08006ad0       0x48 build/debug/usbd_cdc.o
 .text.USBD_CDC_GetHSCfgDesc
                0x08006b18       0x48 build/debug/usbd_cdc.o
 .text.USBD_CDC_DataOut
                0x08006b60       0x38 build/debug/usbd_cdc.o
 .text.USBD_CDC_DataIn
                0x08006b98       0x7c build/debug/usbd_cdc.o
 .text.USBD_CDC_Setup
                0x08006c14      0x114 build/debug/usbd_cdc.o
 .text.USBD_CDC_DeInit
                0x08006d28       0x64 build/debug/usbd_cdc.o
 .text.USBD_CDC_Init
                0x08006d8c       0xee build/debug/usbd_cdc.o
 .text.USBD_CDC_RegisterInterface
                0x08006e7a       0x16 build/debug/usbd_cdc.o
                0x08006e7a                USBD_CDC_RegisterInterface
 .text.USBD_CDC_SetTxBuffer
                0x08006e90       0x1c build/debug/usbd_cdc.o
                0x08006e90                USBD_CDC_SetTxBuffer
 .text.USBD_CDC_SetRxBuffer
                0x08006eac       0x18 build/debug/usbd_cdc.o
                0x08006eac                USBD_CDC_SetRxBuffer
 .text.USBD_CDC_TransmitPacket
                0x08006ec4       0x36 build/debug/usbd_cdc.o
                0x08006ec4                USBD_CDC_TransmitPacket
 .text.USBD_CDC_ReceivePacket
                0x08006efa       0x38 build/debug/usbd_cdc.o
                0x08006efa                USBD_CDC_ReceivePacket
 .text.CDC_DeInit_FS
                0x08006f32        0x4 build/debug/usbd_cdc_if.o
 .text.CDC_Control_FS
                0x08006f36        0x4 build/debug/usbd_cdc_if.o
 .text.CDC_TransmitCplt_FS
                0x08006f3a        0x4 build/debug/usbd_cdc_if.o
 *fill*         0x08006f3e        0x2 
 .text.CDC_Receive_FS
                0x08006f40       0x1c build/debug/usbd_cdc_if.o
 .text.CDC_Init_FS
                0x08006f5c       0x28 build/debug/usbd_cdc_if.o
 .text.CDC_Transmit_FS
                0x08006f84       0x2c build/debug/usbd_cdc_if.o
                0x08006f84                CDC_Transmit_FS
 .text.HAL_PCD_MspInit
                0x08006fb0       0x88 build/debug/usbd_conf.o
                0x08006fb0                HAL_PCD_MspInit
 .text.HAL_PCD_SetupStageCallback
                0x08007038       0x10 build/debug/usbd_conf.o
                0x08007038                HAL_PCD_SetupStageCallback
 .text.HAL_PCD_DataOutStageCallback
                0x08007048       0x18 build/debug/usbd_conf.o
                0x08007048                HAL_PCD_DataOutStageCallback
 .text.HAL_PCD_DataInStageCallback
                0x08007060       0x16 build/debug/usbd_conf.o
                0x08007060                HAL_PCD_DataInStageCallback
 .text.HAL_PCD_SOFCallback
                0x08007076        0xc build/debug/usbd_conf.o
                0x08007076                HAL_PCD_SOFCallback
 .text.HAL_PCD_ResetCallback
                0x08007082       0x24 build/debug/usbd_conf.o
                0x08007082                HAL_PCD_ResetCallback
 *fill*         0x080070a6        0x2 
 .text.HAL_PCD_SuspendCallback
                0x080070a8       0x30 build/debug/usbd_conf.o
                0x080070a8                HAL_PCD_SuspendCallback
 .text.HAL_PCD_ResumeCallback
                0x080070d8        0xc build/debug/usbd_conf.o
                0x080070d8                HAL_PCD_ResumeCallback
 .text.HAL_PCD_ISOOUTIncompleteCallback
                0x080070e4        0xc build/debug/usbd_conf.o
                0x080070e4                HAL_PCD_ISOOUTIncompleteCallback
 .text.HAL_PCD_ISOINIncompleteCallback
                0x080070f0        0xc build/debug/usbd_conf.o
                0x080070f0                HAL_PCD_ISOINIncompleteCallback
 .text.HAL_PCD_ConnectCallback
                0x080070fc        0xc build/debug/usbd_conf.o
                0x080070fc                HAL_PCD_ConnectCallback
 .text.HAL_PCD_DisconnectCallback
                0x08007108        0xc build/debug/usbd_conf.o
                0x08007108                HAL_PCD_DisconnectCallback
 .text.USBD_LL_Init
                0x08007114       0x68 build/debug/usbd_conf.o
                0x08007114                USBD_LL_Init
 .text.USBD_LL_IsStallEP
                0x0800717c       0x2c build/debug/usbd_conf.o
                0x0800717c                USBD_LL_IsStallEP
 .text.USBD_LL_GetRxDataSize
                0x080071a8        0xc build/debug/usbd_conf.o
                0x080071a8                USBD_LL_GetRxDataSize
 .text.USBD_static_malloc
                0x080071b4        0x8 build/debug/usbd_conf.o
                0x080071b4                USBD_static_malloc
 .text.USBD_static_free
                0x080071bc        0x2 build/debug/usbd_conf.o
                0x080071bc                USBD_static_free
 .text.USBD_Get_USB_Status
                0x080071be       0x14 build/debug/usbd_conf.o
                0x080071be                USBD_Get_USB_Status
 .text.USBD_LL_Start
                0x080071d2       0x10 build/debug/usbd_conf.o
                0x080071d2                USBD_LL_Start
 .text.USBD_LL_OpenEP
                0x080071e2       0x16 build/debug/usbd_conf.o
                0x080071e2                USBD_LL_OpenEP
 .text.USBD_LL_CloseEP
                0x080071f8       0x10 build/debug/usbd_conf.o
                0x080071f8                USBD_LL_CloseEP
 .text.USBD_LL_StallEP
                0x08007208       0x10 build/debug/usbd_conf.o
                0x08007208                USBD_LL_StallEP
 .text.USBD_LL_ClearStallEP
                0x08007218       0x10 build/debug/usbd_conf.o
                0x08007218                USBD_LL_ClearStallEP
 .text.USBD_LL_SetUSBAddress
                0x08007228       0x10 build/debug/usbd_conf.o
                0x08007228                USBD_LL_SetUSBAddress
 .text.USBD_LL_Transmit
                0x08007238       0x10 build/debug/usbd_conf.o
                0x08007238                USBD_LL_Transmit
 .text.USBD_LL_PrepareReceive
                0x08007248       0x10 build/debug/usbd_conf.o
                0x08007248                USBD_LL_PrepareReceive
 .text.USBD_Init
                0x08007258       0x2e build/debug/usbd_core.o
                0x08007258                USBD_Init
 .text.USBD_RegisterClass
                0x08007286       0x40 build/debug/usbd_core.o
                0x08007286                USBD_RegisterClass
 .text.USBD_Start
                0x080072c6        0x8 build/debug/usbd_core.o
                0x080072c6                USBD_Start
 .text.USBD_SetClassConfig
                0x080072ce       0x12 build/debug/usbd_core.o
                0x080072ce                USBD_SetClassConfig
 .text.USBD_ClrClassConfig
                0x080072e0       0x12 build/debug/usbd_core.o
                0x080072e0                USBD_ClrClassConfig
 .text.USBD_LL_SetupStage
                0x080072f2       0x58 build/debug/usbd_core.o
                0x080072f2                USBD_LL_SetupStage
 .text.USBD_LL_Reset
                0x0800734a       0x66 build/debug/usbd_core.o
                0x0800734a                USBD_LL_Reset
 .text.USBD_LL_SetSpeed
                0x080073b0        0x6 build/debug/usbd_core.o
                0x080073b0                USBD_LL_SetSpeed
 .text.USBD_LL_Suspend
                0x080073b6       0x1c build/debug/usbd_core.o
                0x080073b6                USBD_LL_Suspend
 .text.USBD_LL_Resume
                0x080073d2       0x18 build/debug/usbd_core.o
                0x080073d2                USBD_LL_Resume
 .text.USBD_LL_SOF
                0x080073ea       0x20 build/debug/usbd_core.o
                0x080073ea                USBD_LL_SOF
 .text.USBD_LL_IsoINIncomplete
                0x0800740a       0x2c build/debug/usbd_core.o
                0x0800740a                USBD_LL_IsoINIncomplete
 .text.USBD_LL_IsoOUTIncomplete
                0x08007436       0x2c build/debug/usbd_core.o
                0x08007436                USBD_LL_IsoOUTIncomplete
 .text.USBD_LL_DevConnected
                0x08007462        0x4 build/debug/usbd_core.o
                0x08007462                USBD_LL_DevConnected
 .text.USBD_LL_DevDisconnected
                0x08007466       0x20 build/debug/usbd_core.o
                0x08007466                USBD_LL_DevDisconnected
 .text.USBD_CoreFindIF
                0x08007486        0x4 build/debug/usbd_core.o
                0x08007486                USBD_CoreFindIF
 .text.USBD_CoreFindEP
                0x0800748a        0x4 build/debug/usbd_core.o
                0x0800748a                USBD_CoreFindEP
 .text.USBD_LL_DataOutStage
                0x0800748e       0xc6 build/debug/usbd_core.o
                0x0800748e                USBD_LL_DataOutStage
 .text.USBD_LL_DataInStage
                0x08007554       0xd4 build/debug/usbd_core.o
                0x08007554                USBD_LL_DataInStage
 .text.USBD_GetNextDesc
                0x08007628        0xe build/debug/usbd_core.o
                0x08007628                USBD_GetNextDesc
 .text.USBD_GetEpDesc
                0x08007636       0x3e build/debug/usbd_core.o
                0x08007636                USBD_GetEpDesc
 .text.USBD_GetLen
                0x08007674       0x14 build/debug/usbd_ctlreq.o
 .text.USBD_ParseSetupRequest
                0x08007688       0x28 build/debug/usbd_ctlreq.o
                0x08007688                USBD_ParseSetupRequest
 .text.USBD_CtlError
                0x080076b0       0x14 build/debug/usbd_ctlreq.o
                0x080076b0                USBD_CtlError
 .text.USBD_GetDescriptor
                0x080076c4      0x18a build/debug/usbd_ctlreq.o
 .text.USBD_SetAddress
                0x0800784e       0x4e build/debug/usbd_ctlreq.o
 .text.USBD_SetConfig
                0x0800789c       0xcc build/debug/usbd_ctlreq.o
 .text.USBD_GetConfig
                0x08007968       0x40 build/debug/usbd_ctlreq.o
 .text.USBD_GetStatus
                0x080079a8       0x38 build/debug/usbd_ctlreq.o
 .text.USBD_SetFeature
                0x080079e0       0x2a build/debug/usbd_ctlreq.o
 .text.USBD_ClrFeature
                0x08007a0a       0x26 build/debug/usbd_ctlreq.o
 .text.USBD_StdDevReq
                0x08007a30       0x76 build/debug/usbd_ctlreq.o
                0x08007a30                USBD_StdDevReq
 .text.USBD_StdItfReq
                0x08007aa6       0x84 build/debug/usbd_ctlreq.o
                0x08007aa6                USBD_StdItfReq
 .text.USBD_StdEPReq
                0x08007b2a      0x23a build/debug/usbd_ctlreq.o
                0x08007b2a                USBD_StdEPReq
 .text.USBD_GetString
                0x08007d64       0x46 build/debug/usbd_ctlreq.o
                0x08007d64                USBD_GetString
 *fill*         0x08007daa        0x2 
 .text.USBD_FS_DeviceDescriptor
                0x08007dac        0xc build/debug/usbd_desc.o
                0x08007dac                USBD_FS_DeviceDescriptor
 .text.USBD_FS_LangIDStrDescriptor
                0x08007db8        0xc build/debug/usbd_desc.o
                0x08007db8                USBD_FS_LangIDStrDescriptor
 .text.IntToUnicode
                0x08007dc4       0x46 build/debug/usbd_desc.o
 *fill*         0x08007e0a        0x2 
 .text.Get_SerialNum
                0x08007e0c       0x38 build/debug/usbd_desc.o
 .text.USBD_FS_SerialStrDescriptor
                0x08007e44       0x14 build/debug/usbd_desc.o
                0x08007e44                USBD_FS_SerialStrDescriptor
 .text.USBD_FS_ProductStrDescriptor
                0x08007e58       0x24 build/debug/usbd_desc.o
                0x08007e58                USBD_FS_ProductStrDescriptor
 .text.USBD_FS_ManufacturerStrDescriptor
                0x08007e7c       0x1c build/debug/usbd_desc.o
                0x08007e7c                USBD_FS_ManufacturerStrDescriptor
 .text.USBD_FS_ConfigStrDescriptor
                0x08007e98       0x24 build/debug/usbd_desc.o
                0x08007e98                USBD_FS_ConfigStrDescriptor
 .text.USBD_FS_InterfaceStrDescriptor
                0x08007ebc       0x24 build/debug/usbd_desc.o
                0x08007ebc                USBD_FS_InterfaceStrDescriptor
 .text.USBD_CtlSendData
                0x08007ee0       0x1c build/debug/usbd_ioreq.o
                0x08007ee0                USBD_CtlSendData
 .text.USBD_CtlContinueSendData
                0x08007efc       0x10 build/debug/usbd_ioreq.o
                0x08007efc                USBD_CtlContinueSendData
 .text.USBD_CtlPrepareRx
                0x08007f0c       0x22 build/debug/usbd_ioreq.o
                0x08007f0c                USBD_CtlPrepareRx
 .text.USBD_CtlContinueRx
                0x08007f2e       0x10 build/debug/usbd_ioreq.o
                0x08007f2e                USBD_CtlContinueRx
 .text.USBD_CtlSendStatus
                0x08007f3e       0x16 build/debug/usbd_ioreq.o
                0x08007f3e                USBD_CtlSendStatus
 .text.USBD_CtlReceiveStatus
                0x08007f54       0x16 build/debug/usbd_ioreq.o
                0x08007f54                USBD_CtlReceiveStatus
 *fill*         0x08007f6a        0x2 
 .text.Reset_Handler
                0x08007f6c       0x50 build/debug/startup_stm32f411xe.o
                0x08007f6c                Reset_Handler
 .text.Default_Handler
                0x08007fbc        0x2 build/debug/startup_stm32f411xe.o
                0x08007fbc                RTC_Alarm_IRQHandler
                0x08007fbc                EXTI2_IRQHandler
                0x08007fbc                SPI4_IRQHandler
                0x08007fbc                TIM1_CC_IRQHandler
                0x08007fbc                DMA2_Stream5_IRQHandler
                0x08007fbc                DMA1_Stream5_IRQHandler
                0x08007fbc                PVD_IRQHandler
                0x08007fbc                SDIO_IRQHandler
                0x08007fbc                TAMP_STAMP_IRQHandler
                0x08007fbc                EXTI3_IRQHandler
                0x08007fbc                TIM1_UP_TIM10_IRQHandler
                0x08007fbc                I2C3_ER_IRQHandler
                0x08007fbc                EXTI0_IRQHandler
                0x08007fbc                I2C2_EV_IRQHandler
                0x08007fbc                DMA1_Stream2_IRQHandler
                0x08007fbc                FPU_IRQHandler
                0x08007fbc                SPI1_IRQHandler
                0x08007fbc                TIM1_BRK_TIM9_IRQHandler
                0x08007fbc                DMA2_Stream3_IRQHandler
                0x08007fbc                USART6_IRQHandler
                0x08007fbc                DMA2_Stream0_IRQHandler
                0x08007fbc                TIM4_IRQHandler
                0x08007fbc                I2C1_EV_IRQHandler
                0x08007fbc                DMA1_Stream6_IRQHandler
                0x08007fbc                DMA1_Stream1_IRQHandler
                0x08007fbc                TIM3_IRQHandler
                0x08007fbc                RCC_IRQHandler
                0x08007fbc                Default_Handler
                0x08007fbc                EXTI15_10_IRQHandler
                0x08007fbc                ADC_IRQHandler
                0x08007fbc                DMA1_Stream7_IRQHandler
                0x08007fbc                SPI5_IRQHandler
                0x08007fbc                TIM5_IRQHandler
                0x08007fbc                DMA2_Stream7_IRQHandler
                0x08007fbc                I2C3_EV_IRQHandler
                0x08007fbc                EXTI9_5_IRQHandler
                0x08007fbc                RTC_WKUP_IRQHandler
                0x08007fbc                SPI2_IRQHandler
                0x08007fbc                DMA1_Stream0_IRQHandler
                0x08007fbc                EXTI4_IRQHandler
                0x08007fbc                WWDG_IRQHandler
                0x08007fbc                TIM2_IRQHandler
                0x08007fbc                OTG_FS_WKUP_IRQHandler
                0x08007fbc                TIM1_TRG_COM_TIM11_IRQHandler
                0x08007fbc                EXTI1_IRQHandler
                0x08007fbc                USART2_IRQHandler
                0x08007fbc                I2C2_ER_IRQHandler
                0x08007fbc                DMA2_Stream1_IRQHandler
                0x08007fbc                FLASH_IRQHandler
                0x08007fbc                DMA2_Stream4_IRQHandler
                0x08007fbc                SPI3_IRQHandler
                0x08007fbc                DMA1_Stream4_IRQHandler
                0x08007fbc                I2C1_ER_IRQHandler
                0x08007fbc                DMA2_Stream6_IRQHandler
                0x08007fbc                DMA1_Stream3_IRQHandler
 *fill*         0x08007fbe        0x2 
 .text.sprintf  0x08007fc0       0x44 /home/cedric/.config/VSCodium/User/globalStorage/bmd.stm32-for-vscode/@xpack-dev-tools/arm-none-eabi-gcc/14.2.1-1.1.1/.content/bin/../lib/gcc/arm-none-eabi/14.2.1/../../../../arm-none-eabi/lib/thumb/v7e-m+fp/hard/libc_nano.a(libc_a-sprintf.o)
                0x08007fc0                sprintf
                0x08007fc0                siprintf
 .text.memset   0x08008004       0x10 /home/cedric/.config/VSCodium/User/globalStorage/bmd.stm32-for-vscode/@xpack-dev-tools/arm-none-eabi-gcc/14.2.1-1.1.1/.content/bin/../lib/gcc/arm-none-eabi/14.2.1/../../../../arm-none-eabi/lib/thumb/v7e-m+fp/hard/libc_nano.a(libc_a-memset.o)
                0x08008004                memset
 .text.__errno  0x08008014        0xc /home/cedric/.config/VSCodium/User/globalStorage/bmd.stm32-for-vscode/@xpack-dev-tools/arm-none-eabi-gcc/14.2.1-1.1.1/.content/bin/../lib/gcc/arm-none-eabi/14.2.1/../../../../arm-none-eabi/lib/thumb/v7e-m+fp/hard/libc_nano.a(libc_a-errno.o)
                0x08008014                __errno
 .text.__libc_init_array
                0x08008020       0x48 /home/cedric/.config/VSCodium/User/globalStorage/bmd.stm32-for-vscode/@xpack-dev-tools/arm-none-eabi-gcc/14.2.1-1.1.1/.content/bin/../lib/gcc/arm-none-eabi/14.2.1/../../../../arm-none-eabi/lib/thumb/v7e-m+fp/hard/libc_nano.a(libc_a-init.o)
                0x08008020                __libc_init_array
 .text.__retarget_lock_acquire_recursive
                0x08008068        0x2 /home/cedric/.config/VSCodium/User/globalStorage/bmd.stm32-for-vscode/@xpack-dev-tools/arm-none-eabi-gcc/14.2.1-1.1.1/.content/bin/../lib/gcc/arm-none-eabi/14.2.1/../../../../arm-none-eabi/lib/thumb/v7e-m+fp/hard/libc_nano.a(libc_a-lock.o)
                0x08008068                __retarget_lock_acquire_recursive
 .text.__retarget_lock_release_recursive
                0x0800806a        0x2 /home/cedric/.config/VSCodium/User/globalStorage/bmd.stm32-for-vscode/@xpack-dev-tools/arm-none-eabi-gcc/14.2.1-1.1.1/.content/bin/../lib/gcc/arm-none-eabi/14.2.1/../../../../arm-none-eabi/lib/thumb/v7e-m+fp/hard/libc_nano.a(libc_a-lock.o)
                0x0800806a                __retarget_lock_release_recursive
 .text.memcpy   0x0800806c       0x1c /home/cedric/.config/VSCodium/User/globalStorage/bmd.stm32-for-vscode/@xpack-dev-tools/arm-none-eabi-gcc/14.2.1-1.1.1/.content/bin/../lib/gcc/arm-none-eabi/14.2.1/../../../../arm-none-eabi/lib/thumb/v7e-m+fp/hard/libc_nano.a(libc_a-memcpy-stub.o)
                0x0800806c                memcpy
 .text._free_r  0x08008088       0x94 /home/cedric/.config/VSCodium/User/globalStorage/bmd.stm32-for-vscode/@xpack-dev-tools/arm-none-eabi-gcc/14.2.1-1.1.1/.content/bin/../lib/gcc/arm-none-eabi/14.2.1/../../../../arm-none-eabi/lib/thumb/v7e-m+fp/hard/libc_nano.a(libc_a-freer.o)
                0x08008088                _free_r
 .text.sbrk_aligned
                0x0800811c       0x44 /home/cedric/.config/VSCodium/User/globalStorage/bmd.stm32-for-vscode/@xpack-dev-tools/arm-none-eabi-gcc/14.2.1-1.1.1/.content/bin/../lib/gcc/arm-none-eabi/14.2.1/../../../../arm-none-eabi/lib/thumb/v7e-m+fp/hard/libc_nano.a(libc_a-mallocr.o)
 .text._malloc_r
                0x08008160      0x100 /home/cedric/.config/VSCodium/User/globalStorage/bmd.stm32-for-vscode/@xpack-dev-tools/arm-none-eabi-gcc/14.2.1-1.1.1/.content/bin/../lib/gcc/arm-none-eabi/14.2.1/../../../../arm-none-eabi/lib/thumb/v7e-m+fp/hard/libc_nano.a(libc_a-mallocr.o)
                0x08008160                _malloc_r
 .text.__malloc_lock
                0x08008260        0xc /home/cedric/.config/VSCodium/User/globalStorage/bmd.stm32-for-vscode/@xpack-dev-tools/arm-none-eabi-gcc/14.2.1-1.1.1/.content/bin/../lib/gcc/arm-none-eabi/14.2.1/../../../../arm-none-eabi/lib/thumb/v7e-m+fp/hard/libc_nano.a(libc_a-mlock.o)
                0x08008260                __malloc_lock
 .text.__malloc_unlock
                0x0800826c        0xc /home/cedric/.config/VSCodium/User/globalStorage/bmd.stm32-for-vscode/@xpack-dev-tools/arm-none-eabi-gcc/14.2.1-1.1.1/.content/bin/../lib/gcc/arm-none-eabi/14.2.1/../../../../arm-none-eabi/lib/thumb/v7e-m+fp/hard/libc_nano.a(libc_a-mlock.o)
                0x0800826c                __malloc_unlock
 .text.__ssputs_r
                0x08008278       0xc0 /home/cedric/.config/VSCodium/User/globalStorage/bmd.stm32-for-vscode/@xpack-dev-tools/arm-none-eabi-gcc/14.2.1-1.1.1/.content/bin/../lib/gcc/arm-none-eabi/14.2.1/../../../../arm-none-eabi/lib/thumb/v7e-m+fp/hard/libc_nano.a(libc_a-nano-svfprintf.o)
                0x08008278                __ssputs_r
 .text._svfprintf_r
                0x08008338      0x1f8 /home/cedric/.config/VSCodium/User/globalStorage/bmd.stm32-for-vscode/@xpack-dev-tools/arm-none-eabi-gcc/14.2.1-1.1.1/.content/bin/../lib/gcc/arm-none-eabi/14.2.1/../../../../arm-none-eabi/lib/thumb/v7e-m+fp/hard/libc_nano.a(libc_a-nano-svfprintf.o)
                0x08008338                _svfprintf_r
                0x08008338                _svfiprintf_r
 .text._printf_common
                0x08008530       0xda /home/cedric/.config/VSCodium/User/globalStorage/bmd.stm32-for-vscode/@xpack-dev-tools/arm-none-eabi-gcc/14.2.1-1.1.1/.content/bin/../lib/gcc/arm-none-eabi/14.2.1/../../../../arm-none-eabi/lib/thumb/v7e-m+fp/hard/libc_nano.a(libc_a-nano-vfprintf_i.o)
                0x08008530                _printf_common
 *fill*         0x0800860a        0x2 
 .text._printf_i
                0x0800860c      0x240 /home/cedric/.config/VSCodium/User/globalStorage/bmd.stm32-for-vscode/@xpack-dev-tools/arm-none-eabi-gcc/14.2.1-1.1.1/.content/bin/../lib/gcc/arm-none-eabi/14.2.1/../../../../arm-none-eabi/lib/thumb/v7e-m+fp/hard/libc_nano.a(libc_a-nano-vfprintf_i.o)
                0x0800860c                _printf_i
 .text.memmove  0x0800884c       0x32 /home/cedric/.config/VSCodium/User/globalStorage/bmd.stm32-for-vscode/@xpack-dev-tools/arm-none-eabi-gcc/14.2.1-1.1.1/.content/bin/../lib/gcc/arm-none-eabi/14.2.1/../../../../arm-none-eabi/lib/thumb/v7e-m+fp/hard/libc_nano.a(libc_a-memmove.o)
                0x0800884c                memmove
 *fill*         0x0800887e        0x2 
 .text._sbrk_r  0x08008880       0x20 /home/cedric/.config/VSCodium/User/globalStorage/bmd.stm32-for-vscode/@xpack-dev-tools/arm-none-eabi-gcc/14.2.1-1.1.1/.content/bin/../lib/gcc/arm-none-eabi/14.2.1/../../../../arm-none-eabi/lib/thumb/v7e-m+fp/hard/libc_nano.a(libc_a-sbrkr.o)
                0x08008880                _sbrk_r
 .text._realloc_r
                0x080088a0       0x5c /home/cedric/.config/VSCodium/User/globalStorage/bmd.stm32-for-vscode/@xpack-dev-tools/arm-none-eabi-gcc/14.2.1-1.1.1/.content/bin/../lib/gcc/arm-none-eabi/14.2.1/../../../../arm-none-eabi/lib/thumb/v7e-m+fp/hard/libc_nano.a(libc_a-reallocr.o)
                0x080088a0                _realloc_r
 .text._malloc_usable_size_r
                0x080088fc       0x10 /home/cedric/.config/VSCodium/User/globalStorage/bmd.stm32-for-vscode/@xpack-dev-tools/arm-none-eabi-gcc/14.2.1-1.1.1/.content/bin/../lib/gcc/arm-none-eabi/14.2.1/../../../../arm-none-eabi/lib/thumb/v7e-m+fp/hard/libc_nano.a(libc_a-msizer.o)
                0x080088fc                _malloc_usable_size_r
 .text.__udivmoddi4
                0x0800890c      0x2f8 /home/cedric/.config/VSCodium/User/globalStorage/bmd.stm32-for-vscode/@xpack-dev-tools/arm-none-eabi-gcc/14.2.1-1.1.1/.content/bin/../lib/gcc/arm-none-eabi/14.2.1/thumb/v7e-m+fp/hard/libgcc.a(_udivmoddi4.o)
                0x0800890c                __udivmoddi4
 *(.glue_7)
 .glue_7        0x08008c04        0x0 linker stubs
 *(.glue_7t)
 .glue_7t       0x08008c04        0x0 linker stubs
 *(.eh_frame)
 .eh_frame      0x08008c04        0x0 /home/cedric/.config/VSCodium/User/globalStorage/bmd.stm32-for-vscode/@xpack-dev-tools/arm-none-eabi-gcc/14.2.1-1.1.1/.content/bin/../lib/gcc/arm-none-eabi/14.2.1/thumb/v7e-m+fp/hard/crtbegin.o
 *(.init)
 .init          0x08008c04        0x4 /home/cedric/.config/VSCodium/User/globalStorage/bmd.stm32-for-vscode/@xpack-dev-tools/arm-none-eabi-gcc/14.2.1-1.1.1/.content/bin/../lib/gcc/arm-none-eabi/14.2.1/thumb/v7e-m+fp/hard/crti.o
                0x08008c04                _init
 .init          0x08008c08        0x8 /home/cedric/.config/VSCodium/User/globalStorage/bmd.stm32-for-vscode/@xpack-dev-tools/arm-none-eabi-gcc/14.2.1-1.1.1/.content/bin/../lib/gcc/arm-none-eabi/14.2.1/thumb/v7e-m+fp/hard/crtn.o
 *(.fini)
 .fini          0x08008c10        0x4 /home/cedric/.config/VSCodium/User/globalStorage/bmd.stm32-for-vscode/@xpack-dev-tools/arm-none-eabi-gcc/14.2.1-1.1.1/.content/bin/../lib/gcc/arm-none-eabi/14.2.1/thumb/v7e-m+fp/hard/crti.o
                0x08008c10                _fini
 .fini          0x08008c14        0x8 /home/cedric/.config/VSCodium/User/globalStorage/bmd.stm32-for-vscode/@xpack-dev-tools/arm-none-eabi-gcc/14.2.1-1.1.1/.content/bin/../lib/gcc/arm-none-eabi/14.2.1/thumb/v7e-m+fp/hard/crtn.o
                0x08008c1c                        . = ALIGN (0x4)
                0x08008c1c                        _etext = .

.vfp11_veneer   0x08008c1c        0x0
 .vfp11_veneer  0x08008c1c        0x0 linker stubs

.v4_bx          0x08008c1c        0x0
 .v4_bx         0x08008c1c        0x0 linker stubs

.iplt           0x08008c1c        0x0
 .iplt          0x08008c1c        0x0 /home/cedric/.config/VSCodium/User/globalStorage/bmd.stm32-for-vscode/@xpack-dev-tools/arm-none-eabi-gcc/14.2.1-1.1.1/.content/bin/../lib/gcc/arm-none-eabi/14.2.1/thumb/v7e-m+fp/hard/crtbegin.o

.rodata         0x08008c1c      0x2d0
                0x08008c1c                        . = ALIGN (0x4)
 *(.rodata)
 *(.rodata*)
 .rodata.crc8tab
                0x08008c1c      0x100 build/debug/crsf.o
 .rodata.StartReceiverTask.str1.4
                0x08008d1c      0x10e build/debug/freertos.o
                                 0x88 (size before relaxing)
 .rodata.str1.4
                0x08008e2a       0x25 build/debug/freertos.o
 *fill*         0x08008e2a        0x2 
 .rodata.defaultTask_attributes
                0x08008e2c       0x24 build/debug/freertos.o
                0x08008e2c                defaultTask_attributes
 .rodata.servoTask_attributes
                0x08008e50       0x24 build/debug/freertos.o
                0x08008e50                servoTask_attributes
 .rodata.receiverTask_attributes
                0x08008e74       0x24 build/debug/freertos.o
                0x08008e74                receiverTask_attributes
 .rodata.flagBitshiftOffset.0
                0x08008e98        0x8 build/debug/stm32f4xx_hal_dma.o
 .rodata.APBPrescTable
                0x08008ea0        0x8 build/debug/system_stm32f4xx.o
                0x08008ea0                APBPrescTable
 .rodata.AHBPrescTable
                0x08008ea8       0x10 build/debug/system_stm32f4xx.o
                0x08008ea8                AHBPrescTable
 .rodata.vTaskStartScheduler.str1.4
                0x08008eb8        0x5 build/debug/tasks.o
 .rodata.prvCheckForValidListAndQueue.str1.4
                0x08008eb8        0x5 build/debug/timers.o
 .rodata.xTimerCreateTimerTask.str1.4
                0x08008eb8        0x8 build/debug/timers.o
 .rodata.USBD_FS_ProductStrDescriptor.str1.4
                0x08008eb8       0x16 build/debug/usbd_desc.o
 .rodata.USBD_FS_ManufacturerStrDescriptor.str1.4
                0x08008eb8       0x13 build/debug/usbd_desc.o
 .rodata.USBD_FS_ConfigStrDescriptor.str1.4
                0x08008eb8        0xb build/debug/usbd_desc.o
 .rodata.USBD_FS_InterfaceStrDescriptor.str1.4
                0x08008eb8        0xe build/debug/usbd_desc.o
 .rodata._svfprintf_r.str1.1
                0x08008eb8       0x33 /home/cedric/.config/VSCodium/User/globalStorage/bmd.stm32-for-vscode/@xpack-dev-tools/arm-none-eabi-gcc/14.2.1-1.1.1/.content/bin/../lib/gcc/arm-none-eabi/14.2.1/../../../../arm-none-eabi/lib/thumb/v7e-m+fp/hard/libc_nano.a(libc_a-nano-svfprintf.o)
                                 0x11 (size before relaxing)
 .rodata._printf_i.str1.1
                0x08008eeb       0x22 /home/cedric/.config/VSCodium/User/globalStorage/bmd.stm32-for-vscode/@xpack-dev-tools/arm-none-eabi-gcc/14.2.1-1.1.1/.content/bin/../lib/gcc/arm-none-eabi/14.2.1/../../../../arm-none-eabi/lib/thumb/v7e-m+fp/hard/libc_nano.a(libc_a-nano-vfprintf_i.o)
                0x08008f10                        . = ALIGN (0x4)
 *fill*         0x08008eeb        0x1 

.ARM.extab      0x08008eec        0x0
                0x08008eec                        . = ALIGN (0x4)
 *(.ARM.extab* .gnu.linkonce.armextab.*)
                0x08008eec                        . = ALIGN (0x4)

.ARM            0x08008eec        0x8
                0x08008eec                        . = ALIGN (0x4)
                0x08008eec                        __exidx_start = .
 *(.ARM.exidx*)
 .ARM.exidx     0x08008eec        0x8 /home/cedric/.config/VSCodium/User/globalStorage/bmd.stm32-for-vscode/@xpack-dev-tools/arm-none-eabi-gcc/14.2.1-1.1.1/.content/bin/../lib/gcc/arm-none-eabi/14.2.1/../../../../arm-none-eabi/lib/thumb/v7e-m+fp/hard/libc_nano.a(libc_a-memchr.o)
 .ARM.exidx.text.__udivmoddi4
                0x08008ef4        0x0 /home/cedric/.config/VSCodium/User/globalStorage/bmd.stm32-for-vscode/@xpack-dev-tools/arm-none-eabi-gcc/14.2.1-1.1.1/.content/bin/../lib/gcc/arm-none-eabi/14.2.1/thumb/v7e-m+fp/hard/libgcc.a(_udivmoddi4.o)
                                  0x8 (size before relaxing)
                0x08008ef4                        __exidx_end = .
                0x08008ef4                        . = ALIGN (0x4)

.preinit_array  0x08008ef4        0x0
                0x08008ef4                        . = ALIGN (0x4)
                0x08008ef4                        PROVIDE (__preinit_array_start = .)
 *(.preinit_array*)
                0x08008ef4                        PROVIDE (__preinit_array_end = .)
                0x08008ef4                        . = ALIGN (0x4)

.init_array     0x08008ef4        0x4
                0x08008ef4                        . = ALIGN (0x4)
                0x08008ef4                        PROVIDE (__init_array_start = .)
 *(SORT_BY_NAME(.init_array.*))
 *(.init_array*)
 .init_array    0x08008ef4        0x4 /home/cedric/.config/VSCodium/User/globalStorage/bmd.stm32-for-vscode/@xpack-dev-tools/arm-none-eabi-gcc/14.2.1-1.1.1/.content/bin/../lib/gcc/arm-none-eabi/14.2.1/thumb/v7e-m+fp/hard/crtbegin.o
                0x08008ef8                        PROVIDE (__init_array_end = .)
                0x08008ef8                        . = ALIGN (0x4)

.fini_array     0x08008ef8        0x4
                0x08008ef8                        . = ALIGN (0x4)
                0x08008ef8                        PROVIDE (__fini_array_start = .)
 *(SORT_BY_NAME(.fini_array.*))
 *(.fini_array*)
 .fini_array    0x08008ef8        0x4 /home/cedric/.config/VSCodium/User/globalStorage/bmd.stm32-for-vscode/@xpack-dev-tools/arm-none-eabi-gcc/14.2.1-1.1.1/.content/bin/../lib/gcc/arm-none-eabi/14.2.1/thumb/v7e-m+fp/hard/crtbegin.o
                0x08008efc                        PROVIDE (__fini_array_end = .)
                0x08008efc                        . = ALIGN (0x4)
                0x08008efc                        _sidata = LOADADDR (.data)

.rel.dyn        0x08008efc        0x0
 .rel.iplt      0x08008efc        0x0 /home/cedric/.config/VSCodium/User/globalStorage/bmd.stm32-for-vscode/@xpack-dev-tools/arm-none-eabi-gcc/14.2.1-1.1.1/.content/bin/../lib/gcc/arm-none-eabi/14.2.1/thumb/v7e-m+fp/hard/crtbegin.o

.data           0x20000000      0x14c load address 0x08008efc
                0x20000000                        . = ALIGN (0x4)
                0x20000000                        _sdata = .
 *(.data)
 *(.data*)
 .data.uxCriticalNesting
                0x20000000        0x4 build/debug/port.o
 .data.uwTickFreq
                0x20000004        0x1 build/debug/stm32f4xx_hal.o
                0x20000004                uwTickFreq
 *fill*         0x20000005        0x3 
 .data.uwTickPrio
                0x20000008        0x4 build/debug/stm32f4xx_hal.o
                0x20000008                uwTickPrio
 .data.SystemCoreClock
                0x2000000c        0x4 build/debug/system_stm32f4xx.o
                0x2000000c                SystemCoreClock
 .data.USBD_CDC_CfgDesc
                0x20000010       0x43 build/debug/usbd_cdc.o
 *fill*         0x20000053        0x1 
 .data.USBD_CDC
                0x20000054       0x38 build/debug/usbd_cdc.o
                0x20000054                USBD_CDC
 .data.USBD_CDC_DeviceQualifierDesc
                0x2000008c        0xa build/debug/usbd_cdc.o
 *fill*         0x20000096        0x2 
 .data.USBD_Interface_fops_FS
                0x20000098       0x14 build/debug/usbd_cdc_if.o
                0x20000098                USBD_Interface_fops_FS
 .data.USBD_StringSerial
                0x200000ac       0x1a build/debug/usbd_desc.o
                0x200000ac                USBD_StringSerial
 *fill*         0x200000c6        0x2 
 .data.USBD_LangIDDesc
                0x200000c8        0x4 build/debug/usbd_desc.o
                0x200000c8                USBD_LangIDDesc
 .data.USBD_FS_DeviceDesc
                0x200000cc       0x12 build/debug/usbd_desc.o
                0x200000cc                USBD_FS_DeviceDesc
 *fill*         0x200000de        0x2 
 .data.FS_Desc  0x200000e0       0x1c build/debug/usbd_desc.o
                0x200000e0                FS_Desc
 .data._impure_ptr
                0x200000fc        0x4 /home/cedric/.config/VSCodium/User/globalStorage/bmd.stm32-for-vscode/@xpack-dev-tools/arm-none-eabi-gcc/14.2.1-1.1.1/.content/bin/../lib/gcc/arm-none-eabi/14.2.1/../../../../arm-none-eabi/lib/thumb/v7e-m+fp/hard/libc_nano.a(libc_a-impure.o)
                0x200000fc                _impure_ptr
 .data._impure_data
                0x20000100       0x4c /home/cedric/.config/VSCodium/User/globalStorage/bmd.stm32-for-vscode/@xpack-dev-tools/arm-none-eabi-gcc/14.2.1-1.1.1/.content/bin/../lib/gcc/arm-none-eabi/14.2.1/../../../../arm-none-eabi/lib/thumb/v7e-m+fp/hard/libc_nano.a(libc_a-impure.o)
                0x20000100                _impure_data
 *(.RamFunc)
 *(.RamFunc*)
                0x2000014c                        . = ALIGN (0x4)
                0x2000014c                        _edata = .

.igot.plt       0x2000014c        0x0 load address 0x08009048
 .igot.plt      0x2000014c        0x0 /home/cedric/.config/VSCodium/User/globalStorage/bmd.stm32-for-vscode/@xpack-dev-tools/arm-none-eabi-gcc/14.2.1-1.1.1/.content/bin/../lib/gcc/arm-none-eabi/14.2.1/thumb/v7e-m+fp/hard/crtbegin.o
                0x2000014c                        . = ALIGN (0x4)

.bss            0x2000014c     0x6a2c load address 0x08009048
                0x2000014c                        _sbss = .
                0x2000014c                        __bss_start__ = _sbss
 *(.bss)
 *(.bss*)
 .bss.completed.1
                0x2000014c        0x1 /home/cedric/.config/VSCodium/User/globalStorage/bmd.stm32-for-vscode/@xpack-dev-tools/arm-none-eabi-gcc/14.2.1-1.1.1/.content/bin/../lib/gcc/arm-none-eabi/14.2.1/thumb/v7e-m+fp/hard/crtbegin.o
 *fill*         0x2000014d        0x3 
 .bss.object.0  0x20000150       0x18 /home/cedric/.config/VSCodium/User/globalStorage/bmd.stm32-for-vscode/@xpack-dev-tools/arm-none-eabi-gcc/14.2.1-1.1.1/.content/bin/../lib/gcc/arm-none-eabi/14.2.1/thumb/v7e-m+fp/hard/crtbegin.o
 .bss.hadc1     0x20000168       0x48 build/debug/adc.o
                0x20000168                hadc1
 .bss.Timer_Stack.0
                0x200001b0      0x400 build/debug/cmsis_os2.o
 .bss.Timer_TCB.1
                0x200005b0       0x5c build/debug/cmsis_os2.o
 .bss.Idle_Stack.2
                0x2000060c      0x200 build/debug/cmsis_os2.o
 .bss.Idle_TCB.3
                0x2000080c       0x5c build/debug/cmsis_os2.o
 .bss.KernelState
                0x20000868        0x4 build/debug/cmsis_os2.o
 .bss.usb_output_buffer.0
                0x2000086c      0x100 build/debug/freertos.o
 .bss.defaultTaskHandle
                0x2000096c        0x4 build/debug/freertos.o
                0x2000096c                defaultTaskHandle
 .bss.servo2    0x20000970       0x10 build/debug/freertos.o
                0x20000970                servo2
 .bss.servo1    0x20000980       0x10 build/debug/freertos.o
                0x20000980                servo1
 .bss.servoTaskHandle
                0x20000990        0x4 build/debug/freertos.o
                0x20000990                servoTaskHandle
 .bss.uart_rx_flag
                0x20000994        0x2 build/debug/freertos.o
                0x20000994                uart_rx_flag
 *fill*         0x20000996        0x2 
 .bss.uart_rx_buffer
                0x20000998       0x40 build/debug/freertos.o
                0x20000998                uart_rx_buffer
 .bss.receiverTaskHandle
                0x200009d8        0x4 build/debug/freertos.o
                0x200009d8                receiverTaskHandle
 .bss.xBlockAllocatedBit
                0x200009dc        0x4 build/debug/heap_4.o
 .bss.xNumberOfSuccessfulFrees
                0x200009e0        0x4 build/debug/heap_4.o
 .bss.xNumberOfSuccessfulAllocations
                0x200009e4        0x4 build/debug/heap_4.o
 .bss.xMinimumEverFreeBytesRemaining
                0x200009e8        0x4 build/debug/heap_4.o
 .bss.xFreeBytesRemaining
                0x200009ec        0x4 build/debug/heap_4.o
 .bss.pxEnd     0x200009f0        0x4 build/debug/heap_4.o
 .bss.xStart    0x200009f4        0x8 build/debug/heap_4.o
 .bss.ucHeap    0x200009fc     0x3c00 build/debug/heap_4.o
 .bss.hi2c1     0x200045fc       0x54 build/debug/i2c.o
                0x200045fc                hi2c1
 .bss.ulMaxPRIGROUPValue
                0x20004650        0x4 build/debug/port.o
 .bss.ucMaxSysCallPriority
                0x20004654        0x1 build/debug/port.o
 *fill*         0x20004655        0x3 
 .bss.xQueueRegistry
                0x20004658       0x40 build/debug/queue.o
                0x20004658                xQueueRegistry
 .bss.uwTick    0x20004698        0x4 build/debug/stm32f4xx_hal.o
                0x20004698                uwTick
 .bss.__sbrk_heap_end
                0x2000469c        0x4 build/debug/sysmem.o
 .bss.uxSchedulerSuspended
                0x200046a0        0x4 build/debug/tasks.o
 .bss.xIdleTaskHandle
                0x200046a4        0x4 build/debug/tasks.o
 .bss.xNextTaskUnblockTime
                0x200046a8        0x4 build/debug/tasks.o
 .bss.uxTaskNumber
                0x200046ac        0x4 build/debug/tasks.o
 .bss.xNumOfOverflows
                0x200046b0        0x4 build/debug/tasks.o
 .bss.xYieldPending
                0x200046b4        0x4 build/debug/tasks.o
 .bss.xPendedTicks
                0x200046b8        0x4 build/debug/tasks.o
 .bss.xSchedulerRunning
                0x200046bc        0x4 build/debug/tasks.o
 .bss.uxTopReadyPriority
                0x200046c0        0x4 build/debug/tasks.o
 .bss.xTickCount
                0x200046c4        0x4 build/debug/tasks.o
 .bss.uxCurrentNumberOfTasks
                0x200046c8        0x4 build/debug/tasks.o
 .bss.xSuspendedTaskList
                0x200046cc       0x14 build/debug/tasks.o
 .bss.uxDeletedTasksWaitingCleanUp
                0x200046e0        0x4 build/debug/tasks.o
 .bss.xTasksWaitingTermination
                0x200046e4       0x14 build/debug/tasks.o
 .bss.xPendingReadyList
                0x200046f8       0x14 build/debug/tasks.o
 .bss.pxOverflowDelayedTaskList
                0x2000470c        0x4 build/debug/tasks.o
 .bss.pxDelayedTaskList
                0x20004710        0x4 build/debug/tasks.o
 .bss.xDelayedTaskList2
                0x20004714       0x14 build/debug/tasks.o
 .bss.xDelayedTaskList1
                0x20004728       0x14 build/debug/tasks.o
 .bss.pxReadyTasksLists
                0x2000473c      0x460 build/debug/tasks.o
 .bss.pxCurrentTCB
                0x20004b9c        0x4 build/debug/tasks.o
                0x20004b9c                pxCurrentTCB
 .bss.htim2     0x20004ba0       0x48 build/debug/tim.o
                0x20004ba0                htim2
 .bss.htim1     0x20004be8       0x48 build/debug/tim.o
                0x20004be8                htim1
 .bss.xStaticTimerQueue.0
                0x20004c30       0x50 build/debug/timers.o
 .bss.ucStaticTimerQueueStorage.1
                0x20004c80       0xa0 build/debug/timers.o
 .bss.xLastTime.2
                0x20004d20        0x4 build/debug/timers.o
 .bss.xTimerTaskHandle
                0x20004d24        0x4 build/debug/timers.o
 .bss.xTimerQueue
                0x20004d28        0x4 build/debug/timers.o
 .bss.pxOverflowTimerList
                0x20004d2c        0x4 build/debug/timers.o
 .bss.pxCurrentTimerList
                0x20004d30        0x4 build/debug/timers.o
 .bss.xActiveTimerList2
                0x20004d34       0x14 build/debug/timers.o
 .bss.xActiveTimerList1
                0x20004d48       0x14 build/debug/timers.o
 .bss.hdma_usart1_rx
                0x20004d5c       0x60 build/debug/usart.o
                0x20004d5c                hdma_usart1_rx
 .bss.huart2    0x20004dbc       0x48 build/debug/usart.o
                0x20004dbc                huart2
 .bss.huart1    0x20004e04       0x48 build/debug/usart.o
                0x20004e04                huart1
 .bss.hUsbDeviceFS
                0x20004e4c      0x2dc build/debug/usb_device.o
                0x20004e4c                hUsbDeviceFS
 .bss.UserTxBufferFS
                0x20005128      0x800 build/debug/usbd_cdc_if.o
                0x20005128                UserTxBufferFS
 .bss.UserRxBufferFS
                0x20005928      0x800 build/debug/usbd_cdc_if.o
                0x20005928                UserRxBufferFS
 .bss.mem.0     0x20006128      0x220 build/debug/usbd_conf.o
 .bss.hpcd_USB_OTG_FS
                0x20006348      0x4e4 build/debug/usbd_conf.o
                0x20006348                hpcd_USB_OTG_FS
 .bss.cfgidx.0  0x2000682c        0x1 build/debug/usbd_ctlreq.o
 *fill*         0x2000682d        0x3 
 .bss.USBD_StrDesc
                0x20006830      0x200 build/debug/usbd_desc.o
                0x20006830                USBD_StrDesc
 .bss.__sf      0x20006a30      0x138 /home/cedric/.config/VSCodium/User/globalStorage/bmd.stm32-for-vscode/@xpack-dev-tools/arm-none-eabi-gcc/14.2.1-1.1.1/.content/bin/../lib/gcc/arm-none-eabi/14.2.1/../../../../arm-none-eabi/lib/thumb/v7e-m+fp/hard/libc_nano.a(libc_a-findfp.o)
                0x20006a30                __sf
 .bss.errno     0x20006b68        0x4 /home/cedric/.config/VSCodium/User/globalStorage/bmd.stm32-for-vscode/@xpack-dev-tools/arm-none-eabi-gcc/14.2.1-1.1.1/.content/bin/../lib/gcc/arm-none-eabi/14.2.1/../../../../arm-none-eabi/lib/thumb/v7e-m+fp/hard/libc_nano.a(libc_a-reent.o)
                0x20006b68                errno
 .bss.__lock___malloc_recursive_mutex
                0x20006b6c        0x1 /home/cedric/.config/VSCodium/User/globalStorage/bmd.stm32-for-vscode/@xpack-dev-tools/arm-none-eabi-gcc/14.2.1-1.1.1/.content/bin/../lib/gcc/arm-none-eabi/14.2.1/../../../../arm-none-eabi/lib/thumb/v7e-m+fp/hard/libc_nano.a(libc_a-lock.o)
                0x20006b6c                __lock___malloc_recursive_mutex
 *fill*         0x20006b6d        0x3 
 .bss.__malloc_sbrk_start
                0x20006b70        0x4 /home/cedric/.config/VSCodium/User/globalStorage/bmd.stm32-for-vscode/@xpack-dev-tools/arm-none-eabi-gcc/14.2.1-1.1.1/.content/bin/../lib/gcc/arm-none-eabi/14.2.1/../../../../arm-none-eabi/lib/thumb/v7e-m+fp/hard/libc_nano.a(libc_a-mallocr.o)
                0x20006b70                __malloc_sbrk_start
 .bss.__malloc_free_list
                0x20006b74        0x4 /home/cedric/.config/VSCodium/User/globalStorage/bmd.stm32-for-vscode/@xpack-dev-tools/arm-none-eabi-gcc/14.2.1-1.1.1/.content/bin/../lib/gcc/arm-none-eabi/14.2.1/../../../../arm-none-eabi/lib/thumb/v7e-m+fp/hard/libc_nano.a(libc_a-mallocr.o)
                0x20006b74                __malloc_free_list
 *(COMMON)
                0x20006b78                        . = ALIGN (0x4)
                0x20006b78                        _ebss = .
                0x20006b78                        __bss_end__ = _ebss

._user_heap_stack
                0x20006b78      0x600 load address 0x08009048
                0x20006b78                        . = ALIGN (0x8)
                [!provide]                        PROVIDE (end = .)
                0x20006b78                        PROVIDE (_end = .)
                0x20006d78                        . = (. + _Min_Heap_Size)
 *fill*         0x20006b78      0x200 
                0x20007178                        . = (. + _Min_Stack_Size)
 *fill*         0x20006d78      0x400 
                0x20007178                        . = ALIGN (0x8)

/DISCARD/
 libc.a(*)
 libm.a(*)
 libgcc.a(*)
OUTPUT(build/debug/Drone_Code.elf elf32-littlearm)
LOAD linker stubs
LOAD /home/cedric/.config/VSCodium/User/globalStorage/bmd.stm32-for-vscode/@xpack-dev-tools/arm-none-eabi-gcc/14.2.1-1.1.1/.content/bin/../lib/gcc/arm-none-eabi/14.2.1/../../../../arm-none-eabi/lib/thumb/v7e-m+fp/hard/libc.a
LOAD /home/cedric/.config/VSCodium/User/globalStorage/bmd.stm32-for-vscode/@xpack-dev-tools/arm-none-eabi-gcc/14.2.1-1.1.1/.content/bin/../lib/gcc/arm-none-eabi/14.2.1/../../../../arm-none-eabi/lib/thumb/v7e-m+fp/hard/libm.a
LOAD /home/cedric/.config/VSCodium/User/globalStorage/bmd.stm32-for-vscode/@xpack-dev-tools/arm-none-eabi-gcc/14.2.1-1.1.1/.content/bin/../lib/gcc/arm-none-eabi/14.2.1/thumb/v7e-m+fp/hard/libgcc.a

.ARM.attributes
                0x00000000       0x30
 .ARM.attributes
                0x00000000       0x22 /home/cedric/.config/VSCodium/User/globalStorage/bmd.stm32-for-vscode/@xpack-dev-tools/arm-none-eabi-gcc/14.2.1-1.1.1/.content/bin/../lib/gcc/arm-none-eabi/14.2.1/thumb/v7e-m+fp/hard/crti.o
 .ARM.attributes
                0x00000022       0x34 /home/cedric/.config/VSCodium/User/globalStorage/bmd.stm32-for-vscode/@xpack-dev-tools/arm-none-eabi-gcc/14.2.1-1.1.1/.content/bin/../lib/gcc/arm-none-eabi/14.2.1/thumb/v7e-m+fp/hard/crtbegin.o
 .ARM.attributes
                0x00000056       0x34 build/debug/adc.o
 .ARM.attributes
                0x0000008a       0x34 build/debug/cmsis_os2.o
 .ARM.attributes
                0x000000be       0x34 build/debug/crsf.o
 .ARM.attributes
                0x000000f2       0x34 build/debug/dma.o
 .ARM.attributes
                0x00000126       0x34 build/debug/freertos.o
 .ARM.attributes
                0x0000015a       0x34 build/debug/gpio.o
 .ARM.attributes
                0x0000018e       0x34 build/debug/heap_4.o
 .ARM.attributes
                0x000001c2       0x34 build/debug/i2c.o
 .ARM.attributes
                0x000001f6       0x34 build/debug/list.o
 .ARM.attributes
                0x0000022a       0x34 build/debug/main.o
 .ARM.attributes
                0x0000025e       0x34 build/debug/port.o
 .ARM.attributes
                0x00000292       0x34 build/debug/queue.o
 .ARM.attributes
                0x000002c6       0x34 build/debug/servo_control.o
 .ARM.attributes
                0x000002fa       0x34 build/debug/stm32f4xx_hal.o
 .ARM.attributes
                0x0000032e       0x34 build/debug/stm32f4xx_hal_adc.o
 .ARM.attributes
                0x00000362       0x34 build/debug/stm32f4xx_hal_cortex.o
 .ARM.attributes
                0x00000396       0x34 build/debug/stm32f4xx_hal_dma.o
 .ARM.attributes
                0x000003ca       0x34 build/debug/stm32f4xx_hal_gpio.o
 .ARM.attributes
                0x000003fe       0x34 build/debug/stm32f4xx_hal_i2c.o
 .ARM.attributes
                0x00000432       0x34 build/debug/stm32f4xx_hal_msp.o
 .ARM.attributes
                0x00000466       0x34 build/debug/stm32f4xx_hal_pcd.o
 .ARM.attributes
                0x0000049a       0x34 build/debug/stm32f4xx_hal_pcd_ex.o
 .ARM.attributes
                0x000004ce       0x34 build/debug/stm32f4xx_hal_rcc.o
 .ARM.attributes
                0x00000502       0x34 build/debug/stm32f4xx_hal_tim.o
 .ARM.attributes
                0x00000536       0x34 build/debug/stm32f4xx_hal_tim_ex.o
 .ARM.attributes
                0x0000056a       0x34 build/debug/stm32f4xx_hal_uart.o
 .ARM.attributes
                0x0000059e       0x34 build/debug/stm32f4xx_it.o
 .ARM.attributes
                0x000005d2       0x34 build/debug/stm32f4xx_ll_usb.o
 .ARM.attributes
                0x00000606       0x34 build/debug/sysmem.o
 .ARM.attributes
                0x0000063a       0x34 build/debug/system_stm32f4xx.o
 .ARM.attributes
                0x0000066e       0x34 build/debug/tasks.o
 .ARM.attributes
                0x000006a2       0x34 build/debug/tim.o
 .ARM.attributes
                0x000006d6       0x34 build/debug/timers.o
 .ARM.attributes
                0x0000070a       0x34 build/debug/usart.o
 .ARM.attributes
                0x0000073e       0x34 build/debug/usb_device.o
 .ARM.attributes
                0x00000772       0x34 build/debug/usbd_cdc.o
 .ARM.attributes
                0x000007a6       0x34 build/debug/usbd_cdc_if.o
 .ARM.attributes
                0x000007da       0x34 build/debug/usbd_conf.o
 .ARM.attributes
                0x0000080e       0x34 build/debug/usbd_core.o
 .ARM.attributes
                0x00000842       0x34 build/debug/usbd_ctlreq.o
 .ARM.attributes
                0x00000876       0x34 build/debug/usbd_desc.o
 .ARM.attributes
                0x000008aa       0x34 build/debug/usbd_ioreq.o
 .ARM.attributes
                0x000008de       0x21 build/debug/startup_stm32f411xe.o
 .ARM.attributes
                0x000008ff       0x34 /home/cedric/.config/VSCodium/User/globalStorage/bmd.stm32-for-vscode/@xpack-dev-tools/arm-none-eabi-gcc/14.2.1-1.1.1/.content/bin/../lib/gcc/arm-none-eabi/14.2.1/../../../../arm-none-eabi/lib/thumb/v7e-m+fp/hard/libc_nano.a(libc_a-findfp.o)
 .ARM.attributes
                0x00000933       0x34 /home/cedric/.config/VSCodium/User/globalStorage/bmd.stm32-for-vscode/@xpack-dev-tools/arm-none-eabi-gcc/14.2.1-1.1.1/.content/bin/../lib/gcc/arm-none-eabi/14.2.1/../../../../arm-none-eabi/lib/thumb/v7e-m+fp/hard/libc_nano.a(libc_a-sprintf.o)
 .ARM.attributes
                0x00000967       0x34 /home/cedric/.config/VSCodium/User/globalStorage/bmd.stm32-for-vscode/@xpack-dev-tools/arm-none-eabi-gcc/14.2.1-1.1.1/.content/bin/../lib/gcc/arm-none-eabi/14.2.1/../../../../arm-none-eabi/lib/thumb/v7e-m+fp/hard/libc_nano.a(libc_a-memset.o)
 .ARM.attributes
                0x0000099b       0x34 /home/cedric/.config/VSCodium/User/globalStorage/bmd.stm32-for-vscode/@xpack-dev-tools/arm-none-eabi-gcc/14.2.1-1.1.1/.content/bin/../lib/gcc/arm-none-eabi/14.2.1/../../../../arm-none-eabi/lib/thumb/v7e-m+fp/hard/libc_nano.a(libc_a-reent.o)
 .ARM.attributes
                0x000009cf       0x34 /home/cedric/.config/VSCodium/User/globalStorage/bmd.stm32-for-vscode/@xpack-dev-tools/arm-none-eabi-gcc/14.2.1-1.1.1/.content/bin/../lib/gcc/arm-none-eabi/14.2.1/../../../../arm-none-eabi/lib/thumb/v7e-m+fp/hard/libc_nano.a(libc_a-impure.o)
 .ARM.attributes
                0x00000a03       0x34 /home/cedric/.config/VSCodium/User/globalStorage/bmd.stm32-for-vscode/@xpack-dev-tools/arm-none-eabi-gcc/14.2.1-1.1.1/.content/bin/../lib/gcc/arm-none-eabi/14.2.1/../../../../arm-none-eabi/lib/thumb/v7e-m+fp/hard/libc_nano.a(libc_a-errno.o)
 .ARM.attributes
                0x00000a37       0x34 /home/cedric/.config/VSCodium/User/globalStorage/bmd.stm32-for-vscode/@xpack-dev-tools/arm-none-eabi-gcc/14.2.1-1.1.1/.content/bin/../lib/gcc/arm-none-eabi/14.2.1/../../../../arm-none-eabi/lib/thumb/v7e-m+fp/hard/libc_nano.a(libc_a-init.o)
 .ARM.attributes
                0x00000a6b       0x34 /home/cedric/.config/VSCodium/User/globalStorage/bmd.stm32-for-vscode/@xpack-dev-tools/arm-none-eabi-gcc/14.2.1-1.1.1/.content/bin/../lib/gcc/arm-none-eabi/14.2.1/../../../../arm-none-eabi/lib/thumb/v7e-m+fp/hard/libc_nano.a(libc_a-lock.o)
 .ARM.attributes
                0x00000a9f       0x34 /home/cedric/.config/VSCodium/User/globalStorage/bmd.stm32-for-vscode/@xpack-dev-tools/arm-none-eabi-gcc/14.2.1-1.1.1/.content/bin/../lib/gcc/arm-none-eabi/14.2.1/../../../../arm-none-eabi/lib/thumb/v7e-m+fp/hard/libc_nano.a(libc_a-memcpy-stub.o)
 .ARM.attributes
                0x00000ad3       0x34 /home/cedric/.config/VSCodium/User/globalStorage/bmd.stm32-for-vscode/@xpack-dev-tools/arm-none-eabi-gcc/14.2.1-1.1.1/.content/bin/../lib/gcc/arm-none-eabi/14.2.1/../../../../arm-none-eabi/lib/thumb/v7e-m+fp/hard/libc_nano.a(libc_a-freer.o)
 .ARM.attributes
                0x00000b07       0x34 /home/cedric/.config/VSCodium/User/globalStorage/bmd.stm32-for-vscode/@xpack-dev-tools/arm-none-eabi-gcc/14.2.1-1.1.1/.content/bin/../lib/gcc/arm-none-eabi/14.2.1/../../../../arm-none-eabi/lib/thumb/v7e-m+fp/hard/libc_nano.a(libc_a-mallocr.o)
 .ARM.attributes
                0x00000b3b       0x34 /home/cedric/.config/VSCodium/User/globalStorage/bmd.stm32-for-vscode/@xpack-dev-tools/arm-none-eabi-gcc/14.2.1-1.1.1/.content/bin/../lib/gcc/arm-none-eabi/14.2.1/../../../../arm-none-eabi/lib/thumb/v7e-m+fp/hard/libc_nano.a(libc_a-mlock.o)
 .ARM.attributes
                0x00000b6f       0x34 /home/cedric/.config/VSCodium/User/globalStorage/bmd.stm32-for-vscode/@xpack-dev-tools/arm-none-eabi-gcc/14.2.1-1.1.1/.content/bin/../lib/gcc/arm-none-eabi/14.2.1/../../../../arm-none-eabi/lib/thumb/v7e-m+fp/hard/libc_nano.a(libc_a-nano-svfprintf.o)
 .ARM.attributes
                0x00000ba3       0x34 /home/cedric/.config/VSCodium/User/globalStorage/bmd.stm32-for-vscode/@xpack-dev-tools/arm-none-eabi-gcc/14.2.1-1.1.1/.content/bin/../lib/gcc/arm-none-eabi/14.2.1/../../../../arm-none-eabi/lib/thumb/v7e-m+fp/hard/libc_nano.a(libc_a-nano-vfprintf_i.o)
 .ARM.attributes